

================================================================
== Vitis HLS Report for 'Conv_func_4_12_4_10_Pipeline_loadWinFull_VITIS_LOOP_50_1'
================================================================
* Date:           Thu Dec 25 17:04:39 2025

* Version:        2022.1 (Build 3526262 on Mon Apr 18 15:48:16 MDT 2022)
* Project:        Day_5_final_boss
* Solution:       hellojio (Vivado IP Flow Target)
* Product family: zynq
* Target device:  xc7z020-clg400-1


================================================================
== Performance Estimates
================================================================
+ Timing: 
    * Summary: 
    +--------+----------+----------+------------+
    |  Clock |  Target  | Estimated| Uncertainty|
    +--------+----------+----------+------------+
    |ap_clk  |  10.00 ns|  6.848 ns|     2.70 ns|
    +--------+----------+----------+------------+

+ Latency: 
    * Summary: 
    +---------+---------+----------+----------+-----+-----+---------+
    |  Latency (cycles) |  Latency (absolute) |  Interval | Pipeline|
    |   min   |   max   |    min   |    max   | min | max |   Type  |
    +---------+---------+----------+----------+-----+-----+---------+
    |       12|       12|  0.120 us|  0.120 us|   12|   12|       no|
    +---------+---------+----------+----------+-----+-----+---------+

    + Detail: 
        * Instance: 
        N/A

        * Loop: 
        +-------------------------------+---------+---------+----------+-----------+-----------+------+----------+
        |                               |  Latency (cycles) | Iteration|  Initiation Interval  | Trip |          |
        |           Loop Name           |   min   |   max   |  Latency |  achieved |   target  | Count| Pipelined|
        +-------------------------------+---------+---------+----------+-----------+-----------+------+----------+
        |- loadWinFull_VITIS_LOOP_50_1  |       10|       10|         3|          1|          1|     9|       yes|
        +-------------------------------+---------+---------+----------+-----------+-----------+------+----------+

============================================================
+ Verbose Summary: Synthesis Manager
============================================================
InlineROM: 1
ExposeGlobal: 0
============================================================
+ Verbose Summary: CDFG Model
============================================================
IsTopModel: 0
ResetActiveHigh: 1
IsCombinational: 0
IsDatapathOnly: 0
HasWiredReturn: 1
HasMFsm: 2
HasVarLatency: 1
IsPipeline: 0
IsRtlPipelined: 0
IsInstanceOverlapped: 0
IsDontTouch: 0
HasImplIP: 0
IsGatedGlobalClock: 0

+ Individual pipeline summary: 
  * Pipeline-0: initiation interval (II) = 1, depth = 3


============================================================
+ Verbose Summary: Schedule
============================================================
* Number of FSM states : 3
* Pipeline : 1
  Pipeline-0 : II = 1, D = 3, States = { 1 2 3 }
* Dataflow Pipeline: 0

* FSM state transitions: 
1 --> 2 
2 --> 3 
3 --> 

* FSM state operations: 

State 1 <SV = 0> <Delay = 5.10>
ST_1 : Operation 6 [1/1] (0.00ns)   --->   "%wj = alloca i32 1"   --->   Operation 6 'alloca' 'wj' <Predicate = true> <Delay = 0.00>
ST_1 : Operation 7 [1/1] (0.00ns)   --->   "%wi = alloca i32 1"   --->   Operation 7 'alloca' 'wi' <Predicate = true> <Delay = 0.00>
ST_1 : Operation 8 [1/1] (0.00ns)   --->   "%indvar_flatten150 = alloca i32 1"   --->   Operation 8 'alloca' 'indvar_flatten150' <Predicate = true> <Delay = 0.00>
ST_1 : Operation 9 [1/1] (0.00ns)   --->   "%mux_case_08 = alloca i32 1"   --->   Operation 9 'alloca' 'mux_case_08' <Predicate = true> <Delay = 0.00>
ST_1 : Operation 10 [1/1] (0.00ns)   --->   "%mux_case_119 = alloca i32 1"   --->   Operation 10 'alloca' 'mux_case_119' <Predicate = true> <Delay = 0.00>
ST_1 : Operation 11 [1/1] (0.00ns)   --->   "%mux_case_230 = alloca i32 1"   --->   Operation 11 'alloca' 'mux_case_230' <Predicate = true> <Delay = 0.00>
ST_1 : Operation 12 [1/1] (0.00ns)   --->   "%mux_case_08440 = alloca i32 1"   --->   Operation 12 'alloca' 'mux_case_08440' <Predicate = true> <Delay = 0.00>
ST_1 : Operation 13 [1/1] (0.00ns)   --->   "%mux_case_18551 = alloca i32 1"   --->   Operation 13 'alloca' 'mux_case_18551' <Predicate = true> <Delay = 0.00>
ST_1 : Operation 14 [1/1] (0.00ns)   --->   "%mux_case_28662 = alloca i32 1"   --->   Operation 14 'alloca' 'mux_case_28662' <Predicate = true> <Delay = 0.00>
ST_1 : Operation 15 [1/1] (0.00ns)   --->   "%empty = alloca i32 1"   --->   Operation 15 'alloca' 'empty' <Predicate = true> <Delay = 0.00>
ST_1 : Operation 16 [1/1] (0.00ns)   --->   "%empty_191 = alloca i32 1"   --->   Operation 16 'alloca' 'empty_191' <Predicate = true> <Delay = 0.00>
ST_1 : Operation 17 [1/1] (0.00ns)   --->   "%empty_192 = alloca i32 1"   --->   Operation 17 'alloca' 'empty_192' <Predicate = true> <Delay = 0.00>
ST_1 : Operation 18 [1/1] (0.00ns)   --->   "%empty_193 = alloca i32 1"   --->   Operation 18 'alloca' 'empty_193' <Predicate = true> <Delay = 0.00>
ST_1 : Operation 19 [1/1] (0.00ns)   --->   "%empty_194 = alloca i32 1"   --->   Operation 19 'alloca' 'empty_194' <Predicate = true> <Delay = 0.00>
ST_1 : Operation 20 [1/1] (0.00ns)   --->   "%empty_195 = alloca i32 1"   --->   Operation 20 'alloca' 'empty_195' <Predicate = true> <Delay = 0.00>
ST_1 : Operation 21 [1/1] (0.00ns)   --->   "%empty_196 = alloca i32 1"   --->   Operation 21 'alloca' 'empty_196' <Predicate = true> <Delay = 0.00>
ST_1 : Operation 22 [1/1] (0.00ns)   --->   "%empty_197 = alloca i32 1"   --->   Operation 22 'alloca' 'empty_197' <Predicate = true> <Delay = 0.00>
ST_1 : Operation 23 [1/1] (0.00ns)   --->   "%empty_198 = alloca i32 1"   --->   Operation 23 'alloca' 'empty_198' <Predicate = true> <Delay = 0.00>
ST_1 : Operation 24 [1/1] (0.00ns)   --->   "%sub_ln52_read = read i8 @_ssdm_op_Read.ap_auto.i8, i8 %sub_ln52"   --->   Operation 24 'read' 'sub_ln52_read' <Predicate = true> <Delay = 0.00>
ST_1 : Operation 25 [1/1] (0.00ns)   --->   "%select_ln139_6_read = read i4 @_ssdm_op_Read.ap_auto.i4, i4 %select_ln139_6"   --->   Operation 25 'read' 'select_ln139_6_read' <Predicate = true> <Delay = 0.00>
ST_1 : Operation 26 [1/1] (0.00ns)   --->   "%mux_case_05_read = read i32 @_ssdm_op_Read.ap_auto.float, i32 %mux_case_05"   --->   Operation 26 'read' 'mux_case_05_read' <Predicate = true> <Delay = 0.00>
ST_1 : Operation 27 [1/1] (0.00ns)   --->   "%mux_case_116_read = read i32 @_ssdm_op_Read.ap_auto.float, i32 %mux_case_116"   --->   Operation 27 'read' 'mux_case_116_read' <Predicate = true> <Delay = 0.00>
ST_1 : Operation 28 [1/1] (0.00ns)   --->   "%mux_case_227_read = read i32 @_ssdm_op_Read.ap_auto.float, i32 %mux_case_227"   --->   Operation 28 'read' 'mux_case_227_read' <Predicate = true> <Delay = 0.00>
ST_1 : Operation 29 [1/1] (0.00ns)   --->   "%mux_case_08442_read = read i32 @_ssdm_op_Read.ap_auto.float, i32 %mux_case_08442"   --->   Operation 29 'read' 'mux_case_08442_read' <Predicate = true> <Delay = 0.00>
ST_1 : Operation 30 [1/1] (0.00ns)   --->   "%mux_case_18553_read = read i32 @_ssdm_op_Read.ap_auto.float, i32 %mux_case_18553"   --->   Operation 30 'read' 'mux_case_18553_read' <Predicate = true> <Delay = 0.00>
ST_1 : Operation 31 [1/1] (0.00ns)   --->   "%mux_case_28664_read = read i32 @_ssdm_op_Read.ap_auto.float, i32 %mux_case_28664"   --->   Operation 31 'read' 'mux_case_28664_read' <Predicate = true> <Delay = 0.00>
ST_1 : Operation 32 [1/1] (0.00ns)   --->   "%window_1_1_promoted237_read = read i32 @_ssdm_op_Read.ap_auto.float, i32 %window_1_1_promoted237"   --->   Operation 32 'read' 'window_1_1_promoted237_read' <Predicate = true> <Delay = 0.00>
ST_1 : Operation 33 [1/1] (0.00ns)   --->   "%window_1_0_promoted239_read = read i32 @_ssdm_op_Read.ap_auto.float, i32 %window_1_0_promoted239"   --->   Operation 33 'read' 'window_1_0_promoted239_read' <Predicate = true> <Delay = 0.00>
ST_1 : Operation 34 [1/1] (0.00ns)   --->   "%window_1_2_promoted241_read = read i32 @_ssdm_op_Read.ap_auto.float, i32 %window_1_2_promoted241"   --->   Operation 34 'read' 'window_1_2_promoted241_read' <Predicate = true> <Delay = 0.00>
ST_1 : Operation 35 [1/1] (0.00ns)   --->   "%window_0_1_promoted243_read = read i32 @_ssdm_op_Read.ap_auto.float, i32 %window_0_1_promoted243"   --->   Operation 35 'read' 'window_0_1_promoted243_read' <Predicate = true> <Delay = 0.00>
ST_1 : Operation 36 [1/1] (0.00ns)   --->   "%window_0_0_promoted245_read = read i32 @_ssdm_op_Read.ap_auto.float, i32 %window_0_0_promoted245"   --->   Operation 36 'read' 'window_0_0_promoted245_read' <Predicate = true> <Delay = 0.00>
ST_1 : Operation 37 [1/1] (0.00ns)   --->   "%window_0_2_promoted247_read = read i32 @_ssdm_op_Read.ap_auto.float, i32 %window_0_2_promoted247"   --->   Operation 37 'read' 'window_0_2_promoted247_read' <Predicate = true> <Delay = 0.00>
ST_1 : Operation 38 [1/1] (0.00ns)   --->   "%window_2_1_promoted249_read = read i32 @_ssdm_op_Read.ap_auto.float, i32 %window_2_1_promoted249"   --->   Operation 38 'read' 'window_2_1_promoted249_read' <Predicate = true> <Delay = 0.00>
ST_1 : Operation 39 [1/1] (0.00ns)   --->   "%window_2_0_promoted251_read = read i32 @_ssdm_op_Read.ap_auto.float, i32 %window_2_0_promoted251"   --->   Operation 39 'read' 'window_2_0_promoted251_read' <Predicate = true> <Delay = 0.00>
ST_1 : Operation 40 [1/1] (0.00ns)   --->   "%window_2_2_promoted253_read = read i32 @_ssdm_op_Read.ap_auto.float, i32 %window_2_2_promoted253"   --->   Operation 40 'read' 'window_2_2_promoted253_read' <Predicate = true> <Delay = 0.00>
ST_1 : Operation 41 [1/1] (0.00ns)   --->   "%sub_ln52_cast = sext i8 %sub_ln52_read"   --->   Operation 41 'sext' 'sub_ln52_cast' <Predicate = true> <Delay = 0.00>
ST_1 : Operation 42 [1/1] (1.58ns)   --->   "%store_ln0 = store i32 %window_2_2_promoted253_read, i32 %empty_198"   --->   Operation 42 'store' 'store_ln0' <Predicate = true> <Delay = 1.58>
ST_1 : Operation 43 [1/1] (1.58ns)   --->   "%store_ln0 = store i32 %window_2_0_promoted251_read, i32 %empty_197"   --->   Operation 43 'store' 'store_ln0' <Predicate = true> <Delay = 1.58>
ST_1 : Operation 44 [1/1] (1.58ns)   --->   "%store_ln0 = store i32 %window_2_1_promoted249_read, i32 %empty_196"   --->   Operation 44 'store' 'store_ln0' <Predicate = true> <Delay = 1.58>
ST_1 : Operation 45 [1/1] (1.58ns)   --->   "%store_ln0 = store i32 %window_0_2_promoted247_read, i32 %empty_195"   --->   Operation 45 'store' 'store_ln0' <Predicate = true> <Delay = 1.58>
ST_1 : Operation 46 [1/1] (1.58ns)   --->   "%store_ln0 = store i32 %window_0_0_promoted245_read, i32 %empty_194"   --->   Operation 46 'store' 'store_ln0' <Predicate = true> <Delay = 1.58>
ST_1 : Operation 47 [1/1] (1.58ns)   --->   "%store_ln0 = store i32 %window_0_1_promoted243_read, i32 %empty_193"   --->   Operation 47 'store' 'store_ln0' <Predicate = true> <Delay = 1.58>
ST_1 : Operation 48 [1/1] (1.58ns)   --->   "%store_ln0 = store i32 %window_1_2_promoted241_read, i32 %empty_192"   --->   Operation 48 'store' 'store_ln0' <Predicate = true> <Delay = 1.58>
ST_1 : Operation 49 [1/1] (1.58ns)   --->   "%store_ln0 = store i32 %window_1_0_promoted239_read, i32 %empty_191"   --->   Operation 49 'store' 'store_ln0' <Predicate = true> <Delay = 1.58>
ST_1 : Operation 50 [1/1] (1.58ns)   --->   "%store_ln0 = store i32 %window_1_1_promoted237_read, i32 %empty"   --->   Operation 50 'store' 'store_ln0' <Predicate = true> <Delay = 1.58>
ST_1 : Operation 51 [1/1] (1.58ns)   --->   "%store_ln0 = store i32 %mux_case_28664_read, i32 %mux_case_28662"   --->   Operation 51 'store' 'store_ln0' <Predicate = true> <Delay = 1.58>
ST_1 : Operation 52 [1/1] (1.58ns)   --->   "%store_ln0 = store i32 %mux_case_18553_read, i32 %mux_case_18551"   --->   Operation 52 'store' 'store_ln0' <Predicate = true> <Delay = 1.58>
ST_1 : Operation 53 [1/1] (1.58ns)   --->   "%store_ln0 = store i32 %mux_case_08442_read, i32 %mux_case_08440"   --->   Operation 53 'store' 'store_ln0' <Predicate = true> <Delay = 1.58>
ST_1 : Operation 54 [1/1] (1.58ns)   --->   "%store_ln0 = store i32 %mux_case_227_read, i32 %mux_case_230"   --->   Operation 54 'store' 'store_ln0' <Predicate = true> <Delay = 1.58>
ST_1 : Operation 55 [1/1] (1.58ns)   --->   "%store_ln0 = store i32 %mux_case_116_read, i32 %mux_case_119"   --->   Operation 55 'store' 'store_ln0' <Predicate = true> <Delay = 1.58>
ST_1 : Operation 56 [1/1] (1.58ns)   --->   "%store_ln0 = store i32 %mux_case_05_read, i32 %mux_case_08"   --->   Operation 56 'store' 'store_ln0' <Predicate = true> <Delay = 1.58>
ST_1 : Operation 57 [1/1] (1.58ns)   --->   "%store_ln0 = store i4 0, i4 %indvar_flatten150"   --->   Operation 57 'store' 'store_ln0' <Predicate = true> <Delay = 1.58>
ST_1 : Operation 58 [1/1] (1.58ns)   --->   "%store_ln0 = store i2 0, i2 %wi"   --->   Operation 58 'store' 'store_ln0' <Predicate = true> <Delay = 1.58>
ST_1 : Operation 59 [1/1] (1.58ns)   --->   "%store_ln0 = store i2 0, i2 %wj"   --->   Operation 59 'store' 'store_ln0' <Predicate = true> <Delay = 1.58>
ST_1 : Operation 60 [1/1] (0.00ns)   --->   "%br_ln0 = br void %for.body5.i"   --->   Operation 60 'br' 'br_ln0' <Predicate = true> <Delay = 0.00>
ST_1 : Operation 61 [1/1] (0.00ns)   --->   "%indvar_flatten150_load = load i4 %indvar_flatten150" [codes_lab5/HLS_sources_final/templatedFuncs.h:49]   --->   Operation 61 'load' 'indvar_flatten150_load' <Predicate = true> <Delay = 0.00>
ST_1 : Operation 62 [1/1] (1.30ns)   --->   "%icmp_ln49 = icmp_eq  i4 %indvar_flatten150_load, i4 9" [codes_lab5/HLS_sources_final/templatedFuncs.h:49]   --->   Operation 62 'icmp' 'icmp_ln49' <Predicate = true> <Delay = 1.30> <CoreInst = "Cmp">   --->   Core 9 'Cmp' <Latency = 0> <II = 1> <Delay = 1.30> <FuncUnit> <Opcode : 'icmp'> <InPorts = 2> <OutPorts = 1>
ST_1 : Operation 63 [1/1] (1.73ns)   --->   "%add_ln49_3 = add i4 %indvar_flatten150_load, i4 1" [codes_lab5/HLS_sources_final/templatedFuncs.h:49]   --->   Operation 63 'add' 'add_ln49_3' <Predicate = true> <Delay = 1.73> <CoreInst = "Adder">   --->   Core 1 'Adder' <Latency = 0> <II = 1> <Delay = 1.73> <FuncUnit> <Opcode : 'add' 'sub'> <InPorts = 2> <OutPorts = 1>
ST_1 : Operation 64 [1/1] (0.00ns)   --->   "%br_ln49 = br i1 %icmp_ln49, void %for.cond.cleanup4.i, void %_Z17load_input_windowILi4ELi12EEvPA3_fPAT0__AT0__fiii.exit_ifconv.loopexit44.exitStub" [codes_lab5/HLS_sources_final/templatedFuncs.h:49]   --->   Operation 64 'br' 'br_ln49' <Predicate = true> <Delay = 0.00>
ST_1 : Operation 65 [1/1] (0.00ns)   --->   "%wj_load = load i2 %wj" [codes_lab5/HLS_sources_final/templatedFuncs.h:50]   --->   Operation 65 'load' 'wj_load' <Predicate = (!icmp_ln49)> <Delay = 0.00>
ST_1 : Operation 66 [1/1] (0.00ns)   --->   "%wi_load = load i2 %wi" [codes_lab5/HLS_sources_final/templatedFuncs.h:49]   --->   Operation 66 'load' 'wi_load' <Predicate = (!icmp_ln49)> <Delay = 0.00>
ST_1 : Operation 67 [1/1] (1.56ns)   --->   "%add_ln49 = add i2 %wi_load, i2 1" [codes_lab5/HLS_sources_final/templatedFuncs.h:49]   --->   Operation 67 'add' 'add_ln49' <Predicate = (!icmp_ln49)> <Delay = 1.56> <CoreInst = "Adder">   --->   Core 1 'Adder' <Latency = 0> <II = 1> <Delay = 1.56> <FuncUnit> <Opcode : 'add' 'sub'> <InPorts = 2> <OutPorts = 1>
ST_1 : Operation 68 [1/1] (0.95ns)   --->   "%icmp_ln50 = icmp_eq  i2 %wj_load, i2 3" [codes_lab5/HLS_sources_final/templatedFuncs.h:50]   --->   Operation 68 'icmp' 'icmp_ln50' <Predicate = (!icmp_ln49)> <Delay = 0.95> <CoreInst = "Cmp">   --->   Core 9 'Cmp' <Latency = 0> <II = 1> <Delay = 0.95> <FuncUnit> <Opcode : 'icmp'> <InPorts = 2> <OutPorts = 1>
ST_1 : Operation 69 [1/1] (0.99ns)   --->   "%select_ln52 = select i1 %icmp_ln50, i2 0, i2 %wj_load" [codes_lab5/HLS_sources_final/templatedFuncs.h:52]   --->   Operation 69 'select' 'select_ln52' <Predicate = (!icmp_ln49)> <Delay = 0.99> <CoreInst = "Sel">   --->   Core 73 'Sel' <Latency = 0> <II = 1> <Delay = 0.99> <FuncUnit> <Opcode : 'select'> <InPorts = 3> <OutPorts = 1>
ST_1 : Operation 70 [1/1] (0.99ns)   --->   "%select_ln52_3 = select i1 %icmp_ln50, i2 %add_ln49, i2 %wi_load" [codes_lab5/HLS_sources_final/templatedFuncs.h:52]   --->   Operation 70 'select' 'select_ln52_3' <Predicate = (!icmp_ln49)> <Delay = 0.99> <CoreInst = "Sel">   --->   Core 73 'Sel' <Latency = 0> <II = 1> <Delay = 0.99> <FuncUnit> <Opcode : 'select'> <InPorts = 3> <OutPorts = 1>
ST_1 : Operation 71 [1/1] (0.00ns)   --->   "%zext_ln52_5 = zext i2 %select_ln52_3" [codes_lab5/HLS_sources_final/templatedFuncs.h:52]   --->   Operation 71 'zext' 'zext_ln52_5' <Predicate = (!icmp_ln49)> <Delay = 0.00>
ST_1 : Operation 72 [1/1] (1.73ns)   --->   "%add_ln52 = add i4 %select_ln139_6_read, i4 %zext_ln52_5" [codes_lab5/HLS_sources_final/templatedFuncs.h:52]   --->   Operation 72 'add' 'add_ln52' <Predicate = (!icmp_ln49)> <Delay = 1.73> <CoreInst = "Adder">   --->   Core 1 'Adder' <Latency = 0> <II = 1> <Delay = 1.73> <FuncUnit> <Opcode : 'add' 'sub'> <InPorts = 2> <OutPorts = 1>
ST_1 : Operation 73 [1/1] (0.95ns)   --->   "%switch_ln52 = switch i2 %select_ln52_3, void %arrayidx1410.i16.case.2, i2 0, void %arrayidx1410.i16.case.0, i2 1, void %arrayidx1410.i16.case.1" [codes_lab5/HLS_sources_final/templatedFuncs.h:52]   --->   Operation 73 'switch' 'switch_ln52' <Predicate = (!icmp_ln49)> <Delay = 0.95>
ST_1 : Operation 74 [1/1] (0.95ns)   --->   "%switch_ln52 = switch i2 %select_ln52, void %arrayidx1410.i16.case.296, i2 0, void %arrayidx1410.i16.case.1.arrayidx1410.i16.exit_crit_edge, i2 1, void %arrayidx1410.i16.case.1.arrayidx1410.i16.exit_crit_edge32" [codes_lab5/HLS_sources_final/templatedFuncs.h:52]   --->   Operation 74 'switch' 'switch_ln52' <Predicate = (!icmp_ln49 & select_ln52_3 == 1)> <Delay = 0.95>
ST_1 : Operation 75 [1/1] (0.95ns)   --->   "%switch_ln52 = switch i2 %select_ln52, void %arrayidx1410.i16.case.291, i2 0, void %arrayidx1410.i16.case.0.arrayidx1410.i16.exit_crit_edge, i2 1, void %arrayidx1410.i16.case.0.arrayidx1410.i16.exit_crit_edge28" [codes_lab5/HLS_sources_final/templatedFuncs.h:52]   --->   Operation 75 'switch' 'switch_ln52' <Predicate = (!icmp_ln49 & select_ln52_3 == 0)> <Delay = 0.95>
ST_1 : Operation 76 [1/1] (0.95ns)   --->   "%switch_ln52 = switch i2 %select_ln52, void %arrayidx1410.i16.case.2101, i2 0, void %arrayidx1410.i16.case.2.arrayidx1410.i16.exit_crit_edge, i2 1, void %arrayidx1410.i16.case.2.arrayidx1410.i16.exit_crit_edge24" [codes_lab5/HLS_sources_final/templatedFuncs.h:52]   --->   Operation 76 'switch' 'switch_ln52' <Predicate = (!icmp_ln49 & select_ln52_3 != 0 & select_ln52_3 != 1)> <Delay = 0.95>
ST_1 : Operation 77 [1/1] (1.56ns)   --->   "%add_ln50 = add i2 %select_ln52, i2 1" [codes_lab5/HLS_sources_final/templatedFuncs.h:50]   --->   Operation 77 'add' 'add_ln50' <Predicate = (!icmp_ln49)> <Delay = 1.56> <CoreInst = "Adder">   --->   Core 1 'Adder' <Latency = 0> <II = 1> <Delay = 1.56> <FuncUnit> <Opcode : 'add' 'sub'> <InPorts = 2> <OutPorts = 1>
ST_1 : Operation 78 [1/1] (1.58ns)   --->   "%store_ln50 = store i4 %add_ln49_3, i4 %indvar_flatten150" [codes_lab5/HLS_sources_final/templatedFuncs.h:50]   --->   Operation 78 'store' 'store_ln50' <Predicate = (!icmp_ln49)> <Delay = 1.58>
ST_1 : Operation 79 [1/1] (1.58ns)   --->   "%store_ln50 = store i2 %select_ln52_3, i2 %wi" [codes_lab5/HLS_sources_final/templatedFuncs.h:50]   --->   Operation 79 'store' 'store_ln50' <Predicate = (!icmp_ln49)> <Delay = 1.58>
ST_1 : Operation 80 [1/1] (1.58ns)   --->   "%store_ln50 = store i2 %add_ln50, i2 %wj" [codes_lab5/HLS_sources_final/templatedFuncs.h:50]   --->   Operation 80 'store' 'store_ln50' <Predicate = (!icmp_ln49)> <Delay = 1.58>
ST_1 : Operation 81 [1/1] (0.00ns)   --->   "%br_ln50 = br void %for.body5.i" [codes_lab5/HLS_sources_final/templatedFuncs.h:50]   --->   Operation 81 'br' 'br_ln50' <Predicate = (!icmp_ln49)> <Delay = 0.00>

State 2 <SV = 1> <Delay = 6.84>
ST_2 : Operation 82 [1/1] (0.00ns)   --->   "%zext_ln52 = zext i4 %add_ln52" [codes_lab5/HLS_sources_final/templatedFuncs.h:52]   --->   Operation 82 'zext' 'zext_ln52' <Predicate = true> <Delay = 0.00>
ST_2 : Operation 83 [1/1] (1.91ns)   --->   "%add_ln52_3 = add i9 %sub_ln52_cast, i9 %zext_ln52" [codes_lab5/HLS_sources_final/templatedFuncs.h:52]   --->   Operation 83 'add' 'add_ln52_3' <Predicate = true> <Delay = 1.91> <CoreInst = "Adder">   --->   Core 1 'Adder' <Latency = 0> <II = 1> <Delay = 1.91> <FuncUnit> <Opcode : 'add' 'sub'> <InPorts = 2> <OutPorts = 1>
ST_2 : Operation 84 [1/1] (0.00ns)   --->   "%tmp = bitconcatenate i13 @_ssdm_op_BitConcatenate.i13.i9.i4, i9 %add_ln52_3, i4 0" [codes_lab5/HLS_sources_final/templatedFuncs.h:52]   --->   Operation 84 'bitconcatenate' 'tmp' <Predicate = true> <Delay = 0.00>
ST_2 : Operation 85 [1/1] (0.00ns)   --->   "%sext_ln52 = sext i13 %tmp" [codes_lab5/HLS_sources_final/templatedFuncs.h:52]   --->   Operation 85 'sext' 'sext_ln52' <Predicate = true> <Delay = 0.00>
ST_2 : Operation 86 [1/1] (0.00ns)   --->   "%tmp_1 = bitconcatenate i11 @_ssdm_op_BitConcatenate.i11.i9.i2, i9 %add_ln52_3, i2 0" [codes_lab5/HLS_sources_final/templatedFuncs.h:52]   --->   Operation 86 'bitconcatenate' 'tmp_1' <Predicate = true> <Delay = 0.00>
ST_2 : Operation 87 [1/1] (0.00ns)   --->   "%sext_ln52_1 = sext i11 %tmp_1" [codes_lab5/HLS_sources_final/templatedFuncs.h:52]   --->   Operation 87 'sext' 'sext_ln52_1' <Predicate = true> <Delay = 0.00>
ST_2 : Operation 88 [1/1] (1.67ns)   --->   "%sub_ln52_1 = sub i64 %sext_ln52, i64 %sext_ln52_1" [codes_lab5/HLS_sources_final/templatedFuncs.h:52]   --->   Operation 88 'sub' 'sub_ln52_1' <Predicate = true> <Delay = 1.67> <CoreInst = "Adder">   --->   Core 1 'Adder' <Latency = 0> <II = 1> <Delay = 1.67> <FuncUnit> <Opcode : 'add' 'sub'> <InPorts = 2> <OutPorts = 1>
ST_2 : Operation 89 [1/1] (0.00ns)   --->   "%tmp_57_cast = partselect i8 @_ssdm_op_PartSelect.i8.i64.i32.i32, i64 %sub_ln52_1, i32 2, i32 9" [codes_lab5/HLS_sources_final/templatedFuncs.h:52]   --->   Operation 89 'partselect' 'tmp_57_cast' <Predicate = true> <Delay = 0.00>
ST_2 : Operation 90 [1/1] (0.00ns)   --->   "%tmp_s = bitconcatenate i10 @_ssdm_op_BitConcatenate.i10.i8.i2, i8 %tmp_57_cast, i2 %select_ln52" [codes_lab5/HLS_sources_final/templatedFuncs.h:52]   --->   Operation 90 'bitconcatenate' 'tmp_s' <Predicate = true> <Delay = 0.00>
ST_2 : Operation 91 [1/1] (0.00ns)   --->   "%zext_ln52_7 = zext i10 %tmp_s" [codes_lab5/HLS_sources_final/templatedFuncs.h:52]   --->   Operation 91 'zext' 'zext_ln52_7' <Predicate = true> <Delay = 0.00>
ST_2 : Operation 92 [1/1] (0.00ns)   --->   "%ifmap_addr = getelementptr i32 %ifmap, i64 0, i64 %zext_ln52_7" [codes_lab5/HLS_sources_final/templatedFuncs.h:52]   --->   Operation 92 'getelementptr' 'ifmap_addr' <Predicate = true> <Delay = 0.00>
ST_2 : Operation 93 [2/2] (3.25ns)   --->   "%ifmap_load = load i10 %ifmap_addr" [codes_lab5/HLS_sources_final/templatedFuncs.h:52]   --->   Operation 93 'load' 'ifmap_load' <Predicate = true> <Delay = 3.25> <CoreInst = "RAM">   --->   Core 82 'RAM' <Latency = 1> <II = 1> <Delay = 3.25> <Storage> <Opcode : 'load' 'store'> <Ports = 2> <Width = 32> <Depth = 576> <RAM>
ST_2 : Operation 123 [1/1] (0.00ns)   --->   "%mux_case_08_load = load i32 %mux_case_08"   --->   Operation 123 'load' 'mux_case_08_load' <Predicate = (icmp_ln49)> <Delay = 0.00>
ST_2 : Operation 124 [1/1] (0.00ns)   --->   "%mux_case_119_load = load i32 %mux_case_119"   --->   Operation 124 'load' 'mux_case_119_load' <Predicate = (icmp_ln49)> <Delay = 0.00>
ST_2 : Operation 125 [1/1] (0.00ns)   --->   "%mux_case_230_load = load i32 %mux_case_230"   --->   Operation 125 'load' 'mux_case_230_load' <Predicate = (icmp_ln49)> <Delay = 0.00>
ST_2 : Operation 126 [1/1] (0.00ns)   --->   "%mux_case_08440_load = load i32 %mux_case_08440"   --->   Operation 126 'load' 'mux_case_08440_load' <Predicate = (icmp_ln49)> <Delay = 0.00>
ST_2 : Operation 127 [1/1] (0.00ns)   --->   "%mux_case_18551_load = load i32 %mux_case_18551"   --->   Operation 127 'load' 'mux_case_18551_load' <Predicate = (icmp_ln49)> <Delay = 0.00>
ST_2 : Operation 128 [1/1] (0.00ns)   --->   "%mux_case_28662_load = load i32 %mux_case_28662"   --->   Operation 128 'load' 'mux_case_28662_load' <Predicate = (icmp_ln49)> <Delay = 0.00>
ST_2 : Operation 129 [1/1] (0.00ns)   --->   "%p_load33 = load i32 %empty"   --->   Operation 129 'load' 'p_load33' <Predicate = (icmp_ln49)> <Delay = 0.00>
ST_2 : Operation 130 [1/1] (0.00ns)   --->   "%p_load31 = load i32 %empty_191"   --->   Operation 130 'load' 'p_load31' <Predicate = (icmp_ln49)> <Delay = 0.00>
ST_2 : Operation 131 [1/1] (0.00ns)   --->   "%p_load30 = load i32 %empty_192"   --->   Operation 131 'load' 'p_load30' <Predicate = (icmp_ln49)> <Delay = 0.00>
ST_2 : Operation 132 [1/1] (0.00ns)   --->   "%p_load29 = load i32 %empty_193"   --->   Operation 132 'load' 'p_load29' <Predicate = (icmp_ln49)> <Delay = 0.00>
ST_2 : Operation 133 [1/1] (0.00ns)   --->   "%p_load27 = load i32 %empty_194"   --->   Operation 133 'load' 'p_load27' <Predicate = (icmp_ln49)> <Delay = 0.00>
ST_2 : Operation 134 [1/1] (0.00ns)   --->   "%p_load26 = load i32 %empty_195"   --->   Operation 134 'load' 'p_load26' <Predicate = (icmp_ln49)> <Delay = 0.00>
ST_2 : Operation 135 [1/1] (0.00ns)   --->   "%p_load25 = load i32 %empty_196"   --->   Operation 135 'load' 'p_load25' <Predicate = (icmp_ln49)> <Delay = 0.00>
ST_2 : Operation 136 [1/1] (0.00ns)   --->   "%p_load23 = load i32 %empty_197"   --->   Operation 136 'load' 'p_load23' <Predicate = (icmp_ln49)> <Delay = 0.00>
ST_2 : Operation 137 [1/1] (0.00ns)   --->   "%p_load = load i32 %empty_198"   --->   Operation 137 'load' 'p_load' <Predicate = (icmp_ln49)> <Delay = 0.00>
ST_2 : Operation 138 [1/1] (0.00ns)   --->   "%write_ln0 = write void @_ssdm_op_Write.ap_auto.floatP0A, i32 %p_out, i32 %p_load"   --->   Operation 138 'write' 'write_ln0' <Predicate = (icmp_ln49)> <Delay = 0.00>
ST_2 : Operation 139 [1/1] (0.00ns)   --->   "%write_ln0 = write void @_ssdm_op_Write.ap_auto.floatP0A, i32 %p_out1, i32 %p_load23"   --->   Operation 139 'write' 'write_ln0' <Predicate = (icmp_ln49)> <Delay = 0.00>
ST_2 : Operation 140 [1/1] (0.00ns)   --->   "%write_ln0 = write void @_ssdm_op_Write.ap_auto.floatP0A, i32 %p_out2, i32 %p_load25"   --->   Operation 140 'write' 'write_ln0' <Predicate = (icmp_ln49)> <Delay = 0.00>
ST_2 : Operation 141 [1/1] (0.00ns)   --->   "%write_ln0 = write void @_ssdm_op_Write.ap_auto.floatP0A, i32 %p_out3, i32 %p_load26"   --->   Operation 141 'write' 'write_ln0' <Predicate = (icmp_ln49)> <Delay = 0.00>
ST_2 : Operation 142 [1/1] (0.00ns)   --->   "%write_ln0 = write void @_ssdm_op_Write.ap_auto.floatP0A, i32 %p_out4, i32 %p_load27"   --->   Operation 142 'write' 'write_ln0' <Predicate = (icmp_ln49)> <Delay = 0.00>
ST_2 : Operation 143 [1/1] (0.00ns)   --->   "%write_ln0 = write void @_ssdm_op_Write.ap_auto.floatP0A, i32 %p_out5, i32 %p_load29"   --->   Operation 143 'write' 'write_ln0' <Predicate = (icmp_ln49)> <Delay = 0.00>
ST_2 : Operation 144 [1/1] (0.00ns)   --->   "%write_ln0 = write void @_ssdm_op_Write.ap_auto.floatP0A, i32 %p_out6, i32 %p_load30"   --->   Operation 144 'write' 'write_ln0' <Predicate = (icmp_ln49)> <Delay = 0.00>
ST_2 : Operation 145 [1/1] (0.00ns)   --->   "%write_ln0 = write void @_ssdm_op_Write.ap_auto.floatP0A, i32 %p_out7, i32 %p_load31"   --->   Operation 145 'write' 'write_ln0' <Predicate = (icmp_ln49)> <Delay = 0.00>
ST_2 : Operation 146 [1/1] (0.00ns)   --->   "%write_ln0 = write void @_ssdm_op_Write.ap_auto.floatP0A, i32 %p_out8, i32 %p_load33"   --->   Operation 146 'write' 'write_ln0' <Predicate = (icmp_ln49)> <Delay = 0.00>
ST_2 : Operation 147 [1/1] (0.00ns)   --->   "%write_ln0 = write void @_ssdm_op_Write.ap_auto.floatP0A, i32 %mux_case_28662_out, i32 %mux_case_28662_load"   --->   Operation 147 'write' 'write_ln0' <Predicate = (icmp_ln49)> <Delay = 0.00>
ST_2 : Operation 148 [1/1] (0.00ns)   --->   "%write_ln0 = write void @_ssdm_op_Write.ap_auto.floatP0A, i32 %mux_case_18551_out, i32 %mux_case_18551_load"   --->   Operation 148 'write' 'write_ln0' <Predicate = (icmp_ln49)> <Delay = 0.00>
ST_2 : Operation 149 [1/1] (0.00ns)   --->   "%write_ln0 = write void @_ssdm_op_Write.ap_auto.floatP0A, i32 %mux_case_08440_out, i32 %mux_case_08440_load"   --->   Operation 149 'write' 'write_ln0' <Predicate = (icmp_ln49)> <Delay = 0.00>
ST_2 : Operation 150 [1/1] (0.00ns)   --->   "%write_ln0 = write void @_ssdm_op_Write.ap_auto.floatP0A, i32 %mux_case_230_out, i32 %mux_case_230_load"   --->   Operation 150 'write' 'write_ln0' <Predicate = (icmp_ln49)> <Delay = 0.00>
ST_2 : Operation 151 [1/1] (0.00ns)   --->   "%write_ln0 = write void @_ssdm_op_Write.ap_auto.floatP0A, i32 %mux_case_119_out, i32 %mux_case_119_load"   --->   Operation 151 'write' 'write_ln0' <Predicate = (icmp_ln49)> <Delay = 0.00>
ST_2 : Operation 152 [1/1] (0.00ns)   --->   "%write_ln0 = write void @_ssdm_op_Write.ap_auto.floatP0A, i32 %mux_case_08_out, i32 %mux_case_08_load"   --->   Operation 152 'write' 'write_ln0' <Predicate = (icmp_ln49)> <Delay = 0.00>
ST_2 : Operation 153 [1/1] (0.00ns)   --->   "%ret_ln0 = ret"   --->   Operation 153 'ret' 'ret_ln0' <Predicate = (icmp_ln49)> <Delay = 0.00>

State 3 <SV = 2> <Delay = 4.84>
ST_3 : Operation 94 [1/1] (0.00ns)   --->   "%specloopname_ln0 = specloopname void @_ssdm_op_SpecLoopName, void @loadWinFull_VITIS_LOOP_50_1_str"   --->   Operation 94 'specloopname' 'specloopname_ln0' <Predicate = true> <Delay = 0.00>
ST_3 : Operation 95 [1/1] (0.00ns)   --->   "%empty_199 = speclooptripcount i32 @_ssdm_op_SpecLoopTripCount, i64 9, i64 9, i64 9"   --->   Operation 95 'speclooptripcount' 'empty_199' <Predicate = true> <Delay = 0.00>
ST_3 : Operation 96 [1/1] (0.00ns)   --->   "%specpipeline_ln51 = specpipeline void @_ssdm_op_SpecPipeline, i32 4294967295, i32 0, i32 0, i32 0, void @empty_9" [codes_lab5/HLS_sources_final/templatedFuncs.h:51]   --->   Operation 96 'specpipeline' 'specpipeline_ln51' <Predicate = true> <Delay = 0.00>
ST_3 : Operation 97 [1/1] (0.00ns)   --->   "%specloopname_ln50 = specloopname void @_ssdm_op_SpecLoopName, void @empty_13" [codes_lab5/HLS_sources_final/templatedFuncs.h:50]   --->   Operation 97 'specloopname' 'specloopname_ln50' <Predicate = true> <Delay = 0.00>
ST_3 : Operation 98 [1/2] (3.25ns)   --->   "%ifmap_load = load i10 %ifmap_addr" [codes_lab5/HLS_sources_final/templatedFuncs.h:52]   --->   Operation 98 'load' 'ifmap_load' <Predicate = true> <Delay = 3.25> <CoreInst = "RAM">   --->   Core 82 'RAM' <Latency = 1> <II = 1> <Delay = 3.25> <Storage> <Opcode : 'load' 'store'> <Ports = 2> <Width = 32> <Depth = 576> <RAM>
ST_3 : Operation 99 [1/1] (1.58ns)   --->   "%store_ln52 = store i32 %ifmap_load, i32 %empty" [codes_lab5/HLS_sources_final/templatedFuncs.h:52]   --->   Operation 99 'store' 'store_ln52' <Predicate = (select_ln52_3 == 1 & select_ln52 == 1)> <Delay = 1.58>
ST_3 : Operation 100 [1/1] (1.58ns)   --->   "%store_ln52 = store i32 %ifmap_load, i32 %mux_case_119" [codes_lab5/HLS_sources_final/templatedFuncs.h:52]   --->   Operation 100 'store' 'store_ln52' <Predicate = (select_ln52_3 == 1 & select_ln52 == 1)> <Delay = 1.58>
ST_3 : Operation 101 [1/1] (0.00ns)   --->   "%br_ln52 = br void %arrayidx1410.i16.exit" [codes_lab5/HLS_sources_final/templatedFuncs.h:52]   --->   Operation 101 'br' 'br_ln52' <Predicate = (select_ln52_3 == 1 & select_ln52 == 1)> <Delay = 0.00>
ST_3 : Operation 102 [1/1] (1.58ns)   --->   "%store_ln52 = store i32 %ifmap_load, i32 %empty_191" [codes_lab5/HLS_sources_final/templatedFuncs.h:52]   --->   Operation 102 'store' 'store_ln52' <Predicate = (select_ln52_3 == 1 & select_ln52 == 0)> <Delay = 1.58>
ST_3 : Operation 103 [1/1] (0.00ns)   --->   "%br_ln52 = br void %arrayidx1410.i16.exit" [codes_lab5/HLS_sources_final/templatedFuncs.h:52]   --->   Operation 103 'br' 'br_ln52' <Predicate = (select_ln52_3 == 1 & select_ln52 == 0)> <Delay = 0.00>
ST_3 : Operation 104 [1/1] (1.58ns)   --->   "%store_ln52 = store i32 %ifmap_load, i32 %empty_192" [codes_lab5/HLS_sources_final/templatedFuncs.h:52]   --->   Operation 104 'store' 'store_ln52' <Predicate = (select_ln52_3 == 1 & select_ln52 != 0 & select_ln52 != 1)> <Delay = 1.58>
ST_3 : Operation 105 [1/1] (1.58ns)   --->   "%store_ln52 = store i32 %ifmap_load, i32 %mux_case_18551" [codes_lab5/HLS_sources_final/templatedFuncs.h:52]   --->   Operation 105 'store' 'store_ln52' <Predicate = (select_ln52_3 == 1 & select_ln52 != 0 & select_ln52 != 1)> <Delay = 1.58>
ST_3 : Operation 106 [1/1] (0.00ns)   --->   "%br_ln52 = br void %arrayidx1410.i16.exit" [codes_lab5/HLS_sources_final/templatedFuncs.h:52]   --->   Operation 106 'br' 'br_ln52' <Predicate = (select_ln52_3 == 1 & select_ln52 != 0 & select_ln52 != 1)> <Delay = 0.00>
ST_3 : Operation 107 [1/1] (1.58ns)   --->   "%store_ln52 = store i32 %ifmap_load, i32 %empty_193" [codes_lab5/HLS_sources_final/templatedFuncs.h:52]   --->   Operation 107 'store' 'store_ln52' <Predicate = (select_ln52_3 == 0 & select_ln52 == 1)> <Delay = 1.58>
ST_3 : Operation 108 [1/1] (1.58ns)   --->   "%store_ln52 = store i32 %ifmap_load, i32 %mux_case_08" [codes_lab5/HLS_sources_final/templatedFuncs.h:52]   --->   Operation 108 'store' 'store_ln52' <Predicate = (select_ln52_3 == 0 & select_ln52 == 1)> <Delay = 1.58>
ST_3 : Operation 109 [1/1] (0.00ns)   --->   "%br_ln52 = br void %arrayidx1410.i16.exit" [codes_lab5/HLS_sources_final/templatedFuncs.h:52]   --->   Operation 109 'br' 'br_ln52' <Predicate = (select_ln52_3 == 0 & select_ln52 == 1)> <Delay = 0.00>
ST_3 : Operation 110 [1/1] (1.58ns)   --->   "%store_ln52 = store i32 %ifmap_load, i32 %empty_194" [codes_lab5/HLS_sources_final/templatedFuncs.h:52]   --->   Operation 110 'store' 'store_ln52' <Predicate = (select_ln52_3 == 0 & select_ln52 == 0)> <Delay = 1.58>
ST_3 : Operation 111 [1/1] (0.00ns)   --->   "%br_ln52 = br void %arrayidx1410.i16.exit" [codes_lab5/HLS_sources_final/templatedFuncs.h:52]   --->   Operation 111 'br' 'br_ln52' <Predicate = (select_ln52_3 == 0 & select_ln52 == 0)> <Delay = 0.00>
ST_3 : Operation 112 [1/1] (1.58ns)   --->   "%store_ln52 = store i32 %ifmap_load, i32 %empty_195" [codes_lab5/HLS_sources_final/templatedFuncs.h:52]   --->   Operation 112 'store' 'store_ln52' <Predicate = (select_ln52_3 == 0 & select_ln52 != 0 & select_ln52 != 1)> <Delay = 1.58>
ST_3 : Operation 113 [1/1] (1.58ns)   --->   "%store_ln52 = store i32 %ifmap_load, i32 %mux_case_08440" [codes_lab5/HLS_sources_final/templatedFuncs.h:52]   --->   Operation 113 'store' 'store_ln52' <Predicate = (select_ln52_3 == 0 & select_ln52 != 0 & select_ln52 != 1)> <Delay = 1.58>
ST_3 : Operation 114 [1/1] (0.00ns)   --->   "%br_ln52 = br void %arrayidx1410.i16.exit" [codes_lab5/HLS_sources_final/templatedFuncs.h:52]   --->   Operation 114 'br' 'br_ln52' <Predicate = (select_ln52_3 == 0 & select_ln52 != 0 & select_ln52 != 1)> <Delay = 0.00>
ST_3 : Operation 115 [1/1] (1.58ns)   --->   "%store_ln52 = store i32 %ifmap_load, i32 %empty_196" [codes_lab5/HLS_sources_final/templatedFuncs.h:52]   --->   Operation 115 'store' 'store_ln52' <Predicate = (select_ln52_3 != 0 & select_ln52_3 != 1 & select_ln52 == 1)> <Delay = 1.58>
ST_3 : Operation 116 [1/1] (1.58ns)   --->   "%store_ln52 = store i32 %ifmap_load, i32 %mux_case_230" [codes_lab5/HLS_sources_final/templatedFuncs.h:52]   --->   Operation 116 'store' 'store_ln52' <Predicate = (select_ln52_3 != 0 & select_ln52_3 != 1 & select_ln52 == 1)> <Delay = 1.58>
ST_3 : Operation 117 [1/1] (0.00ns)   --->   "%br_ln52 = br void %arrayidx1410.i16.exit" [codes_lab5/HLS_sources_final/templatedFuncs.h:52]   --->   Operation 117 'br' 'br_ln52' <Predicate = (select_ln52_3 != 0 & select_ln52_3 != 1 & select_ln52 == 1)> <Delay = 0.00>
ST_3 : Operation 118 [1/1] (1.58ns)   --->   "%store_ln52 = store i32 %ifmap_load, i32 %empty_197" [codes_lab5/HLS_sources_final/templatedFuncs.h:52]   --->   Operation 118 'store' 'store_ln52' <Predicate = (select_ln52_3 != 0 & select_ln52_3 != 1 & select_ln52 == 0)> <Delay = 1.58>
ST_3 : Operation 119 [1/1] (0.00ns)   --->   "%br_ln52 = br void %arrayidx1410.i16.exit" [codes_lab5/HLS_sources_final/templatedFuncs.h:52]   --->   Operation 119 'br' 'br_ln52' <Predicate = (select_ln52_3 != 0 & select_ln52_3 != 1 & select_ln52 == 0)> <Delay = 0.00>
ST_3 : Operation 120 [1/1] (1.58ns)   --->   "%store_ln52 = store i32 %ifmap_load, i32 %empty_198" [codes_lab5/HLS_sources_final/templatedFuncs.h:52]   --->   Operation 120 'store' 'store_ln52' <Predicate = (select_ln52_3 != 0 & select_ln52_3 != 1 & select_ln52 != 0 & select_ln52 != 1)> <Delay = 1.58>
ST_3 : Operation 121 [1/1] (1.58ns)   --->   "%store_ln52 = store i32 %ifmap_load, i32 %mux_case_28662" [codes_lab5/HLS_sources_final/templatedFuncs.h:52]   --->   Operation 121 'store' 'store_ln52' <Predicate = (select_ln52_3 != 0 & select_ln52_3 != 1 & select_ln52 != 0 & select_ln52 != 1)> <Delay = 1.58>
ST_3 : Operation 122 [1/1] (0.00ns)   --->   "%br_ln52 = br void %arrayidx1410.i16.exit" [codes_lab5/HLS_sources_final/templatedFuncs.h:52]   --->   Operation 122 'br' 'br_ln52' <Predicate = (select_ln52_3 != 0 & select_ln52_3 != 1 & select_ln52 != 0 & select_ln52 != 1)> <Delay = 0.00>


============================================================
+ Verbose Summary: Timing violations
============================================================
Target clock period: 10ns, clock uncertainty: 2.7ns.

 <State 1>: 5.11ns
The critical path consists of the following:
	'alloca' operation ('wj') [34]  (0 ns)
	'load' operation ('wj_load', codes_lab5/HLS_sources_final/templatedFuncs.h:50) on local variable 'wj' [95]  (0 ns)
	'icmp' operation ('icmp_ln50', codes_lab5/HLS_sources_final/templatedFuncs.h:50) [100]  (0.959 ns)
	'select' operation ('select_ln52', codes_lab5/HLS_sources_final/templatedFuncs.h:52) [101]  (0.993 ns)
	'add' operation ('add_ln50', codes_lab5/HLS_sources_final/templatedFuncs.h:50) [160]  (1.56 ns)
	'store' operation ('store_ln50', codes_lab5/HLS_sources_final/templatedFuncs.h:50) of variable 'add_ln50', codes_lab5/HLS_sources_final/templatedFuncs.h:50 on local variable 'wj' [163]  (1.59 ns)

 <State 2>: 6.85ns
The critical path consists of the following:
	'add' operation ('add_ln52_3', codes_lab5/HLS_sources_final/templatedFuncs.h:52) [106]  (1.92 ns)
	'sub' operation ('sub_ln52_1', codes_lab5/HLS_sources_final/templatedFuncs.h:52) [111]  (1.68 ns)
	'getelementptr' operation ('ifmap_addr', codes_lab5/HLS_sources_final/templatedFuncs.h:52) [115]  (0 ns)
	'load' operation ('ifmap_load', codes_lab5/HLS_sources_final/templatedFuncs.h:52) on array 'ifmap' [118]  (3.25 ns)

 <State 3>: 4.84ns
The critical path consists of the following:
	'load' operation ('ifmap_load', codes_lab5/HLS_sources_final/templatedFuncs.h:52) on array 'ifmap' [118]  (3.25 ns)
	'store' operation ('store_ln52', codes_lab5/HLS_sources_final/templatedFuncs.h:52) of variable 'ifmap_load', codes_lab5/HLS_sources_final/templatedFuncs.h:52 on local variable 'empty' [123]  (1.59 ns)


============================================================
+ Verbose Summary: Binding
============================================================
N/A
* FSMD analyzer results:
  - Output states:
 - Input state : 
  - Chain level:
	State 1
	State 2
	State 3


============================================================
+ Verbose Summary: Datapath Resource usage 
============================================================
N/A
