

================================================================
== Vitis HLS Report for 'conv3'
================================================================
* Date:           Thu Dec 25 17:04:40 2025

* Version:        2022.1 (Build 3526262 on Mon Apr 18 15:48:16 MDT 2022)
* Project:        Day_5_final_boss
* Solution:       hellojio (Vivado IP Flow Target)
* Product family: zynq
* Target device:  xc7z020-clg400-1


================================================================
== Performance Estimates
================================================================
+ Timing: 
    * Summary: 
    +--------+----------+----------+------------+
    |  Clock |  Target  | Estimated| Uncertainty|
    +--------+----------+----------+------------+
    |ap_clk  |  10.00 ns|  7.256 ns|     2.70 ns|
    +--------+----------+----------+------------+

+ Latency: 
    * Summary: 
    +---------+---------+----------+----------+-------+-------+---------+
    |  Latency (cycles) |  Latency (absolute) |    Interval   | Pipeline|
    |   min   |   max   |    min   |    max   |  min  |  max  |   Type  |
    +---------+---------+----------+----------+-------+-------+---------+
    |    62574|    73774|  0.626 ms|  0.738 ms|  62574|  73774|       no|
    +---------+---------+----------+----------+-------+-------+---------+

    + Detail: 
        * Instance: 
        +---------------------------------+-----------------------+---------+---------+----------+----------+-------+-------+---------+
        |                                 |                       |  Latency (cycles) |  Latency (absolute) |    Interval   | Pipeline|
        |             Instance            |         Module        |   min   |   max   |    min   |    max   |  min  |  max  |   Type  |
        +---------------------------------+-----------------------+---------+---------+----------+----------+-------+-------+---------+
        |grp_Conv_func_4_12_4_10_s_fu_12  |Conv_func_4_12_4_10_s  |    62573|    73773|  0.626 ms|  0.738 ms|  62573|  73773|       no|
        +---------------------------------+-----------------------+---------+---------+----------+----------+-------+-------+---------+

        * Loop: 
        N/A

============================================================
+ Verbose Summary: Synthesis Manager
============================================================
InlineROM: 1
ExposeGlobal: 0
============================================================
+ Verbose Summary: CDFG Model
============================================================
IsTopModel: 0
ResetActiveHigh: 1
IsCombinational: 2
IsDatapathOnly: 0
HasWiredReturn: 1
HasMFsm: 0
HasVarLatency: 1
IsPipeline: 0
IsRtlPipelined: 0
IsInstanceOverlapped: 0
IsDontTouch: 0
HasImplIP: 0
IsGatedGlobalClock: 0


============================================================
+ Verbose Summary: Schedule
============================================================
* Number of FSM states : 2
* Pipeline : 0
* Dataflow Pipeline: 0

* FSM state transitions: 
1 --> 2 
2 --> 

* FSM state operations: 

State 1 <SV = 0> <Delay = 0.00>
ST_1 : Operation 3 [2/2] (0.00ns)   --->   "%call_ln35 = call void @Conv_func<4, 12, 4, 10>, i32 %mem_4, i32 %mem_5_0, i32 %mem_5_1, i32 %conv3_weight, i32 %conv3_bias" [codes_lab5/HLS_sources_final/design.cpp:35]   --->   Operation 3 'call' 'call_ln35' <Predicate = true> <Delay = 0.00> <CoreType = "Generic">   --->   Core 0 '' <Latency = 0> <II = 1> <Delay = 1.00> <Generic> <Opcode : >

State 2 <SV = 1> <Delay = 0.00>
ST_2 : Operation 4 [1/2] (0.00ns)   --->   "%call_ln35 = call void @Conv_func<4, 12, 4, 10>, i32 %mem_4, i32 %mem_5_0, i32 %mem_5_1, i32 %conv3_weight, i32 %conv3_bias" [codes_lab5/HLS_sources_final/design.cpp:35]   --->   Operation 4 'call' 'call_ln35' <Predicate = true> <Delay = 0.00> <CoreType = "Generic">   --->   Core 0 '' <Latency = 0> <II = 1> <Delay = 1.00> <Generic> <Opcode : >
ST_2 : Operation 5 [1/1] (0.00ns)   --->   "%ret_ln36 = ret" [codes_lab5/HLS_sources_final/design.cpp:36]   --->   Operation 5 'ret' 'ret_ln36' <Predicate = true> <Delay = 0.00>


============================================================
+ Verbose Summary: Binding
============================================================
STG Binding: 
---------------- STG Properties BEGIN ----------------
- Is combinational: 0
- Is one-state seq: 0
- Is datapath-only: 0
- Is pipelined: 0
- Is top level: 0
Port [ Return ] is wired: 1; IO mode=ap_ctrl_hs:ce=0
Port [ mem_4]:  wired=1; compound=1; hidden=0; nouse=0; global=0; static=0; extern=0; dir=0; type=1; pingpong=1; private_global=0; MemPort=[13]; IO mode=ap_memory:ce=0
Port [ mem_5_0]:  wired=1; compound=1; hidden=0; nouse=0; global=0; static=0; extern=0; dir=2; type=1; pingpong=1; private_global=0; MemPort=[23]; IO mode=ap_memory:ce=0
Port [ mem_5_1]:  wired=1; compound=1; hidden=0; nouse=0; global=0; static=0; extern=0; dir=2; type=1; pingpong=1; private_global=0; MemPort=[23]; IO mode=ap_memory:ce=0
Port [ conv3_weight]:  wired=0; compound=1; hidden=1; nouse=1; global=1; static=1; extern=0; dir=0; type=1; pingpong=0; private_global=0; MemPort=[1]; IO mode=ap_memory:ce=0
Port [ conv3_bias]:  wired=0; compound=1; hidden=1; nouse=1; global=1; static=1; extern=0; dir=0; type=1; pingpong=0; private_global=0; MemPort=[1]; IO mode=ap_memory:ce=0
---------------- STG Properties END ------------------

---------------- Datapath Model BEGIN ----------------

<LifeTime>
<method=bitvector/>
call_ln35 (call) [ 000]
ret_ln36  (ret ) [ 000]
</LifeTime>

<model>

<comp_list>
<comp id="0" class="1000" name="mem_4">
<pin_list>
<pin id="1" dir="1" index="0" bw="1" slack="0"/>
</pin_list>
<bind>
<StgValue><ssdm name="mem_4"/><MemPortTyVec>1 3 </MemPortTyVec>
</StgValue>
</bind>
</comp>

<comp id="2" class="1000" name="mem_5_0">
<pin_list>
<pin id="3" dir="1" index="0" bw="1" slack="0"/>
</pin_list>
<bind>
<StgValue><ssdm name="mem_5_0"/><MemPortTyVec>2 3 </MemPortTyVec>
</StgValue>
</bind>
</comp>

<comp id="4" class="1000" name="mem_5_1">
<pin_list>
<pin id="5" dir="1" index="0" bw="1" slack="0"/>
</pin_list>
<bind>
<StgValue><ssdm name="mem_5_1"/><MemPortTyVec>2 3 </MemPortTyVec>
</StgValue>
</bind>
</comp>

<comp id="6" class="1000" name="conv3_weight">
<pin_list>
<pin id="7" dir="1" index="0" bw="1" slack="0"/>
</pin_list>
<bind>
<StgValue><ssdm name="conv3_weight"/><MemPortTyVec>1 </MemPortTyVec>
</StgValue>
</bind>
</comp>

<comp id="8" class="1000" name="conv3_bias">
<pin_list>
<pin id="9" dir="1" index="0" bw="1" slack="0"/>
</pin_list>
<bind>
<StgValue><ssdm name="conv3_bias"/><MemPortTyVec>1 </MemPortTyVec>
</StgValue>
</bind>
</comp>

<comp id="10" class="1001" name="const_10">
<pin_list>
<pin id="11" dir="1" index="0" bw="1" slack="0"/>
</pin_list>
<bind>
<StgValue><ssdm name="Conv_func<4, 12, 4, 10>"/></StgValue>
</bind>
</comp>

<comp id="12" class="1004" name="grp_Conv_func_4_12_4_10_s_fu_12">
<pin_list>
<pin id="13" dir="0" index="0" bw="0" slack="0"/>
<pin id="14" dir="0" index="1" bw="32" slack="0"/>
<pin id="15" dir="0" index="2" bw="32" slack="0"/>
<pin id="16" dir="0" index="3" bw="32" slack="0"/>
<pin id="17" dir="0" index="4" bw="32" slack="0"/>
<pin id="18" dir="0" index="5" bw="32" slack="0"/>
<pin id="19" dir="1" index="6" bw="0" slack="2147483647"/>
</pin_list>
<bind>
<opcode="call(48) " fcode="call"/>
<opset="call_ln35/1 "/>
</bind>
</comp>

</comp_list>

<net_list>
<net id="20"><net_src comp="10" pin="0"/><net_sink comp="12" pin=0"/></net>

<net id="21"><net_src comp="0" pin="0"/><net_sink comp="12" pin=1"/></net>

<net id="22"><net_src comp="2" pin="0"/><net_sink comp="12" pin=2"/></net>

<net id="23"><net_src comp="4" pin="0"/><net_sink comp="12" pin=3"/></net>

<net id="24"><net_src comp="6" pin="0"/><net_sink comp="12" pin=4"/></net>

<net id="25"><net_src comp="8" pin="0"/><net_sink comp="12" pin=5"/></net>

</net_list>

</model> 
---------------- Datapath Model END ------------------

* FSMD analyzer results:
  - Output states:
	Port: mem_5_0 | {1 2 }
	Port: mem_5_1 | {1 2 }
 - Input state : 
	Port: conv3 : mem_4 | {1 2 }
	Port: conv3 : mem_5_0 | {1 2 }
	Port: conv3 : mem_5_1 | {1 2 }
	Port: conv3 : conv3_weight | {1 2 }
	Port: conv3 : conv3_bias | {1 2 }
  - Chain level:
	State 1
	State 2


============================================================
+ Verbose Summary: Datapath Resource usage 
============================================================

* Functional unit list:
|----------|---------------------------------|---------|---------|---------|---------|
| Operation|         Functional Unit         |   DSP   |  Delay  |    FF   |   LUT   |
|----------|---------------------------------|---------|---------|---------|---------|
|   call   | grp_Conv_func_4_12_4_10_s_fu_12 |    45   |  26.996 |  12167  |   7487  |
|----------|---------------------------------|---------|---------|---------|---------|
|   Total  |                                 |    45   |  26.996 |  12167  |   7487  |
|----------|---------------------------------|---------|---------|---------|---------|

Memories:
N/A

* Register list:
N/A

* Multiplexer (MUX) list: 
|--------|------|------|------|--------|
|  Comp  |  Pin | Size |  BW  | S x BW |
|--------|------|------|------|--------|
|  Total |      |      |      |    0   |
|--------|------|------|------|--------|



* Summary:
+-----------+--------+--------+--------+--------+
|           |   DSP  |  Delay |   FF   |   LUT  |
+-----------+--------+--------+--------+--------+
|  Function |   45   |   26   |  12167 |  7487  |
|   Memory  |    -   |    -   |    -   |    -   |
|Multiplexer|    -   |    -   |    -   |    -   |
|  Register |    -   |    -   |    -   |    -   |
+-----------+--------+--------+--------+--------+
|   Total   |   45   |   26   |  12167 |  7487  |
+-----------+--------+--------+--------+--------+
