

================================================================
== Vitis HLS Report for 'Conv_func_4_26_4_24_Pipeline_loadWinFull_VITIS_LOOP_50_1'
================================================================
* Date:           Thu Dec 25 17:04:37 2025

* Version:        2022.1 (Build 3526262 on Mon Apr 18 15:48:16 MDT 2022)
* Project:        Day_5_final_boss
* Solution:       hellojio (Vivado IP Flow Target)
* Product family: zynq
* Target device:  xc7z020-clg400-1


================================================================
== Performance Estimates
================================================================
+ Timing: 
    * Summary: 
    +--------+----------+----------+------------+
    |  Clock |  Target  | Estimated| Uncertainty|
    +--------+----------+----------+------------+
    |ap_clk  |  10.00 ns|  7.038 ns|     2.70 ns|
    +--------+----------+----------+------------+

+ Latency: 
    * Summary: 
    +---------+---------+----------+----------+-----+-----+---------+
    |  Latency (cycles) |  Latency (absolute) |  Interval | Pipeline|
    |   min   |   max   |    min   |    max   | min | max |   Type  |
    +---------+---------+----------+----------+-----+-----+---------+
    |       14|       14|  0.140 us|  0.140 us|   14|   14|       no|
    +---------+---------+----------+----------+-----+-----+---------+

    + Detail: 
        * Instance: 
        N/A

        * Loop: 
        +-------------------------------+---------+---------+----------+-----------+-----------+------+----------+
        |                               |  Latency (cycles) | Iteration|  Initiation Interval  | Trip |          |
        |           Loop Name           |   min   |   max   |  Latency |  achieved |   target  | Count| Pipelined|
        +-------------------------------+---------+---------+----------+-----------+-----------+------+----------+
        |- loadWinFull_VITIS_LOOP_50_1  |       12|       12|         5|          1|          1|     9|       yes|
        +-------------------------------+---------+---------+----------+-----------+-----------+------+----------+

============================================================
+ Verbose Summary: Synthesis Manager
============================================================
InlineROM: 1
ExposeGlobal: 0
============================================================
+ Verbose Summary: CDFG Model
============================================================
IsTopModel: 0
ResetActiveHigh: 1
IsCombinational: 0
IsDatapathOnly: 0
HasWiredReturn: 1
HasMFsm: 2
HasVarLatency: 1
IsPipeline: 0
IsRtlPipelined: 0
IsInstanceOverlapped: 0
IsDontTouch: 0
HasImplIP: 0
IsGatedGlobalClock: 0

+ Individual pipeline summary: 
  * Pipeline-0: initiation interval (II) = 1, depth = 5


============================================================
+ Verbose Summary: Schedule
============================================================
* Number of FSM states : 5
* Pipeline : 1
  Pipeline-0 : II = 1, D = 5, States = { 1 2 3 4 5 }
* Dataflow Pipeline: 0

* FSM state transitions: 
1 --> 2 
2 --> 3 
3 --> 4 
4 --> 5 
5 --> 

* FSM state operations: 

State 1 <SV = 0> <Delay = 7.03>
ST_1 : Operation 8 [1/1] (0.00ns)   --->   "%wj = alloca i32 1"   --->   Operation 8 'alloca' 'wj' <Predicate = true> <Delay = 0.00>
ST_1 : Operation 9 [1/1] (0.00ns)   --->   "%wi = alloca i32 1"   --->   Operation 9 'alloca' 'wi' <Predicate = true> <Delay = 0.00>
ST_1 : Operation 10 [1/1] (0.00ns)   --->   "%indvar_flatten150 = alloca i32 1"   --->   Operation 10 'alloca' 'indvar_flatten150' <Predicate = true> <Delay = 0.00>
ST_1 : Operation 11 [1/1] (0.00ns)   --->   "%mux_case_08 = alloca i32 1"   --->   Operation 11 'alloca' 'mux_case_08' <Predicate = true> <Delay = 0.00>
ST_1 : Operation 12 [1/1] (0.00ns)   --->   "%mux_case_119 = alloca i32 1"   --->   Operation 12 'alloca' 'mux_case_119' <Predicate = true> <Delay = 0.00>
ST_1 : Operation 13 [1/1] (0.00ns)   --->   "%mux_case_230 = alloca i32 1"   --->   Operation 13 'alloca' 'mux_case_230' <Predicate = true> <Delay = 0.00>
ST_1 : Operation 14 [1/1] (0.00ns)   --->   "%mux_case_08440 = alloca i32 1"   --->   Operation 14 'alloca' 'mux_case_08440' <Predicate = true> <Delay = 0.00>
ST_1 : Operation 15 [1/1] (0.00ns)   --->   "%mux_case_18551 = alloca i32 1"   --->   Operation 15 'alloca' 'mux_case_18551' <Predicate = true> <Delay = 0.00>
ST_1 : Operation 16 [1/1] (0.00ns)   --->   "%mux_case_28662 = alloca i32 1"   --->   Operation 16 'alloca' 'mux_case_28662' <Predicate = true> <Delay = 0.00>
ST_1 : Operation 17 [1/1] (0.00ns)   --->   "%empty = alloca i32 1"   --->   Operation 17 'alloca' 'empty' <Predicate = true> <Delay = 0.00>
ST_1 : Operation 18 [1/1] (0.00ns)   --->   "%empty_141 = alloca i32 1"   --->   Operation 18 'alloca' 'empty_141' <Predicate = true> <Delay = 0.00>
ST_1 : Operation 19 [1/1] (0.00ns)   --->   "%empty_142 = alloca i32 1"   --->   Operation 19 'alloca' 'empty_142' <Predicate = true> <Delay = 0.00>
ST_1 : Operation 20 [1/1] (0.00ns)   --->   "%empty_143 = alloca i32 1"   --->   Operation 20 'alloca' 'empty_143' <Predicate = true> <Delay = 0.00>
ST_1 : Operation 21 [1/1] (0.00ns)   --->   "%empty_144 = alloca i32 1"   --->   Operation 21 'alloca' 'empty_144' <Predicate = true> <Delay = 0.00>
ST_1 : Operation 22 [1/1] (0.00ns)   --->   "%empty_145 = alloca i32 1"   --->   Operation 22 'alloca' 'empty_145' <Predicate = true> <Delay = 0.00>
ST_1 : Operation 23 [1/1] (0.00ns)   --->   "%empty_146 = alloca i32 1"   --->   Operation 23 'alloca' 'empty_146' <Predicate = true> <Delay = 0.00>
ST_1 : Operation 24 [1/1] (0.00ns)   --->   "%empty_147 = alloca i32 1"   --->   Operation 24 'alloca' 'empty_147' <Predicate = true> <Delay = 0.00>
ST_1 : Operation 25 [1/1] (0.00ns)   --->   "%empty_148 = alloca i32 1"   --->   Operation 25 'alloca' 'empty_148' <Predicate = true> <Delay = 0.00>
ST_1 : Operation 26 [1/1] (0.00ns)   --->   "%mul_ln52_read = read i8 @_ssdm_op_Read.ap_auto.i8, i8 %mul_ln52"   --->   Operation 26 'read' 'mul_ln52_read' <Predicate = true> <Delay = 0.00>
ST_1 : Operation 27 [1/1] (0.00ns)   --->   "%select_ln139_3_read = read i5 @_ssdm_op_Read.ap_auto.i5, i5 %select_ln139_3"   --->   Operation 27 'read' 'select_ln139_3_read' <Predicate = true> <Delay = 0.00>
ST_1 : Operation 28 [1/1] (0.00ns)   --->   "%mux_case_05_read = read i32 @_ssdm_op_Read.ap_auto.float, i32 %mux_case_05"   --->   Operation 28 'read' 'mux_case_05_read' <Predicate = true> <Delay = 0.00>
ST_1 : Operation 29 [1/1] (0.00ns)   --->   "%mux_case_116_read = read i32 @_ssdm_op_Read.ap_auto.float, i32 %mux_case_116"   --->   Operation 29 'read' 'mux_case_116_read' <Predicate = true> <Delay = 0.00>
ST_1 : Operation 30 [1/1] (0.00ns)   --->   "%mux_case_227_read = read i32 @_ssdm_op_Read.ap_auto.float, i32 %mux_case_227"   --->   Operation 30 'read' 'mux_case_227_read' <Predicate = true> <Delay = 0.00>
ST_1 : Operation 31 [1/1] (0.00ns)   --->   "%mux_case_08442_read = read i32 @_ssdm_op_Read.ap_auto.float, i32 %mux_case_08442"   --->   Operation 31 'read' 'mux_case_08442_read' <Predicate = true> <Delay = 0.00>
ST_1 : Operation 32 [1/1] (0.00ns)   --->   "%mux_case_18553_read = read i32 @_ssdm_op_Read.ap_auto.float, i32 %mux_case_18553"   --->   Operation 32 'read' 'mux_case_18553_read' <Predicate = true> <Delay = 0.00>
ST_1 : Operation 33 [1/1] (0.00ns)   --->   "%mux_case_28664_read = read i32 @_ssdm_op_Read.ap_auto.float, i32 %mux_case_28664"   --->   Operation 33 'read' 'mux_case_28664_read' <Predicate = true> <Delay = 0.00>
ST_1 : Operation 34 [1/1] (0.00ns)   --->   "%window_1_1_promoted237_read = read i32 @_ssdm_op_Read.ap_auto.float, i32 %window_1_1_promoted237"   --->   Operation 34 'read' 'window_1_1_promoted237_read' <Predicate = true> <Delay = 0.00>
ST_1 : Operation 35 [1/1] (0.00ns)   --->   "%window_1_0_promoted239_read = read i32 @_ssdm_op_Read.ap_auto.float, i32 %window_1_0_promoted239"   --->   Operation 35 'read' 'window_1_0_promoted239_read' <Predicate = true> <Delay = 0.00>
ST_1 : Operation 36 [1/1] (0.00ns)   --->   "%window_1_2_promoted241_read = read i32 @_ssdm_op_Read.ap_auto.float, i32 %window_1_2_promoted241"   --->   Operation 36 'read' 'window_1_2_promoted241_read' <Predicate = true> <Delay = 0.00>
ST_1 : Operation 37 [1/1] (0.00ns)   --->   "%window_0_1_promoted243_read = read i32 @_ssdm_op_Read.ap_auto.float, i32 %window_0_1_promoted243"   --->   Operation 37 'read' 'window_0_1_promoted243_read' <Predicate = true> <Delay = 0.00>
ST_1 : Operation 38 [1/1] (0.00ns)   --->   "%window_0_0_promoted245_read = read i32 @_ssdm_op_Read.ap_auto.float, i32 %window_0_0_promoted245"   --->   Operation 38 'read' 'window_0_0_promoted245_read' <Predicate = true> <Delay = 0.00>
ST_1 : Operation 39 [1/1] (0.00ns)   --->   "%window_0_2_promoted247_read = read i32 @_ssdm_op_Read.ap_auto.float, i32 %window_0_2_promoted247"   --->   Operation 39 'read' 'window_0_2_promoted247_read' <Predicate = true> <Delay = 0.00>
ST_1 : Operation 40 [1/1] (0.00ns)   --->   "%window_2_1_promoted249_read = read i32 @_ssdm_op_Read.ap_auto.float, i32 %window_2_1_promoted249"   --->   Operation 40 'read' 'window_2_1_promoted249_read' <Predicate = true> <Delay = 0.00>
ST_1 : Operation 41 [1/1] (0.00ns)   --->   "%window_2_0_promoted251_read = read i32 @_ssdm_op_Read.ap_auto.float, i32 %window_2_0_promoted251"   --->   Operation 41 'read' 'window_2_0_promoted251_read' <Predicate = true> <Delay = 0.00>
ST_1 : Operation 42 [1/1] (0.00ns)   --->   "%window_2_2_promoted253_read = read i32 @_ssdm_op_Read.ap_auto.float, i32 %window_2_2_promoted253"   --->   Operation 42 'read' 'window_2_2_promoted253_read' <Predicate = true> <Delay = 0.00>
ST_1 : Operation 43 [1/1] (1.58ns)   --->   "%store_ln0 = store i32 %window_2_2_promoted253_read, i32 %empty_148"   --->   Operation 43 'store' 'store_ln0' <Predicate = true> <Delay = 1.58>
ST_1 : Operation 44 [1/1] (1.58ns)   --->   "%store_ln0 = store i32 %window_2_0_promoted251_read, i32 %empty_147"   --->   Operation 44 'store' 'store_ln0' <Predicate = true> <Delay = 1.58>
ST_1 : Operation 45 [1/1] (1.58ns)   --->   "%store_ln0 = store i32 %window_2_1_promoted249_read, i32 %empty_146"   --->   Operation 45 'store' 'store_ln0' <Predicate = true> <Delay = 1.58>
ST_1 : Operation 46 [1/1] (1.58ns)   --->   "%store_ln0 = store i32 %window_0_2_promoted247_read, i32 %empty_145"   --->   Operation 46 'store' 'store_ln0' <Predicate = true> <Delay = 1.58>
ST_1 : Operation 47 [1/1] (1.58ns)   --->   "%store_ln0 = store i32 %window_0_0_promoted245_read, i32 %empty_144"   --->   Operation 47 'store' 'store_ln0' <Predicate = true> <Delay = 1.58>
ST_1 : Operation 48 [1/1] (1.58ns)   --->   "%store_ln0 = store i32 %window_0_1_promoted243_read, i32 %empty_143"   --->   Operation 48 'store' 'store_ln0' <Predicate = true> <Delay = 1.58>
ST_1 : Operation 49 [1/1] (1.58ns)   --->   "%store_ln0 = store i32 %window_1_2_promoted241_read, i32 %empty_142"   --->   Operation 49 'store' 'store_ln0' <Predicate = true> <Delay = 1.58>
ST_1 : Operation 50 [1/1] (1.58ns)   --->   "%store_ln0 = store i32 %window_1_0_promoted239_read, i32 %empty_141"   --->   Operation 50 'store' 'store_ln0' <Predicate = true> <Delay = 1.58>
ST_1 : Operation 51 [1/1] (1.58ns)   --->   "%store_ln0 = store i32 %window_1_1_promoted237_read, i32 %empty"   --->   Operation 51 'store' 'store_ln0' <Predicate = true> <Delay = 1.58>
ST_1 : Operation 52 [1/1] (1.58ns)   --->   "%store_ln0 = store i32 %mux_case_28664_read, i32 %mux_case_28662"   --->   Operation 52 'store' 'store_ln0' <Predicate = true> <Delay = 1.58>
ST_1 : Operation 53 [1/1] (1.58ns)   --->   "%store_ln0 = store i32 %mux_case_18553_read, i32 %mux_case_18551"   --->   Operation 53 'store' 'store_ln0' <Predicate = true> <Delay = 1.58>
ST_1 : Operation 54 [1/1] (1.58ns)   --->   "%store_ln0 = store i32 %mux_case_08442_read, i32 %mux_case_08440"   --->   Operation 54 'store' 'store_ln0' <Predicate = true> <Delay = 1.58>
ST_1 : Operation 55 [1/1] (1.58ns)   --->   "%store_ln0 = store i32 %mux_case_227_read, i32 %mux_case_230"   --->   Operation 55 'store' 'store_ln0' <Predicate = true> <Delay = 1.58>
ST_1 : Operation 56 [1/1] (1.58ns)   --->   "%store_ln0 = store i32 %mux_case_116_read, i32 %mux_case_119"   --->   Operation 56 'store' 'store_ln0' <Predicate = true> <Delay = 1.58>
ST_1 : Operation 57 [1/1] (1.58ns)   --->   "%store_ln0 = store i32 %mux_case_05_read, i32 %mux_case_08"   --->   Operation 57 'store' 'store_ln0' <Predicate = true> <Delay = 1.58>
ST_1 : Operation 58 [1/1] (1.58ns)   --->   "%store_ln0 = store i4 0, i4 %indvar_flatten150"   --->   Operation 58 'store' 'store_ln0' <Predicate = true> <Delay = 1.58>
ST_1 : Operation 59 [1/1] (1.58ns)   --->   "%store_ln0 = store i2 0, i2 %wi"   --->   Operation 59 'store' 'store_ln0' <Predicate = true> <Delay = 1.58>
ST_1 : Operation 60 [1/1] (1.58ns)   --->   "%store_ln0 = store i2 0, i2 %wj"   --->   Operation 60 'store' 'store_ln0' <Predicate = true> <Delay = 1.58>
ST_1 : Operation 61 [1/1] (0.00ns)   --->   "%br_ln0 = br void %for.body5.i"   --->   Operation 61 'br' 'br_ln0' <Predicate = true> <Delay = 0.00>
ST_1 : Operation 62 [1/1] (0.00ns)   --->   "%indvar_flatten150_load = load i4 %indvar_flatten150" [codes_lab5/HLS_sources_final/templatedFuncs.h:49]   --->   Operation 62 'load' 'indvar_flatten150_load' <Predicate = true> <Delay = 0.00>
ST_1 : Operation 63 [1/1] (1.30ns)   --->   "%icmp_ln49 = icmp_eq  i4 %indvar_flatten150_load, i4 9" [codes_lab5/HLS_sources_final/templatedFuncs.h:49]   --->   Operation 63 'icmp' 'icmp_ln49' <Predicate = true> <Delay = 1.30> <CoreInst = "Cmp">   --->   Core 9 'Cmp' <Latency = 0> <II = 1> <Delay = 1.30> <FuncUnit> <Opcode : 'icmp'> <InPorts = 2> <OutPorts = 1>
ST_1 : Operation 64 [1/1] (1.73ns)   --->   "%add_ln49_2 = add i4 %indvar_flatten150_load, i4 1" [codes_lab5/HLS_sources_final/templatedFuncs.h:49]   --->   Operation 64 'add' 'add_ln49_2' <Predicate = true> <Delay = 1.73> <CoreInst = "Adder">   --->   Core 1 'Adder' <Latency = 0> <II = 1> <Delay = 1.73> <FuncUnit> <Opcode : 'add' 'sub'> <InPorts = 2> <OutPorts = 1>
ST_1 : Operation 65 [1/1] (0.00ns)   --->   "%br_ln49 = br i1 %icmp_ln49, void %for.cond.cleanup4.i, void %_Z17load_input_windowILi4ELi26EEvPA3_fPAT0__AT0__fiii.exit_ifconv.loopexit39.exitStub" [codes_lab5/HLS_sources_final/templatedFuncs.h:49]   --->   Operation 65 'br' 'br_ln49' <Predicate = true> <Delay = 0.00>
ST_1 : Operation 66 [1/1] (0.00ns)   --->   "%wj_load = load i2 %wj" [codes_lab5/HLS_sources_final/templatedFuncs.h:50]   --->   Operation 66 'load' 'wj_load' <Predicate = (!icmp_ln49)> <Delay = 0.00>
ST_1 : Operation 67 [1/1] (0.00ns)   --->   "%wi_load = load i2 %wi" [codes_lab5/HLS_sources_final/templatedFuncs.h:49]   --->   Operation 67 'load' 'wi_load' <Predicate = (!icmp_ln49)> <Delay = 0.00>
ST_1 : Operation 68 [1/1] (1.56ns)   --->   "%add_ln49 = add i2 %wi_load, i2 1" [codes_lab5/HLS_sources_final/templatedFuncs.h:49]   --->   Operation 68 'add' 'add_ln49' <Predicate = (!icmp_ln49)> <Delay = 1.56> <CoreInst = "Adder">   --->   Core 1 'Adder' <Latency = 0> <II = 1> <Delay = 1.56> <FuncUnit> <Opcode : 'add' 'sub'> <InPorts = 2> <OutPorts = 1>
ST_1 : Operation 69 [1/1] (0.95ns)   --->   "%icmp_ln50 = icmp_eq  i2 %wj_load, i2 3" [codes_lab5/HLS_sources_final/templatedFuncs.h:50]   --->   Operation 69 'icmp' 'icmp_ln50' <Predicate = (!icmp_ln49)> <Delay = 0.95> <CoreInst = "Cmp">   --->   Core 9 'Cmp' <Latency = 0> <II = 1> <Delay = 0.95> <FuncUnit> <Opcode : 'icmp'> <InPorts = 2> <OutPorts = 1>
ST_1 : Operation 70 [1/1] (0.99ns)   --->   "%select_ln52 = select i1 %icmp_ln50, i2 0, i2 %wj_load" [codes_lab5/HLS_sources_final/templatedFuncs.h:52]   --->   Operation 70 'select' 'select_ln52' <Predicate = (!icmp_ln49)> <Delay = 0.99> <CoreInst = "Sel">   --->   Core 73 'Sel' <Latency = 0> <II = 1> <Delay = 0.99> <FuncUnit> <Opcode : 'select'> <InPorts = 3> <OutPorts = 1>
ST_1 : Operation 71 [1/1] (0.99ns)   --->   "%select_ln52_2 = select i1 %icmp_ln50, i2 %add_ln49, i2 %wi_load" [codes_lab5/HLS_sources_final/templatedFuncs.h:52]   --->   Operation 71 'select' 'select_ln52_2' <Predicate = (!icmp_ln49)> <Delay = 0.99> <CoreInst = "Sel">   --->   Core 73 'Sel' <Latency = 0> <II = 1> <Delay = 0.99> <FuncUnit> <Opcode : 'select'> <InPorts = 3> <OutPorts = 1>
ST_1 : Operation 72 [1/1] (0.00ns)   --->   "%zext_ln52 = zext i2 %select_ln52_2" [codes_lab5/HLS_sources_final/templatedFuncs.h:52]   --->   Operation 72 'zext' 'zext_ln52' <Predicate = (!icmp_ln49)> <Delay = 0.00>
ST_1 : Operation 73 [1/1] (1.78ns)   --->   "%add_ln52 = add i5 %select_ln139_3_read, i5 %zext_ln52" [codes_lab5/HLS_sources_final/templatedFuncs.h:52]   --->   Operation 73 'add' 'add_ln52' <Predicate = (!icmp_ln49)> <Delay = 1.78> <CoreInst = "Adder">   --->   Core 1 'Adder' <Latency = 0> <II = 1> <Delay = 1.78> <FuncUnit> <Opcode : 'add' 'sub'> <InPorts = 2> <OutPorts = 1>
ST_1 : Operation 74 [1/1] (0.00ns)   --->   "%zext_ln52_4 = zext i5 %add_ln52" [codes_lab5/HLS_sources_final/templatedFuncs.h:52]   --->   Operation 74 'zext' 'zext_ln52_4' <Predicate = (!icmp_ln49)> <Delay = 0.00>
ST_1 : Operation 75 [1/1] (1.65ns) (grouped into DSP with root node add_ln52_2)   --->   "%add_ln52_1 = add i8 %mul_ln52_read, i8 %zext_ln52_4" [codes_lab5/HLS_sources_final/templatedFuncs.h:52]   --->   Operation 75 'add' 'add_ln52_1' <Predicate = (!icmp_ln49)> <Delay = 1.65> <CoreInst = "DSP48">   --->   Core 119 'DSP48' <Latency = 3> <II = 1> <Delay = 2.15> <IPBlock> <Opcode : 'mul' 'add' 'sub' 'select'> <InPorts = 0> <OutPorts = 1> <Sync> <CReg>
ST_1 : Operation 76 [1/1] (0.00ns) (grouped into DSP with root node add_ln52_2)   --->   "%zext_ln50 = zext i8 %add_ln52_1" [codes_lab5/HLS_sources_final/templatedFuncs.h:50]   --->   Operation 76 'zext' 'zext_ln50' <Predicate = (!icmp_ln49)> <Delay = 0.00>
ST_1 : Operation 77 [3/3] (1.05ns) (grouped into DSP with root node add_ln52_2)   --->   "%mul_ln50 = mul i12 %zext_ln50, i12 26" [codes_lab5/HLS_sources_final/templatedFuncs.h:50]   --->   Operation 77 'mul' 'mul_ln50' <Predicate = (!icmp_ln49)> <Delay = 1.05> <CoreInst = "DSP48">   --->   Core 119 'DSP48' <Latency = 3> <II = 1> <Delay = 2.15> <IPBlock> <Opcode : 'mul' 'add' 'sub' 'select'> <InPorts = 0> <OutPorts = 1> <Sync> <CReg>
ST_1 : Operation 78 [1/1] (0.95ns)   --->   "%switch_ln52 = switch i2 %select_ln52_2, void %arrayidx1410.i16.case.2, i2 0, void %arrayidx1410.i16.case.0, i2 1, void %arrayidx1410.i16.case.1" [codes_lab5/HLS_sources_final/templatedFuncs.h:52]   --->   Operation 78 'switch' 'switch_ln52' <Predicate = (!icmp_ln49)> <Delay = 0.95>
ST_1 : Operation 79 [1/1] (0.95ns)   --->   "%switch_ln52 = switch i2 %select_ln52, void %arrayidx1410.i16.case.296, i2 0, void %arrayidx1410.i16.case.1.arrayidx1410.i16.exit_crit_edge, i2 1, void %arrayidx1410.i16.case.1.arrayidx1410.i16.exit_crit_edge32" [codes_lab5/HLS_sources_final/templatedFuncs.h:52]   --->   Operation 79 'switch' 'switch_ln52' <Predicate = (!icmp_ln49 & select_ln52_2 == 1)> <Delay = 0.95>
ST_1 : Operation 80 [1/1] (0.95ns)   --->   "%switch_ln52 = switch i2 %select_ln52, void %arrayidx1410.i16.case.291, i2 0, void %arrayidx1410.i16.case.0.arrayidx1410.i16.exit_crit_edge, i2 1, void %arrayidx1410.i16.case.0.arrayidx1410.i16.exit_crit_edge28" [codes_lab5/HLS_sources_final/templatedFuncs.h:52]   --->   Operation 80 'switch' 'switch_ln52' <Predicate = (!icmp_ln49 & select_ln52_2 == 0)> <Delay = 0.95>
ST_1 : Operation 81 [1/1] (0.95ns)   --->   "%switch_ln52 = switch i2 %select_ln52, void %arrayidx1410.i16.case.2101, i2 0, void %arrayidx1410.i16.case.2.arrayidx1410.i16.exit_crit_edge, i2 1, void %arrayidx1410.i16.case.2.arrayidx1410.i16.exit_crit_edge24" [codes_lab5/HLS_sources_final/templatedFuncs.h:52]   --->   Operation 81 'switch' 'switch_ln52' <Predicate = (!icmp_ln49 & select_ln52_2 != 0 & select_ln52_2 != 1)> <Delay = 0.95>
ST_1 : Operation 82 [1/1] (1.56ns)   --->   "%add_ln50 = add i2 %select_ln52, i2 1" [codes_lab5/HLS_sources_final/templatedFuncs.h:50]   --->   Operation 82 'add' 'add_ln50' <Predicate = (!icmp_ln49)> <Delay = 1.56> <CoreInst = "Adder">   --->   Core 1 'Adder' <Latency = 0> <II = 1> <Delay = 1.56> <FuncUnit> <Opcode : 'add' 'sub'> <InPorts = 2> <OutPorts = 1>
ST_1 : Operation 83 [1/1] (1.58ns)   --->   "%store_ln50 = store i4 %add_ln49_2, i4 %indvar_flatten150" [codes_lab5/HLS_sources_final/templatedFuncs.h:50]   --->   Operation 83 'store' 'store_ln50' <Predicate = (!icmp_ln49)> <Delay = 1.58>
ST_1 : Operation 84 [1/1] (1.58ns)   --->   "%store_ln50 = store i2 %select_ln52_2, i2 %wi" [codes_lab5/HLS_sources_final/templatedFuncs.h:50]   --->   Operation 84 'store' 'store_ln50' <Predicate = (!icmp_ln49)> <Delay = 1.58>
ST_1 : Operation 85 [1/1] (1.58ns)   --->   "%store_ln50 = store i2 %add_ln50, i2 %wj" [codes_lab5/HLS_sources_final/templatedFuncs.h:50]   --->   Operation 85 'store' 'store_ln50' <Predicate = (!icmp_ln49)> <Delay = 1.58>
ST_1 : Operation 86 [1/1] (0.00ns)   --->   "%br_ln50 = br void %for.body5.i" [codes_lab5/HLS_sources_final/templatedFuncs.h:50]   --->   Operation 86 'br' 'br_ln50' <Predicate = (!icmp_ln49)> <Delay = 0.00>

State 2 <SV = 1> <Delay = 1.05>
ST_2 : Operation 87 [2/3] (1.05ns) (grouped into DSP with root node add_ln52_2)   --->   "%mul_ln50 = mul i12 %zext_ln50, i12 26" [codes_lab5/HLS_sources_final/templatedFuncs.h:50]   --->   Operation 87 'mul' 'mul_ln50' <Predicate = true> <Delay = 1.05> <CoreInst = "DSP48">   --->   Core 119 'DSP48' <Latency = 3> <II = 1> <Delay = 2.15> <IPBlock> <Opcode : 'mul' 'add' 'sub' 'select'> <InPorts = 0> <OutPorts = 1> <Sync> <CReg>

State 3 <SV = 2> <Delay = 2.10>
ST_3 : Operation 88 [1/3] (0.00ns) (grouped into DSP with root node add_ln52_2)   --->   "%mul_ln50 = mul i12 %zext_ln50, i12 26" [codes_lab5/HLS_sources_final/templatedFuncs.h:50]   --->   Operation 88 'mul' 'mul_ln50' <Predicate = true> <Delay = 0.00> <CoreInst = "DSP48">   --->   Core 119 'DSP48' <Latency = 3> <II = 1> <Delay = 2.15> <IPBlock> <Opcode : 'mul' 'add' 'sub' 'select'> <InPorts = 0> <OutPorts = 1> <Sync> <CReg>
ST_3 : Operation 89 [1/1] (0.00ns)   --->   "%zext_ln52_5 = zext i2 %select_ln52" [codes_lab5/HLS_sources_final/templatedFuncs.h:52]   --->   Operation 89 'zext' 'zext_ln52_5' <Predicate = true> <Delay = 0.00>
ST_3 : Operation 90 [2/2] (2.10ns) (root node of the DSP)   --->   "%add_ln52_2 = add i12 %mul_ln50, i12 %zext_ln52_5" [codes_lab5/HLS_sources_final/templatedFuncs.h:52]   --->   Operation 90 'add' 'add_ln52_2' <Predicate = true> <Delay = 2.10> <CoreInst = "DSP48">   --->   Core 119 'DSP48' <Latency = 3> <II = 1> <Delay = 2.15> <IPBlock> <Opcode : 'mul' 'add' 'sub' 'select'> <InPorts = 0> <OutPorts = 1> <Sync> <CReg>

State 4 <SV = 3> <Delay = 5.35>
ST_4 : Operation 91 [1/2] (2.10ns) (root node of the DSP)   --->   "%add_ln52_2 = add i12 %mul_ln50, i12 %zext_ln52_5" [codes_lab5/HLS_sources_final/templatedFuncs.h:52]   --->   Operation 91 'add' 'add_ln52_2' <Predicate = true> <Delay = 2.10> <CoreInst = "DSP48">   --->   Core 119 'DSP48' <Latency = 3> <II = 1> <Delay = 2.15> <IPBlock> <Opcode : 'mul' 'add' 'sub' 'select'> <InPorts = 0> <OutPorts = 1> <Sync> <CReg>
ST_4 : Operation 92 [1/1] (0.00ns)   --->   "%zext_ln52_6 = zext i12 %add_ln52_2" [codes_lab5/HLS_sources_final/templatedFuncs.h:52]   --->   Operation 92 'zext' 'zext_ln52_6' <Predicate = true> <Delay = 0.00>
ST_4 : Operation 93 [1/1] (0.00ns)   --->   "%ifmap_addr = getelementptr i32 %ifmap, i64 0, i64 %zext_ln52_6" [codes_lab5/HLS_sources_final/templatedFuncs.h:52]   --->   Operation 93 'getelementptr' 'ifmap_addr' <Predicate = true> <Delay = 0.00>
ST_4 : Operation 94 [2/2] (3.25ns)   --->   "%ifmap_load = load i12 %ifmap_addr" [codes_lab5/HLS_sources_final/templatedFuncs.h:52]   --->   Operation 94 'load' 'ifmap_load' <Predicate = true> <Delay = 3.25> <CoreInst = "RAM">   --->   Core 82 'RAM' <Latency = 1> <II = 1> <Delay = 3.25> <Storage> <Opcode : 'load' 'store'> <Ports = 2> <Width = 32> <Depth = 2704> <RAM>
ST_4 : Operation 124 [1/1] (0.00ns)   --->   "%mux_case_08_load = load i32 %mux_case_08"   --->   Operation 124 'load' 'mux_case_08_load' <Predicate = (icmp_ln49)> <Delay = 0.00>
ST_4 : Operation 125 [1/1] (0.00ns)   --->   "%mux_case_119_load = load i32 %mux_case_119"   --->   Operation 125 'load' 'mux_case_119_load' <Predicate = (icmp_ln49)> <Delay = 0.00>
ST_4 : Operation 126 [1/1] (0.00ns)   --->   "%mux_case_230_load = load i32 %mux_case_230"   --->   Operation 126 'load' 'mux_case_230_load' <Predicate = (icmp_ln49)> <Delay = 0.00>
ST_4 : Operation 127 [1/1] (0.00ns)   --->   "%mux_case_08440_load = load i32 %mux_case_08440"   --->   Operation 127 'load' 'mux_case_08440_load' <Predicate = (icmp_ln49)> <Delay = 0.00>
ST_4 : Operation 128 [1/1] (0.00ns)   --->   "%mux_case_18551_load = load i32 %mux_case_18551"   --->   Operation 128 'load' 'mux_case_18551_load' <Predicate = (icmp_ln49)> <Delay = 0.00>
ST_4 : Operation 129 [1/1] (0.00ns)   --->   "%mux_case_28662_load = load i32 %mux_case_28662"   --->   Operation 129 'load' 'mux_case_28662_load' <Predicate = (icmp_ln49)> <Delay = 0.00>
ST_4 : Operation 130 [1/1] (0.00ns)   --->   "%p_load33 = load i32 %empty"   --->   Operation 130 'load' 'p_load33' <Predicate = (icmp_ln49)> <Delay = 0.00>
ST_4 : Operation 131 [1/1] (0.00ns)   --->   "%p_load31 = load i32 %empty_141"   --->   Operation 131 'load' 'p_load31' <Predicate = (icmp_ln49)> <Delay = 0.00>
ST_4 : Operation 132 [1/1] (0.00ns)   --->   "%p_load30 = load i32 %empty_142"   --->   Operation 132 'load' 'p_load30' <Predicate = (icmp_ln49)> <Delay = 0.00>
ST_4 : Operation 133 [1/1] (0.00ns)   --->   "%p_load29 = load i32 %empty_143"   --->   Operation 133 'load' 'p_load29' <Predicate = (icmp_ln49)> <Delay = 0.00>
ST_4 : Operation 134 [1/1] (0.00ns)   --->   "%p_load27 = load i32 %empty_144"   --->   Operation 134 'load' 'p_load27' <Predicate = (icmp_ln49)> <Delay = 0.00>
ST_4 : Operation 135 [1/1] (0.00ns)   --->   "%p_load26 = load i32 %empty_145"   --->   Operation 135 'load' 'p_load26' <Predicate = (icmp_ln49)> <Delay = 0.00>
ST_4 : Operation 136 [1/1] (0.00ns)   --->   "%p_load25 = load i32 %empty_146"   --->   Operation 136 'load' 'p_load25' <Predicate = (icmp_ln49)> <Delay = 0.00>
ST_4 : Operation 137 [1/1] (0.00ns)   --->   "%p_load23 = load i32 %empty_147"   --->   Operation 137 'load' 'p_load23' <Predicate = (icmp_ln49)> <Delay = 0.00>
ST_4 : Operation 138 [1/1] (0.00ns)   --->   "%p_load = load i32 %empty_148"   --->   Operation 138 'load' 'p_load' <Predicate = (icmp_ln49)> <Delay = 0.00>
ST_4 : Operation 139 [1/1] (0.00ns)   --->   "%write_ln0 = write void @_ssdm_op_Write.ap_auto.floatP0A, i32 %p_out, i32 %p_load"   --->   Operation 139 'write' 'write_ln0' <Predicate = (icmp_ln49)> <Delay = 0.00>
ST_4 : Operation 140 [1/1] (0.00ns)   --->   "%write_ln0 = write void @_ssdm_op_Write.ap_auto.floatP0A, i32 %p_out1, i32 %p_load23"   --->   Operation 140 'write' 'write_ln0' <Predicate = (icmp_ln49)> <Delay = 0.00>
ST_4 : Operation 141 [1/1] (0.00ns)   --->   "%write_ln0 = write void @_ssdm_op_Write.ap_auto.floatP0A, i32 %p_out2, i32 %p_load25"   --->   Operation 141 'write' 'write_ln0' <Predicate = (icmp_ln49)> <Delay = 0.00>
ST_4 : Operation 142 [1/1] (0.00ns)   --->   "%write_ln0 = write void @_ssdm_op_Write.ap_auto.floatP0A, i32 %p_out3, i32 %p_load26"   --->   Operation 142 'write' 'write_ln0' <Predicate = (icmp_ln49)> <Delay = 0.00>
ST_4 : Operation 143 [1/1] (0.00ns)   --->   "%write_ln0 = write void @_ssdm_op_Write.ap_auto.floatP0A, i32 %p_out4, i32 %p_load27"   --->   Operation 143 'write' 'write_ln0' <Predicate = (icmp_ln49)> <Delay = 0.00>
ST_4 : Operation 144 [1/1] (0.00ns)   --->   "%write_ln0 = write void @_ssdm_op_Write.ap_auto.floatP0A, i32 %p_out5, i32 %p_load29"   --->   Operation 144 'write' 'write_ln0' <Predicate = (icmp_ln49)> <Delay = 0.00>
ST_4 : Operation 145 [1/1] (0.00ns)   --->   "%write_ln0 = write void @_ssdm_op_Write.ap_auto.floatP0A, i32 %p_out6, i32 %p_load30"   --->   Operation 145 'write' 'write_ln0' <Predicate = (icmp_ln49)> <Delay = 0.00>
ST_4 : Operation 146 [1/1] (0.00ns)   --->   "%write_ln0 = write void @_ssdm_op_Write.ap_auto.floatP0A, i32 %p_out7, i32 %p_load31"   --->   Operation 146 'write' 'write_ln0' <Predicate = (icmp_ln49)> <Delay = 0.00>
ST_4 : Operation 147 [1/1] (0.00ns)   --->   "%write_ln0 = write void @_ssdm_op_Write.ap_auto.floatP0A, i32 %p_out8, i32 %p_load33"   --->   Operation 147 'write' 'write_ln0' <Predicate = (icmp_ln49)> <Delay = 0.00>
ST_4 : Operation 148 [1/1] (0.00ns)   --->   "%write_ln0 = write void @_ssdm_op_Write.ap_auto.floatP0A, i32 %mux_case_28662_out, i32 %mux_case_28662_load"   --->   Operation 148 'write' 'write_ln0' <Predicate = (icmp_ln49)> <Delay = 0.00>
ST_4 : Operation 149 [1/1] (0.00ns)   --->   "%write_ln0 = write void @_ssdm_op_Write.ap_auto.floatP0A, i32 %mux_case_18551_out, i32 %mux_case_18551_load"   --->   Operation 149 'write' 'write_ln0' <Predicate = (icmp_ln49)> <Delay = 0.00>
ST_4 : Operation 150 [1/1] (0.00ns)   --->   "%write_ln0 = write void @_ssdm_op_Write.ap_auto.floatP0A, i32 %mux_case_08440_out, i32 %mux_case_08440_load"   --->   Operation 150 'write' 'write_ln0' <Predicate = (icmp_ln49)> <Delay = 0.00>
ST_4 : Operation 151 [1/1] (0.00ns)   --->   "%write_ln0 = write void @_ssdm_op_Write.ap_auto.floatP0A, i32 %mux_case_230_out, i32 %mux_case_230_load"   --->   Operation 151 'write' 'write_ln0' <Predicate = (icmp_ln49)> <Delay = 0.00>
ST_4 : Operation 152 [1/1] (0.00ns)   --->   "%write_ln0 = write void @_ssdm_op_Write.ap_auto.floatP0A, i32 %mux_case_119_out, i32 %mux_case_119_load"   --->   Operation 152 'write' 'write_ln0' <Predicate = (icmp_ln49)> <Delay = 0.00>
ST_4 : Operation 153 [1/1] (0.00ns)   --->   "%write_ln0 = write void @_ssdm_op_Write.ap_auto.floatP0A, i32 %mux_case_08_out, i32 %mux_case_08_load"   --->   Operation 153 'write' 'write_ln0' <Predicate = (icmp_ln49)> <Delay = 0.00>
ST_4 : Operation 154 [1/1] (0.00ns)   --->   "%ret_ln0 = ret"   --->   Operation 154 'ret' 'ret_ln0' <Predicate = (icmp_ln49)> <Delay = 0.00>

State 5 <SV = 4> <Delay = 4.84>
ST_5 : Operation 95 [1/1] (0.00ns)   --->   "%specloopname_ln0 = specloopname void @_ssdm_op_SpecLoopName, void @loadWinFull_VITIS_LOOP_50_1_str"   --->   Operation 95 'specloopname' 'specloopname_ln0' <Predicate = true> <Delay = 0.00>
ST_5 : Operation 96 [1/1] (0.00ns)   --->   "%empty_149 = speclooptripcount i32 @_ssdm_op_SpecLoopTripCount, i64 9, i64 9, i64 9"   --->   Operation 96 'speclooptripcount' 'empty_149' <Predicate = true> <Delay = 0.00>
ST_5 : Operation 97 [1/1] (0.00ns)   --->   "%specpipeline_ln51 = specpipeline void @_ssdm_op_SpecPipeline, i32 4294967295, i32 0, i32 0, i32 0, void @empty_9" [codes_lab5/HLS_sources_final/templatedFuncs.h:51]   --->   Operation 97 'specpipeline' 'specpipeline_ln51' <Predicate = true> <Delay = 0.00>
ST_5 : Operation 98 [1/1] (0.00ns)   --->   "%specloopname_ln50 = specloopname void @_ssdm_op_SpecLoopName, void @empty_13" [codes_lab5/HLS_sources_final/templatedFuncs.h:50]   --->   Operation 98 'specloopname' 'specloopname_ln50' <Predicate = true> <Delay = 0.00>
ST_5 : Operation 99 [1/2] (3.25ns)   --->   "%ifmap_load = load i12 %ifmap_addr" [codes_lab5/HLS_sources_final/templatedFuncs.h:52]   --->   Operation 99 'load' 'ifmap_load' <Predicate = true> <Delay = 3.25> <CoreInst = "RAM">   --->   Core 82 'RAM' <Latency = 1> <II = 1> <Delay = 3.25> <Storage> <Opcode : 'load' 'store'> <Ports = 2> <Width = 32> <Depth = 2704> <RAM>
ST_5 : Operation 100 [1/1] (1.58ns)   --->   "%store_ln52 = store i32 %ifmap_load, i32 %empty" [codes_lab5/HLS_sources_final/templatedFuncs.h:52]   --->   Operation 100 'store' 'store_ln52' <Predicate = (select_ln52_2 == 1 & select_ln52 == 1)> <Delay = 1.58>
ST_5 : Operation 101 [1/1] (1.58ns)   --->   "%store_ln52 = store i32 %ifmap_load, i32 %mux_case_119" [codes_lab5/HLS_sources_final/templatedFuncs.h:52]   --->   Operation 101 'store' 'store_ln52' <Predicate = (select_ln52_2 == 1 & select_ln52 == 1)> <Delay = 1.58>
ST_5 : Operation 102 [1/1] (0.00ns)   --->   "%br_ln52 = br void %arrayidx1410.i16.exit" [codes_lab5/HLS_sources_final/templatedFuncs.h:52]   --->   Operation 102 'br' 'br_ln52' <Predicate = (select_ln52_2 == 1 & select_ln52 == 1)> <Delay = 0.00>
ST_5 : Operation 103 [1/1] (1.58ns)   --->   "%store_ln52 = store i32 %ifmap_load, i32 %empty_141" [codes_lab5/HLS_sources_final/templatedFuncs.h:52]   --->   Operation 103 'store' 'store_ln52' <Predicate = (select_ln52_2 == 1 & select_ln52 == 0)> <Delay = 1.58>
ST_5 : Operation 104 [1/1] (0.00ns)   --->   "%br_ln52 = br void %arrayidx1410.i16.exit" [codes_lab5/HLS_sources_final/templatedFuncs.h:52]   --->   Operation 104 'br' 'br_ln52' <Predicate = (select_ln52_2 == 1 & select_ln52 == 0)> <Delay = 0.00>
ST_5 : Operation 105 [1/1] (1.58ns)   --->   "%store_ln52 = store i32 %ifmap_load, i32 %empty_142" [codes_lab5/HLS_sources_final/templatedFuncs.h:52]   --->   Operation 105 'store' 'store_ln52' <Predicate = (select_ln52_2 == 1 & select_ln52 != 0 & select_ln52 != 1)> <Delay = 1.58>
ST_5 : Operation 106 [1/1] (1.58ns)   --->   "%store_ln52 = store i32 %ifmap_load, i32 %mux_case_18551" [codes_lab5/HLS_sources_final/templatedFuncs.h:52]   --->   Operation 106 'store' 'store_ln52' <Predicate = (select_ln52_2 == 1 & select_ln52 != 0 & select_ln52 != 1)> <Delay = 1.58>
ST_5 : Operation 107 [1/1] (0.00ns)   --->   "%br_ln52 = br void %arrayidx1410.i16.exit" [codes_lab5/HLS_sources_final/templatedFuncs.h:52]   --->   Operation 107 'br' 'br_ln52' <Predicate = (select_ln52_2 == 1 & select_ln52 != 0 & select_ln52 != 1)> <Delay = 0.00>
ST_5 : Operation 108 [1/1] (1.58ns)   --->   "%store_ln52 = store i32 %ifmap_load, i32 %empty_143" [codes_lab5/HLS_sources_final/templatedFuncs.h:52]   --->   Operation 108 'store' 'store_ln52' <Predicate = (select_ln52_2 == 0 & select_ln52 == 1)> <Delay = 1.58>
ST_5 : Operation 109 [1/1] (1.58ns)   --->   "%store_ln52 = store i32 %ifmap_load, i32 %mux_case_08" [codes_lab5/HLS_sources_final/templatedFuncs.h:52]   --->   Operation 109 'store' 'store_ln52' <Predicate = (select_ln52_2 == 0 & select_ln52 == 1)> <Delay = 1.58>
ST_5 : Operation 110 [1/1] (0.00ns)   --->   "%br_ln52 = br void %arrayidx1410.i16.exit" [codes_lab5/HLS_sources_final/templatedFuncs.h:52]   --->   Operation 110 'br' 'br_ln52' <Predicate = (select_ln52_2 == 0 & select_ln52 == 1)> <Delay = 0.00>
ST_5 : Operation 111 [1/1] (1.58ns)   --->   "%store_ln52 = store i32 %ifmap_load, i32 %empty_144" [codes_lab5/HLS_sources_final/templatedFuncs.h:52]   --->   Operation 111 'store' 'store_ln52' <Predicate = (select_ln52_2 == 0 & select_ln52 == 0)> <Delay = 1.58>
ST_5 : Operation 112 [1/1] (0.00ns)   --->   "%br_ln52 = br void %arrayidx1410.i16.exit" [codes_lab5/HLS_sources_final/templatedFuncs.h:52]   --->   Operation 112 'br' 'br_ln52' <Predicate = (select_ln52_2 == 0 & select_ln52 == 0)> <Delay = 0.00>
ST_5 : Operation 113 [1/1] (1.58ns)   --->   "%store_ln52 = store i32 %ifmap_load, i32 %empty_145" [codes_lab5/HLS_sources_final/templatedFuncs.h:52]   --->   Operation 113 'store' 'store_ln52' <Predicate = (select_ln52_2 == 0 & select_ln52 != 0 & select_ln52 != 1)> <Delay = 1.58>
ST_5 : Operation 114 [1/1] (1.58ns)   --->   "%store_ln52 = store i32 %ifmap_load, i32 %mux_case_08440" [codes_lab5/HLS_sources_final/templatedFuncs.h:52]   --->   Operation 114 'store' 'store_ln52' <Predicate = (select_ln52_2 == 0 & select_ln52 != 0 & select_ln52 != 1)> <Delay = 1.58>
ST_5 : Operation 115 [1/1] (0.00ns)   --->   "%br_ln52 = br void %arrayidx1410.i16.exit" [codes_lab5/HLS_sources_final/templatedFuncs.h:52]   --->   Operation 115 'br' 'br_ln52' <Predicate = (select_ln52_2 == 0 & select_ln52 != 0 & select_ln52 != 1)> <Delay = 0.00>
ST_5 : Operation 116 [1/1] (1.58ns)   --->   "%store_ln52 = store i32 %ifmap_load, i32 %empty_146" [codes_lab5/HLS_sources_final/templatedFuncs.h:52]   --->   Operation 116 'store' 'store_ln52' <Predicate = (select_ln52_2 != 0 & select_ln52_2 != 1 & select_ln52 == 1)> <Delay = 1.58>
ST_5 : Operation 117 [1/1] (1.58ns)   --->   "%store_ln52 = store i32 %ifmap_load, i32 %mux_case_230" [codes_lab5/HLS_sources_final/templatedFuncs.h:52]   --->   Operation 117 'store' 'store_ln52' <Predicate = (select_ln52_2 != 0 & select_ln52_2 != 1 & select_ln52 == 1)> <Delay = 1.58>
ST_5 : Operation 118 [1/1] (0.00ns)   --->   "%br_ln52 = br void %arrayidx1410.i16.exit" [codes_lab5/HLS_sources_final/templatedFuncs.h:52]   --->   Operation 118 'br' 'br_ln52' <Predicate = (select_ln52_2 != 0 & select_ln52_2 != 1 & select_ln52 == 1)> <Delay = 0.00>
ST_5 : Operation 119 [1/1] (1.58ns)   --->   "%store_ln52 = store i32 %ifmap_load, i32 %empty_147" [codes_lab5/HLS_sources_final/templatedFuncs.h:52]   --->   Operation 119 'store' 'store_ln52' <Predicate = (select_ln52_2 != 0 & select_ln52_2 != 1 & select_ln52 == 0)> <Delay = 1.58>
ST_5 : Operation 120 [1/1] (0.00ns)   --->   "%br_ln52 = br void %arrayidx1410.i16.exit" [codes_lab5/HLS_sources_final/templatedFuncs.h:52]   --->   Operation 120 'br' 'br_ln52' <Predicate = (select_ln52_2 != 0 & select_ln52_2 != 1 & select_ln52 == 0)> <Delay = 0.00>
ST_5 : Operation 121 [1/1] (1.58ns)   --->   "%store_ln52 = store i32 %ifmap_load, i32 %empty_148" [codes_lab5/HLS_sources_final/templatedFuncs.h:52]   --->   Operation 121 'store' 'store_ln52' <Predicate = (select_ln52_2 != 0 & select_ln52_2 != 1 & select_ln52 != 0 & select_ln52 != 1)> <Delay = 1.58>
ST_5 : Operation 122 [1/1] (1.58ns)   --->   "%store_ln52 = store i32 %ifmap_load, i32 %mux_case_28662" [codes_lab5/HLS_sources_final/templatedFuncs.h:52]   --->   Operation 122 'store' 'store_ln52' <Predicate = (select_ln52_2 != 0 & select_ln52_2 != 1 & select_ln52 != 0 & select_ln52 != 1)> <Delay = 1.58>
ST_5 : Operation 123 [1/1] (0.00ns)   --->   "%br_ln52 = br void %arrayidx1410.i16.exit" [codes_lab5/HLS_sources_final/templatedFuncs.h:52]   --->   Operation 123 'br' 'br_ln52' <Predicate = (select_ln52_2 != 0 & select_ln52_2 != 1 & select_ln52 != 0 & select_ln52 != 1)> <Delay = 0.00>


============================================================
+ Verbose Summary: Timing violations
============================================================
Target clock period: 10ns, clock uncertainty: 2.7ns.

 <State 1>: 7.04ns
The critical path consists of the following:
	'alloca' operation ('wi') [35]  (0 ns)
	'load' operation ('wi_load', codes_lab5/HLS_sources_final/templatedFuncs.h:49) on local variable 'wi' [95]  (0 ns)
	'add' operation ('add_ln49', codes_lab5/HLS_sources_final/templatedFuncs.h:49) [96]  (1.56 ns)
	'select' operation ('select_ln52_2', codes_lab5/HLS_sources_final/templatedFuncs.h:52) [101]  (0.993 ns)
	'add' operation ('add_ln52', codes_lab5/HLS_sources_final/templatedFuncs.h:52) [103]  (1.78 ns)
	'add' operation of DSP[109] ('add_ln52_1', codes_lab5/HLS_sources_final/templatedFuncs.h:52) [105]  (1.65 ns)
	'mul' operation of DSP[109] ('mul_ln50', codes_lab5/HLS_sources_final/templatedFuncs.h:50) [107]  (1.05 ns)

 <State 2>: 1.05ns
The critical path consists of the following:
	'mul' operation of DSP[109] ('mul_ln50', codes_lab5/HLS_sources_final/templatedFuncs.h:50) [107]  (1.05 ns)

 <State 3>: 2.1ns
The critical path consists of the following:
	'mul' operation of DSP[109] ('mul_ln50', codes_lab5/HLS_sources_final/templatedFuncs.h:50) [107]  (0 ns)
	'add' operation of DSP[109] ('add_ln52_2', codes_lab5/HLS_sources_final/templatedFuncs.h:52) [109]  (2.1 ns)

 <State 4>: 5.35ns
The critical path consists of the following:
	'add' operation of DSP[109] ('add_ln52_2', codes_lab5/HLS_sources_final/templatedFuncs.h:52) [109]  (2.1 ns)
	'getelementptr' operation ('ifmap_addr', codes_lab5/HLS_sources_final/templatedFuncs.h:52) [111]  (0 ns)
	'load' operation ('ifmap_load', codes_lab5/HLS_sources_final/templatedFuncs.h:52) on array 'ifmap' [114]  (3.25 ns)

 <State 5>: 4.84ns
The critical path consists of the following:
	'load' operation ('ifmap_load', codes_lab5/HLS_sources_final/templatedFuncs.h:52) on array 'ifmap' [114]  (3.25 ns)
	'store' operation ('store_ln52', codes_lab5/HLS_sources_final/templatedFuncs.h:52) of variable 'ifmap_load', codes_lab5/HLS_sources_final/templatedFuncs.h:52 on local variable 'empty' [119]  (1.59 ns)


============================================================
+ Verbose Summary: Binding
============================================================
N/A
* FSMD analyzer results:
  - Output states:
 - Input state : 
  - Chain level:
	State 1
	State 2
	State 3
	State 4
	State 5


============================================================
+ Verbose Summary: Datapath Resource usage 
============================================================
N/A
