

================================================================
== Vitis HLS Report for 'conv1_Pipeline_loadWinFull_VITIS_LOOP_50_1'
================================================================
* Date:           Thu Dec 25 17:04:35 2025

* Version:        2022.1 (Build 3526262 on Mon Apr 18 15:48:16 MDT 2022)
* Project:        Day_5_final_boss
* Solution:       hellojio (Vivado IP Flow Target)
* Product family: zynq
* Target device:  xc7z020-clg400-1


================================================================
== Performance Estimates
================================================================
+ Timing: 
    * Summary: 
    +--------+----------+----------+------------+
    |  Clock |  Target  | Estimated| Uncertainty|
    +--------+----------+----------+------------+
    |ap_clk  |  10.00 ns|  6.765 ns|     2.70 ns|
    +--------+----------+----------+------------+

+ Latency: 
    * Summary: 
    +---------+---------+----------+----------+-----+-----+---------+
    |  Latency (cycles) |  Latency (absolute) |  Interval | Pipeline|
    |   min   |   max   |    min   |    max   | min | max |   Type  |
    +---------+---------+----------+----------+-----+-----+---------+
    |       12|       12|  0.120 us|  0.120 us|   12|   12|       no|
    +---------+---------+----------+----------+-----+-----+---------+

    + Detail: 
        * Instance: 
        N/A

        * Loop: 
        +-------------------------------+---------+---------+----------+-----------+-----------+------+----------+
        |                               |  Latency (cycles) | Iteration|  Initiation Interval  | Trip |          |
        |           Loop Name           |   min   |   max   |  Latency |  achieved |   target  | Count| Pipelined|
        +-------------------------------+---------+---------+----------+-----------+-----------+------+----------+
        |- loadWinFull_VITIS_LOOP_50_1  |       10|       10|         3|          1|          1|     9|       yes|
        +-------------------------------+---------+---------+----------+-----------+-----------+------+----------+

============================================================
+ Verbose Summary: Synthesis Manager
============================================================
InlineROM: 1
ExposeGlobal: 0
============================================================
+ Verbose Summary: CDFG Model
============================================================
IsTopModel: 0
ResetActiveHigh: 1
IsCombinational: 0
IsDatapathOnly: 0
HasWiredReturn: 1
HasMFsm: 2
HasVarLatency: 1
IsPipeline: 0
IsRtlPipelined: 0
IsInstanceOverlapped: 0
IsDontTouch: 0
HasImplIP: 0
IsGatedGlobalClock: 0

+ Individual pipeline summary: 
  * Pipeline-0: initiation interval (II) = 1, depth = 3


============================================================
+ Verbose Summary: Schedule
============================================================
* Number of FSM states : 3
* Pipeline : 1
  Pipeline-0 : II = 1, D = 3, States = { 1 2 3 }
* Dataflow Pipeline: 0

* FSM state transitions: 
1 --> 2 
2 --> 3 
3 --> 

* FSM state operations: 

State 1 <SV = 0> <Delay = 5.10>
ST_1 : Operation 6 [1/1] (0.00ns)   --->   "%wj = alloca i32 1"   --->   Operation 6 'alloca' 'wj' <Predicate = true> <Delay = 0.00>
ST_1 : Operation 7 [1/1] (0.00ns)   --->   "%wi = alloca i32 1"   --->   Operation 7 'alloca' 'wi' <Predicate = true> <Delay = 0.00>
ST_1 : Operation 8 [1/1] (0.00ns)   --->   "%indvar_flatten27 = alloca i32 1"   --->   Operation 8 'alloca' 'indvar_flatten27' <Predicate = true> <Delay = 0.00>
ST_1 : Operation 9 [1/1] (0.00ns)   --->   "%mux_case_086 = alloca i32 1"   --->   Operation 9 'alloca' 'mux_case_086' <Predicate = true> <Delay = 0.00>
ST_1 : Operation 10 [1/1] (0.00ns)   --->   "%mux_case_196 = alloca i32 1"   --->   Operation 10 'alloca' 'mux_case_196' <Predicate = true> <Delay = 0.00>
ST_1 : Operation 11 [1/1] (0.00ns)   --->   "%mux_case_2106 = alloca i32 1"   --->   Operation 11 'alloca' 'mux_case_2106' <Predicate = true> <Delay = 0.00>
ST_1 : Operation 12 [1/1] (0.00ns)   --->   "%mux_case_077116 = alloca i32 1"   --->   Operation 12 'alloca' 'mux_case_077116' <Predicate = true> <Delay = 0.00>
ST_1 : Operation 13 [1/1] (0.00ns)   --->   "%mux_case_179126 = alloca i32 1"   --->   Operation 13 'alloca' 'mux_case_179126' <Predicate = true> <Delay = 0.00>
ST_1 : Operation 14 [1/1] (0.00ns)   --->   "%mux_case_281136 = alloca i32 1"   --->   Operation 14 'alloca' 'mux_case_281136' <Predicate = true> <Delay = 0.00>
ST_1 : Operation 15 [1/1] (0.00ns)   --->   "%empty = alloca i32 1"   --->   Operation 15 'alloca' 'empty' <Predicate = true> <Delay = 0.00>
ST_1 : Operation 16 [1/1] (0.00ns)   --->   "%empty_36 = alloca i32 1"   --->   Operation 16 'alloca' 'empty_36' <Predicate = true> <Delay = 0.00>
ST_1 : Operation 17 [1/1] (0.00ns)   --->   "%empty_37 = alloca i32 1"   --->   Operation 17 'alloca' 'empty_37' <Predicate = true> <Delay = 0.00>
ST_1 : Operation 18 [1/1] (0.00ns)   --->   "%empty_38 = alloca i32 1"   --->   Operation 18 'alloca' 'empty_38' <Predicate = true> <Delay = 0.00>
ST_1 : Operation 19 [1/1] (0.00ns)   --->   "%empty_39 = alloca i32 1"   --->   Operation 19 'alloca' 'empty_39' <Predicate = true> <Delay = 0.00>
ST_1 : Operation 20 [1/1] (0.00ns)   --->   "%empty_40 = alloca i32 1"   --->   Operation 20 'alloca' 'empty_40' <Predicate = true> <Delay = 0.00>
ST_1 : Operation 21 [1/1] (0.00ns)   --->   "%empty_41 = alloca i32 1"   --->   Operation 21 'alloca' 'empty_41' <Predicate = true> <Delay = 0.00>
ST_1 : Operation 22 [1/1] (0.00ns)   --->   "%empty_42 = alloca i32 1"   --->   Operation 22 'alloca' 'empty_42' <Predicate = true> <Delay = 0.00>
ST_1 : Operation 23 [1/1] (0.00ns)   --->   "%empty_43 = alloca i32 1"   --->   Operation 23 'alloca' 'empty_43' <Predicate = true> <Delay = 0.00>
ST_1 : Operation 24 [1/1] (0.00ns)   --->   "%select_ln139_1_read = read i5 @_ssdm_op_Read.ap_auto.i5, i5 %select_ln139_1"   --->   Operation 24 'read' 'select_ln139_1_read' <Predicate = true> <Delay = 0.00>
ST_1 : Operation 25 [1/1] (0.00ns)   --->   "%mux_case_088_read = read i32 @_ssdm_op_Read.ap_auto.float, i32 %mux_case_088"   --->   Operation 25 'read' 'mux_case_088_read' <Predicate = true> <Delay = 0.00>
ST_1 : Operation 26 [1/1] (0.00ns)   --->   "%mux_case_198_read = read i32 @_ssdm_op_Read.ap_auto.float, i32 %mux_case_198"   --->   Operation 26 'read' 'mux_case_198_read' <Predicate = true> <Delay = 0.00>
ST_1 : Operation 27 [1/1] (0.00ns)   --->   "%mux_case_2108_read = read i32 @_ssdm_op_Read.ap_auto.float, i32 %mux_case_2108"   --->   Operation 27 'read' 'mux_case_2108_read' <Predicate = true> <Delay = 0.00>
ST_1 : Operation 28 [1/1] (0.00ns)   --->   "%mux_case_077118_read = read i32 @_ssdm_op_Read.ap_auto.float, i32 %mux_case_077118"   --->   Operation 28 'read' 'mux_case_077118_read' <Predicate = true> <Delay = 0.00>
ST_1 : Operation 29 [1/1] (0.00ns)   --->   "%mux_case_179128_read = read i32 @_ssdm_op_Read.ap_auto.float, i32 %mux_case_179128"   --->   Operation 29 'read' 'mux_case_179128_read' <Predicate = true> <Delay = 0.00>
ST_1 : Operation 30 [1/1] (0.00ns)   --->   "%mux_case_281138_read = read i32 @_ssdm_op_Read.ap_auto.float, i32 %mux_case_281138"   --->   Operation 30 'read' 'mux_case_281138_read' <Predicate = true> <Delay = 0.00>
ST_1 : Operation 31 [1/1] (0.00ns)   --->   "%window_i_1_1_promoted179_read = read i32 @_ssdm_op_Read.ap_auto.float, i32 %window_i_1_1_promoted179"   --->   Operation 31 'read' 'window_i_1_1_promoted179_read' <Predicate = true> <Delay = 0.00>
ST_1 : Operation 32 [1/1] (0.00ns)   --->   "%window_i_1_0_promoted181_read = read i32 @_ssdm_op_Read.ap_auto.float, i32 %window_i_1_0_promoted181"   --->   Operation 32 'read' 'window_i_1_0_promoted181_read' <Predicate = true> <Delay = 0.00>
ST_1 : Operation 33 [1/1] (0.00ns)   --->   "%window_i_1_2_promoted183_read = read i32 @_ssdm_op_Read.ap_auto.float, i32 %window_i_1_2_promoted183"   --->   Operation 33 'read' 'window_i_1_2_promoted183_read' <Predicate = true> <Delay = 0.00>
ST_1 : Operation 34 [1/1] (0.00ns)   --->   "%window_i_0_1_promoted185_read = read i32 @_ssdm_op_Read.ap_auto.float, i32 %window_i_0_1_promoted185"   --->   Operation 34 'read' 'window_i_0_1_promoted185_read' <Predicate = true> <Delay = 0.00>
ST_1 : Operation 35 [1/1] (0.00ns)   --->   "%window_i_0_0_promoted187_read = read i32 @_ssdm_op_Read.ap_auto.float, i32 %window_i_0_0_promoted187"   --->   Operation 35 'read' 'window_i_0_0_promoted187_read' <Predicate = true> <Delay = 0.00>
ST_1 : Operation 36 [1/1] (0.00ns)   --->   "%window_i_0_2_promoted189_read = read i32 @_ssdm_op_Read.ap_auto.float, i32 %window_i_0_2_promoted189"   --->   Operation 36 'read' 'window_i_0_2_promoted189_read' <Predicate = true> <Delay = 0.00>
ST_1 : Operation 37 [1/1] (0.00ns)   --->   "%window_i_2_1_promoted191_read = read i32 @_ssdm_op_Read.ap_auto.float, i32 %window_i_2_1_promoted191"   --->   Operation 37 'read' 'window_i_2_1_promoted191_read' <Predicate = true> <Delay = 0.00>
ST_1 : Operation 38 [1/1] (0.00ns)   --->   "%window_i_2_0_promoted193_read = read i32 @_ssdm_op_Read.ap_auto.float, i32 %window_i_2_0_promoted193"   --->   Operation 38 'read' 'window_i_2_0_promoted193_read' <Predicate = true> <Delay = 0.00>
ST_1 : Operation 39 [1/1] (0.00ns)   --->   "%window_i_2_2_promoted195_read = read i32 @_ssdm_op_Read.ap_auto.float, i32 %window_i_2_2_promoted195"   --->   Operation 39 'read' 'window_i_2_2_promoted195_read' <Predicate = true> <Delay = 0.00>
ST_1 : Operation 40 [1/1] (1.58ns)   --->   "%store_ln0 = store i32 %window_i_2_2_promoted195_read, i32 %empty_43"   --->   Operation 40 'store' 'store_ln0' <Predicate = true> <Delay = 1.58>
ST_1 : Operation 41 [1/1] (1.58ns)   --->   "%store_ln0 = store i32 %window_i_2_0_promoted193_read, i32 %empty_42"   --->   Operation 41 'store' 'store_ln0' <Predicate = true> <Delay = 1.58>
ST_1 : Operation 42 [1/1] (1.58ns)   --->   "%store_ln0 = store i32 %window_i_2_1_promoted191_read, i32 %empty_41"   --->   Operation 42 'store' 'store_ln0' <Predicate = true> <Delay = 1.58>
ST_1 : Operation 43 [1/1] (1.58ns)   --->   "%store_ln0 = store i32 %window_i_0_2_promoted189_read, i32 %empty_40"   --->   Operation 43 'store' 'store_ln0' <Predicate = true> <Delay = 1.58>
ST_1 : Operation 44 [1/1] (1.58ns)   --->   "%store_ln0 = store i32 %window_i_0_0_promoted187_read, i32 %empty_39"   --->   Operation 44 'store' 'store_ln0' <Predicate = true> <Delay = 1.58>
ST_1 : Operation 45 [1/1] (1.58ns)   --->   "%store_ln0 = store i32 %window_i_0_1_promoted185_read, i32 %empty_38"   --->   Operation 45 'store' 'store_ln0' <Predicate = true> <Delay = 1.58>
ST_1 : Operation 46 [1/1] (1.58ns)   --->   "%store_ln0 = store i32 %window_i_1_2_promoted183_read, i32 %empty_37"   --->   Operation 46 'store' 'store_ln0' <Predicate = true> <Delay = 1.58>
ST_1 : Operation 47 [1/1] (1.58ns)   --->   "%store_ln0 = store i32 %window_i_1_0_promoted181_read, i32 %empty_36"   --->   Operation 47 'store' 'store_ln0' <Predicate = true> <Delay = 1.58>
ST_1 : Operation 48 [1/1] (1.58ns)   --->   "%store_ln0 = store i32 %window_i_1_1_promoted179_read, i32 %empty"   --->   Operation 48 'store' 'store_ln0' <Predicate = true> <Delay = 1.58>
ST_1 : Operation 49 [1/1] (1.58ns)   --->   "%store_ln0 = store i32 %mux_case_281138_read, i32 %mux_case_281136"   --->   Operation 49 'store' 'store_ln0' <Predicate = true> <Delay = 1.58>
ST_1 : Operation 50 [1/1] (1.58ns)   --->   "%store_ln0 = store i32 %mux_case_179128_read, i32 %mux_case_179126"   --->   Operation 50 'store' 'store_ln0' <Predicate = true> <Delay = 1.58>
ST_1 : Operation 51 [1/1] (1.58ns)   --->   "%store_ln0 = store i32 %mux_case_077118_read, i32 %mux_case_077116"   --->   Operation 51 'store' 'store_ln0' <Predicate = true> <Delay = 1.58>
ST_1 : Operation 52 [1/1] (1.58ns)   --->   "%store_ln0 = store i32 %mux_case_2108_read, i32 %mux_case_2106"   --->   Operation 52 'store' 'store_ln0' <Predicate = true> <Delay = 1.58>
ST_1 : Operation 53 [1/1] (1.58ns)   --->   "%store_ln0 = store i32 %mux_case_198_read, i32 %mux_case_196"   --->   Operation 53 'store' 'store_ln0' <Predicate = true> <Delay = 1.58>
ST_1 : Operation 54 [1/1] (1.58ns)   --->   "%store_ln0 = store i32 %mux_case_088_read, i32 %mux_case_086"   --->   Operation 54 'store' 'store_ln0' <Predicate = true> <Delay = 1.58>
ST_1 : Operation 55 [1/1] (1.58ns)   --->   "%store_ln0 = store i4 0, i4 %indvar_flatten27"   --->   Operation 55 'store' 'store_ln0' <Predicate = true> <Delay = 1.58>
ST_1 : Operation 56 [1/1] (1.58ns)   --->   "%store_ln0 = store i2 0, i2 %wi"   --->   Operation 56 'store' 'store_ln0' <Predicate = true> <Delay = 1.58>
ST_1 : Operation 57 [1/1] (1.58ns)   --->   "%store_ln0 = store i2 0, i2 %wj"   --->   Operation 57 'store' 'store_ln0' <Predicate = true> <Delay = 1.58>
ST_1 : Operation 58 [1/1] (0.00ns)   --->   "%br_ln0 = br void %for.body5.i.i"   --->   Operation 58 'br' 'br_ln0' <Predicate = true> <Delay = 0.00>
ST_1 : Operation 59 [1/1] (0.00ns)   --->   "%indvar_flatten27_load = load i4 %indvar_flatten27" [codes_lab5/HLS_sources_final/templatedFuncs.h:49]   --->   Operation 59 'load' 'indvar_flatten27_load' <Predicate = true> <Delay = 0.00>
ST_1 : Operation 60 [1/1] (1.30ns)   --->   "%icmp_ln49 = icmp_eq  i4 %indvar_flatten27_load, i4 9" [codes_lab5/HLS_sources_final/templatedFuncs.h:49]   --->   Operation 60 'icmp' 'icmp_ln49' <Predicate = true> <Delay = 1.30> <CoreInst = "Cmp">   --->   Core 9 'Cmp' <Latency = 0> <II = 1> <Delay = 1.30> <FuncUnit> <Opcode : 'icmp'> <InPorts = 2> <OutPorts = 1>
ST_1 : Operation 61 [1/1] (1.73ns)   --->   "%add_ln49_1 = add i4 %indvar_flatten27_load, i4 1" [codes_lab5/HLS_sources_final/templatedFuncs.h:49]   --->   Operation 61 'add' 'add_ln49_1' <Predicate = true> <Delay = 1.73> <CoreInst = "Adder">   --->   Core 1 'Adder' <Latency = 0> <II = 1> <Delay = 1.73> <FuncUnit> <Opcode : 'add' 'sub'> <InPorts = 2> <OutPorts = 1>
ST_1 : Operation 62 [1/1] (0.00ns)   --->   "%br_ln49 = br i1 %icmp_ln49, void %for.cond.cleanup4.i.i, void %cond.true.i.loopexit7.exitStub" [codes_lab5/HLS_sources_final/templatedFuncs.h:49]   --->   Operation 62 'br' 'br_ln49' <Predicate = true> <Delay = 0.00>
ST_1 : Operation 63 [1/1] (0.00ns)   --->   "%wj_load = load i2 %wj" [codes_lab5/HLS_sources_final/templatedFuncs.h:50]   --->   Operation 63 'load' 'wj_load' <Predicate = (!icmp_ln49)> <Delay = 0.00>
ST_1 : Operation 64 [1/1] (0.00ns)   --->   "%wi_load = load i2 %wi" [codes_lab5/HLS_sources_final/templatedFuncs.h:49]   --->   Operation 64 'load' 'wi_load' <Predicate = (!icmp_ln49)> <Delay = 0.00>
ST_1 : Operation 65 [1/1] (1.56ns)   --->   "%add_ln49 = add i2 %wi_load, i2 1" [codes_lab5/HLS_sources_final/templatedFuncs.h:49]   --->   Operation 65 'add' 'add_ln49' <Predicate = (!icmp_ln49)> <Delay = 1.56> <CoreInst = "Adder">   --->   Core 1 'Adder' <Latency = 0> <II = 1> <Delay = 1.56> <FuncUnit> <Opcode : 'add' 'sub'> <InPorts = 2> <OutPorts = 1>
ST_1 : Operation 66 [1/1] (0.95ns)   --->   "%icmp_ln50 = icmp_eq  i2 %wj_load, i2 3" [codes_lab5/HLS_sources_final/templatedFuncs.h:50]   --->   Operation 66 'icmp' 'icmp_ln50' <Predicate = (!icmp_ln49)> <Delay = 0.95> <CoreInst = "Cmp">   --->   Core 9 'Cmp' <Latency = 0> <II = 1> <Delay = 0.95> <FuncUnit> <Opcode : 'icmp'> <InPorts = 2> <OutPorts = 1>
ST_1 : Operation 67 [1/1] (0.99ns)   --->   "%select_ln52 = select i1 %icmp_ln50, i2 0, i2 %wj_load" [codes_lab5/HLS_sources_final/templatedFuncs.h:52]   --->   Operation 67 'select' 'select_ln52' <Predicate = (!icmp_ln49)> <Delay = 0.99> <CoreInst = "Sel">   --->   Core 73 'Sel' <Latency = 0> <II = 1> <Delay = 0.99> <FuncUnit> <Opcode : 'select'> <InPorts = 3> <OutPorts = 1>
ST_1 : Operation 68 [1/1] (0.99ns)   --->   "%select_ln52_1 = select i1 %icmp_ln50, i2 %add_ln49, i2 %wi_load" [codes_lab5/HLS_sources_final/templatedFuncs.h:52]   --->   Operation 68 'select' 'select_ln52_1' <Predicate = (!icmp_ln49)> <Delay = 0.99> <CoreInst = "Sel">   --->   Core 73 'Sel' <Latency = 0> <II = 1> <Delay = 0.99> <FuncUnit> <Opcode : 'select'> <InPorts = 3> <OutPorts = 1>
ST_1 : Operation 69 [1/1] (0.95ns)   --->   "%switch_ln52 = switch i2 %select_ln52_1, void %arrayidx1410.i16.i.case.2, i2 0, void %arrayidx1410.i16.i.case.0, i2 1, void %arrayidx1410.i16.i.case.1" [codes_lab5/HLS_sources_final/templatedFuncs.h:52]   --->   Operation 69 'switch' 'switch_ln52' <Predicate = (!icmp_ln49)> <Delay = 0.95>
ST_1 : Operation 70 [1/1] (0.95ns)   --->   "%switch_ln52 = switch i2 %select_ln52, void %arrayidx1410.i16.i.case.270, i2 0, void %arrayidx1410.i16.i.case.1.arrayidx1410.i16.i.exit_crit_edge, i2 1, void %arrayidx1410.i16.i.case.1.arrayidx1410.i16.i.exit_crit_edge39" [codes_lab5/HLS_sources_final/templatedFuncs.h:52]   --->   Operation 70 'switch' 'switch_ln52' <Predicate = (!icmp_ln49 & select_ln52_1 == 1)> <Delay = 0.95>
ST_1 : Operation 71 [1/1] (0.95ns)   --->   "%switch_ln52 = switch i2 %select_ln52, void %arrayidx1410.i16.i.case.265, i2 0, void %arrayidx1410.i16.i.case.0.arrayidx1410.i16.i.exit_crit_edge, i2 1, void %arrayidx1410.i16.i.case.0.arrayidx1410.i16.i.exit_crit_edge35" [codes_lab5/HLS_sources_final/templatedFuncs.h:52]   --->   Operation 71 'switch' 'switch_ln52' <Predicate = (!icmp_ln49 & select_ln52_1 == 0)> <Delay = 0.95>
ST_1 : Operation 72 [1/1] (0.95ns)   --->   "%switch_ln52 = switch i2 %select_ln52, void %arrayidx1410.i16.i.case.275, i2 0, void %arrayidx1410.i16.i.case.2.arrayidx1410.i16.i.exit_crit_edge, i2 1, void %arrayidx1410.i16.i.case.2.arrayidx1410.i16.i.exit_crit_edge31" [codes_lab5/HLS_sources_final/templatedFuncs.h:52]   --->   Operation 72 'switch' 'switch_ln52' <Predicate = (!icmp_ln49 & select_ln52_1 != 0 & select_ln52_1 != 1)> <Delay = 0.95>
ST_1 : Operation 73 [1/1] (1.56ns)   --->   "%add_ln50 = add i2 %select_ln52, i2 1" [codes_lab5/HLS_sources_final/templatedFuncs.h:50]   --->   Operation 73 'add' 'add_ln50' <Predicate = (!icmp_ln49)> <Delay = 1.56> <CoreInst = "Adder">   --->   Core 1 'Adder' <Latency = 0> <II = 1> <Delay = 1.56> <FuncUnit> <Opcode : 'add' 'sub'> <InPorts = 2> <OutPorts = 1>
ST_1 : Operation 74 [1/1] (1.58ns)   --->   "%store_ln50 = store i4 %add_ln49_1, i4 %indvar_flatten27" [codes_lab5/HLS_sources_final/templatedFuncs.h:50]   --->   Operation 74 'store' 'store_ln50' <Predicate = (!icmp_ln49)> <Delay = 1.58>
ST_1 : Operation 75 [1/1] (1.58ns)   --->   "%store_ln50 = store i2 %select_ln52_1, i2 %wi" [codes_lab5/HLS_sources_final/templatedFuncs.h:50]   --->   Operation 75 'store' 'store_ln50' <Predicate = (!icmp_ln49)> <Delay = 1.58>
ST_1 : Operation 76 [1/1] (1.58ns)   --->   "%store_ln50 = store i2 %add_ln50, i2 %wj" [codes_lab5/HLS_sources_final/templatedFuncs.h:50]   --->   Operation 76 'store' 'store_ln50' <Predicate = (!icmp_ln49)> <Delay = 1.58>
ST_1 : Operation 77 [1/1] (0.00ns)   --->   "%br_ln50 = br void %for.body5.i.i" [codes_lab5/HLS_sources_final/templatedFuncs.h:50]   --->   Operation 77 'br' 'br_ln50' <Predicate = (!icmp_ln49)> <Delay = 0.00>

State 2 <SV = 1> <Delay = 6.76>
ST_2 : Operation 78 [1/1] (0.00ns)   --->   "%zext_ln52 = zext i2 %select_ln52_1" [codes_lab5/HLS_sources_final/templatedFuncs.h:52]   --->   Operation 78 'zext' 'zext_ln52' <Predicate = true> <Delay = 0.00>
ST_2 : Operation 79 [1/1] (1.78ns)   --->   "%add_ln52 = add i5 %select_ln139_1_read, i5 %zext_ln52" [codes_lab5/HLS_sources_final/templatedFuncs.h:52]   --->   Operation 79 'add' 'add_ln52' <Predicate = true> <Delay = 1.78> <CoreInst = "Adder">   --->   Core 1 'Adder' <Latency = 0> <II = 1> <Delay = 1.78> <FuncUnit> <Opcode : 'add' 'sub'> <InPorts = 2> <OutPorts = 1>
ST_2 : Operation 80 [1/1] (0.00ns)   --->   "%tmp_s = bitconcatenate i10 @_ssdm_op_BitConcatenate.i10.i5.i5, i5 %add_ln52, i5 0" [codes_lab5/HLS_sources_final/templatedFuncs.h:52]   --->   Operation 80 'bitconcatenate' 'tmp_s' <Predicate = true> <Delay = 0.00>
ST_2 : Operation 81 [1/1] (0.00ns)   --->   "%zext_ln52_1 = zext i10 %tmp_s" [codes_lab5/HLS_sources_final/templatedFuncs.h:52]   --->   Operation 81 'zext' 'zext_ln52_1' <Predicate = true> <Delay = 0.00>
ST_2 : Operation 82 [1/1] (0.00ns)   --->   "%tmp_23 = bitconcatenate i7 @_ssdm_op_BitConcatenate.i7.i5.i2, i5 %add_ln52, i2 0" [codes_lab5/HLS_sources_final/templatedFuncs.h:52]   --->   Operation 82 'bitconcatenate' 'tmp_23' <Predicate = true> <Delay = 0.00>
ST_2 : Operation 83 [1/1] (0.00ns)   --->   "%zext_ln52_2 = zext i7 %tmp_23" [codes_lab5/HLS_sources_final/templatedFuncs.h:52]   --->   Operation 83 'zext' 'zext_ln52_2' <Predicate = true> <Delay = 0.00>
ST_2 : Operation 84 [1/1] (1.73ns)   --->   "%sub_ln52 = sub i11 %zext_ln52_1, i11 %zext_ln52_2" [codes_lab5/HLS_sources_final/templatedFuncs.h:52]   --->   Operation 84 'sub' 'sub_ln52' <Predicate = true> <Delay = 1.73> <CoreInst = "Adder">   --->   Core 1 'Adder' <Latency = 0> <II = 1> <Delay = 1.73> <FuncUnit> <Opcode : 'add' 'sub'> <InPorts = 2> <OutPorts = 1>
ST_2 : Operation 85 [1/1] (0.00ns)   --->   "%tmp_36_cast = partselect i8 @_ssdm_op_PartSelect.i8.i11.i32.i32, i11 %sub_ln52, i32 2, i32 9" [codes_lab5/HLS_sources_final/templatedFuncs.h:52]   --->   Operation 85 'partselect' 'tmp_36_cast' <Predicate = true> <Delay = 0.00>
ST_2 : Operation 86 [1/1] (0.00ns)   --->   "%tmp_24 = bitconcatenate i10 @_ssdm_op_BitConcatenate.i10.i8.i2, i8 %tmp_36_cast, i2 %select_ln52" [codes_lab5/HLS_sources_final/templatedFuncs.h:52]   --->   Operation 86 'bitconcatenate' 'tmp_24' <Predicate = true> <Delay = 0.00>
ST_2 : Operation 87 [1/1] (0.00ns)   --->   "%zext_ln52_3 = zext i10 %tmp_24" [codes_lab5/HLS_sources_final/templatedFuncs.h:52]   --->   Operation 87 'zext' 'zext_ln52_3' <Predicate = true> <Delay = 0.00>
ST_2 : Operation 88 [1/1] (0.00ns)   --->   "%mem_1_0_addr = getelementptr i32 %mem_1_0, i64 0, i64 %zext_ln52_3" [codes_lab5/HLS_sources_final/templatedFuncs.h:52]   --->   Operation 88 'getelementptr' 'mem_1_0_addr' <Predicate = true> <Delay = 0.00>
ST_2 : Operation 89 [2/2] (3.25ns)   --->   "%mem_1_0_load = load i10 %mem_1_0_addr" [codes_lab5/HLS_sources_final/templatedFuncs.h:52]   --->   Operation 89 'load' 'mem_1_0_load' <Predicate = true> <Delay = 3.25> <CoreInst = "RAM">   --->   Core 82 'RAM' <Latency = 1> <II = 1> <Delay = 3.25> <Storage> <Opcode : 'load' 'store'> <Ports = 2> <Width = 32> <Depth = 784> <RAM>
ST_2 : Operation 119 [1/1] (0.00ns)   --->   "%mux_case_086_load = load i32 %mux_case_086"   --->   Operation 119 'load' 'mux_case_086_load' <Predicate = (icmp_ln49)> <Delay = 0.00>
ST_2 : Operation 120 [1/1] (0.00ns)   --->   "%mux_case_196_load = load i32 %mux_case_196"   --->   Operation 120 'load' 'mux_case_196_load' <Predicate = (icmp_ln49)> <Delay = 0.00>
ST_2 : Operation 121 [1/1] (0.00ns)   --->   "%mux_case_2106_load = load i32 %mux_case_2106"   --->   Operation 121 'load' 'mux_case_2106_load' <Predicate = (icmp_ln49)> <Delay = 0.00>
ST_2 : Operation 122 [1/1] (0.00ns)   --->   "%mux_case_077116_load = load i32 %mux_case_077116"   --->   Operation 122 'load' 'mux_case_077116_load' <Predicate = (icmp_ln49)> <Delay = 0.00>
ST_2 : Operation 123 [1/1] (0.00ns)   --->   "%mux_case_179126_load = load i32 %mux_case_179126"   --->   Operation 123 'load' 'mux_case_179126_load' <Predicate = (icmp_ln49)> <Delay = 0.00>
ST_2 : Operation 124 [1/1] (0.00ns)   --->   "%mux_case_281136_load = load i32 %mux_case_281136"   --->   Operation 124 'load' 'mux_case_281136_load' <Predicate = (icmp_ln49)> <Delay = 0.00>
ST_2 : Operation 125 [1/1] (0.00ns)   --->   "%p_load40 = load i32 %empty"   --->   Operation 125 'load' 'p_load40' <Predicate = (icmp_ln49)> <Delay = 0.00>
ST_2 : Operation 126 [1/1] (0.00ns)   --->   "%p_load38 = load i32 %empty_36"   --->   Operation 126 'load' 'p_load38' <Predicate = (icmp_ln49)> <Delay = 0.00>
ST_2 : Operation 127 [1/1] (0.00ns)   --->   "%p_load37 = load i32 %empty_37"   --->   Operation 127 'load' 'p_load37' <Predicate = (icmp_ln49)> <Delay = 0.00>
ST_2 : Operation 128 [1/1] (0.00ns)   --->   "%p_load36 = load i32 %empty_38"   --->   Operation 128 'load' 'p_load36' <Predicate = (icmp_ln49)> <Delay = 0.00>
ST_2 : Operation 129 [1/1] (0.00ns)   --->   "%p_load34 = load i32 %empty_39"   --->   Operation 129 'load' 'p_load34' <Predicate = (icmp_ln49)> <Delay = 0.00>
ST_2 : Operation 130 [1/1] (0.00ns)   --->   "%p_load33 = load i32 %empty_40"   --->   Operation 130 'load' 'p_load33' <Predicate = (icmp_ln49)> <Delay = 0.00>
ST_2 : Operation 131 [1/1] (0.00ns)   --->   "%p_load32 = load i32 %empty_41"   --->   Operation 131 'load' 'p_load32' <Predicate = (icmp_ln49)> <Delay = 0.00>
ST_2 : Operation 132 [1/1] (0.00ns)   --->   "%p_load30 = load i32 %empty_42"   --->   Operation 132 'load' 'p_load30' <Predicate = (icmp_ln49)> <Delay = 0.00>
ST_2 : Operation 133 [1/1] (0.00ns)   --->   "%p_load = load i32 %empty_43"   --->   Operation 133 'load' 'p_load' <Predicate = (icmp_ln49)> <Delay = 0.00>
ST_2 : Operation 134 [1/1] (0.00ns)   --->   "%write_ln0 = write void @_ssdm_op_Write.ap_auto.floatP0A, i32 %p_out, i32 %p_load"   --->   Operation 134 'write' 'write_ln0' <Predicate = (icmp_ln49)> <Delay = 0.00>
ST_2 : Operation 135 [1/1] (0.00ns)   --->   "%write_ln0 = write void @_ssdm_op_Write.ap_auto.floatP0A, i32 %p_out1, i32 %p_load30"   --->   Operation 135 'write' 'write_ln0' <Predicate = (icmp_ln49)> <Delay = 0.00>
ST_2 : Operation 136 [1/1] (0.00ns)   --->   "%write_ln0 = write void @_ssdm_op_Write.ap_auto.floatP0A, i32 %p_out2, i32 %p_load32"   --->   Operation 136 'write' 'write_ln0' <Predicate = (icmp_ln49)> <Delay = 0.00>
ST_2 : Operation 137 [1/1] (0.00ns)   --->   "%write_ln0 = write void @_ssdm_op_Write.ap_auto.floatP0A, i32 %p_out3, i32 %p_load33"   --->   Operation 137 'write' 'write_ln0' <Predicate = (icmp_ln49)> <Delay = 0.00>
ST_2 : Operation 138 [1/1] (0.00ns)   --->   "%write_ln0 = write void @_ssdm_op_Write.ap_auto.floatP0A, i32 %p_out4, i32 %p_load34"   --->   Operation 138 'write' 'write_ln0' <Predicate = (icmp_ln49)> <Delay = 0.00>
ST_2 : Operation 139 [1/1] (0.00ns)   --->   "%write_ln0 = write void @_ssdm_op_Write.ap_auto.floatP0A, i32 %p_out5, i32 %p_load36"   --->   Operation 139 'write' 'write_ln0' <Predicate = (icmp_ln49)> <Delay = 0.00>
ST_2 : Operation 140 [1/1] (0.00ns)   --->   "%write_ln0 = write void @_ssdm_op_Write.ap_auto.floatP0A, i32 %p_out6, i32 %p_load37"   --->   Operation 140 'write' 'write_ln0' <Predicate = (icmp_ln49)> <Delay = 0.00>
ST_2 : Operation 141 [1/1] (0.00ns)   --->   "%write_ln0 = write void @_ssdm_op_Write.ap_auto.floatP0A, i32 %p_out7, i32 %p_load38"   --->   Operation 141 'write' 'write_ln0' <Predicate = (icmp_ln49)> <Delay = 0.00>
ST_2 : Operation 142 [1/1] (0.00ns)   --->   "%write_ln0 = write void @_ssdm_op_Write.ap_auto.floatP0A, i32 %p_out8, i32 %p_load40"   --->   Operation 142 'write' 'write_ln0' <Predicate = (icmp_ln49)> <Delay = 0.00>
ST_2 : Operation 143 [1/1] (0.00ns)   --->   "%write_ln0 = write void @_ssdm_op_Write.ap_auto.floatP0A, i32 %mux_case_281136_out, i32 %mux_case_281136_load"   --->   Operation 143 'write' 'write_ln0' <Predicate = (icmp_ln49)> <Delay = 0.00>
ST_2 : Operation 144 [1/1] (0.00ns)   --->   "%write_ln0 = write void @_ssdm_op_Write.ap_auto.floatP0A, i32 %mux_case_179126_out, i32 %mux_case_179126_load"   --->   Operation 144 'write' 'write_ln0' <Predicate = (icmp_ln49)> <Delay = 0.00>
ST_2 : Operation 145 [1/1] (0.00ns)   --->   "%write_ln0 = write void @_ssdm_op_Write.ap_auto.floatP0A, i32 %mux_case_077116_out, i32 %mux_case_077116_load"   --->   Operation 145 'write' 'write_ln0' <Predicate = (icmp_ln49)> <Delay = 0.00>
ST_2 : Operation 146 [1/1] (0.00ns)   --->   "%write_ln0 = write void @_ssdm_op_Write.ap_auto.floatP0A, i32 %mux_case_2106_out, i32 %mux_case_2106_load"   --->   Operation 146 'write' 'write_ln0' <Predicate = (icmp_ln49)> <Delay = 0.00>
ST_2 : Operation 147 [1/1] (0.00ns)   --->   "%write_ln0 = write void @_ssdm_op_Write.ap_auto.floatP0A, i32 %mux_case_196_out, i32 %mux_case_196_load"   --->   Operation 147 'write' 'write_ln0' <Predicate = (icmp_ln49)> <Delay = 0.00>
ST_2 : Operation 148 [1/1] (0.00ns)   --->   "%write_ln0 = write void @_ssdm_op_Write.ap_auto.floatP0A, i32 %mux_case_086_out, i32 %mux_case_086_load"   --->   Operation 148 'write' 'write_ln0' <Predicate = (icmp_ln49)> <Delay = 0.00>
ST_2 : Operation 149 [1/1] (0.00ns)   --->   "%ret_ln0 = ret"   --->   Operation 149 'ret' 'ret_ln0' <Predicate = (icmp_ln49)> <Delay = 0.00>

State 3 <SV = 2> <Delay = 4.84>
ST_3 : Operation 90 [1/1] (0.00ns)   --->   "%specloopname_ln0 = specloopname void @_ssdm_op_SpecLoopName, void @loadWinFull_VITIS_LOOP_50_1_str"   --->   Operation 90 'specloopname' 'specloopname_ln0' <Predicate = true> <Delay = 0.00>
ST_3 : Operation 91 [1/1] (0.00ns)   --->   "%empty_44 = speclooptripcount i32 @_ssdm_op_SpecLoopTripCount, i64 9, i64 9, i64 9"   --->   Operation 91 'speclooptripcount' 'empty_44' <Predicate = true> <Delay = 0.00>
ST_3 : Operation 92 [1/1] (0.00ns)   --->   "%specpipeline_ln51 = specpipeline void @_ssdm_op_SpecPipeline, i32 4294967295, i32 0, i32 0, i32 0, void @empty_9" [codes_lab5/HLS_sources_final/templatedFuncs.h:51]   --->   Operation 92 'specpipeline' 'specpipeline_ln51' <Predicate = true> <Delay = 0.00>
ST_3 : Operation 93 [1/1] (0.00ns)   --->   "%specloopname_ln50 = specloopname void @_ssdm_op_SpecLoopName, void @empty_13" [codes_lab5/HLS_sources_final/templatedFuncs.h:50]   --->   Operation 93 'specloopname' 'specloopname_ln50' <Predicate = true> <Delay = 0.00>
ST_3 : Operation 94 [1/2] (3.25ns)   --->   "%mem_1_0_load = load i10 %mem_1_0_addr" [codes_lab5/HLS_sources_final/templatedFuncs.h:52]   --->   Operation 94 'load' 'mem_1_0_load' <Predicate = true> <Delay = 3.25> <CoreInst = "RAM">   --->   Core 82 'RAM' <Latency = 1> <II = 1> <Delay = 3.25> <Storage> <Opcode : 'load' 'store'> <Ports = 2> <Width = 32> <Depth = 784> <RAM>
ST_3 : Operation 95 [1/1] (1.58ns)   --->   "%store_ln52 = store i32 %mem_1_0_load, i32 %empty" [codes_lab5/HLS_sources_final/templatedFuncs.h:52]   --->   Operation 95 'store' 'store_ln52' <Predicate = (select_ln52_1 == 1 & select_ln52 == 1)> <Delay = 1.58>
ST_3 : Operation 96 [1/1] (1.58ns)   --->   "%store_ln52 = store i32 %mem_1_0_load, i32 %mux_case_196" [codes_lab5/HLS_sources_final/templatedFuncs.h:52]   --->   Operation 96 'store' 'store_ln52' <Predicate = (select_ln52_1 == 1 & select_ln52 == 1)> <Delay = 1.58>
ST_3 : Operation 97 [1/1] (0.00ns)   --->   "%br_ln52 = br void %arrayidx1410.i16.i.exit" [codes_lab5/HLS_sources_final/templatedFuncs.h:52]   --->   Operation 97 'br' 'br_ln52' <Predicate = (select_ln52_1 == 1 & select_ln52 == 1)> <Delay = 0.00>
ST_3 : Operation 98 [1/1] (1.58ns)   --->   "%store_ln52 = store i32 %mem_1_0_load, i32 %empty_36" [codes_lab5/HLS_sources_final/templatedFuncs.h:52]   --->   Operation 98 'store' 'store_ln52' <Predicate = (select_ln52_1 == 1 & select_ln52 == 0)> <Delay = 1.58>
ST_3 : Operation 99 [1/1] (0.00ns)   --->   "%br_ln52 = br void %arrayidx1410.i16.i.exit" [codes_lab5/HLS_sources_final/templatedFuncs.h:52]   --->   Operation 99 'br' 'br_ln52' <Predicate = (select_ln52_1 == 1 & select_ln52 == 0)> <Delay = 0.00>
ST_3 : Operation 100 [1/1] (1.58ns)   --->   "%store_ln52 = store i32 %mem_1_0_load, i32 %empty_37" [codes_lab5/HLS_sources_final/templatedFuncs.h:52]   --->   Operation 100 'store' 'store_ln52' <Predicate = (select_ln52_1 == 1 & select_ln52 != 0 & select_ln52 != 1)> <Delay = 1.58>
ST_3 : Operation 101 [1/1] (1.58ns)   --->   "%store_ln52 = store i32 %mem_1_0_load, i32 %mux_case_179126" [codes_lab5/HLS_sources_final/templatedFuncs.h:52]   --->   Operation 101 'store' 'store_ln52' <Predicate = (select_ln52_1 == 1 & select_ln52 != 0 & select_ln52 != 1)> <Delay = 1.58>
ST_3 : Operation 102 [1/1] (0.00ns)   --->   "%br_ln52 = br void %arrayidx1410.i16.i.exit" [codes_lab5/HLS_sources_final/templatedFuncs.h:52]   --->   Operation 102 'br' 'br_ln52' <Predicate = (select_ln52_1 == 1 & select_ln52 != 0 & select_ln52 != 1)> <Delay = 0.00>
ST_3 : Operation 103 [1/1] (1.58ns)   --->   "%store_ln52 = store i32 %mem_1_0_load, i32 %empty_38" [codes_lab5/HLS_sources_final/templatedFuncs.h:52]   --->   Operation 103 'store' 'store_ln52' <Predicate = (select_ln52_1 == 0 & select_ln52 == 1)> <Delay = 1.58>
ST_3 : Operation 104 [1/1] (1.58ns)   --->   "%store_ln52 = store i32 %mem_1_0_load, i32 %mux_case_086" [codes_lab5/HLS_sources_final/templatedFuncs.h:52]   --->   Operation 104 'store' 'store_ln52' <Predicate = (select_ln52_1 == 0 & select_ln52 == 1)> <Delay = 1.58>
ST_3 : Operation 105 [1/1] (0.00ns)   --->   "%br_ln52 = br void %arrayidx1410.i16.i.exit" [codes_lab5/HLS_sources_final/templatedFuncs.h:52]   --->   Operation 105 'br' 'br_ln52' <Predicate = (select_ln52_1 == 0 & select_ln52 == 1)> <Delay = 0.00>
ST_3 : Operation 106 [1/1] (1.58ns)   --->   "%store_ln52 = store i32 %mem_1_0_load, i32 %empty_39" [codes_lab5/HLS_sources_final/templatedFuncs.h:52]   --->   Operation 106 'store' 'store_ln52' <Predicate = (select_ln52_1 == 0 & select_ln52 == 0)> <Delay = 1.58>
ST_3 : Operation 107 [1/1] (0.00ns)   --->   "%br_ln52 = br void %arrayidx1410.i16.i.exit" [codes_lab5/HLS_sources_final/templatedFuncs.h:52]   --->   Operation 107 'br' 'br_ln52' <Predicate = (select_ln52_1 == 0 & select_ln52 == 0)> <Delay = 0.00>
ST_3 : Operation 108 [1/1] (1.58ns)   --->   "%store_ln52 = store i32 %mem_1_0_load, i32 %empty_40" [codes_lab5/HLS_sources_final/templatedFuncs.h:52]   --->   Operation 108 'store' 'store_ln52' <Predicate = (select_ln52_1 == 0 & select_ln52 != 0 & select_ln52 != 1)> <Delay = 1.58>
ST_3 : Operation 109 [1/1] (1.58ns)   --->   "%store_ln52 = store i32 %mem_1_0_load, i32 %mux_case_077116" [codes_lab5/HLS_sources_final/templatedFuncs.h:52]   --->   Operation 109 'store' 'store_ln52' <Predicate = (select_ln52_1 == 0 & select_ln52 != 0 & select_ln52 != 1)> <Delay = 1.58>
ST_3 : Operation 110 [1/1] (0.00ns)   --->   "%br_ln52 = br void %arrayidx1410.i16.i.exit" [codes_lab5/HLS_sources_final/templatedFuncs.h:52]   --->   Operation 110 'br' 'br_ln52' <Predicate = (select_ln52_1 == 0 & select_ln52 != 0 & select_ln52 != 1)> <Delay = 0.00>
ST_3 : Operation 111 [1/1] (1.58ns)   --->   "%store_ln52 = store i32 %mem_1_0_load, i32 %empty_41" [codes_lab5/HLS_sources_final/templatedFuncs.h:52]   --->   Operation 111 'store' 'store_ln52' <Predicate = (select_ln52_1 != 0 & select_ln52_1 != 1 & select_ln52 == 1)> <Delay = 1.58>
ST_3 : Operation 112 [1/1] (1.58ns)   --->   "%store_ln52 = store i32 %mem_1_0_load, i32 %mux_case_2106" [codes_lab5/HLS_sources_final/templatedFuncs.h:52]   --->   Operation 112 'store' 'store_ln52' <Predicate = (select_ln52_1 != 0 & select_ln52_1 != 1 & select_ln52 == 1)> <Delay = 1.58>
ST_3 : Operation 113 [1/1] (0.00ns)   --->   "%br_ln52 = br void %arrayidx1410.i16.i.exit" [codes_lab5/HLS_sources_final/templatedFuncs.h:52]   --->   Operation 113 'br' 'br_ln52' <Predicate = (select_ln52_1 != 0 & select_ln52_1 != 1 & select_ln52 == 1)> <Delay = 0.00>
ST_3 : Operation 114 [1/1] (1.58ns)   --->   "%store_ln52 = store i32 %mem_1_0_load, i32 %empty_42" [codes_lab5/HLS_sources_final/templatedFuncs.h:52]   --->   Operation 114 'store' 'store_ln52' <Predicate = (select_ln52_1 != 0 & select_ln52_1 != 1 & select_ln52 == 0)> <Delay = 1.58>
ST_3 : Operation 115 [1/1] (0.00ns)   --->   "%br_ln52 = br void %arrayidx1410.i16.i.exit" [codes_lab5/HLS_sources_final/templatedFuncs.h:52]   --->   Operation 115 'br' 'br_ln52' <Predicate = (select_ln52_1 != 0 & select_ln52_1 != 1 & select_ln52 == 0)> <Delay = 0.00>
ST_3 : Operation 116 [1/1] (1.58ns)   --->   "%store_ln52 = store i32 %mem_1_0_load, i32 %empty_43" [codes_lab5/HLS_sources_final/templatedFuncs.h:52]   --->   Operation 116 'store' 'store_ln52' <Predicate = (select_ln52_1 != 0 & select_ln52_1 != 1 & select_ln52 != 0 & select_ln52 != 1)> <Delay = 1.58>
ST_3 : Operation 117 [1/1] (1.58ns)   --->   "%store_ln52 = store i32 %mem_1_0_load, i32 %mux_case_281136" [codes_lab5/HLS_sources_final/templatedFuncs.h:52]   --->   Operation 117 'store' 'store_ln52' <Predicate = (select_ln52_1 != 0 & select_ln52_1 != 1 & select_ln52 != 0 & select_ln52 != 1)> <Delay = 1.58>
ST_3 : Operation 118 [1/1] (0.00ns)   --->   "%br_ln52 = br void %arrayidx1410.i16.i.exit" [codes_lab5/HLS_sources_final/templatedFuncs.h:52]   --->   Operation 118 'br' 'br_ln52' <Predicate = (select_ln52_1 != 0 & select_ln52_1 != 1 & select_ln52 != 0 & select_ln52 != 1)> <Delay = 0.00>


============================================================
+ Verbose Summary: Timing violations
============================================================
Target clock period: 10ns, clock uncertainty: 2.7ns.

 <State 1>: 5.11ns
The critical path consists of the following:
	'alloca' operation ('wj') [33]  (0 ns)
	'load' operation ('wj_load', codes_lab5/HLS_sources_final/templatedFuncs.h:50) on local variable 'wj' [92]  (0 ns)
	'icmp' operation ('icmp_ln50', codes_lab5/HLS_sources_final/templatedFuncs.h:50) [97]  (0.959 ns)
	'select' operation ('select_ln52', codes_lab5/HLS_sources_final/templatedFuncs.h:52) [98]  (0.993 ns)
	'add' operation ('add_ln50', codes_lab5/HLS_sources_final/templatedFuncs.h:50) [155]  (1.56 ns)
	'store' operation ('store_ln50', codes_lab5/HLS_sources_final/templatedFuncs.h:50) of variable 'add_ln50', codes_lab5/HLS_sources_final/templatedFuncs.h:50 on local variable 'wj' [158]  (1.59 ns)

 <State 2>: 6.77ns
The critical path consists of the following:
	'add' operation ('add_ln52', codes_lab5/HLS_sources_final/templatedFuncs.h:52) [101]  (1.78 ns)
	'sub' operation ('sub_ln52', codes_lab5/HLS_sources_final/templatedFuncs.h:52) [106]  (1.73 ns)
	'getelementptr' operation ('mem_1_0_addr', codes_lab5/HLS_sources_final/templatedFuncs.h:52) [110]  (0 ns)
	'load' operation ('mem_1_0_load', codes_lab5/HLS_sources_final/templatedFuncs.h:52) on array 'mem_1_0' [113]  (3.25 ns)

 <State 3>: 4.84ns
The critical path consists of the following:
	'load' operation ('mem_1_0_load', codes_lab5/HLS_sources_final/templatedFuncs.h:52) on array 'mem_1_0' [113]  (3.25 ns)
	'store' operation ('store_ln52', codes_lab5/HLS_sources_final/templatedFuncs.h:52) of variable 'mem_1_0_load', codes_lab5/HLS_sources_final/templatedFuncs.h:52 on local variable 'empty_37' [125]  (1.59 ns)


============================================================
+ Verbose Summary: Binding
============================================================
N/A
* FSMD analyzer results:
  - Output states:
 - Input state : 
  - Chain level:
	State 1
	State 2
	State 3


============================================================
+ Verbose Summary: Datapath Resource usage 
============================================================
N/A
