

================================================================
== Vitis HLS Report for 'conv1_Pipeline_loadWinShift'
================================================================
* Date:           Thu Dec 25 17:04:35 2025

* Version:        2022.1 (Build 3526262 on Mon Apr 18 15:48:16 MDT 2022)
* Project:        Day_5_final_boss
* Solution:       hellojio (Vivado IP Flow Target)
* Product family: zynq
* Target device:  xc7z020-clg400-1


================================================================
== Performance Estimates
================================================================
+ Timing: 
    * Summary: 
    +--------+----------+----------+------------+
    |  Clock |  Target  | Estimated| Uncertainty|
    +--------+----------+----------+------------+
    |ap_clk  |  10.00 ns|  6.982 ns|     2.70 ns|
    +--------+----------+----------+------------+

+ Latency: 
    * Summary: 
    +---------+---------+-----------+-----------+-----+-----+---------+
    |  Latency (cycles) |   Latency (absolute)  |  Interval | Pipeline|
    |   min   |   max   |    min    |    max    | min | max |   Type  |
    +---------+---------+-----------+-----------+-----+-----+---------+
    |        6|        6|  60.000 ns|  60.000 ns|    6|    6|       no|
    +---------+---------+-----------+-----------+-----+-----+---------+

    + Detail: 
        * Instance: 
        N/A

        * Loop: 
        +----------------+---------+---------+----------+-----------+-----------+------+----------+
        |                |  Latency (cycles) | Iteration|  Initiation Interval  | Trip |          |
        |    Loop Name   |   min   |   max   |  Latency |  achieved |   target  | Count| Pipelined|
        +----------------+---------+---------+----------+-----------+-----------+------+----------+
        |- loadWinShift  |        4|        4|         3|          1|          1|     3|       yes|
        +----------------+---------+---------+----------+-----------+-----------+------+----------+

============================================================
+ Verbose Summary: Synthesis Manager
============================================================
InlineROM: 1
ExposeGlobal: 0
============================================================
+ Verbose Summary: CDFG Model
============================================================
IsTopModel: 0
ResetActiveHigh: 1
IsCombinational: 0
IsDatapathOnly: 0
HasWiredReturn: 1
HasMFsm: 2
HasVarLatency: 1
IsPipeline: 0
IsRtlPipelined: 0
IsInstanceOverlapped: 0
IsDontTouch: 0
HasImplIP: 0
IsGatedGlobalClock: 0

+ Individual pipeline summary: 
  * Pipeline-0: initiation interval (II) = 1, depth = 3


============================================================
+ Verbose Summary: Schedule
============================================================
* Number of FSM states : 3
* Pipeline : 1
  Pipeline-0 : II = 1, D = 3, States = { 1 2 3 }
* Dataflow Pipeline: 0

* FSM state transitions: 
1 --> 2 
2 --> 3 
3 --> 

* FSM state operations: 

State 1 <SV = 0> <Delay = 3.15>
ST_1 : Operation 6 [1/1] (0.00ns)   --->   "%wi = alloca i32 1"   --->   Operation 6 'alloca' 'wi' <Predicate = true> <Delay = 0.00>
ST_1 : Operation 7 [1/1] (0.00ns)   --->   "%window_3 = alloca i32 1"   --->   Operation 7 'alloca' 'window_3' <Predicate = true> <Delay = 0.00>
ST_1 : Operation 8 [1/1] (0.00ns)   --->   "%window_4 = alloca i32 1"   --->   Operation 8 'alloca' 'window_4' <Predicate = true> <Delay = 0.00>
ST_1 : Operation 9 [1/1] (0.00ns)   --->   "%window_5 = alloca i32 1"   --->   Operation 9 'alloca' 'window_5' <Predicate = true> <Delay = 0.00>
ST_1 : Operation 10 [1/1] (0.00ns)   --->   "%window_6 = alloca i32 1"   --->   Operation 10 'alloca' 'window_6' <Predicate = true> <Delay = 0.00>
ST_1 : Operation 11 [1/1] (0.00ns)   --->   "%window_7 = alloca i32 1"   --->   Operation 11 'alloca' 'window_7' <Predicate = true> <Delay = 0.00>
ST_1 : Operation 12 [1/1] (0.00ns)   --->   "%window_8 = alloca i32 1"   --->   Operation 12 'alloca' 'window_8' <Predicate = true> <Delay = 0.00>
ST_1 : Operation 13 [1/1] (0.00ns)   --->   "%window_9 = alloca i32 1"   --->   Operation 13 'alloca' 'window_9' <Predicate = true> <Delay = 0.00>
ST_1 : Operation 14 [1/1] (0.00ns)   --->   "%window_10 = alloca i32 1"   --->   Operation 14 'alloca' 'window_10' <Predicate = true> <Delay = 0.00>
ST_1 : Operation 15 [1/1] (0.00ns)   --->   "%window_11 = alloca i32 1"   --->   Operation 15 'alloca' 'window_11' <Predicate = true> <Delay = 0.00>
ST_1 : Operation 16 [1/1] (0.00ns)   --->   "%window_12 = alloca i32 1"   --->   Operation 16 'alloca' 'window_12' <Predicate = true> <Delay = 0.00>
ST_1 : Operation 17 [1/1] (0.00ns)   --->   "%window_13 = alloca i32 1"   --->   Operation 17 'alloca' 'window_13' <Predicate = true> <Delay = 0.00>
ST_1 : Operation 18 [1/1] (0.00ns)   --->   "%window_14 = alloca i32 1"   --->   Operation 18 'alloca' 'window_14' <Predicate = true> <Delay = 0.00>
ST_1 : Operation 19 [1/1] (0.00ns)   --->   "%window_15 = alloca i32 1"   --->   Operation 19 'alloca' 'window_15' <Predicate = true> <Delay = 0.00>
ST_1 : Operation 20 [1/1] (0.00ns)   --->   "%window_16 = alloca i32 1"   --->   Operation 20 'alloca' 'window_16' <Predicate = true> <Delay = 0.00>
ST_1 : Operation 21 [1/1] (0.00ns)   --->   "%window_17 = alloca i32 1"   --->   Operation 21 'alloca' 'window_17' <Predicate = true> <Delay = 0.00>
ST_1 : Operation 22 [1/1] (0.00ns)   --->   "%window_18 = alloca i32 1"   --->   Operation 22 'alloca' 'window_18' <Predicate = true> <Delay = 0.00>
ST_1 : Operation 23 [1/1] (0.00ns)   --->   "%window_19 = alloca i32 1"   --->   Operation 23 'alloca' 'window_19' <Predicate = true> <Delay = 0.00>
ST_1 : Operation 24 [1/1] (0.00ns)   --->   "%window_20 = alloca i32 1"   --->   Operation 24 'alloca' 'window_20' <Predicate = true> <Delay = 0.00>
ST_1 : Operation 25 [1/1] (0.00ns)   --->   "%window_21 = alloca i32 1"   --->   Operation 25 'alloca' 'window_21' <Predicate = true> <Delay = 0.00>
ST_1 : Operation 26 [1/1] (0.00ns)   --->   "%window_22 = alloca i32 1"   --->   Operation 26 'alloca' 'window_22' <Predicate = true> <Delay = 0.00>
ST_1 : Operation 27 [1/1] (0.00ns)   --->   "%window_23 = alloca i32 1"   --->   Operation 27 'alloca' 'window_23' <Predicate = true> <Delay = 0.00>
ST_1 : Operation 28 [1/1] (0.00ns)   --->   "%window_24 = alloca i32 1"   --->   Operation 28 'alloca' 'window_24' <Predicate = true> <Delay = 0.00>
ST_1 : Operation 29 [1/1] (0.00ns)   --->   "%window_25 = alloca i32 1"   --->   Operation 29 'alloca' 'window_25' <Predicate = true> <Delay = 0.00>
ST_1 : Operation 30 [1/1] (0.00ns)   --->   "%window_26 = alloca i32 1"   --->   Operation 30 'alloca' 'window_26' <Predicate = true> <Delay = 0.00>
ST_1 : Operation 31 [1/1] (0.00ns)   --->   "%zext_ln58_read = read i5 @_ssdm_op_Read.ap_auto.i5, i5 %zext_ln58"   --->   Operation 31 'read' 'zext_ln58_read' <Predicate = true> <Delay = 0.00>
ST_1 : Operation 32 [1/1] (0.00ns)   --->   "%select_ln139_1_read = read i5 @_ssdm_op_Read.ap_auto.i5, i5 %select_ln139_1"   --->   Operation 32 'read' 'select_ln139_1_read' <Predicate = true> <Delay = 0.00>
ST_1 : Operation 33 [1/1] (0.00ns)   --->   "%mux_case_088_read = read i32 @_ssdm_op_Read.ap_auto.float, i32 %mux_case_088"   --->   Operation 33 'read' 'mux_case_088_read' <Predicate = true> <Delay = 0.00>
ST_1 : Operation 34 [1/1] (0.00ns)   --->   "%mux_case_198_read = read i32 @_ssdm_op_Read.ap_auto.float, i32 %mux_case_198"   --->   Operation 34 'read' 'mux_case_198_read' <Predicate = true> <Delay = 0.00>
ST_1 : Operation 35 [1/1] (0.00ns)   --->   "%mux_case_2108_read = read i32 @_ssdm_op_Read.ap_auto.float, i32 %mux_case_2108"   --->   Operation 35 'read' 'mux_case_2108_read' <Predicate = true> <Delay = 0.00>
ST_1 : Operation 36 [1/1] (0.00ns)   --->   "%mux_case_077118_read = read i32 @_ssdm_op_Read.ap_auto.float, i32 %mux_case_077118"   --->   Operation 36 'read' 'mux_case_077118_read' <Predicate = true> <Delay = 0.00>
ST_1 : Operation 37 [1/1] (0.00ns)   --->   "%mux_case_179128_read = read i32 @_ssdm_op_Read.ap_auto.float, i32 %mux_case_179128"   --->   Operation 37 'read' 'mux_case_179128_read' <Predicate = true> <Delay = 0.00>
ST_1 : Operation 38 [1/1] (0.00ns)   --->   "%mux_case_281138_read = read i32 @_ssdm_op_Read.ap_auto.float, i32 %mux_case_281138"   --->   Operation 38 'read' 'mux_case_281138_read' <Predicate = true> <Delay = 0.00>
ST_1 : Operation 39 [1/1] (0.00ns)   --->   "%window_i_1_1_promoted179_read = read i32 @_ssdm_op_Read.ap_auto.float, i32 %window_i_1_1_promoted179"   --->   Operation 39 'read' 'window_i_1_1_promoted179_read' <Predicate = true> <Delay = 0.00>
ST_1 : Operation 40 [1/1] (0.00ns)   --->   "%window_i_1_0_promoted181_read = read i32 @_ssdm_op_Read.ap_auto.float, i32 %window_i_1_0_promoted181"   --->   Operation 40 'read' 'window_i_1_0_promoted181_read' <Predicate = true> <Delay = 0.00>
ST_1 : Operation 41 [1/1] (0.00ns)   --->   "%window_i_1_2_promoted183_read = read i32 @_ssdm_op_Read.ap_auto.float, i32 %window_i_1_2_promoted183"   --->   Operation 41 'read' 'window_i_1_2_promoted183_read' <Predicate = true> <Delay = 0.00>
ST_1 : Operation 42 [1/1] (0.00ns)   --->   "%window_i_0_1_promoted185_read = read i32 @_ssdm_op_Read.ap_auto.float, i32 %window_i_0_1_promoted185"   --->   Operation 42 'read' 'window_i_0_1_promoted185_read' <Predicate = true> <Delay = 0.00>
ST_1 : Operation 43 [1/1] (0.00ns)   --->   "%window_i_0_0_promoted187_read = read i32 @_ssdm_op_Read.ap_auto.float, i32 %window_i_0_0_promoted187"   --->   Operation 43 'read' 'window_i_0_0_promoted187_read' <Predicate = true> <Delay = 0.00>
ST_1 : Operation 44 [1/1] (0.00ns)   --->   "%window_i_0_2_promoted189_read = read i32 @_ssdm_op_Read.ap_auto.float, i32 %window_i_0_2_promoted189"   --->   Operation 44 'read' 'window_i_0_2_promoted189_read' <Predicate = true> <Delay = 0.00>
ST_1 : Operation 45 [1/1] (0.00ns)   --->   "%window_i_2_1_promoted191_read = read i32 @_ssdm_op_Read.ap_auto.float, i32 %window_i_2_1_promoted191"   --->   Operation 45 'read' 'window_i_2_1_promoted191_read' <Predicate = true> <Delay = 0.00>
ST_1 : Operation 46 [1/1] (0.00ns)   --->   "%window_i_2_0_promoted193_read = read i32 @_ssdm_op_Read.ap_auto.float, i32 %window_i_2_0_promoted193"   --->   Operation 46 'read' 'window_i_2_0_promoted193_read' <Predicate = true> <Delay = 0.00>
ST_1 : Operation 47 [1/1] (0.00ns)   --->   "%window_i_2_2_promoted195_read = read i32 @_ssdm_op_Read.ap_auto.float, i32 %window_i_2_2_promoted195"   --->   Operation 47 'read' 'window_i_2_2_promoted195_read' <Predicate = true> <Delay = 0.00>
ST_1 : Operation 48 [1/1] (0.00ns)   --->   "%window1629_read = read i32 @_ssdm_op_Read.ap_auto.float, i32 %window1629"   --->   Operation 48 'read' 'window1629_read' <Predicate = true> <Delay = 0.00>
ST_1 : Operation 49 [1/1] (0.00ns)   --->   "%window_11735_read = read i32 @_ssdm_op_Read.ap_auto.float, i32 %window_11735"   --->   Operation 49 'read' 'window_11735_read' <Predicate = true> <Delay = 0.00>
ST_1 : Operation 50 [1/1] (0.00ns)   --->   "%window_21841_read = read i32 @_ssdm_op_Read.ap_auto.float, i32 %window_21841"   --->   Operation 50 'read' 'window_21841_read' <Predicate = true> <Delay = 0.00>
ST_1 : Operation 51 [1/1] (0.00ns)   --->   "%window_31947_read = read i32 @_ssdm_op_Read.ap_auto.float, i32 %window_31947"   --->   Operation 51 'read' 'window_31947_read' <Predicate = true> <Delay = 0.00>
ST_1 : Operation 52 [1/1] (0.00ns)   --->   "%window_42053_read = read i32 @_ssdm_op_Read.ap_auto.float, i32 %window_42053"   --->   Operation 52 'read' 'window_42053_read' <Predicate = true> <Delay = 0.00>
ST_1 : Operation 53 [1/1] (0.00ns)   --->   "%window_52159_read = read i32 @_ssdm_op_Read.ap_auto.float, i32 %window_52159"   --->   Operation 53 'read' 'window_52159_read' <Predicate = true> <Delay = 0.00>
ST_1 : Operation 54 [1/1] (0.00ns)   --->   "%window_62265_read = read i32 @_ssdm_op_Read.ap_auto.float, i32 %window_62265"   --->   Operation 54 'read' 'window_62265_read' <Predicate = true> <Delay = 0.00>
ST_1 : Operation 55 [1/1] (0.00ns)   --->   "%window_72371_read = read i32 @_ssdm_op_Read.ap_auto.float, i32 %window_72371"   --->   Operation 55 'read' 'window_72371_read' <Predicate = true> <Delay = 0.00>
ST_1 : Operation 56 [1/1] (0.00ns)   --->   "%window_82477_read = read i32 @_ssdm_op_Read.ap_auto.float, i32 %window_82477"   --->   Operation 56 'read' 'window_82477_read' <Predicate = true> <Delay = 0.00>
ST_1 : Operation 57 [1/1] (0.00ns)   --->   "%zext_ln58_cast = zext i5 %zext_ln58_read"   --->   Operation 57 'zext' 'zext_ln58_cast' <Predicate = true> <Delay = 0.00>
ST_1 : Operation 58 [1/1] (1.58ns)   --->   "%store_ln0 = store i32 %window_82477_read, i32 %window_26"   --->   Operation 58 'store' 'store_ln0' <Predicate = true> <Delay = 1.58>
ST_1 : Operation 59 [1/1] (1.58ns)   --->   "%store_ln0 = store i32 %window_72371_read, i32 %window_25"   --->   Operation 59 'store' 'store_ln0' <Predicate = true> <Delay = 1.58>
ST_1 : Operation 60 [1/1] (1.58ns)   --->   "%store_ln0 = store i32 %window_62265_read, i32 %window_24"   --->   Operation 60 'store' 'store_ln0' <Predicate = true> <Delay = 1.58>
ST_1 : Operation 61 [1/1] (1.58ns)   --->   "%store_ln0 = store i32 %window_52159_read, i32 %window_23"   --->   Operation 61 'store' 'store_ln0' <Predicate = true> <Delay = 1.58>
ST_1 : Operation 62 [1/1] (1.58ns)   --->   "%store_ln0 = store i32 %window_42053_read, i32 %window_22"   --->   Operation 62 'store' 'store_ln0' <Predicate = true> <Delay = 1.58>
ST_1 : Operation 63 [1/1] (1.58ns)   --->   "%store_ln0 = store i32 %window_31947_read, i32 %window_21"   --->   Operation 63 'store' 'store_ln0' <Predicate = true> <Delay = 1.58>
ST_1 : Operation 64 [1/1] (1.58ns)   --->   "%store_ln0 = store i32 %window_21841_read, i32 %window_20"   --->   Operation 64 'store' 'store_ln0' <Predicate = true> <Delay = 1.58>
ST_1 : Operation 65 [1/1] (1.58ns)   --->   "%store_ln0 = store i32 %window_11735_read, i32 %window_19"   --->   Operation 65 'store' 'store_ln0' <Predicate = true> <Delay = 1.58>
ST_1 : Operation 66 [1/1] (1.58ns)   --->   "%store_ln0 = store i32 %window1629_read, i32 %window_18"   --->   Operation 66 'store' 'store_ln0' <Predicate = true> <Delay = 1.58>
ST_1 : Operation 67 [1/1] (1.58ns)   --->   "%store_ln0 = store i32 %window_i_2_2_promoted195_read, i32 %window_17"   --->   Operation 67 'store' 'store_ln0' <Predicate = true> <Delay = 1.58>
ST_1 : Operation 68 [1/1] (1.58ns)   --->   "%store_ln0 = store i32 %window_i_2_0_promoted193_read, i32 %window_16"   --->   Operation 68 'store' 'store_ln0' <Predicate = true> <Delay = 1.58>
ST_1 : Operation 69 [1/1] (1.58ns)   --->   "%store_ln0 = store i32 %window_i_2_1_promoted191_read, i32 %window_15"   --->   Operation 69 'store' 'store_ln0' <Predicate = true> <Delay = 1.58>
ST_1 : Operation 70 [1/1] (1.58ns)   --->   "%store_ln0 = store i32 %window_i_0_2_promoted189_read, i32 %window_14"   --->   Operation 70 'store' 'store_ln0' <Predicate = true> <Delay = 1.58>
ST_1 : Operation 71 [1/1] (1.58ns)   --->   "%store_ln0 = store i32 %window_i_0_0_promoted187_read, i32 %window_13"   --->   Operation 71 'store' 'store_ln0' <Predicate = true> <Delay = 1.58>
ST_1 : Operation 72 [1/1] (1.58ns)   --->   "%store_ln0 = store i32 %window_i_0_1_promoted185_read, i32 %window_12"   --->   Operation 72 'store' 'store_ln0' <Predicate = true> <Delay = 1.58>
ST_1 : Operation 73 [1/1] (1.58ns)   --->   "%store_ln0 = store i32 %window_i_1_2_promoted183_read, i32 %window_11"   --->   Operation 73 'store' 'store_ln0' <Predicate = true> <Delay = 1.58>
ST_1 : Operation 74 [1/1] (1.58ns)   --->   "%store_ln0 = store i32 %window_i_1_0_promoted181_read, i32 %window_10"   --->   Operation 74 'store' 'store_ln0' <Predicate = true> <Delay = 1.58>
ST_1 : Operation 75 [1/1] (1.58ns)   --->   "%store_ln0 = store i32 %window_i_1_1_promoted179_read, i32 %window_9"   --->   Operation 75 'store' 'store_ln0' <Predicate = true> <Delay = 1.58>
ST_1 : Operation 76 [1/1] (1.58ns)   --->   "%store_ln0 = store i32 %mux_case_281138_read, i32 %window_8"   --->   Operation 76 'store' 'store_ln0' <Predicate = true> <Delay = 1.58>
ST_1 : Operation 77 [1/1] (1.58ns)   --->   "%store_ln0 = store i32 %mux_case_179128_read, i32 %window_7"   --->   Operation 77 'store' 'store_ln0' <Predicate = true> <Delay = 1.58>
ST_1 : Operation 78 [1/1] (1.58ns)   --->   "%store_ln0 = store i32 %mux_case_077118_read, i32 %window_6"   --->   Operation 78 'store' 'store_ln0' <Predicate = true> <Delay = 1.58>
ST_1 : Operation 79 [1/1] (1.58ns)   --->   "%store_ln0 = store i32 %mux_case_2108_read, i32 %window_5"   --->   Operation 79 'store' 'store_ln0' <Predicate = true> <Delay = 1.58>
ST_1 : Operation 80 [1/1] (1.58ns)   --->   "%store_ln0 = store i32 %mux_case_198_read, i32 %window_4"   --->   Operation 80 'store' 'store_ln0' <Predicate = true> <Delay = 1.58>
ST_1 : Operation 81 [1/1] (1.58ns)   --->   "%store_ln0 = store i32 %mux_case_088_read, i32 %window_3"   --->   Operation 81 'store' 'store_ln0' <Predicate = true> <Delay = 1.58>
ST_1 : Operation 82 [1/1] (1.58ns)   --->   "%store_ln0 = store i2 0, i2 %wi"   --->   Operation 82 'store' 'store_ln0' <Predicate = true> <Delay = 1.58>
ST_1 : Operation 83 [1/1] (0.00ns)   --->   "%br_ln0 = br void %for.body22.i.i"   --->   Operation 83 'br' 'br_ln0' <Predicate = true> <Delay = 0.00>
ST_1 : Operation 84 [1/1] (0.00ns)   --->   "%wi_1 = load i2 %wi" [codes_lab5/HLS_sources_final/templatedFuncs.h:58]   --->   Operation 84 'load' 'wi_1' <Predicate = true> <Delay = 0.00>
ST_1 : Operation 85 [1/1] (0.95ns)   --->   "%icmp_ln58 = icmp_eq  i2 %wi_1, i2 3" [codes_lab5/HLS_sources_final/templatedFuncs.h:58]   --->   Operation 85 'icmp' 'icmp_ln58' <Predicate = true> <Delay = 0.95> <CoreInst = "Cmp">   --->   Core 9 'Cmp' <Latency = 0> <II = 1> <Delay = 0.95> <FuncUnit> <Opcode : 'icmp'> <InPorts = 2> <OutPorts = 1>
ST_1 : Operation 86 [1/1] (0.00ns)   --->   "%empty = speclooptripcount i32 @_ssdm_op_SpecLoopTripCount, i64 3, i64 3, i64 3"   --->   Operation 86 'speclooptripcount' 'empty' <Predicate = true> <Delay = 0.00>
ST_1 : Operation 87 [1/1] (1.56ns)   --->   "%add_ln58 = add i2 %wi_1, i2 1" [codes_lab5/HLS_sources_final/templatedFuncs.h:58]   --->   Operation 87 'add' 'add_ln58' <Predicate = true> <Delay = 1.56> <CoreInst = "Adder">   --->   Core 1 'Adder' <Latency = 0> <II = 1> <Delay = 1.56> <FuncUnit> <Opcode : 'add' 'sub'> <InPorts = 2> <OutPorts = 1>
ST_1 : Operation 88 [1/1] (0.00ns)   --->   "%br_ln58 = br i1 %icmp_ln58, void %for.body22.i.i.split, void %cond.true.i.loopexit.exitStub" [codes_lab5/HLS_sources_final/templatedFuncs.h:58]   --->   Operation 88 'br' 'br_ln58' <Predicate = true> <Delay = 0.00>
ST_1 : Operation 89 [1/1] (0.00ns)   --->   "%zext_ln58_1 = zext i2 %wi_1" [codes_lab5/HLS_sources_final/templatedFuncs.h:58]   --->   Operation 89 'zext' 'zext_ln58_1' <Predicate = (!icmp_ln58)> <Delay = 0.00>
ST_1 : Operation 90 [1/1] (0.95ns)   --->   "%switch_ln61 = switch i2 %wi_1, void %arrayidx282.i12.i.case.2, i2 0, void %for.body22.i.i.split.arrayidx282.i12.i.exit_crit_edge, i2 1, void %for.body22.i.i.split.arrayidx282.i12.i.exit_crit_edge32" [codes_lab5/HLS_sources_final/templatedFuncs.h:61]   --->   Operation 90 'switch' 'switch_ln61' <Predicate = (!icmp_ln58)> <Delay = 0.95>
ST_1 : Operation 91 [1/1] (1.78ns)   --->   "%add_ln66 = add i5 %select_ln139_1_read, i5 %zext_ln58_1" [codes_lab5/HLS_sources_final/templatedFuncs.h:66]   --->   Operation 91 'add' 'add_ln66' <Predicate = (!icmp_ln58)> <Delay = 1.78> <CoreInst = "Adder">   --->   Core 1 'Adder' <Latency = 0> <II = 1> <Delay = 1.78> <FuncUnit> <Opcode : 'add' 'sub'> <InPorts = 2> <OutPorts = 1>
ST_1 : Operation 92 [1/1] (0.95ns)   --->   "%switch_ln66 = switch i2 %wi_1, void %arrayidx313.i13.i.case.2, i2 0, void %arrayidx251.i11.i.exit.arrayidx313.i13.i.exit_crit_edge, i2 1, void %arrayidx251.i11.i.exit.arrayidx313.i13.i.exit_crit_edge30" [codes_lab5/HLS_sources_final/templatedFuncs.h:66]   --->   Operation 92 'switch' 'switch_ln66' <Predicate = (!icmp_ln58)> <Delay = 0.95>
ST_1 : Operation 93 [1/1] (1.58ns)   --->   "%store_ln58 = store i2 %add_ln58, i2 %wi" [codes_lab5/HLS_sources_final/templatedFuncs.h:58]   --->   Operation 93 'store' 'store_ln58' <Predicate = (!icmp_ln58)> <Delay = 1.58>
ST_1 : Operation 94 [1/1] (0.00ns)   --->   "%br_ln58 = br void %for.body22.i.i" [codes_lab5/HLS_sources_final/templatedFuncs.h:58]   --->   Operation 94 'br' 'br_ln58' <Predicate = (!icmp_ln58)> <Delay = 0.00>

State 2 <SV = 1> <Delay = 6.98>
ST_2 : Operation 95 [1/1] (0.00ns)   --->   "%tmp_s = bitconcatenate i10 @_ssdm_op_BitConcatenate.i10.i5.i5, i5 %add_ln66, i5 0" [codes_lab5/HLS_sources_final/templatedFuncs.h:66]   --->   Operation 95 'bitconcatenate' 'tmp_s' <Predicate = true> <Delay = 0.00>
ST_2 : Operation 96 [1/1] (0.00ns)   --->   "%tmp_22 = bitconcatenate i7 @_ssdm_op_BitConcatenate.i7.i5.i2, i5 %add_ln66, i2 0" [codes_lab5/HLS_sources_final/templatedFuncs.h:66]   --->   Operation 96 'bitconcatenate' 'tmp_22' <Predicate = true> <Delay = 0.00>
ST_2 : Operation 97 [1/1] (0.00ns)   --->   "%zext_ln66 = zext i7 %tmp_22" [codes_lab5/HLS_sources_final/templatedFuncs.h:66]   --->   Operation 97 'zext' 'zext_ln66' <Predicate = true> <Delay = 0.00>
ST_2 : Operation 98 [1/1] (0.00ns) (grouped into TernaryAdder)   --->   "%newFirst = sub i10 %zext_ln58_cast, i10 %zext_ln66" [codes_lab5/HLS_sources_final/templatedFuncs.h:66]   --->   Operation 98 'sub' 'newFirst' <Predicate = true> <Delay = 0.00> <CoreInst = "TAddSub">   --->   Core 10 'TAddSub' <Latency = 0> <II = 1> <Delay = 1.86> <IPBlock> <Opcode : 'add' 'sub'> <InPorts = 3> <OutPorts = 1> <Sync> <CReg>
ST_2 : Operation 99 [1/1] (3.72ns) (root node of TernaryAdder)   --->   "%newSecond = add i10 %tmp_s, i10 %newFirst" [codes_lab5/HLS_sources_final/templatedFuncs.h:66]   --->   Operation 99 'add' 'newSecond' <Predicate = true> <Delay = 3.72> <CoreInst = "TAddSub">   --->   Core 10 'TAddSub' <Latency = 0> <II = 1> <Delay = 1.86> <IPBlock> <Opcode : 'add' 'sub'> <InPorts = 3> <OutPorts = 1> <Sync> <CReg>
ST_2 : Operation 100 [1/1] (0.00ns)   --->   "%zext_ln66_1 = zext i10 %newSecond" [codes_lab5/HLS_sources_final/templatedFuncs.h:66]   --->   Operation 100 'zext' 'zext_ln66_1' <Predicate = true> <Delay = 0.00>
ST_2 : Operation 101 [1/1] (0.00ns)   --->   "%mem_1_0_addr = getelementptr i32 %mem_1_0, i64 0, i64 %zext_ln66_1" [codes_lab5/HLS_sources_final/templatedFuncs.h:66]   --->   Operation 101 'getelementptr' 'mem_1_0_addr' <Predicate = true> <Delay = 0.00>
ST_2 : Operation 102 [2/2] (3.25ns)   --->   "%window_27 = load i10 %mem_1_0_addr" [codes_lab5/HLS_sources_final/templatedFuncs.h:66]   --->   Operation 102 'load' 'window_27' <Predicate = true> <Delay = 3.25> <CoreInst = "RAM">   --->   Core 82 'RAM' <Latency = 1> <II = 1> <Delay = 3.25> <Storage> <Opcode : 'load' 'store'> <Ports = 2> <Width = 32> <Depth = 784> <RAM>
ST_2 : Operation 148 [1/1] (0.00ns)   --->   "%window_3_load = load i32 %window_3"   --->   Operation 148 'load' 'window_3_load' <Predicate = (icmp_ln58)> <Delay = 0.00>
ST_2 : Operation 149 [1/1] (0.00ns)   --->   "%window_4_load = load i32 %window_4"   --->   Operation 149 'load' 'window_4_load' <Predicate = (icmp_ln58)> <Delay = 0.00>
ST_2 : Operation 150 [1/1] (0.00ns)   --->   "%window_5_load = load i32 %window_5"   --->   Operation 150 'load' 'window_5_load' <Predicate = (icmp_ln58)> <Delay = 0.00>
ST_2 : Operation 151 [1/1] (0.00ns)   --->   "%window_6_load = load i32 %window_6"   --->   Operation 151 'load' 'window_6_load' <Predicate = (icmp_ln58)> <Delay = 0.00>
ST_2 : Operation 152 [1/1] (0.00ns)   --->   "%window_7_load = load i32 %window_7"   --->   Operation 152 'load' 'window_7_load' <Predicate = (icmp_ln58)> <Delay = 0.00>
ST_2 : Operation 153 [1/1] (0.00ns)   --->   "%window_8_load = load i32 %window_8"   --->   Operation 153 'load' 'window_8_load' <Predicate = (icmp_ln58)> <Delay = 0.00>
ST_2 : Operation 154 [1/1] (0.00ns)   --->   "%window_9_load = load i32 %window_9"   --->   Operation 154 'load' 'window_9_load' <Predicate = (icmp_ln58)> <Delay = 0.00>
ST_2 : Operation 155 [1/1] (0.00ns)   --->   "%window_10_load = load i32 %window_10"   --->   Operation 155 'load' 'window_10_load' <Predicate = (icmp_ln58)> <Delay = 0.00>
ST_2 : Operation 156 [1/1] (0.00ns)   --->   "%window_11_load = load i32 %window_11"   --->   Operation 156 'load' 'window_11_load' <Predicate = (icmp_ln58)> <Delay = 0.00>
ST_2 : Operation 157 [1/1] (0.00ns)   --->   "%window_12_load = load i32 %window_12"   --->   Operation 157 'load' 'window_12_load' <Predicate = (icmp_ln58)> <Delay = 0.00>
ST_2 : Operation 158 [1/1] (0.00ns)   --->   "%window_13_load = load i32 %window_13"   --->   Operation 158 'load' 'window_13_load' <Predicate = (icmp_ln58)> <Delay = 0.00>
ST_2 : Operation 159 [1/1] (0.00ns)   --->   "%window_14_load = load i32 %window_14"   --->   Operation 159 'load' 'window_14_load' <Predicate = (icmp_ln58)> <Delay = 0.00>
ST_2 : Operation 160 [1/1] (0.00ns)   --->   "%window_15_load = load i32 %window_15"   --->   Operation 160 'load' 'window_15_load' <Predicate = (icmp_ln58)> <Delay = 0.00>
ST_2 : Operation 161 [1/1] (0.00ns)   --->   "%window_16_load = load i32 %window_16"   --->   Operation 161 'load' 'window_16_load' <Predicate = (icmp_ln58)> <Delay = 0.00>
ST_2 : Operation 162 [1/1] (0.00ns)   --->   "%window_17_load = load i32 %window_17"   --->   Operation 162 'load' 'window_17_load' <Predicate = (icmp_ln58)> <Delay = 0.00>
ST_2 : Operation 163 [1/1] (0.00ns)   --->   "%window_18_load = load i32 %window_18"   --->   Operation 163 'load' 'window_18_load' <Predicate = (icmp_ln58)> <Delay = 0.00>
ST_2 : Operation 164 [1/1] (0.00ns)   --->   "%window_19_load = load i32 %window_19"   --->   Operation 164 'load' 'window_19_load' <Predicate = (icmp_ln58)> <Delay = 0.00>
ST_2 : Operation 165 [1/1] (0.00ns)   --->   "%window_20_load = load i32 %window_20"   --->   Operation 165 'load' 'window_20_load' <Predicate = (icmp_ln58)> <Delay = 0.00>
ST_2 : Operation 166 [1/1] (0.00ns)   --->   "%window_21_load = load i32 %window_21"   --->   Operation 166 'load' 'window_21_load' <Predicate = (icmp_ln58)> <Delay = 0.00>
ST_2 : Operation 167 [1/1] (0.00ns)   --->   "%window_22_load = load i32 %window_22"   --->   Operation 167 'load' 'window_22_load' <Predicate = (icmp_ln58)> <Delay = 0.00>
ST_2 : Operation 168 [1/1] (0.00ns)   --->   "%window_23_load = load i32 %window_23"   --->   Operation 168 'load' 'window_23_load' <Predicate = (icmp_ln58)> <Delay = 0.00>
ST_2 : Operation 169 [1/1] (0.00ns)   --->   "%window_24_load = load i32 %window_24"   --->   Operation 169 'load' 'window_24_load' <Predicate = (icmp_ln58)> <Delay = 0.00>
ST_2 : Operation 170 [1/1] (0.00ns)   --->   "%window_25_load = load i32 %window_25"   --->   Operation 170 'load' 'window_25_load' <Predicate = (icmp_ln58)> <Delay = 0.00>
ST_2 : Operation 171 [1/1] (0.00ns)   --->   "%window_26_load = load i32 %window_26"   --->   Operation 171 'load' 'window_26_load' <Predicate = (icmp_ln58)> <Delay = 0.00>
ST_2 : Operation 172 [1/1] (0.00ns)   --->   "%write_ln0 = write void @_ssdm_op_Write.ap_auto.floatP0A, i32 %window_82474_out, i32 %window_26_load"   --->   Operation 172 'write' 'write_ln0' <Predicate = (icmp_ln58)> <Delay = 0.00>
ST_2 : Operation 173 [1/1] (0.00ns)   --->   "%write_ln0 = write void @_ssdm_op_Write.ap_auto.floatP0A, i32 %window_72368_out, i32 %window_25_load"   --->   Operation 173 'write' 'write_ln0' <Predicate = (icmp_ln58)> <Delay = 0.00>
ST_2 : Operation 174 [1/1] (0.00ns)   --->   "%write_ln0 = write void @_ssdm_op_Write.ap_auto.floatP0A, i32 %window_62262_out, i32 %window_24_load"   --->   Operation 174 'write' 'write_ln0' <Predicate = (icmp_ln58)> <Delay = 0.00>
ST_2 : Operation 175 [1/1] (0.00ns)   --->   "%write_ln0 = write void @_ssdm_op_Write.ap_auto.floatP0A, i32 %window_52156_out, i32 %window_23_load"   --->   Operation 175 'write' 'write_ln0' <Predicate = (icmp_ln58)> <Delay = 0.00>
ST_2 : Operation 176 [1/1] (0.00ns)   --->   "%write_ln0 = write void @_ssdm_op_Write.ap_auto.floatP0A, i32 %window_42050_out, i32 %window_22_load"   --->   Operation 176 'write' 'write_ln0' <Predicate = (icmp_ln58)> <Delay = 0.00>
ST_2 : Operation 177 [1/1] (0.00ns)   --->   "%write_ln0 = write void @_ssdm_op_Write.ap_auto.floatP0A, i32 %window_31944_out, i32 %window_21_load"   --->   Operation 177 'write' 'write_ln0' <Predicate = (icmp_ln58)> <Delay = 0.00>
ST_2 : Operation 178 [1/1] (0.00ns)   --->   "%write_ln0 = write void @_ssdm_op_Write.ap_auto.floatP0A, i32 %window_21838_out, i32 %window_20_load"   --->   Operation 178 'write' 'write_ln0' <Predicate = (icmp_ln58)> <Delay = 0.00>
ST_2 : Operation 179 [1/1] (0.00ns)   --->   "%write_ln0 = write void @_ssdm_op_Write.ap_auto.floatP0A, i32 %window_11732_out, i32 %window_19_load"   --->   Operation 179 'write' 'write_ln0' <Predicate = (icmp_ln58)> <Delay = 0.00>
ST_2 : Operation 180 [1/1] (0.00ns)   --->   "%write_ln0 = write void @_ssdm_op_Write.ap_auto.floatP0A, i32 %window1626_out, i32 %window_18_load"   --->   Operation 180 'write' 'write_ln0' <Predicate = (icmp_ln58)> <Delay = 0.00>
ST_2 : Operation 181 [1/1] (0.00ns)   --->   "%write_ln0 = write void @_ssdm_op_Write.ap_auto.floatP0A, i32 %window_i_2_2_promoted195256_out, i32 %window_17_load"   --->   Operation 181 'write' 'write_ln0' <Predicate = (icmp_ln58)> <Delay = 0.00>
ST_2 : Operation 182 [1/1] (0.00ns)   --->   "%write_ln0 = write void @_ssdm_op_Write.ap_auto.floatP0A, i32 %window_i_2_0_promoted193250_out, i32 %window_16_load"   --->   Operation 182 'write' 'write_ln0' <Predicate = (icmp_ln58)> <Delay = 0.00>
ST_2 : Operation 183 [1/1] (0.00ns)   --->   "%write_ln0 = write void @_ssdm_op_Write.ap_auto.floatP0A, i32 %window_i_2_1_promoted191244_out, i32 %window_15_load"   --->   Operation 183 'write' 'write_ln0' <Predicate = (icmp_ln58)> <Delay = 0.00>
ST_2 : Operation 184 [1/1] (0.00ns)   --->   "%write_ln0 = write void @_ssdm_op_Write.ap_auto.floatP0A, i32 %window_i_0_2_promoted189238_out, i32 %window_14_load"   --->   Operation 184 'write' 'write_ln0' <Predicate = (icmp_ln58)> <Delay = 0.00>
ST_2 : Operation 185 [1/1] (0.00ns)   --->   "%write_ln0 = write void @_ssdm_op_Write.ap_auto.floatP0A, i32 %window_i_0_0_promoted187232_out, i32 %window_13_load"   --->   Operation 185 'write' 'write_ln0' <Predicate = (icmp_ln58)> <Delay = 0.00>
ST_2 : Operation 186 [1/1] (0.00ns)   --->   "%write_ln0 = write void @_ssdm_op_Write.ap_auto.floatP0A, i32 %window_i_0_1_promoted185226_out, i32 %window_12_load"   --->   Operation 186 'write' 'write_ln0' <Predicate = (icmp_ln58)> <Delay = 0.00>
ST_2 : Operation 187 [1/1] (0.00ns)   --->   "%write_ln0 = write void @_ssdm_op_Write.ap_auto.floatP0A, i32 %window_i_1_2_promoted183220_out, i32 %window_11_load"   --->   Operation 187 'write' 'write_ln0' <Predicate = (icmp_ln58)> <Delay = 0.00>
ST_2 : Operation 188 [1/1] (0.00ns)   --->   "%write_ln0 = write void @_ssdm_op_Write.ap_auto.floatP0A, i32 %window_i_1_0_promoted181214_out, i32 %window_10_load"   --->   Operation 188 'write' 'write_ln0' <Predicate = (icmp_ln58)> <Delay = 0.00>
ST_2 : Operation 189 [1/1] (0.00ns)   --->   "%write_ln0 = write void @_ssdm_op_Write.ap_auto.floatP0A, i32 %window_i_1_1_promoted179208_out, i32 %window_9_load"   --->   Operation 189 'write' 'write_ln0' <Predicate = (icmp_ln58)> <Delay = 0.00>
ST_2 : Operation 190 [1/1] (0.00ns)   --->   "%write_ln0 = write void @_ssdm_op_Write.ap_auto.floatP0A, i32 %mux_case_281_out, i32 %window_8_load"   --->   Operation 190 'write' 'write_ln0' <Predicate = (icmp_ln58)> <Delay = 0.00>
ST_2 : Operation 191 [1/1] (0.00ns)   --->   "%write_ln0 = write void @_ssdm_op_Write.ap_auto.floatP0A, i32 %mux_case_179_out, i32 %window_7_load"   --->   Operation 191 'write' 'write_ln0' <Predicate = (icmp_ln58)> <Delay = 0.00>
ST_2 : Operation 192 [1/1] (0.00ns)   --->   "%write_ln0 = write void @_ssdm_op_Write.ap_auto.floatP0A, i32 %mux_case_077_out, i32 %window_6_load"   --->   Operation 192 'write' 'write_ln0' <Predicate = (icmp_ln58)> <Delay = 0.00>
ST_2 : Operation 193 [1/1] (0.00ns)   --->   "%write_ln0 = write void @_ssdm_op_Write.ap_auto.floatP0A, i32 %mux_case_2_out, i32 %window_5_load"   --->   Operation 193 'write' 'write_ln0' <Predicate = (icmp_ln58)> <Delay = 0.00>
ST_2 : Operation 194 [1/1] (0.00ns)   --->   "%write_ln0 = write void @_ssdm_op_Write.ap_auto.floatP0A, i32 %mux_case_1_out, i32 %window_4_load"   --->   Operation 194 'write' 'write_ln0' <Predicate = (icmp_ln58)> <Delay = 0.00>
ST_2 : Operation 195 [1/1] (0.00ns)   --->   "%write_ln0 = write void @_ssdm_op_Write.ap_auto.floatP0A, i32 %mux_case_0_out, i32 %window_3_load"   --->   Operation 195 'write' 'write_ln0' <Predicate = (icmp_ln58)> <Delay = 0.00>
ST_2 : Operation 196 [1/1] (0.00ns)   --->   "%ret_ln0 = ret"   --->   Operation 196 'ret' 'ret_ln0' <Predicate = (icmp_ln58)> <Delay = 0.00>

State 3 <SV = 2> <Delay = 4.84>
ST_3 : Operation 103 [1/1] (0.00ns)   --->   "%window_3_load_1 = load i32 %window_3" [codes_lab5/HLS_sources_final/templatedFuncs.h:61]   --->   Operation 103 'load' 'window_3_load_1' <Predicate = true> <Delay = 0.00>
ST_3 : Operation 104 [1/1] (0.00ns)   --->   "%window_4_load_1 = load i32 %window_4" [codes_lab5/HLS_sources_final/templatedFuncs.h:61]   --->   Operation 104 'load' 'window_4_load_1' <Predicate = true> <Delay = 0.00>
ST_3 : Operation 105 [1/1] (0.00ns)   --->   "%window_5_load_1 = load i32 %window_5" [codes_lab5/HLS_sources_final/templatedFuncs.h:61]   --->   Operation 105 'load' 'window_5_load_1' <Predicate = true> <Delay = 0.00>
ST_3 : Operation 106 [1/1] (0.00ns)   --->   "%specpipeline_ln59 = specpipeline void @_ssdm_op_SpecPipeline, i32 4294967295, i32 0, i32 0, i32 0, void @empty_9" [codes_lab5/HLS_sources_final/templatedFuncs.h:59]   --->   Operation 106 'specpipeline' 'specpipeline_ln59' <Predicate = true> <Delay = 0.00>
ST_3 : Operation 107 [1/1] (0.00ns)   --->   "%specloopname_ln58 = specloopname void @_ssdm_op_SpecLoopName, void @empty_10" [codes_lab5/HLS_sources_final/templatedFuncs.h:58]   --->   Operation 107 'specloopname' 'specloopname_ln58' <Predicate = true> <Delay = 0.00>
ST_3 : Operation 108 [1/1] (1.70ns)   --->   "%window = mux i32 @_ssdm_op_Mux.ap_auto.3float.i2, i32 %window_3_load_1, i32 %window_4_load_1, i32 %window_5_load_1, i2 %wi_1" [codes_lab5/HLS_sources_final/templatedFuncs.h:61]   --->   Operation 108 'mux' 'window' <Predicate = true> <Delay = 1.70> <CoreInst = "Multiplexer">   --->   Core 76 'Multiplexer' <Latency = 0> <II = 1> <Delay = 1.70> <FuncUnit> <Opcode : 'mux'> <InPorts = 2> <OutPorts = 1>
ST_3 : Operation 109 [1/1] (1.58ns)   --->   "%store_ln61 = store i32 %window, i32 %window_21" [codes_lab5/HLS_sources_final/templatedFuncs.h:61]   --->   Operation 109 'store' 'store_ln61' <Predicate = (wi_1 == 1)> <Delay = 1.58>
ST_3 : Operation 110 [1/1] (1.58ns)   --->   "%store_ln61 = store i32 %window, i32 %window_10" [codes_lab5/HLS_sources_final/templatedFuncs.h:61]   --->   Operation 110 'store' 'store_ln61' <Predicate = (wi_1 == 1)> <Delay = 1.58>
ST_3 : Operation 111 [1/1] (0.00ns)   --->   "%br_ln61 = br void %arrayidx282.i12.i.exit" [codes_lab5/HLS_sources_final/templatedFuncs.h:61]   --->   Operation 111 'br' 'br_ln61' <Predicate = (wi_1 == 1)> <Delay = 0.00>
ST_3 : Operation 112 [1/1] (1.58ns)   --->   "%store_ln61 = store i32 %window, i32 %window_18" [codes_lab5/HLS_sources_final/templatedFuncs.h:61]   --->   Operation 112 'store' 'store_ln61' <Predicate = (wi_1 == 0)> <Delay = 1.58>
ST_3 : Operation 113 [1/1] (1.58ns)   --->   "%store_ln61 = store i32 %window, i32 %window_13" [codes_lab5/HLS_sources_final/templatedFuncs.h:61]   --->   Operation 113 'store' 'store_ln61' <Predicate = (wi_1 == 0)> <Delay = 1.58>
ST_3 : Operation 114 [1/1] (0.00ns)   --->   "%br_ln61 = br void %arrayidx282.i12.i.exit" [codes_lab5/HLS_sources_final/templatedFuncs.h:61]   --->   Operation 114 'br' 'br_ln61' <Predicate = (wi_1 == 0)> <Delay = 0.00>
ST_3 : Operation 115 [1/1] (1.58ns)   --->   "%store_ln61 = store i32 %window, i32 %window_24" [codes_lab5/HLS_sources_final/templatedFuncs.h:61]   --->   Operation 115 'store' 'store_ln61' <Predicate = (wi_1 != 0 & wi_1 != 1)> <Delay = 1.58>
ST_3 : Operation 116 [1/1] (1.58ns)   --->   "%store_ln61 = store i32 %window, i32 %window_16" [codes_lab5/HLS_sources_final/templatedFuncs.h:61]   --->   Operation 116 'store' 'store_ln61' <Predicate = (wi_1 != 0 & wi_1 != 1)> <Delay = 1.58>
ST_3 : Operation 117 [1/1] (0.00ns)   --->   "%br_ln61 = br void %arrayidx282.i12.i.exit" [codes_lab5/HLS_sources_final/templatedFuncs.h:61]   --->   Operation 117 'br' 'br_ln61' <Predicate = (wi_1 != 0 & wi_1 != 1)> <Delay = 0.00>
ST_3 : Operation 118 [1/1] (0.00ns)   --->   "%window_6_load_1 = load i32 %window_6" [codes_lab5/HLS_sources_final/templatedFuncs.h:62]   --->   Operation 118 'load' 'window_6_load_1' <Predicate = true> <Delay = 0.00>
ST_3 : Operation 119 [1/1] (0.00ns)   --->   "%window_7_load_1 = load i32 %window_7" [codes_lab5/HLS_sources_final/templatedFuncs.h:62]   --->   Operation 119 'load' 'window_7_load_1' <Predicate = true> <Delay = 0.00>
ST_3 : Operation 120 [1/1] (0.00ns)   --->   "%window_8_load_1 = load i32 %window_8" [codes_lab5/HLS_sources_final/templatedFuncs.h:62]   --->   Operation 120 'load' 'window_8_load_1' <Predicate = true> <Delay = 0.00>
ST_3 : Operation 121 [1/1] (1.70ns)   --->   "%window_1 = mux i32 @_ssdm_op_Mux.ap_auto.3float.i2, i32 %window_6_load_1, i32 %window_7_load_1, i32 %window_8_load_1, i2 %wi_1" [codes_lab5/HLS_sources_final/templatedFuncs.h:62]   --->   Operation 121 'mux' 'window_1' <Predicate = true> <Delay = 1.70> <CoreInst = "Multiplexer">   --->   Core 76 'Multiplexer' <Latency = 0> <II = 1> <Delay = 1.70> <FuncUnit> <Opcode : 'mux'> <InPorts = 2> <OutPorts = 1>
ST_3 : Operation 122 [1/1] (0.95ns)   --->   "%switch_ln62 = switch i2 %wi_1, void %arrayidx251.i11.i.case.2, i2 0, void %arrayidx282.i12.i.exit.arrayidx251.i11.i.exit_crit_edge, i2 1, void %arrayidx282.i12.i.exit.arrayidx251.i11.i.exit_crit_edge31" [codes_lab5/HLS_sources_final/templatedFuncs.h:62]   --->   Operation 122 'switch' 'switch_ln62' <Predicate = true> <Delay = 0.95>
ST_3 : Operation 123 [1/1] (1.58ns)   --->   "%store_ln62 = store i32 %window_1, i32 %window_22" [codes_lab5/HLS_sources_final/templatedFuncs.h:62]   --->   Operation 123 'store' 'store_ln62' <Predicate = (wi_1 == 1)> <Delay = 1.58>
ST_3 : Operation 124 [1/1] (1.58ns)   --->   "%store_ln62 = store i32 %window_1, i32 %window_9" [codes_lab5/HLS_sources_final/templatedFuncs.h:62]   --->   Operation 124 'store' 'store_ln62' <Predicate = (wi_1 == 1)> <Delay = 1.58>
ST_3 : Operation 125 [1/1] (1.58ns)   --->   "%store_ln62 = store i32 %window_1, i32 %window_4" [codes_lab5/HLS_sources_final/templatedFuncs.h:62]   --->   Operation 125 'store' 'store_ln62' <Predicate = (wi_1 == 1)> <Delay = 1.58>
ST_3 : Operation 126 [1/1] (0.00ns)   --->   "%br_ln62 = br void %arrayidx251.i11.i.exit" [codes_lab5/HLS_sources_final/templatedFuncs.h:62]   --->   Operation 126 'br' 'br_ln62' <Predicate = (wi_1 == 1)> <Delay = 0.00>
ST_3 : Operation 127 [1/1] (1.58ns)   --->   "%store_ln62 = store i32 %window_1, i32 %window_19" [codes_lab5/HLS_sources_final/templatedFuncs.h:62]   --->   Operation 127 'store' 'store_ln62' <Predicate = (wi_1 == 0)> <Delay = 1.58>
ST_3 : Operation 128 [1/1] (1.58ns)   --->   "%store_ln62 = store i32 %window_1, i32 %window_12" [codes_lab5/HLS_sources_final/templatedFuncs.h:62]   --->   Operation 128 'store' 'store_ln62' <Predicate = (wi_1 == 0)> <Delay = 1.58>
ST_3 : Operation 129 [1/1] (1.58ns)   --->   "%store_ln62 = store i32 %window_1, i32 %window_3" [codes_lab5/HLS_sources_final/templatedFuncs.h:62]   --->   Operation 129 'store' 'store_ln62' <Predicate = (wi_1 == 0)> <Delay = 1.58>
ST_3 : Operation 130 [1/1] (0.00ns)   --->   "%br_ln62 = br void %arrayidx251.i11.i.exit" [codes_lab5/HLS_sources_final/templatedFuncs.h:62]   --->   Operation 130 'br' 'br_ln62' <Predicate = (wi_1 == 0)> <Delay = 0.00>
ST_3 : Operation 131 [1/1] (1.58ns)   --->   "%store_ln62 = store i32 %window_1, i32 %window_25" [codes_lab5/HLS_sources_final/templatedFuncs.h:62]   --->   Operation 131 'store' 'store_ln62' <Predicate = (wi_1 != 0 & wi_1 != 1)> <Delay = 1.58>
ST_3 : Operation 132 [1/1] (1.58ns)   --->   "%store_ln62 = store i32 %window_1, i32 %window_15" [codes_lab5/HLS_sources_final/templatedFuncs.h:62]   --->   Operation 132 'store' 'store_ln62' <Predicate = (wi_1 != 0 & wi_1 != 1)> <Delay = 1.58>
ST_3 : Operation 133 [1/1] (1.58ns)   --->   "%store_ln62 = store i32 %window_1, i32 %window_5" [codes_lab5/HLS_sources_final/templatedFuncs.h:62]   --->   Operation 133 'store' 'store_ln62' <Predicate = (wi_1 != 0 & wi_1 != 1)> <Delay = 1.58>
ST_3 : Operation 134 [1/1] (0.00ns)   --->   "%br_ln62 = br void %arrayidx251.i11.i.exit" [codes_lab5/HLS_sources_final/templatedFuncs.h:62]   --->   Operation 134 'br' 'br_ln62' <Predicate = (wi_1 != 0 & wi_1 != 1)> <Delay = 0.00>
ST_3 : Operation 135 [1/2] (3.25ns)   --->   "%window_27 = load i10 %mem_1_0_addr" [codes_lab5/HLS_sources_final/templatedFuncs.h:66]   --->   Operation 135 'load' 'window_27' <Predicate = true> <Delay = 3.25> <CoreInst = "RAM">   --->   Core 82 'RAM' <Latency = 1> <II = 1> <Delay = 3.25> <Storage> <Opcode : 'load' 'store'> <Ports = 2> <Width = 32> <Depth = 784> <RAM>
ST_3 : Operation 136 [1/1] (1.58ns)   --->   "%store_ln66 = store i32 %window_27, i32 %window_23" [codes_lab5/HLS_sources_final/templatedFuncs.h:66]   --->   Operation 136 'store' 'store_ln66' <Predicate = (wi_1 == 1)> <Delay = 1.58>
ST_3 : Operation 137 [1/1] (1.58ns)   --->   "%store_ln66 = store i32 %window_27, i32 %window_11" [codes_lab5/HLS_sources_final/templatedFuncs.h:66]   --->   Operation 137 'store' 'store_ln66' <Predicate = (wi_1 == 1)> <Delay = 1.58>
ST_3 : Operation 138 [1/1] (1.58ns)   --->   "%store_ln66 = store i32 %window_27, i32 %window_7" [codes_lab5/HLS_sources_final/templatedFuncs.h:66]   --->   Operation 138 'store' 'store_ln66' <Predicate = (wi_1 == 1)> <Delay = 1.58>
ST_3 : Operation 139 [1/1] (0.00ns)   --->   "%br_ln66 = br void %arrayidx313.i13.i.exit" [codes_lab5/HLS_sources_final/templatedFuncs.h:66]   --->   Operation 139 'br' 'br_ln66' <Predicate = (wi_1 == 1)> <Delay = 0.00>
ST_3 : Operation 140 [1/1] (1.58ns)   --->   "%store_ln66 = store i32 %window_27, i32 %window_20" [codes_lab5/HLS_sources_final/templatedFuncs.h:66]   --->   Operation 140 'store' 'store_ln66' <Predicate = (wi_1 == 0)> <Delay = 1.58>
ST_3 : Operation 141 [1/1] (1.58ns)   --->   "%store_ln66 = store i32 %window_27, i32 %window_14" [codes_lab5/HLS_sources_final/templatedFuncs.h:66]   --->   Operation 141 'store' 'store_ln66' <Predicate = (wi_1 == 0)> <Delay = 1.58>
ST_3 : Operation 142 [1/1] (1.58ns)   --->   "%store_ln66 = store i32 %window_27, i32 %window_6" [codes_lab5/HLS_sources_final/templatedFuncs.h:66]   --->   Operation 142 'store' 'store_ln66' <Predicate = (wi_1 == 0)> <Delay = 1.58>
ST_3 : Operation 143 [1/1] (0.00ns)   --->   "%br_ln66 = br void %arrayidx313.i13.i.exit" [codes_lab5/HLS_sources_final/templatedFuncs.h:66]   --->   Operation 143 'br' 'br_ln66' <Predicate = (wi_1 == 0)> <Delay = 0.00>
ST_3 : Operation 144 [1/1] (1.58ns)   --->   "%store_ln66 = store i32 %window_27, i32 %window_26" [codes_lab5/HLS_sources_final/templatedFuncs.h:66]   --->   Operation 144 'store' 'store_ln66' <Predicate = (wi_1 != 0 & wi_1 != 1)> <Delay = 1.58>
ST_3 : Operation 145 [1/1] (1.58ns)   --->   "%store_ln66 = store i32 %window_27, i32 %window_17" [codes_lab5/HLS_sources_final/templatedFuncs.h:66]   --->   Operation 145 'store' 'store_ln66' <Predicate = (wi_1 != 0 & wi_1 != 1)> <Delay = 1.58>
ST_3 : Operation 146 [1/1] (1.58ns)   --->   "%store_ln66 = store i32 %window_27, i32 %window_8" [codes_lab5/HLS_sources_final/templatedFuncs.h:66]   --->   Operation 146 'store' 'store_ln66' <Predicate = (wi_1 != 0 & wi_1 != 1)> <Delay = 1.58>
ST_3 : Operation 147 [1/1] (0.00ns)   --->   "%br_ln66 = br void %arrayidx313.i13.i.exit" [codes_lab5/HLS_sources_final/templatedFuncs.h:66]   --->   Operation 147 'br' 'br_ln66' <Predicate = (wi_1 != 0 & wi_1 != 1)> <Delay = 0.00>


============================================================
+ Verbose Summary: Timing violations
============================================================
Target clock period: 10ns, clock uncertainty: 2.7ns.

 <State 1>: 3.15ns
The critical path consists of the following:
	'alloca' operation ('wi') [52]  (0 ns)
	'load' operation ('wi', codes_lab5/HLS_sources_final/templatedFuncs.h:58) on local variable 'wi' [131]  (0 ns)
	'add' operation ('add_ln58', codes_lab5/HLS_sources_final/templatedFuncs.h:58) [134]  (1.56 ns)
	'store' operation ('store_ln58', codes_lab5/HLS_sources_final/templatedFuncs.h:58) of variable 'add_ln58', codes_lab5/HLS_sources_final/templatedFuncs.h:58 on local variable 'wi' [205]  (1.59 ns)

 <State 2>: 6.98ns
The critical path consists of the following:
	'add' operation ('newSecond', codes_lab5/HLS_sources_final/templatedFuncs.h:66) [184]  (3.73 ns)
	'getelementptr' operation ('mem_1_0_addr', codes_lab5/HLS_sources_final/templatedFuncs.h:66) [186]  (0 ns)
	'load' operation ('window', codes_lab5/HLS_sources_final/templatedFuncs.h:66) on array 'mem_1_0' [187]  (3.25 ns)

 <State 3>: 4.84ns
The critical path consists of the following:
	'load' operation ('window', codes_lab5/HLS_sources_final/templatedFuncs.h:66) on array 'mem_1_0' [187]  (3.25 ns)
	'store' operation ('store_ln66', codes_lab5/HLS_sources_final/templatedFuncs.h:66) of variable 'window', codes_lab5/HLS_sources_final/templatedFuncs.h:66 on local variable 'window' [195]  (1.59 ns)


============================================================
+ Verbose Summary: Binding
============================================================
N/A
* FSMD analyzer results:
  - Output states:
 - Input state : 
  - Chain level:
	State 1
	State 2
	State 3


============================================================
+ Verbose Summary: Datapath Resource usage 
============================================================
N/A
