

================================================================
== Vitis HLS Report for 'Conv_func_4_12_4_10_Pipeline_loadWinShift'
================================================================
* Date:           Thu Dec 25 17:04:39 2025

* Version:        2022.1 (Build 3526262 on Mon Apr 18 15:48:16 MDT 2022)
* Project:        Day_5_final_boss
* Solution:       hellojio (Vivado IP Flow Target)
* Product family: zynq
* Target device:  xc7z020-clg400-1


================================================================
== Performance Estimates
================================================================
+ Timing: 
    * Summary: 
    +--------+----------+----------+------------+
    |  Clock |  Target  | Estimated| Uncertainty|
    +--------+----------+----------+------------+
    |ap_clk  |  10.00 ns|  6.982 ns|     2.70 ns|
    +--------+----------+----------+------------+

+ Latency: 
    * Summary: 
    +---------+---------+-----------+-----------+-----+-----+---------+
    |  Latency (cycles) |   Latency (absolute)  |  Interval | Pipeline|
    |   min   |   max   |    min    |    max    | min | max |   Type  |
    +---------+---------+-----------+-----------+-----+-----+---------+
    |        6|        6|  60.000 ns|  60.000 ns|    6|    6|       no|
    +---------+---------+-----------+-----------+-----+-----+---------+

    + Detail: 
        * Instance: 
        N/A

        * Loop: 
        +----------------+---------+---------+----------+-----------+-----------+------+----------+
        |                |  Latency (cycles) | Iteration|  Initiation Interval  | Trip |          |
        |    Loop Name   |   min   |   max   |  Latency |  achieved |   target  | Count| Pipelined|
        +----------------+---------+---------+----------+-----------+-----------+------+----------+
        |- loadWinShift  |        4|        4|         3|          1|          1|     3|       yes|
        +----------------+---------+---------+----------+-----------+-----------+------+----------+

============================================================
+ Verbose Summary: Synthesis Manager
============================================================
InlineROM: 1
ExposeGlobal: 0
============================================================
+ Verbose Summary: CDFG Model
============================================================
IsTopModel: 0
ResetActiveHigh: 1
IsCombinational: 0
IsDatapathOnly: 0
HasWiredReturn: 1
HasMFsm: 2
HasVarLatency: 1
IsPipeline: 0
IsRtlPipelined: 0
IsInstanceOverlapped: 0
IsDontTouch: 0
HasImplIP: 0
IsGatedGlobalClock: 0

+ Individual pipeline summary: 
  * Pipeline-0: initiation interval (II) = 1, depth = 3


============================================================
+ Verbose Summary: Schedule
============================================================
* Number of FSM states : 3
* Pipeline : 1
  Pipeline-0 : II = 1, D = 3, States = { 1 2 3 }
* Dataflow Pipeline: 0

* FSM state transitions: 
1 --> 2 
2 --> 3 
3 --> 

* FSM state operations: 

State 1 <SV = 0> <Delay = 3.65>
ST_1 : Operation 6 [1/1] (0.00ns)   --->   "%wi = alloca i32 1"   --->   Operation 6 'alloca' 'wi' <Predicate = true> <Delay = 0.00>
ST_1 : Operation 7 [1/1] (0.00ns)   --->   "%window_53 = alloca i32 1"   --->   Operation 7 'alloca' 'window_53' <Predicate = true> <Delay = 0.00>
ST_1 : Operation 8 [1/1] (0.00ns)   --->   "%window_54 = alloca i32 1"   --->   Operation 8 'alloca' 'window_54' <Predicate = true> <Delay = 0.00>
ST_1 : Operation 9 [1/1] (0.00ns)   --->   "%window_55 = alloca i32 1"   --->   Operation 9 'alloca' 'window_55' <Predicate = true> <Delay = 0.00>
ST_1 : Operation 10 [1/1] (0.00ns)   --->   "%window_56 = alloca i32 1"   --->   Operation 10 'alloca' 'window_56' <Predicate = true> <Delay = 0.00>
ST_1 : Operation 11 [1/1] (0.00ns)   --->   "%window_57 = alloca i32 1"   --->   Operation 11 'alloca' 'window_57' <Predicate = true> <Delay = 0.00>
ST_1 : Operation 12 [1/1] (0.00ns)   --->   "%window_58 = alloca i32 1"   --->   Operation 12 'alloca' 'window_58' <Predicate = true> <Delay = 0.00>
ST_1 : Operation 13 [1/1] (0.00ns)   --->   "%window_59 = alloca i32 1"   --->   Operation 13 'alloca' 'window_59' <Predicate = true> <Delay = 0.00>
ST_1 : Operation 14 [1/1] (0.00ns)   --->   "%window_60 = alloca i32 1"   --->   Operation 14 'alloca' 'window_60' <Predicate = true> <Delay = 0.00>
ST_1 : Operation 15 [1/1] (0.00ns)   --->   "%window_61 = alloca i32 1"   --->   Operation 15 'alloca' 'window_61' <Predicate = true> <Delay = 0.00>
ST_1 : Operation 16 [1/1] (0.00ns)   --->   "%window_62 = alloca i32 1"   --->   Operation 16 'alloca' 'window_62' <Predicate = true> <Delay = 0.00>
ST_1 : Operation 17 [1/1] (0.00ns)   --->   "%window_63 = alloca i32 1"   --->   Operation 17 'alloca' 'window_63' <Predicate = true> <Delay = 0.00>
ST_1 : Operation 18 [1/1] (0.00ns)   --->   "%window_64 = alloca i32 1"   --->   Operation 18 'alloca' 'window_64' <Predicate = true> <Delay = 0.00>
ST_1 : Operation 19 [1/1] (0.00ns)   --->   "%window_65 = alloca i32 1"   --->   Operation 19 'alloca' 'window_65' <Predicate = true> <Delay = 0.00>
ST_1 : Operation 20 [1/1] (0.00ns)   --->   "%window_66 = alloca i32 1"   --->   Operation 20 'alloca' 'window_66' <Predicate = true> <Delay = 0.00>
ST_1 : Operation 21 [1/1] (0.00ns)   --->   "%window_67 = alloca i32 1"   --->   Operation 21 'alloca' 'window_67' <Predicate = true> <Delay = 0.00>
ST_1 : Operation 22 [1/1] (0.00ns)   --->   "%window_68 = alloca i32 1"   --->   Operation 22 'alloca' 'window_68' <Predicate = true> <Delay = 0.00>
ST_1 : Operation 23 [1/1] (0.00ns)   --->   "%window_69 = alloca i32 1"   --->   Operation 23 'alloca' 'window_69' <Predicate = true> <Delay = 0.00>
ST_1 : Operation 24 [1/1] (0.00ns)   --->   "%window_70 = alloca i32 1"   --->   Operation 24 'alloca' 'window_70' <Predicate = true> <Delay = 0.00>
ST_1 : Operation 25 [1/1] (0.00ns)   --->   "%window_71 = alloca i32 1"   --->   Operation 25 'alloca' 'window_71' <Predicate = true> <Delay = 0.00>
ST_1 : Operation 26 [1/1] (0.00ns)   --->   "%window_72 = alloca i32 1"   --->   Operation 26 'alloca' 'window_72' <Predicate = true> <Delay = 0.00>
ST_1 : Operation 27 [1/1] (0.00ns)   --->   "%window_73 = alloca i32 1"   --->   Operation 27 'alloca' 'window_73' <Predicate = true> <Delay = 0.00>
ST_1 : Operation 28 [1/1] (0.00ns)   --->   "%window_74 = alloca i32 1"   --->   Operation 28 'alloca' 'window_74' <Predicate = true> <Delay = 0.00>
ST_1 : Operation 29 [1/1] (0.00ns)   --->   "%window_75 = alloca i32 1"   --->   Operation 29 'alloca' 'window_75' <Predicate = true> <Delay = 0.00>
ST_1 : Operation 30 [1/1] (0.00ns)   --->   "%window_76 = alloca i32 1"   --->   Operation 30 'alloca' 'window_76' <Predicate = true> <Delay = 0.00>
ST_1 : Operation 31 [1/1] (0.00ns)   --->   "%zext_ln58_read = read i4 @_ssdm_op_Read.ap_auto.i4, i4 %zext_ln58"   --->   Operation 31 'read' 'zext_ln58_read' <Predicate = true> <Delay = 0.00>
ST_1 : Operation 32 [1/1] (0.00ns)   --->   "%sub_ln52_read = read i8 @_ssdm_op_Read.ap_auto.i8, i8 %sub_ln52"   --->   Operation 32 'read' 'sub_ln52_read' <Predicate = true> <Delay = 0.00>
ST_1 : Operation 33 [1/1] (0.00ns)   --->   "%select_ln139_6_read = read i4 @_ssdm_op_Read.ap_auto.i4, i4 %select_ln139_6"   --->   Operation 33 'read' 'select_ln139_6_read' <Predicate = true> <Delay = 0.00>
ST_1 : Operation 34 [1/1] (0.00ns)   --->   "%mux_case_05_read = read i32 @_ssdm_op_Read.ap_auto.float, i32 %mux_case_05"   --->   Operation 34 'read' 'mux_case_05_read' <Predicate = true> <Delay = 0.00>
ST_1 : Operation 35 [1/1] (0.00ns)   --->   "%mux_case_116_read = read i32 @_ssdm_op_Read.ap_auto.float, i32 %mux_case_116"   --->   Operation 35 'read' 'mux_case_116_read' <Predicate = true> <Delay = 0.00>
ST_1 : Operation 36 [1/1] (0.00ns)   --->   "%mux_case_227_read = read i32 @_ssdm_op_Read.ap_auto.float, i32 %mux_case_227"   --->   Operation 36 'read' 'mux_case_227_read' <Predicate = true> <Delay = 0.00>
ST_1 : Operation 37 [1/1] (0.00ns)   --->   "%mux_case_08442_read = read i32 @_ssdm_op_Read.ap_auto.float, i32 %mux_case_08442"   --->   Operation 37 'read' 'mux_case_08442_read' <Predicate = true> <Delay = 0.00>
ST_1 : Operation 38 [1/1] (0.00ns)   --->   "%mux_case_18553_read = read i32 @_ssdm_op_Read.ap_auto.float, i32 %mux_case_18553"   --->   Operation 38 'read' 'mux_case_18553_read' <Predicate = true> <Delay = 0.00>
ST_1 : Operation 39 [1/1] (0.00ns)   --->   "%mux_case_28664_read = read i32 @_ssdm_op_Read.ap_auto.float, i32 %mux_case_28664"   --->   Operation 39 'read' 'mux_case_28664_read' <Predicate = true> <Delay = 0.00>
ST_1 : Operation 40 [1/1] (0.00ns)   --->   "%window_1_1_promoted237_read = read i32 @_ssdm_op_Read.ap_auto.float, i32 %window_1_1_promoted237"   --->   Operation 40 'read' 'window_1_1_promoted237_read' <Predicate = true> <Delay = 0.00>
ST_1 : Operation 41 [1/1] (0.00ns)   --->   "%window_1_0_promoted239_read = read i32 @_ssdm_op_Read.ap_auto.float, i32 %window_1_0_promoted239"   --->   Operation 41 'read' 'window_1_0_promoted239_read' <Predicate = true> <Delay = 0.00>
ST_1 : Operation 42 [1/1] (0.00ns)   --->   "%window_1_2_promoted241_read = read i32 @_ssdm_op_Read.ap_auto.float, i32 %window_1_2_promoted241"   --->   Operation 42 'read' 'window_1_2_promoted241_read' <Predicate = true> <Delay = 0.00>
ST_1 : Operation 43 [1/1] (0.00ns)   --->   "%window_0_1_promoted243_read = read i32 @_ssdm_op_Read.ap_auto.float, i32 %window_0_1_promoted243"   --->   Operation 43 'read' 'window_0_1_promoted243_read' <Predicate = true> <Delay = 0.00>
ST_1 : Operation 44 [1/1] (0.00ns)   --->   "%window_0_0_promoted245_read = read i32 @_ssdm_op_Read.ap_auto.float, i32 %window_0_0_promoted245"   --->   Operation 44 'read' 'window_0_0_promoted245_read' <Predicate = true> <Delay = 0.00>
ST_1 : Operation 45 [1/1] (0.00ns)   --->   "%window_0_2_promoted247_read = read i32 @_ssdm_op_Read.ap_auto.float, i32 %window_0_2_promoted247"   --->   Operation 45 'read' 'window_0_2_promoted247_read' <Predicate = true> <Delay = 0.00>
ST_1 : Operation 46 [1/1] (0.00ns)   --->   "%window_2_1_promoted249_read = read i32 @_ssdm_op_Read.ap_auto.float, i32 %window_2_1_promoted249"   --->   Operation 46 'read' 'window_2_1_promoted249_read' <Predicate = true> <Delay = 0.00>
ST_1 : Operation 47 [1/1] (0.00ns)   --->   "%window_2_0_promoted251_read = read i32 @_ssdm_op_Read.ap_auto.float, i32 %window_2_0_promoted251"   --->   Operation 47 'read' 'window_2_0_promoted251_read' <Predicate = true> <Delay = 0.00>
ST_1 : Operation 48 [1/1] (0.00ns)   --->   "%window_2_2_promoted253_read = read i32 @_ssdm_op_Read.ap_auto.float, i32 %window_2_2_promoted253"   --->   Operation 48 'read' 'window_2_2_promoted253_read' <Predicate = true> <Delay = 0.00>
ST_1 : Operation 49 [1/1] (0.00ns)   --->   "%window4156_read = read i32 @_ssdm_op_Read.ap_auto.float, i32 %window4156"   --->   Operation 49 'read' 'window4156_read' <Predicate = true> <Delay = 0.00>
ST_1 : Operation 50 [1/1] (0.00ns)   --->   "%window_404263_read = read i32 @_ssdm_op_Read.ap_auto.float, i32 %window_404263"   --->   Operation 50 'read' 'window_404263_read' <Predicate = true> <Delay = 0.00>
ST_1 : Operation 51 [1/1] (0.00ns)   --->   "%window_414370_read = read i32 @_ssdm_op_Read.ap_auto.float, i32 %window_414370"   --->   Operation 51 'read' 'window_414370_read' <Predicate = true> <Delay = 0.00>
ST_1 : Operation 52 [1/1] (0.00ns)   --->   "%window_424477_read = read i32 @_ssdm_op_Read.ap_auto.float, i32 %window_424477"   --->   Operation 52 'read' 'window_424477_read' <Predicate = true> <Delay = 0.00>
ST_1 : Operation 53 [1/1] (0.00ns)   --->   "%window_434584_read = read i32 @_ssdm_op_Read.ap_auto.float, i32 %window_434584"   --->   Operation 53 'read' 'window_434584_read' <Predicate = true> <Delay = 0.00>
ST_1 : Operation 54 [1/1] (0.00ns)   --->   "%window_444691_read = read i32 @_ssdm_op_Read.ap_auto.float, i32 %window_444691"   --->   Operation 54 'read' 'window_444691_read' <Predicate = true> <Delay = 0.00>
ST_1 : Operation 55 [1/1] (0.00ns)   --->   "%window_454798_read = read i32 @_ssdm_op_Read.ap_auto.float, i32 %window_454798"   --->   Operation 55 'read' 'window_454798_read' <Predicate = true> <Delay = 0.00>
ST_1 : Operation 56 [1/1] (0.00ns)   --->   "%window_4648105_read = read i32 @_ssdm_op_Read.ap_auto.float, i32 %window_4648105"   --->   Operation 56 'read' 'window_4648105_read' <Predicate = true> <Delay = 0.00>
ST_1 : Operation 57 [1/1] (0.00ns)   --->   "%window_4749112_read = read i32 @_ssdm_op_Read.ap_auto.float, i32 %window_4749112"   --->   Operation 57 'read' 'window_4749112_read' <Predicate = true> <Delay = 0.00>
ST_1 : Operation 58 [1/1] (0.00ns)   --->   "%zext_ln58_cast = zext i4 %zext_ln58_read"   --->   Operation 58 'zext' 'zext_ln58_cast' <Predicate = true> <Delay = 0.00>
ST_1 : Operation 59 [1/1] (0.00ns)   --->   "%sub_ln52_cast = sext i8 %sub_ln52_read"   --->   Operation 59 'sext' 'sub_ln52_cast' <Predicate = true> <Delay = 0.00>
ST_1 : Operation 60 [1/1] (1.58ns)   --->   "%store_ln0 = store i32 %window_4749112_read, i32 %window_76"   --->   Operation 60 'store' 'store_ln0' <Predicate = true> <Delay = 1.58>
ST_1 : Operation 61 [1/1] (1.58ns)   --->   "%store_ln0 = store i32 %window_4648105_read, i32 %window_75"   --->   Operation 61 'store' 'store_ln0' <Predicate = true> <Delay = 1.58>
ST_1 : Operation 62 [1/1] (1.58ns)   --->   "%store_ln0 = store i32 %window_454798_read, i32 %window_74"   --->   Operation 62 'store' 'store_ln0' <Predicate = true> <Delay = 1.58>
ST_1 : Operation 63 [1/1] (1.58ns)   --->   "%store_ln0 = store i32 %window_444691_read, i32 %window_73"   --->   Operation 63 'store' 'store_ln0' <Predicate = true> <Delay = 1.58>
ST_1 : Operation 64 [1/1] (1.58ns)   --->   "%store_ln0 = store i32 %window_434584_read, i32 %window_72"   --->   Operation 64 'store' 'store_ln0' <Predicate = true> <Delay = 1.58>
ST_1 : Operation 65 [1/1] (1.58ns)   --->   "%store_ln0 = store i32 %window_424477_read, i32 %window_71"   --->   Operation 65 'store' 'store_ln0' <Predicate = true> <Delay = 1.58>
ST_1 : Operation 66 [1/1] (1.58ns)   --->   "%store_ln0 = store i32 %window_414370_read, i32 %window_70"   --->   Operation 66 'store' 'store_ln0' <Predicate = true> <Delay = 1.58>
ST_1 : Operation 67 [1/1] (1.58ns)   --->   "%store_ln0 = store i32 %window_404263_read, i32 %window_69"   --->   Operation 67 'store' 'store_ln0' <Predicate = true> <Delay = 1.58>
ST_1 : Operation 68 [1/1] (1.58ns)   --->   "%store_ln0 = store i32 %window4156_read, i32 %window_68"   --->   Operation 68 'store' 'store_ln0' <Predicate = true> <Delay = 1.58>
ST_1 : Operation 69 [1/1] (1.58ns)   --->   "%store_ln0 = store i32 %window_2_2_promoted253_read, i32 %window_67"   --->   Operation 69 'store' 'store_ln0' <Predicate = true> <Delay = 1.58>
ST_1 : Operation 70 [1/1] (1.58ns)   --->   "%store_ln0 = store i32 %window_2_0_promoted251_read, i32 %window_66"   --->   Operation 70 'store' 'store_ln0' <Predicate = true> <Delay = 1.58>
ST_1 : Operation 71 [1/1] (1.58ns)   --->   "%store_ln0 = store i32 %window_2_1_promoted249_read, i32 %window_65"   --->   Operation 71 'store' 'store_ln0' <Predicate = true> <Delay = 1.58>
ST_1 : Operation 72 [1/1] (1.58ns)   --->   "%store_ln0 = store i32 %window_0_2_promoted247_read, i32 %window_64"   --->   Operation 72 'store' 'store_ln0' <Predicate = true> <Delay = 1.58>
ST_1 : Operation 73 [1/1] (1.58ns)   --->   "%store_ln0 = store i32 %window_0_0_promoted245_read, i32 %window_63"   --->   Operation 73 'store' 'store_ln0' <Predicate = true> <Delay = 1.58>
ST_1 : Operation 74 [1/1] (1.58ns)   --->   "%store_ln0 = store i32 %window_0_1_promoted243_read, i32 %window_62"   --->   Operation 74 'store' 'store_ln0' <Predicate = true> <Delay = 1.58>
ST_1 : Operation 75 [1/1] (1.58ns)   --->   "%store_ln0 = store i32 %window_1_2_promoted241_read, i32 %window_61"   --->   Operation 75 'store' 'store_ln0' <Predicate = true> <Delay = 1.58>
ST_1 : Operation 76 [1/1] (1.58ns)   --->   "%store_ln0 = store i32 %window_1_0_promoted239_read, i32 %window_60"   --->   Operation 76 'store' 'store_ln0' <Predicate = true> <Delay = 1.58>
ST_1 : Operation 77 [1/1] (1.58ns)   --->   "%store_ln0 = store i32 %window_1_1_promoted237_read, i32 %window_59"   --->   Operation 77 'store' 'store_ln0' <Predicate = true> <Delay = 1.58>
ST_1 : Operation 78 [1/1] (1.58ns)   --->   "%store_ln0 = store i32 %mux_case_28664_read, i32 %window_58"   --->   Operation 78 'store' 'store_ln0' <Predicate = true> <Delay = 1.58>
ST_1 : Operation 79 [1/1] (1.58ns)   --->   "%store_ln0 = store i32 %mux_case_18553_read, i32 %window_57"   --->   Operation 79 'store' 'store_ln0' <Predicate = true> <Delay = 1.58>
ST_1 : Operation 80 [1/1] (1.58ns)   --->   "%store_ln0 = store i32 %mux_case_08442_read, i32 %window_56"   --->   Operation 80 'store' 'store_ln0' <Predicate = true> <Delay = 1.58>
ST_1 : Operation 81 [1/1] (1.58ns)   --->   "%store_ln0 = store i32 %mux_case_227_read, i32 %window_55"   --->   Operation 81 'store' 'store_ln0' <Predicate = true> <Delay = 1.58>
ST_1 : Operation 82 [1/1] (1.58ns)   --->   "%store_ln0 = store i32 %mux_case_116_read, i32 %window_54"   --->   Operation 82 'store' 'store_ln0' <Predicate = true> <Delay = 1.58>
ST_1 : Operation 83 [1/1] (1.58ns)   --->   "%store_ln0 = store i32 %mux_case_05_read, i32 %window_53"   --->   Operation 83 'store' 'store_ln0' <Predicate = true> <Delay = 1.58>
ST_1 : Operation 84 [1/1] (1.58ns)   --->   "%store_ln0 = store i2 0, i2 %wi"   --->   Operation 84 'store' 'store_ln0' <Predicate = true> <Delay = 1.58>
ST_1 : Operation 85 [1/1] (0.00ns)   --->   "%br_ln0 = br void %for.body22.i"   --->   Operation 85 'br' 'br_ln0' <Predicate = true> <Delay = 0.00>
ST_1 : Operation 86 [1/1] (0.00ns)   --->   "%wi_3 = load i2 %wi" [codes_lab5/HLS_sources_final/templatedFuncs.h:58]   --->   Operation 86 'load' 'wi_3' <Predicate = true> <Delay = 0.00>
ST_1 : Operation 87 [1/1] (0.95ns)   --->   "%icmp_ln58 = icmp_eq  i2 %wi_3, i2 3" [codes_lab5/HLS_sources_final/templatedFuncs.h:58]   --->   Operation 87 'icmp' 'icmp_ln58' <Predicate = true> <Delay = 0.95> <CoreInst = "Cmp">   --->   Core 9 'Cmp' <Latency = 0> <II = 1> <Delay = 0.95> <FuncUnit> <Opcode : 'icmp'> <InPorts = 2> <OutPorts = 1>
ST_1 : Operation 88 [1/1] (0.00ns)   --->   "%empty = speclooptripcount i32 @_ssdm_op_SpecLoopTripCount, i64 3, i64 3, i64 3"   --->   Operation 88 'speclooptripcount' 'empty' <Predicate = true> <Delay = 0.00>
ST_1 : Operation 89 [1/1] (1.56ns)   --->   "%add_ln58 = add i2 %wi_3, i2 1" [codes_lab5/HLS_sources_final/templatedFuncs.h:58]   --->   Operation 89 'add' 'add_ln58' <Predicate = true> <Delay = 1.56> <CoreInst = "Adder">   --->   Core 1 'Adder' <Latency = 0> <II = 1> <Delay = 1.56> <FuncUnit> <Opcode : 'add' 'sub'> <InPorts = 2> <OutPorts = 1>
ST_1 : Operation 90 [1/1] (0.00ns)   --->   "%br_ln58 = br i1 %icmp_ln58, void %for.body22.i.split, void %_Z17load_input_windowILi4ELi12EEvPA3_fPAT0__AT0__fiii.exit_ifconv.loopexit.exitStub" [codes_lab5/HLS_sources_final/templatedFuncs.h:58]   --->   Operation 90 'br' 'br_ln58' <Predicate = true> <Delay = 0.00>
ST_1 : Operation 91 [1/1] (0.00ns)   --->   "%zext_ln58_3 = zext i2 %wi_3" [codes_lab5/HLS_sources_final/templatedFuncs.h:58]   --->   Operation 91 'zext' 'zext_ln58_3' <Predicate = (!icmp_ln58)> <Delay = 0.00>
ST_1 : Operation 92 [1/1] (1.73ns)   --->   "%add_ln66 = add i4 %select_ln139_6_read, i4 %zext_ln58_3" [codes_lab5/HLS_sources_final/templatedFuncs.h:66]   --->   Operation 92 'add' 'add_ln66' <Predicate = (!icmp_ln58)> <Delay = 1.73> <CoreInst = "Adder">   --->   Core 1 'Adder' <Latency = 0> <II = 1> <Delay = 1.73> <FuncUnit> <Opcode : 'add' 'sub'> <InPorts = 2> <OutPorts = 1>
ST_1 : Operation 93 [1/1] (0.00ns)   --->   "%zext_ln66 = zext i4 %add_ln66" [codes_lab5/HLS_sources_final/templatedFuncs.h:66]   --->   Operation 93 'zext' 'zext_ln66' <Predicate = (!icmp_ln58)> <Delay = 0.00>
ST_1 : Operation 94 [1/1] (1.91ns)   --->   "%add_ln66_3 = add i9 %sub_ln52_cast, i9 %zext_ln66" [codes_lab5/HLS_sources_final/templatedFuncs.h:66]   --->   Operation 94 'add' 'add_ln66_3' <Predicate = (!icmp_ln58)> <Delay = 1.91> <CoreInst = "Adder">   --->   Core 1 'Adder' <Latency = 0> <II = 1> <Delay = 1.91> <FuncUnit> <Opcode : 'add' 'sub'> <InPorts = 2> <OutPorts = 1>
ST_1 : Operation 95 [1/1] (0.00ns)   --->   "%trunc_ln66 = trunc i9 %add_ln66_3" [codes_lab5/HLS_sources_final/templatedFuncs.h:66]   --->   Operation 95 'trunc' 'trunc_ln66' <Predicate = (!icmp_ln58)> <Delay = 0.00>
ST_1 : Operation 96 [1/1] (0.00ns)   --->   "%trunc_ln66_1 = trunc i9 %add_ln66_3" [codes_lab5/HLS_sources_final/templatedFuncs.h:66]   --->   Operation 96 'trunc' 'trunc_ln66_1' <Predicate = (!icmp_ln58)> <Delay = 0.00>
ST_1 : Operation 97 [1/1] (0.95ns)   --->   "%switch_ln61 = switch i2 %wi_3, void %arrayidx313.i13.case.2, i2 0, void %for.body22.i.split.arrayidx313.i13.exit_crit_edge, i2 1, void %for.body22.i.split.arrayidx313.i13.exit_crit_edge35" [codes_lab5/HLS_sources_final/templatedFuncs.h:61]   --->   Operation 97 'switch' 'switch_ln61' <Predicate = (!icmp_ln58)> <Delay = 0.95>
ST_1 : Operation 98 [1/1] (1.58ns)   --->   "%store_ln58 = store i2 %add_ln58, i2 %wi" [codes_lab5/HLS_sources_final/templatedFuncs.h:58]   --->   Operation 98 'store' 'store_ln58' <Predicate = (!icmp_ln58)> <Delay = 1.58>
ST_1 : Operation 99 [1/1] (0.00ns)   --->   "%br_ln58 = br void %for.body22.i" [codes_lab5/HLS_sources_final/templatedFuncs.h:58]   --->   Operation 99 'br' 'br_ln58' <Predicate = (!icmp_ln58)> <Delay = 0.00>

State 2 <SV = 1> <Delay = 6.98>
ST_2 : Operation 100 [1/1] (0.00ns)   --->   "%p_shl1 = bitconcatenate i10 @_ssdm_op_BitConcatenate.i10.i6.i4, i6 %trunc_ln66, i4 0" [codes_lab5/HLS_sources_final/templatedFuncs.h:66]   --->   Operation 100 'bitconcatenate' 'p_shl1' <Predicate = true> <Delay = 0.00>
ST_2 : Operation 101 [1/1] (0.00ns)   --->   "%p_shl2 = bitconcatenate i10 @_ssdm_op_BitConcatenate.i10.i8.i2, i8 %trunc_ln66_1, i2 0" [codes_lab5/HLS_sources_final/templatedFuncs.h:66]   --->   Operation 101 'bitconcatenate' 'p_shl2' <Predicate = true> <Delay = 0.00>
ST_2 : Operation 102 [1/1] (0.00ns) (grouped into TernaryAdder)   --->   "%newFirst = add i10 %p_shl1, i10 %zext_ln58_cast" [codes_lab5/HLS_sources_final/templatedFuncs.h:66]   --->   Operation 102 'add' 'newFirst' <Predicate = true> <Delay = 0.00> <CoreInst = "TAddSub">   --->   Core 10 'TAddSub' <Latency = 0> <II = 1> <Delay = 1.86> <IPBlock> <Opcode : 'add' 'sub'> <InPorts = 3> <OutPorts = 1> <Sync> <CReg>
ST_2 : Operation 103 [1/1] (3.72ns) (root node of TernaryAdder)   --->   "%newSecond = sub i10 %newFirst, i10 %p_shl2" [codes_lab5/HLS_sources_final/templatedFuncs.h:66]   --->   Operation 103 'sub' 'newSecond' <Predicate = true> <Delay = 3.72> <CoreInst = "TAddSub">   --->   Core 10 'TAddSub' <Latency = 0> <II = 1> <Delay = 1.86> <IPBlock> <Opcode : 'add' 'sub'> <InPorts = 3> <OutPorts = 1> <Sync> <CReg>
ST_2 : Operation 104 [1/1] (0.00ns)   --->   "%zext_ln66_4 = zext i10 %newSecond" [codes_lab5/HLS_sources_final/templatedFuncs.h:66]   --->   Operation 104 'zext' 'zext_ln66_4' <Predicate = true> <Delay = 0.00>
ST_2 : Operation 105 [1/1] (0.00ns)   --->   "%ifmap_addr = getelementptr i32 %ifmap, i64 0, i64 %zext_ln66_4" [codes_lab5/HLS_sources_final/templatedFuncs.h:66]   --->   Operation 105 'getelementptr' 'ifmap_addr' <Predicate = true> <Delay = 0.00>
ST_2 : Operation 106 [2/2] (3.25ns)   --->   "%window_77 = load i10 %ifmap_addr" [codes_lab5/HLS_sources_final/templatedFuncs.h:66]   --->   Operation 106 'load' 'window_77' <Predicate = true> <Delay = 3.25> <CoreInst = "RAM">   --->   Core 82 'RAM' <Latency = 1> <II = 1> <Delay = 3.25> <Storage> <Opcode : 'load' 'store'> <Ports = 2> <Width = 32> <Depth = 576> <RAM>
ST_2 : Operation 145 [1/1] (0.00ns)   --->   "%window_53_load = load i32 %window_53"   --->   Operation 145 'load' 'window_53_load' <Predicate = (icmp_ln58)> <Delay = 0.00>
ST_2 : Operation 146 [1/1] (0.00ns)   --->   "%window_54_load = load i32 %window_54"   --->   Operation 146 'load' 'window_54_load' <Predicate = (icmp_ln58)> <Delay = 0.00>
ST_2 : Operation 147 [1/1] (0.00ns)   --->   "%window_55_load = load i32 %window_55"   --->   Operation 147 'load' 'window_55_load' <Predicate = (icmp_ln58)> <Delay = 0.00>
ST_2 : Operation 148 [1/1] (0.00ns)   --->   "%window_56_load = load i32 %window_56"   --->   Operation 148 'load' 'window_56_load' <Predicate = (icmp_ln58)> <Delay = 0.00>
ST_2 : Operation 149 [1/1] (0.00ns)   --->   "%window_57_load = load i32 %window_57"   --->   Operation 149 'load' 'window_57_load' <Predicate = (icmp_ln58)> <Delay = 0.00>
ST_2 : Operation 150 [1/1] (0.00ns)   --->   "%window_58_load = load i32 %window_58"   --->   Operation 150 'load' 'window_58_load' <Predicate = (icmp_ln58)> <Delay = 0.00>
ST_2 : Operation 151 [1/1] (0.00ns)   --->   "%window_59_load = load i32 %window_59"   --->   Operation 151 'load' 'window_59_load' <Predicate = (icmp_ln58)> <Delay = 0.00>
ST_2 : Operation 152 [1/1] (0.00ns)   --->   "%window_60_load = load i32 %window_60"   --->   Operation 152 'load' 'window_60_load' <Predicate = (icmp_ln58)> <Delay = 0.00>
ST_2 : Operation 153 [1/1] (0.00ns)   --->   "%window_61_load = load i32 %window_61"   --->   Operation 153 'load' 'window_61_load' <Predicate = (icmp_ln58)> <Delay = 0.00>
ST_2 : Operation 154 [1/1] (0.00ns)   --->   "%window_62_load = load i32 %window_62"   --->   Operation 154 'load' 'window_62_load' <Predicate = (icmp_ln58)> <Delay = 0.00>
ST_2 : Operation 155 [1/1] (0.00ns)   --->   "%window_63_load = load i32 %window_63"   --->   Operation 155 'load' 'window_63_load' <Predicate = (icmp_ln58)> <Delay = 0.00>
ST_2 : Operation 156 [1/1] (0.00ns)   --->   "%window_64_load = load i32 %window_64"   --->   Operation 156 'load' 'window_64_load' <Predicate = (icmp_ln58)> <Delay = 0.00>
ST_2 : Operation 157 [1/1] (0.00ns)   --->   "%window_65_load = load i32 %window_65"   --->   Operation 157 'load' 'window_65_load' <Predicate = (icmp_ln58)> <Delay = 0.00>
ST_2 : Operation 158 [1/1] (0.00ns)   --->   "%window_66_load = load i32 %window_66"   --->   Operation 158 'load' 'window_66_load' <Predicate = (icmp_ln58)> <Delay = 0.00>
ST_2 : Operation 159 [1/1] (0.00ns)   --->   "%window_67_load = load i32 %window_67"   --->   Operation 159 'load' 'window_67_load' <Predicate = (icmp_ln58)> <Delay = 0.00>
ST_2 : Operation 160 [1/1] (0.00ns)   --->   "%window_68_load = load i32 %window_68"   --->   Operation 160 'load' 'window_68_load' <Predicate = (icmp_ln58)> <Delay = 0.00>
ST_2 : Operation 161 [1/1] (0.00ns)   --->   "%window_69_load = load i32 %window_69"   --->   Operation 161 'load' 'window_69_load' <Predicate = (icmp_ln58)> <Delay = 0.00>
ST_2 : Operation 162 [1/1] (0.00ns)   --->   "%window_70_load = load i32 %window_70"   --->   Operation 162 'load' 'window_70_load' <Predicate = (icmp_ln58)> <Delay = 0.00>
ST_2 : Operation 163 [1/1] (0.00ns)   --->   "%window_71_load = load i32 %window_71"   --->   Operation 163 'load' 'window_71_load' <Predicate = (icmp_ln58)> <Delay = 0.00>
ST_2 : Operation 164 [1/1] (0.00ns)   --->   "%window_72_load = load i32 %window_72"   --->   Operation 164 'load' 'window_72_load' <Predicate = (icmp_ln58)> <Delay = 0.00>
ST_2 : Operation 165 [1/1] (0.00ns)   --->   "%window_73_load = load i32 %window_73"   --->   Operation 165 'load' 'window_73_load' <Predicate = (icmp_ln58)> <Delay = 0.00>
ST_2 : Operation 166 [1/1] (0.00ns)   --->   "%window_74_load = load i32 %window_74"   --->   Operation 166 'load' 'window_74_load' <Predicate = (icmp_ln58)> <Delay = 0.00>
ST_2 : Operation 167 [1/1] (0.00ns)   --->   "%window_75_load = load i32 %window_75"   --->   Operation 167 'load' 'window_75_load' <Predicate = (icmp_ln58)> <Delay = 0.00>
ST_2 : Operation 168 [1/1] (0.00ns)   --->   "%window_76_load = load i32 %window_76"   --->   Operation 168 'load' 'window_76_load' <Predicate = (icmp_ln58)> <Delay = 0.00>
ST_2 : Operation 169 [1/1] (0.00ns)   --->   "%write_ln0 = write void @_ssdm_op_Write.ap_auto.floatP0A, i32 %window_4749107_out, i32 %window_76_load"   --->   Operation 169 'write' 'write_ln0' <Predicate = (icmp_ln58)> <Delay = 0.00>
ST_2 : Operation 170 [1/1] (0.00ns)   --->   "%write_ln0 = write void @_ssdm_op_Write.ap_auto.floatP0A, i32 %window_4648100_out, i32 %window_75_load"   --->   Operation 170 'write' 'write_ln0' <Predicate = (icmp_ln58)> <Delay = 0.00>
ST_2 : Operation 171 [1/1] (0.00ns)   --->   "%write_ln0 = write void @_ssdm_op_Write.ap_auto.floatP0A, i32 %window_454793_out, i32 %window_74_load"   --->   Operation 171 'write' 'write_ln0' <Predicate = (icmp_ln58)> <Delay = 0.00>
ST_2 : Operation 172 [1/1] (0.00ns)   --->   "%write_ln0 = write void @_ssdm_op_Write.ap_auto.floatP0A, i32 %window_444686_out, i32 %window_73_load"   --->   Operation 172 'write' 'write_ln0' <Predicate = (icmp_ln58)> <Delay = 0.00>
ST_2 : Operation 173 [1/1] (0.00ns)   --->   "%write_ln0 = write void @_ssdm_op_Write.ap_auto.floatP0A, i32 %window_434579_out, i32 %window_72_load"   --->   Operation 173 'write' 'write_ln0' <Predicate = (icmp_ln58)> <Delay = 0.00>
ST_2 : Operation 174 [1/1] (0.00ns)   --->   "%write_ln0 = write void @_ssdm_op_Write.ap_auto.floatP0A, i32 %window_424472_out, i32 %window_71_load"   --->   Operation 174 'write' 'write_ln0' <Predicate = (icmp_ln58)> <Delay = 0.00>
ST_2 : Operation 175 [1/1] (0.00ns)   --->   "%write_ln0 = write void @_ssdm_op_Write.ap_auto.floatP0A, i32 %window_414365_out, i32 %window_70_load"   --->   Operation 175 'write' 'write_ln0' <Predicate = (icmp_ln58)> <Delay = 0.00>
ST_2 : Operation 176 [1/1] (0.00ns)   --->   "%write_ln0 = write void @_ssdm_op_Write.ap_auto.floatP0A, i32 %window_404258_out, i32 %window_69_load"   --->   Operation 176 'write' 'write_ln0' <Predicate = (icmp_ln58)> <Delay = 0.00>
ST_2 : Operation 177 [1/1] (0.00ns)   --->   "%write_ln0 = write void @_ssdm_op_Write.ap_auto.floatP0A, i32 %window4151_out, i32 %window_68_load"   --->   Operation 177 'write' 'write_ln0' <Predicate = (icmp_ln58)> <Delay = 0.00>
ST_2 : Operation 178 [1/1] (0.00ns)   --->   "%write_ln0 = write void @_ssdm_op_Write.ap_auto.floatP0A, i32 %window_2_2_promoted253351_out, i32 %window_67_load"   --->   Operation 178 'write' 'write_ln0' <Predicate = (icmp_ln58)> <Delay = 0.00>
ST_2 : Operation 179 [1/1] (0.00ns)   --->   "%write_ln0 = write void @_ssdm_op_Write.ap_auto.floatP0A, i32 %window_2_0_promoted251344_out, i32 %window_66_load"   --->   Operation 179 'write' 'write_ln0' <Predicate = (icmp_ln58)> <Delay = 0.00>
ST_2 : Operation 180 [1/1] (0.00ns)   --->   "%write_ln0 = write void @_ssdm_op_Write.ap_auto.floatP0A, i32 %window_2_1_promoted249337_out, i32 %window_65_load"   --->   Operation 180 'write' 'write_ln0' <Predicate = (icmp_ln58)> <Delay = 0.00>
ST_2 : Operation 181 [1/1] (0.00ns)   --->   "%write_ln0 = write void @_ssdm_op_Write.ap_auto.floatP0A, i32 %window_0_2_promoted247330_out, i32 %window_64_load"   --->   Operation 181 'write' 'write_ln0' <Predicate = (icmp_ln58)> <Delay = 0.00>
ST_2 : Operation 182 [1/1] (0.00ns)   --->   "%write_ln0 = write void @_ssdm_op_Write.ap_auto.floatP0A, i32 %window_0_0_promoted245323_out, i32 %window_63_load"   --->   Operation 182 'write' 'write_ln0' <Predicate = (icmp_ln58)> <Delay = 0.00>
ST_2 : Operation 183 [1/1] (0.00ns)   --->   "%write_ln0 = write void @_ssdm_op_Write.ap_auto.floatP0A, i32 %window_0_1_promoted243316_out, i32 %window_62_load"   --->   Operation 183 'write' 'write_ln0' <Predicate = (icmp_ln58)> <Delay = 0.00>
ST_2 : Operation 184 [1/1] (0.00ns)   --->   "%write_ln0 = write void @_ssdm_op_Write.ap_auto.floatP0A, i32 %window_1_2_promoted241309_out, i32 %window_61_load"   --->   Operation 184 'write' 'write_ln0' <Predicate = (icmp_ln58)> <Delay = 0.00>
ST_2 : Operation 185 [1/1] (0.00ns)   --->   "%write_ln0 = write void @_ssdm_op_Write.ap_auto.floatP0A, i32 %window_1_0_promoted239302_out, i32 %window_60_load"   --->   Operation 185 'write' 'write_ln0' <Predicate = (icmp_ln58)> <Delay = 0.00>
ST_2 : Operation 186 [1/1] (0.00ns)   --->   "%write_ln0 = write void @_ssdm_op_Write.ap_auto.floatP0A, i32 %window_1_1_promoted237295_out, i32 %window_59_load"   --->   Operation 186 'write' 'write_ln0' <Predicate = (icmp_ln58)> <Delay = 0.00>
ST_2 : Operation 187 [1/1] (0.00ns)   --->   "%write_ln0 = write void @_ssdm_op_Write.ap_auto.floatP0A, i32 %mux_case_286_out, i32 %window_58_load"   --->   Operation 187 'write' 'write_ln0' <Predicate = (icmp_ln58)> <Delay = 0.00>
ST_2 : Operation 188 [1/1] (0.00ns)   --->   "%write_ln0 = write void @_ssdm_op_Write.ap_auto.floatP0A, i32 %mux_case_185_out, i32 %window_57_load"   --->   Operation 188 'write' 'write_ln0' <Predicate = (icmp_ln58)> <Delay = 0.00>
ST_2 : Operation 189 [1/1] (0.00ns)   --->   "%write_ln0 = write void @_ssdm_op_Write.ap_auto.floatP0A, i32 %mux_case_084_out, i32 %window_56_load"   --->   Operation 189 'write' 'write_ln0' <Predicate = (icmp_ln58)> <Delay = 0.00>
ST_2 : Operation 190 [1/1] (0.00ns)   --->   "%write_ln0 = write void @_ssdm_op_Write.ap_auto.floatP0A, i32 %mux_case_2_out, i32 %window_55_load"   --->   Operation 190 'write' 'write_ln0' <Predicate = (icmp_ln58)> <Delay = 0.00>
ST_2 : Operation 191 [1/1] (0.00ns)   --->   "%write_ln0 = write void @_ssdm_op_Write.ap_auto.floatP0A, i32 %mux_case_1_out, i32 %window_54_load"   --->   Operation 191 'write' 'write_ln0' <Predicate = (icmp_ln58)> <Delay = 0.00>
ST_2 : Operation 192 [1/1] (0.00ns)   --->   "%write_ln0 = write void @_ssdm_op_Write.ap_auto.floatP0A, i32 %mux_case_0_out, i32 %window_53_load"   --->   Operation 192 'write' 'write_ln0' <Predicate = (icmp_ln58)> <Delay = 0.00>
ST_2 : Operation 193 [1/1] (0.00ns)   --->   "%ret_ln0 = ret"   --->   Operation 193 'ret' 'ret_ln0' <Predicate = (icmp_ln58)> <Delay = 0.00>

State 3 <SV = 2> <Delay = 4.84>
ST_3 : Operation 107 [1/1] (0.00ns)   --->   "%window_53_load_1 = load i32 %window_53" [codes_lab5/HLS_sources_final/templatedFuncs.h:61]   --->   Operation 107 'load' 'window_53_load_1' <Predicate = true> <Delay = 0.00>
ST_3 : Operation 108 [1/1] (0.00ns)   --->   "%window_54_load_1 = load i32 %window_54" [codes_lab5/HLS_sources_final/templatedFuncs.h:61]   --->   Operation 108 'load' 'window_54_load_1' <Predicate = true> <Delay = 0.00>
ST_3 : Operation 109 [1/1] (0.00ns)   --->   "%window_55_load_1 = load i32 %window_55" [codes_lab5/HLS_sources_final/templatedFuncs.h:61]   --->   Operation 109 'load' 'window_55_load_1' <Predicate = true> <Delay = 0.00>
ST_3 : Operation 110 [1/1] (0.00ns)   --->   "%window_56_load_1 = load i32 %window_56" [codes_lab5/HLS_sources_final/templatedFuncs.h:62]   --->   Operation 110 'load' 'window_56_load_1' <Predicate = true> <Delay = 0.00>
ST_3 : Operation 111 [1/1] (0.00ns)   --->   "%window_57_load_1 = load i32 %window_57" [codes_lab5/HLS_sources_final/templatedFuncs.h:62]   --->   Operation 111 'load' 'window_57_load_1' <Predicate = true> <Delay = 0.00>
ST_3 : Operation 112 [1/1] (0.00ns)   --->   "%window_58_load_1 = load i32 %window_58" [codes_lab5/HLS_sources_final/templatedFuncs.h:62]   --->   Operation 112 'load' 'window_58_load_1' <Predicate = true> <Delay = 0.00>
ST_3 : Operation 113 [1/1] (0.00ns)   --->   "%specpipeline_ln59 = specpipeline void @_ssdm_op_SpecPipeline, i32 4294967295, i32 0, i32 0, i32 0, void @empty_9" [codes_lab5/HLS_sources_final/templatedFuncs.h:59]   --->   Operation 113 'specpipeline' 'specpipeline_ln59' <Predicate = true> <Delay = 0.00>
ST_3 : Operation 114 [1/1] (0.00ns)   --->   "%specloopname_ln58 = specloopname void @_ssdm_op_SpecLoopName, void @empty_10" [codes_lab5/HLS_sources_final/templatedFuncs.h:58]   --->   Operation 114 'specloopname' 'specloopname_ln58' <Predicate = true> <Delay = 0.00>
ST_3 : Operation 115 [1/1] (1.70ns)   --->   "%window = mux i32 @_ssdm_op_Mux.ap_auto.3float.i2, i32 %window_53_load_1, i32 %window_54_load_1, i32 %window_55_load_1, i2 %wi_3" [codes_lab5/HLS_sources_final/templatedFuncs.h:61]   --->   Operation 115 'mux' 'window' <Predicate = true> <Delay = 1.70> <CoreInst = "Multiplexer">   --->   Core 76 'Multiplexer' <Latency = 0> <II = 1> <Delay = 1.70> <FuncUnit> <Opcode : 'mux'> <InPorts = 2> <OutPorts = 1>
ST_3 : Operation 116 [1/2] (3.25ns)   --->   "%window_77 = load i10 %ifmap_addr" [codes_lab5/HLS_sources_final/templatedFuncs.h:66]   --->   Operation 116 'load' 'window_77' <Predicate = true> <Delay = 3.25> <CoreInst = "RAM">   --->   Core 82 'RAM' <Latency = 1> <II = 1> <Delay = 3.25> <Storage> <Opcode : 'load' 'store'> <Ports = 2> <Width = 32> <Depth = 576> <RAM>
ST_3 : Operation 117 [1/1] (1.70ns)   --->   "%window_2 = mux i32 @_ssdm_op_Mux.ap_auto.3float.i2, i32 %window_56_load_1, i32 %window_57_load_1, i32 %window_58_load_1, i2 %wi_3" [codes_lab5/HLS_sources_final/templatedFuncs.h:62]   --->   Operation 117 'mux' 'window_2' <Predicate = true> <Delay = 1.70> <CoreInst = "Multiplexer">   --->   Core 76 'Multiplexer' <Latency = 0> <II = 1> <Delay = 1.70> <FuncUnit> <Opcode : 'mux'> <InPorts = 2> <OutPorts = 1>
ST_3 : Operation 118 [1/1] (1.58ns)   --->   "%store_ln61 = store i32 %window_77, i32 %window_73" [codes_lab5/HLS_sources_final/templatedFuncs.h:61]   --->   Operation 118 'store' 'store_ln61' <Predicate = (wi_3 == 1)> <Delay = 1.58>
ST_3 : Operation 119 [1/1] (1.58ns)   --->   "%store_ln61 = store i32 %window_2, i32 %window_72" [codes_lab5/HLS_sources_final/templatedFuncs.h:61]   --->   Operation 119 'store' 'store_ln61' <Predicate = (wi_3 == 1)> <Delay = 1.58>
ST_3 : Operation 120 [1/1] (1.58ns)   --->   "%store_ln61 = store i32 %window, i32 %window_71" [codes_lab5/HLS_sources_final/templatedFuncs.h:61]   --->   Operation 120 'store' 'store_ln61' <Predicate = (wi_3 == 1)> <Delay = 1.58>
ST_3 : Operation 121 [1/1] (1.58ns)   --->   "%store_ln61 = store i32 %window_77, i32 %window_61" [codes_lab5/HLS_sources_final/templatedFuncs.h:61]   --->   Operation 121 'store' 'store_ln61' <Predicate = (wi_3 == 1)> <Delay = 1.58>
ST_3 : Operation 122 [1/1] (1.58ns)   --->   "%store_ln61 = store i32 %window, i32 %window_60" [codes_lab5/HLS_sources_final/templatedFuncs.h:61]   --->   Operation 122 'store' 'store_ln61' <Predicate = (wi_3 == 1)> <Delay = 1.58>
ST_3 : Operation 123 [1/1] (1.58ns)   --->   "%store_ln61 = store i32 %window_2, i32 %window_59" [codes_lab5/HLS_sources_final/templatedFuncs.h:61]   --->   Operation 123 'store' 'store_ln61' <Predicate = (wi_3 == 1)> <Delay = 1.58>
ST_3 : Operation 124 [1/1] (1.58ns)   --->   "%store_ln61 = store i32 %window_77, i32 %window_57" [codes_lab5/HLS_sources_final/templatedFuncs.h:61]   --->   Operation 124 'store' 'store_ln61' <Predicate = (wi_3 == 1)> <Delay = 1.58>
ST_3 : Operation 125 [1/1] (1.58ns)   --->   "%store_ln61 = store i32 %window_2, i32 %window_54" [codes_lab5/HLS_sources_final/templatedFuncs.h:61]   --->   Operation 125 'store' 'store_ln61' <Predicate = (wi_3 == 1)> <Delay = 1.58>
ST_3 : Operation 126 [1/1] (0.00ns)   --->   "%br_ln61 = br void %arrayidx313.i13.exit" [codes_lab5/HLS_sources_final/templatedFuncs.h:61]   --->   Operation 126 'br' 'br_ln61' <Predicate = (wi_3 == 1)> <Delay = 0.00>
ST_3 : Operation 127 [1/1] (1.58ns)   --->   "%store_ln61 = store i32 %window_77, i32 %window_70" [codes_lab5/HLS_sources_final/templatedFuncs.h:61]   --->   Operation 127 'store' 'store_ln61' <Predicate = (wi_3 == 0)> <Delay = 1.58>
ST_3 : Operation 128 [1/1] (1.58ns)   --->   "%store_ln61 = store i32 %window_2, i32 %window_69" [codes_lab5/HLS_sources_final/templatedFuncs.h:61]   --->   Operation 128 'store' 'store_ln61' <Predicate = (wi_3 == 0)> <Delay = 1.58>
ST_3 : Operation 129 [1/1] (1.58ns)   --->   "%store_ln61 = store i32 %window, i32 %window_68" [codes_lab5/HLS_sources_final/templatedFuncs.h:61]   --->   Operation 129 'store' 'store_ln61' <Predicate = (wi_3 == 0)> <Delay = 1.58>
ST_3 : Operation 130 [1/1] (1.58ns)   --->   "%store_ln61 = store i32 %window_77, i32 %window_64" [codes_lab5/HLS_sources_final/templatedFuncs.h:61]   --->   Operation 130 'store' 'store_ln61' <Predicate = (wi_3 == 0)> <Delay = 1.58>
ST_3 : Operation 131 [1/1] (1.58ns)   --->   "%store_ln61 = store i32 %window, i32 %window_63" [codes_lab5/HLS_sources_final/templatedFuncs.h:61]   --->   Operation 131 'store' 'store_ln61' <Predicate = (wi_3 == 0)> <Delay = 1.58>
ST_3 : Operation 132 [1/1] (1.58ns)   --->   "%store_ln61 = store i32 %window_2, i32 %window_62" [codes_lab5/HLS_sources_final/templatedFuncs.h:61]   --->   Operation 132 'store' 'store_ln61' <Predicate = (wi_3 == 0)> <Delay = 1.58>
ST_3 : Operation 133 [1/1] (1.58ns)   --->   "%store_ln61 = store i32 %window_77, i32 %window_56" [codes_lab5/HLS_sources_final/templatedFuncs.h:61]   --->   Operation 133 'store' 'store_ln61' <Predicate = (wi_3 == 0)> <Delay = 1.58>
ST_3 : Operation 134 [1/1] (1.58ns)   --->   "%store_ln61 = store i32 %window_2, i32 %window_53" [codes_lab5/HLS_sources_final/templatedFuncs.h:61]   --->   Operation 134 'store' 'store_ln61' <Predicate = (wi_3 == 0)> <Delay = 1.58>
ST_3 : Operation 135 [1/1] (0.00ns)   --->   "%br_ln61 = br void %arrayidx313.i13.exit" [codes_lab5/HLS_sources_final/templatedFuncs.h:61]   --->   Operation 135 'br' 'br_ln61' <Predicate = (wi_3 == 0)> <Delay = 0.00>
ST_3 : Operation 136 [1/1] (1.58ns)   --->   "%store_ln66 = store i32 %window_77, i32 %window_76" [codes_lab5/HLS_sources_final/templatedFuncs.h:66]   --->   Operation 136 'store' 'store_ln66' <Predicate = (wi_3 != 0 & wi_3 != 1)> <Delay = 1.58>
ST_3 : Operation 137 [1/1] (1.58ns)   --->   "%store_ln66 = store i32 %window_2, i32 %window_75" [codes_lab5/HLS_sources_final/templatedFuncs.h:66]   --->   Operation 137 'store' 'store_ln66' <Predicate = (wi_3 != 0 & wi_3 != 1)> <Delay = 1.58>
ST_3 : Operation 138 [1/1] (1.58ns)   --->   "%store_ln66 = store i32 %window, i32 %window_74" [codes_lab5/HLS_sources_final/templatedFuncs.h:66]   --->   Operation 138 'store' 'store_ln66' <Predicate = (wi_3 != 0 & wi_3 != 1)> <Delay = 1.58>
ST_3 : Operation 139 [1/1] (1.58ns)   --->   "%store_ln66 = store i32 %window_77, i32 %window_67" [codes_lab5/HLS_sources_final/templatedFuncs.h:66]   --->   Operation 139 'store' 'store_ln66' <Predicate = (wi_3 != 0 & wi_3 != 1)> <Delay = 1.58>
ST_3 : Operation 140 [1/1] (1.58ns)   --->   "%store_ln66 = store i32 %window, i32 %window_66" [codes_lab5/HLS_sources_final/templatedFuncs.h:66]   --->   Operation 140 'store' 'store_ln66' <Predicate = (wi_3 != 0 & wi_3 != 1)> <Delay = 1.58>
ST_3 : Operation 141 [1/1] (1.58ns)   --->   "%store_ln66 = store i32 %window_2, i32 %window_65" [codes_lab5/HLS_sources_final/templatedFuncs.h:66]   --->   Operation 141 'store' 'store_ln66' <Predicate = (wi_3 != 0 & wi_3 != 1)> <Delay = 1.58>
ST_3 : Operation 142 [1/1] (1.58ns)   --->   "%store_ln66 = store i32 %window_77, i32 %window_58" [codes_lab5/HLS_sources_final/templatedFuncs.h:66]   --->   Operation 142 'store' 'store_ln66' <Predicate = (wi_3 != 0 & wi_3 != 1)> <Delay = 1.58>
ST_3 : Operation 143 [1/1] (1.58ns)   --->   "%store_ln66 = store i32 %window_2, i32 %window_55" [codes_lab5/HLS_sources_final/templatedFuncs.h:66]   --->   Operation 143 'store' 'store_ln66' <Predicate = (wi_3 != 0 & wi_3 != 1)> <Delay = 1.58>
ST_3 : Operation 144 [1/1] (0.00ns)   --->   "%br_ln66 = br void %arrayidx313.i13.exit" [codes_lab5/HLS_sources_final/templatedFuncs.h:66]   --->   Operation 144 'br' 'br_ln66' <Predicate = (wi_3 != 0 & wi_3 != 1)> <Delay = 0.00>


============================================================
+ Verbose Summary: Timing violations
============================================================
Target clock period: 10ns, clock uncertainty: 2.7ns.

 <State 1>: 3.65ns
The critical path consists of the following:
	'alloca' operation ('wi') [53]  (0 ns)
	'load' operation ('wi', codes_lab5/HLS_sources_final/templatedFuncs.h:58) on local variable 'wi' [134]  (0 ns)
	'add' operation ('add_ln66', codes_lab5/HLS_sources_final/templatedFuncs.h:66) [150]  (1.74 ns)
	'add' operation ('add_ln66_3', codes_lab5/HLS_sources_final/templatedFuncs.h:66) [152]  (1.92 ns)

 <State 2>: 6.98ns
The critical path consists of the following:
	'add' operation ('newFirst', codes_lab5/HLS_sources_final/templatedFuncs.h:66) [157]  (0 ns)
	'sub' operation ('newSecond', codes_lab5/HLS_sources_final/templatedFuncs.h:66) [158]  (3.73 ns)
	'getelementptr' operation ('ifmap_addr', codes_lab5/HLS_sources_final/templatedFuncs.h:66) [160]  (0 ns)
	'load' operation ('window', codes_lab5/HLS_sources_final/templatedFuncs.h:66) on array 'ifmap' [161]  (3.25 ns)

 <State 3>: 4.84ns
The critical path consists of the following:
	'load' operation ('window', codes_lab5/HLS_sources_final/templatedFuncs.h:66) on array 'ifmap' [161]  (3.25 ns)
	'store' operation ('store_ln66', codes_lab5/HLS_sources_final/templatedFuncs.h:66) of variable 'window', codes_lab5/HLS_sources_final/templatedFuncs.h:66 on local variable 'window' [185]  (1.59 ns)


============================================================
+ Verbose Summary: Binding
============================================================
N/A
* FSMD analyzer results:
  - Output states:
 - Input state : 
  - Chain level:
	State 1
	State 2
	State 3


============================================================
+ Verbose Summary: Datapath Resource usage 
============================================================
N/A
