

================================================================
== Vitis HLS Report for 'fc_layer119'
================================================================
* Date:           Thu Dec 25 17:04:41 2025

* Version:        2022.1 (Build 3526262 on Mon Apr 18 15:48:16 MDT 2022)
* Project:        Day_5_final_boss
* Solution:       hellojio (Vivado IP Flow Target)
* Product family: zynq
* Target device:  xc7z020-clg400-1


================================================================
== Performance Estimates
================================================================
+ Timing: 
    * Summary: 
    +--------+----------+----------+------------+
    |  Clock |  Target  | Estimated| Uncertainty|
    +--------+----------+----------+------------+
    |ap_clk  |  10.00 ns|  7.256 ns|     2.70 ns|
    +--------+----------+----------+------------+

+ Latency: 
    * Summary: 
    +---------+---------+-----------+-----------+------+------+---------+
    |  Latency (cycles) |   Latency (absolute)  |   Interval  | Pipeline|
    |   min   |   max   |    min    |    max    |  min |  max |   Type  |
    +---------+---------+-----------+-----------+------+------+---------+
    |     2210|     2210|  22.100 us|  22.100 us|  2210|  2210|       no|
    +---------+---------+-----------+-----------+------+------+---------+

    + Detail: 
        * Instance: 
        +---------------------------------+------------------------+---------+---------+-----------+-----------+------+------+---------+
        |                                 |                        |  Latency (cycles) |   Latency (absolute)  |   Interval  | Pipeline|
        |             Instance            |         Module         |   min   |   max   |    min    |    max    |  min |  max |   Type  |
        +---------------------------------+------------------------+---------+---------+-----------+-----------+------+------+---------+
        |grp_FC_layer_100_16_true_s_fu_8  |FC_layer_100_16_true_s  |     2209|     2209|  22.090 us|  22.090 us|  2209|  2209|       no|
        +---------------------------------+------------------------+---------+---------+-----------+-----------+------+------+---------+

        * Loop: 
        N/A

============================================================
+ Verbose Summary: Synthesis Manager
============================================================
InlineROM: 1
ExposeGlobal: 0
============================================================
+ Verbose Summary: CDFG Model
============================================================
IsTopModel: 0
ResetActiveHigh: 1
IsCombinational: 2
IsDatapathOnly: 0
HasWiredReturn: 1
HasMFsm: 0
HasVarLatency: 1
IsPipeline: 0
IsRtlPipelined: 0
IsInstanceOverlapped: 0
IsDontTouch: 0
HasImplIP: 0
IsGatedGlobalClock: 0


============================================================
+ Verbose Summary: Schedule
============================================================
* Number of FSM states : 2
* Pipeline : 0
* Dataflow Pipeline: 0

* FSM state transitions: 
1 --> 2 
2 --> 

* FSM state operations: 

State 1 <SV = 0> <Delay = 0.00>
ST_1 : Operation 3 [2/2] (0.00ns)   --->   "%tmp1 = call i512 @FC_layer<100, 16, true>, i32 %input_r, i32 %fc1_bias, i32 %fc1_weight" [codes_lab5/HLS_sources_final/design.cpp:40]   --->   Operation 3 'call' 'tmp1' <Predicate = true> <Delay = 0.00> <CoreType = "Generic">   --->   Core 0 '' <Latency = 0> <II = 1> <Delay = 1.00> <Generic> <Opcode : >

State 2 <SV = 1> <Delay = 0.00>
ST_2 : Operation 4 [1/2] (0.00ns)   --->   "%tmp1 = call i512 @FC_layer<100, 16, true>, i32 %input_r, i32 %fc1_bias, i32 %fc1_weight" [codes_lab5/HLS_sources_final/design.cpp:40]   --->   Operation 4 'call' 'tmp1' <Predicate = true> <Delay = 0.00> <CoreType = "Generic">   --->   Core 0 '' <Latency = 0> <II = 1> <Delay = 1.00> <Generic> <Opcode : >
ST_2 : Operation 5 [1/1] (0.00ns)   --->   "%ret_ln41 = ret i512 %tmp1" [codes_lab5/HLS_sources_final/design.cpp:41]   --->   Operation 5 'ret' 'ret_ln41' <Predicate = true> <Delay = 0.00>


============================================================
+ Verbose Summary: Binding
============================================================
STG Binding: 
---------------- STG Properties BEGIN ----------------
- Is combinational: 0
- Is one-state seq: 0
- Is datapath-only: 0
- Is pipelined: 0
- Is top level: 0
Port [ Return ] is wired: 1; IO mode=ap_ctrl_hs:ce=0
Port [ input_r]:  wired=1; compound=1; hidden=0; nouse=0; global=0; static=0; extern=0; dir=0; type=1; pingpong=1; private_global=0; MemPort=[13]; IO mode=ap_memory:ce=0
Port [ fc1_bias]:  wired=0; compound=1; hidden=1; nouse=1; global=1; static=1; extern=0; dir=0; type=1; pingpong=0; private_global=0; MemPort=[11111111]; IO mode=ap_memory:ce=0
Port [ fc1_weight]:  wired=0; compound=1; hidden=1; nouse=1; global=1; static=1; extern=0; dir=0; type=1; pingpong=0; private_global=0; MemPort=[11111111]; IO mode=ap_memory:ce=0
---------------- STG Properties END ------------------

---------------- Datapath Model BEGIN ----------------

<LifeTime>
<method=bitvector/>
tmp1     (call) [ 000]
ret_ln41 (ret ) [ 000]
</LifeTime>

<model>

<comp_list>
<comp id="0" class="1000" name="input_r">
<pin_list>
<pin id="1" dir="1" index="0" bw="1" slack="0"/>
</pin_list>
<bind>
<StgValue><ssdm name="input_r"/><MemPortTyVec>1 3 </MemPortTyVec>
</StgValue>
</bind>
</comp>

<comp id="2" class="1000" name="fc1_bias">
<pin_list>
<pin id="3" dir="1" index="0" bw="1" slack="0"/>
</pin_list>
<bind>
<StgValue><ssdm name="fc1_bias"/><MemPortTyVec>1 1 1 1 1 1 1 1 </MemPortTyVec>
</StgValue>
</bind>
</comp>

<comp id="4" class="1000" name="fc1_weight">
<pin_list>
<pin id="5" dir="1" index="0" bw="1" slack="0"/>
</pin_list>
<bind>
<StgValue><ssdm name="fc1_weight"/><MemPortTyVec>1 1 1 1 1 1 1 1 </MemPortTyVec>
</StgValue>
</bind>
</comp>

<comp id="6" class="1001" name="const_6">
<pin_list>
<pin id="7" dir="1" index="0" bw="1" slack="0"/>
</pin_list>
<bind>
<StgValue><ssdm name="FC_layer<100, 16, true>"/></StgValue>
</bind>
</comp>

<comp id="8" class="1004" name="grp_FC_layer_100_16_true_s_fu_8">
<pin_list>
<pin id="9" dir="0" index="0" bw="512" slack="0"/>
<pin id="10" dir="0" index="1" bw="32" slack="0"/>
<pin id="11" dir="0" index="2" bw="32" slack="0"/>
<pin id="12" dir="0" index="3" bw="32" slack="0"/>
<pin id="13" dir="1" index="4" bw="512" slack="2147483647"/>
</pin_list>
<bind>
<opcode="call(48) " fcode="call"/>
<opset="tmp1/1 "/>
</bind>
</comp>

</comp_list>

<net_list>
<net id="14"><net_src comp="6" pin="0"/><net_sink comp="8" pin=0"/></net>

<net id="15"><net_src comp="0" pin="0"/><net_sink comp="8" pin=1"/></net>

<net id="16"><net_src comp="2" pin="0"/><net_sink comp="8" pin=2"/></net>

<net id="17"><net_src comp="4" pin="0"/><net_sink comp="8" pin=3"/></net>

</net_list>

</model> 
---------------- Datapath Model END ------------------

* FSMD analyzer results:
  - Output states:
 - Input state : 
	Port: fc_layer119 : input_r | {1 2 }
	Port: fc_layer119 : fc1_bias | {1 2 }
	Port: fc_layer119 : fc1_weight | {1 2 }
  - Chain level:
	State 1
	State 2
		ret_ln41 : 1


============================================================
+ Verbose Summary: Datapath Resource usage 
============================================================

* Functional unit list:
|----------|---------------------------------|---------|---------|---------|---------|
| Operation|         Functional Unit         |   DSP   |  Delay  |    FF   |   LUT   |
|----------|---------------------------------|---------|---------|---------|---------|
|   call   | grp_FC_layer_100_16_true_s_fu_8 |    40   |   39.7  |   5130  |   7662  |
|----------|---------------------------------|---------|---------|---------|---------|
|   Total  |                                 |    40   |   39.7  |   5130  |   7662  |
|----------|---------------------------------|---------|---------|---------|---------|

Memories:
N/A

* Register list:
N/A

* Multiplexer (MUX) list: 
|--------|------|------|------|--------|
|  Comp  |  Pin | Size |  BW  | S x BW |
|--------|------|------|------|--------|
|  Total |      |      |      |    0   |
|--------|------|------|------|--------|



* Summary:
+-----------+--------+--------+--------+--------+
|           |   DSP  |  Delay |   FF   |   LUT  |
+-----------+--------+--------+--------+--------+
|  Function |   40   |   39   |  5130  |  7662  |
|   Memory  |    -   |    -   |    -   |    -   |
|Multiplexer|    -   |    -   |    -   |    -   |
|  Register |    -   |    -   |    -   |    -   |
+-----------+--------+--------+--------+--------+
|   Total   |   40   |   39   |  5130  |  7662  |
+-----------+--------+--------+--------+--------+
