

================================================================
== Vitis HLS Report for 'HW_accel'
================================================================
* Date:           Thu Dec 25 17:04:51 2025

* Version:        2022.1 (Build 3526262 on Mon Apr 18 15:48:16 MDT 2022)
* Project:        Day_5_final_boss
* Solution:       hellojio (Vivado IP Flow Target)
* Product family: zynq
* Target device:  xc7z020-clg400-1


================================================================
== Performance Estimates
================================================================
+ Timing: 
    * Summary: 
    +--------+----------+----------+------------+
    |  Clock |  Target  | Estimated| Uncertainty|
    +--------+----------+----------+------------+
    |ap_clk  |  10.00 ns|  7.290 ns|     2.70 ns|
    +--------+----------+----------+------------+

+ Latency: 
    * Summary: 
    +---------+---------+----------+----------+--------+--------+----------+
    |  Latency (cycles) |  Latency (absolute) |     Interval    | Pipeline |
    |   min   |   max   |    min   |    max   |   min  |   max  |   Type   |
    +---------+---------+----------+----------+--------+--------+----------+
    |   493555|   574291|  4.936 ms|  5.743 ms|  387247|  451759|  dataflow|
    +---------+---------+----------+----------+--------+--------+----------+

    + Detail: 
        * Instance: 
        +--------------------+-------------------+---------+---------+-----------+-----------+--------+--------+---------+
        |                    |                   |  Latency (cycles) |   Latency (absolute)  |     Interval    | Pipeline|
        |      Instance      |       Module      |   min   |   max   |    min    |    max    |   min  |   max  |   Type  |
        +--------------------+-------------------+---------+---------+-----------+-----------+--------+--------+---------+
        |read_input_U0       |read_input         |      786|      786|   7.860 us|   7.860 us|     786|     786|       no|
        |conv1_U0            |conv1              |   105521|   121745|   1.055 ms|   1.217 ms|  105521|  121745|       no|
        |conv2_U0            |conv2              |   387246|   451758|   3.872 ms|   4.518 ms|  387246|  451758|       no|
        |maxPool_4_24_12_U0  |maxPool_4_24_12_s  |      585|      585|   5.850 us|   5.850 us|     585|     585|       no|
        |conv3_U0            |conv3              |    62574|    73774|   0.626 ms|   0.738 ms|   62574|   73774|       no|
        |maxPool_4_10_5_U0   |maxPool_4_10_5_s   |      108|      108|   1.080 us|   1.080 us|     108|     108|       no|
        |fc_layer119_U0      |fc_layer119        |     2210|     2210|  22.100 us|  22.100 us|    2210|    2210|       no|
        |fc_layer2_U0        |fc_layer2          |      363|      363|   3.630 us|   3.630 us|     363|     363|       no|
        |write_output_U0     |write_output       |       13|       13|   0.130 us|   0.130 us|      13|      13|       no|
        +--------------------+-------------------+---------+---------+-----------+-----------+--------+--------+---------+

        * Loop: 
        N/A



================================================================
== Utilization Estimates
================================================================
* Summary: 
+-----------------+---------+-----+--------+-------+-----+
|       Name      | BRAM_18K| DSP |   FF   |  LUT  | URAM|
+-----------------+---------+-----+--------+-------+-----+
|DSP              |        -|    -|       -|      -|    -|
|Expression       |        -|    -|       0|     92|    -|
|FIFO             |        -|    -|    1584|   1088|    -|
|Instance         |       39|  203|   40282|  39546|    -|
|Memory           |       49|    -|     128|     10|    0|
|Multiplexer      |        -|    -|       -|    180|    -|
|Register         |        -|    -|      20|      -|    -|
+-----------------+---------+-----+--------+-------+-----+
|Total            |       88|  203|   42014|  40916|    0|
+-----------------+---------+-----+--------+-------+-----+
|Available        |      280|  220|  106400|  53200|    0|
+-----------------+---------+-----+--------+-------+-----+
|Utilization (%)  |       31|   92|      39|     76|    0|
+-----------------+---------+-----+--------+-------+-----+

+ Detail: 
    * Instance: 
    +--------------------+-------------------+---------+----+-------+------+-----+
    |      Instance      |       Module      | BRAM_18K| DSP|   FF  |  LUT | URAM|
    +--------------------+-------------------+---------+----+-------+------+-----+
    |conv1_U0            |conv1              |        1|  46|   7847|  8095|    0|
    |conv2_U0            |conv2              |        1|  47|  11732|  9071|    0|
    |conv3_U0            |conv3              |        1|  45|  11414|  9016|    0|
    |fc_layer119_U0      |fc_layer119        |       28|  40|   5254|  7581|    0|
    |fc_layer2_U0        |fc_layer2          |        8|  25|   2812|  4136|    0|
    |maxPool_4_10_5_U0   |maxPool_4_10_5_s   |        0|   0|    559|   669|    0|
    |maxPool_4_24_12_U0  |maxPool_4_24_12_s  |        0|   0|    589|   716|    0|
    |read_input_U0       |read_input         |        0|   0|     65|   178|    0|
    |write_output_U0     |write_output       |        0|   0|     10|    84|    0|
    +--------------------+-------------------+---------+----+-------+------+-----+
    |Total               |                   |       39| 203|  40282| 39546|    0|
    +--------------------+-------------------+---------+----+-------+------+-----+

    * DSP: 
    N/A

    * Memory: 
    +--------------+--------------------------+---------+-----+----+-----+------+-----+------+-------------+
    |    Memory    |          Module          | BRAM_18K|  FF | LUT| URAM| Words| Bits| Banks| W*Bits*Banks|
    +--------------+--------------------------+---------+-----+----+-----+------+-----+------+-------------+
    |fc2_output_U  |fc2_output_RAM_AUTO_1R1W  |        0|  128|  10|    0|    10|   32|     1|          320|
    |mem_1_0_U     |mem_1_0_RAM_AUTO_1R1W     |        4|    0|   0|    0|   784|   32|     1|        25088|
    |mem_2_U       |mem_2_RAM_AUTO_1R1W       |       16|    0|   0|    0|  2704|   32|     1|        86528|
    |mem_3_U       |mem_3_RAM_AUTO_1R1W       |        8|    0|   0|    0|  1152|   32|     1|        36864|
    |mem_3_1_U     |mem_3_RAM_AUTO_1R1W       |        8|    0|   0|    0|  1152|   32|     1|        36864|
    |mem_4_U       |mem_4_RAM_AUTO_1R1W       |        4|    0|   0|    0|   576|   32|     1|        18432|
    |mem_5_U       |mem_5_RAM_AUTO_1R1W       |        4|    0|   0|    0|   200|   32|     1|         6400|
    |mem_5_1_U     |mem_5_RAM_AUTO_1R1W       |        4|    0|   0|    0|   200|   32|     1|         6400|
    |mem_6_U       |mem_6_RAM_AUTO_1R1W       |        1|    0|   0|    0|   100|   32|     1|         3200|
    +--------------+--------------------------+---------+-----+----+-----+------+-----+------+-------------+
    |Total         |                          |       49|  128|  10|    0|  6878|  288|     9|       220096|
    +--------------+--------------------------+---------+-----+----+-----+------+-----+------+-------------+

    * FIFO: 
    +-----------------+---------+----+----+-----+------+-----+---------+
    |       Name      | BRAM_18K| FF | LUT| URAM| Depth| Bits| Size:D*B|
    +-----------------+---------+----+----+-----+------+-----+---------+
    |fc1_output_10_U  |        0|  99|   0|    -|     2|   32|       64|
    |fc1_output_11_U  |        0|  99|   0|    -|     2|   32|       64|
    |fc1_output_12_U  |        0|  99|   0|    -|     2|   32|       64|
    |fc1_output_13_U  |        0|  99|   0|    -|     2|   32|       64|
    |fc1_output_14_U  |        0|  99|   0|    -|     2|   32|       64|
    |fc1_output_15_U  |        0|  99|   0|    -|     2|   32|       64|
    |fc1_output_1_U   |        0|  99|   0|    -|     2|   32|       64|
    |fc1_output_2_U   |        0|  99|   0|    -|     2|   32|       64|
    |fc1_output_3_U   |        0|  99|   0|    -|     2|   32|       64|
    |fc1_output_4_U   |        0|  99|   0|    -|     2|   32|       64|
    |fc1_output_5_U   |        0|  99|   0|    -|     2|   32|       64|
    |fc1_output_6_U   |        0|  99|   0|    -|     2|   32|       64|
    |fc1_output_7_U   |        0|  99|   0|    -|     2|   32|       64|
    |fc1_output_8_U   |        0|  99|   0|    -|     2|   32|       64|
    |fc1_output_9_U   |        0|  99|   0|    -|     2|   32|       64|
    |fc1_output_U     |        0|  99|   0|    -|     2|   32|       64|
    +-----------------+---------+----+----+-----+------+-----+---------+
    |Total            |        0|1584|   0|    0|    32|  512|     1024|
    +-----------------+---------+----+----+-----+------+-----+---------+

    * Expression: 
    +-------------------------------------+----------+----+---+----+------------+------------+
    |            Variable Name            | Operation| DSP| FF| LUT| Bitwidth P0| Bitwidth P1|
    +-------------------------------------+----------+----+---+----+------------+------------+
    |ap_channel_done_fc1_output           |       and|   0|  0|   2|           1|           1|
    |ap_channel_done_fc1_output_1         |       and|   0|  0|   2|           1|           1|
    |ap_channel_done_fc1_output_10        |       and|   0|  0|   2|           1|           1|
    |ap_channel_done_fc1_output_11        |       and|   0|  0|   2|           1|           1|
    |ap_channel_done_fc1_output_12        |       and|   0|  0|   2|           1|           1|
    |ap_channel_done_fc1_output_13        |       and|   0|  0|   2|           1|           1|
    |ap_channel_done_fc1_output_14        |       and|   0|  0|   2|           1|           1|
    |ap_channel_done_fc1_output_15        |       and|   0|  0|   2|           1|           1|
    |ap_channel_done_fc1_output_2         |       and|   0|  0|   2|           1|           1|
    |ap_channel_done_fc1_output_3         |       and|   0|  0|   2|           1|           1|
    |ap_channel_done_fc1_output_4         |       and|   0|  0|   2|           1|           1|
    |ap_channel_done_fc1_output_5         |       and|   0|  0|   2|           1|           1|
    |ap_channel_done_fc1_output_6         |       and|   0|  0|   2|           1|           1|
    |ap_channel_done_fc1_output_7         |       and|   0|  0|   2|           1|           1|
    |ap_channel_done_fc1_output_8         |       and|   0|  0|   2|           1|           1|
    |ap_channel_done_fc1_output_9         |       and|   0|  0|   2|           1|           1|
    |ap_channel_done_mem_3                |       and|   0|  0|   2|           1|           1|
    |ap_channel_done_mem_3_1              |       and|   0|  0|   2|           1|           1|
    |ap_channel_done_mem_5                |       and|   0|  0|   2|           1|           1|
    |ap_channel_done_mem_5_1              |       and|   0|  0|   2|           1|           1|
    |conv2_U0_ap_continue                 |       and|   0|  0|   2|           1|           1|
    |conv3_U0_ap_continue                 |       and|   0|  0|   2|           1|           1|
    |fc_layer119_U0_ap_continue           |       and|   0|  0|   2|           1|           1|
    |fc_layer2_U0_ap_start                |       and|   0|  0|   2|           1|           1|
    |maxPool_4_10_5_U0_ap_start           |       and|   0|  0|   2|           1|           1|
    |maxPool_4_24_12_U0_ap_start          |       and|   0|  0|   2|           1|           1|
    |ap_sync_channel_write_fc1_output     |        or|   0|  0|   2|           1|           1|
    |ap_sync_channel_write_fc1_output_1   |        or|   0|  0|   2|           1|           1|
    |ap_sync_channel_write_fc1_output_10  |        or|   0|  0|   2|           1|           1|
    |ap_sync_channel_write_fc1_output_11  |        or|   0|  0|   2|           1|           1|
    |ap_sync_channel_write_fc1_output_12  |        or|   0|  0|   2|           1|           1|
    |ap_sync_channel_write_fc1_output_13  |        or|   0|  0|   2|           1|           1|
    |ap_sync_channel_write_fc1_output_14  |        or|   0|  0|   2|           1|           1|
    |ap_sync_channel_write_fc1_output_15  |        or|   0|  0|   2|           1|           1|
    |ap_sync_channel_write_fc1_output_2   |        or|   0|  0|   2|           1|           1|
    |ap_sync_channel_write_fc1_output_3   |        or|   0|  0|   2|           1|           1|
    |ap_sync_channel_write_fc1_output_4   |        or|   0|  0|   2|           1|           1|
    |ap_sync_channel_write_fc1_output_5   |        or|   0|  0|   2|           1|           1|
    |ap_sync_channel_write_fc1_output_6   |        or|   0|  0|   2|           1|           1|
    |ap_sync_channel_write_fc1_output_7   |        or|   0|  0|   2|           1|           1|
    |ap_sync_channel_write_fc1_output_8   |        or|   0|  0|   2|           1|           1|
    |ap_sync_channel_write_fc1_output_9   |        or|   0|  0|   2|           1|           1|
    |ap_sync_channel_write_mem_3          |        or|   0|  0|   2|           1|           1|
    |ap_sync_channel_write_mem_3_1        |        or|   0|  0|   2|           1|           1|
    |ap_sync_channel_write_mem_5          |        or|   0|  0|   2|           1|           1|
    |ap_sync_channel_write_mem_5_1        |        or|   0|  0|   2|           1|           1|
    +-------------------------------------+----------+----+---+----+------------+------------+
    |Total                                |          |   0|  0|  92|          46|          46|
    +-------------------------------------+----------+----+---+----+------------+------------+

    * Multiplexer: 
    +-----------------------------------------+----+-----------+-----+-----------+
    |                   Name                  | LUT| Input Size| Bits| Total Bits|
    +-----------------------------------------+----+-----------+-----+-----------+
    |ap_sync_reg_channel_write_fc1_output     |   9|          2|    1|          2|
    |ap_sync_reg_channel_write_fc1_output_1   |   9|          2|    1|          2|
    |ap_sync_reg_channel_write_fc1_output_10  |   9|          2|    1|          2|
    |ap_sync_reg_channel_write_fc1_output_11  |   9|          2|    1|          2|
    |ap_sync_reg_channel_write_fc1_output_12  |   9|          2|    1|          2|
    |ap_sync_reg_channel_write_fc1_output_13  |   9|          2|    1|          2|
    |ap_sync_reg_channel_write_fc1_output_14  |   9|          2|    1|          2|
    |ap_sync_reg_channel_write_fc1_output_15  |   9|          2|    1|          2|
    |ap_sync_reg_channel_write_fc1_output_2   |   9|          2|    1|          2|
    |ap_sync_reg_channel_write_fc1_output_3   |   9|          2|    1|          2|
    |ap_sync_reg_channel_write_fc1_output_4   |   9|          2|    1|          2|
    |ap_sync_reg_channel_write_fc1_output_5   |   9|          2|    1|          2|
    |ap_sync_reg_channel_write_fc1_output_6   |   9|          2|    1|          2|
    |ap_sync_reg_channel_write_fc1_output_7   |   9|          2|    1|          2|
    |ap_sync_reg_channel_write_fc1_output_8   |   9|          2|    1|          2|
    |ap_sync_reg_channel_write_fc1_output_9   |   9|          2|    1|          2|
    |ap_sync_reg_channel_write_mem_3          |   9|          2|    1|          2|
    |ap_sync_reg_channel_write_mem_3_1        |   9|          2|    1|          2|
    |ap_sync_reg_channel_write_mem_5          |   9|          2|    1|          2|
    |ap_sync_reg_channel_write_mem_5_1        |   9|          2|    1|          2|
    +-----------------------------------------+----+-----------+-----+-----------+
    |Total                                    | 180|         40|   20|         40|
    +-----------------------------------------+----+-----------+-----+-----------+

    * Register: 
    +-----------------------------------------+---+----+-----+-----------+
    |                   Name                  | FF| LUT| Bits| Const Bits|
    +-----------------------------------------+---+----+-----+-----------+
    |ap_sync_reg_channel_write_fc1_output     |  1|   0|    1|          0|
    |ap_sync_reg_channel_write_fc1_output_1   |  1|   0|    1|          0|
    |ap_sync_reg_channel_write_fc1_output_10  |  1|   0|    1|          0|
    |ap_sync_reg_channel_write_fc1_output_11  |  1|   0|    1|          0|
    |ap_sync_reg_channel_write_fc1_output_12  |  1|   0|    1|          0|
    |ap_sync_reg_channel_write_fc1_output_13  |  1|   0|    1|          0|
    |ap_sync_reg_channel_write_fc1_output_14  |  1|   0|    1|          0|
    |ap_sync_reg_channel_write_fc1_output_15  |  1|   0|    1|          0|
    |ap_sync_reg_channel_write_fc1_output_2   |  1|   0|    1|          0|
    |ap_sync_reg_channel_write_fc1_output_3   |  1|   0|    1|          0|
    |ap_sync_reg_channel_write_fc1_output_4   |  1|   0|    1|          0|
    |ap_sync_reg_channel_write_fc1_output_5   |  1|   0|    1|          0|
    |ap_sync_reg_channel_write_fc1_output_6   |  1|   0|    1|          0|
    |ap_sync_reg_channel_write_fc1_output_7   |  1|   0|    1|          0|
    |ap_sync_reg_channel_write_fc1_output_8   |  1|   0|    1|          0|
    |ap_sync_reg_channel_write_fc1_output_9   |  1|   0|    1|          0|
    |ap_sync_reg_channel_write_mem_3          |  1|   0|    1|          0|
    |ap_sync_reg_channel_write_mem_3_1        |  1|   0|    1|          0|
    |ap_sync_reg_channel_write_mem_5          |  1|   0|    1|          0|
    |ap_sync_reg_channel_write_mem_5_1        |  1|   0|    1|          0|
    +-----------------------------------------+---+----+-----+-----------+
    |Total                                    | 20|   0|   20|          0|
    +-----------------------------------------+---+----+-----+-----------+



================================================================
== Interface
================================================================
* Summary: 
+-------------------+-----+-----+--------------+---------------------+--------------+
|     RTL Ports     | Dir | Bits|   Protocol   |    Source Object    |    C Type    |
+-------------------+-----+-----+--------------+---------------------+--------------+
|ap_clk             |   in|    1|  ap_ctrl_none|             HW_accel|  return value|
|ap_rst_n           |   in|    1|  ap_ctrl_none|             HW_accel|  return value|
|inputPort_TDATA    |   in|   32|          axis|   inputPort_V_data_V|       pointer|
|inputPort_TKEEP    |   in|    4|          axis|   inputPort_V_keep_V|       pointer|
|inputPort_TSTRB    |   in|    4|          axis|   inputPort_V_strb_V|       pointer|
|inputPort_TLAST    |   in|    1|          axis|   inputPort_V_last_V|       pointer|
|inputPort_TVALID   |   in|    1|          axis|   inputPort_V_last_V|       pointer|
|inputPort_TREADY   |  out|    1|          axis|   inputPort_V_last_V|       pointer|
|outputPort_TDATA   |  out|   32|          axis|  outputPort_V_data_V|       pointer|
|outputPort_TKEEP   |  out|    4|          axis|  outputPort_V_keep_V|       pointer|
|outputPort_TSTRB   |  out|    4|          axis|  outputPort_V_strb_V|       pointer|
|outputPort_TLAST   |  out|    1|          axis|  outputPort_V_last_V|       pointer|
|outputPort_TVALID  |  out|    1|          axis|  outputPort_V_last_V|       pointer|
|outputPort_TREADY  |   in|    1|          axis|  outputPort_V_last_V|       pointer|
+-------------------+-----+-----+--------------+---------------------+--------------+

============================================================
+ Verbose Summary: Synthesis Manager
============================================================
InlineROM: 1
ExposeGlobal: 0
============================================================
+ Verbose Summary: CDFG Model
============================================================
IsTopModel: 1
ResetActiveHigh: 1
IsCombinational: 2
IsDatapathOnly: 2
HasWiredReturn: 1
HasMFsm: 0
HasVarLatency: 1
IsPipeline: 0
IsRtlPipelined: 0
IsInstanceOverlapped: 0
IsDontTouch: 0
HasImplIP: 0
IsGatedGlobalClock: 0


============================================================
+ Verbose Summary: Schedule
============================================================
* Number of FSM states : 19
* Pipeline : 0
* Dataflow Pipeline: 1
  DF-Pipeline-0: Size = 19, States = { 1 2 3 4 5 6 7 8 9 10 11 12 13 14 15 16 17 18 19 }

* FSM state transitions: 
1 --> 2 
2 --> 3 
3 --> 4 
4 --> 5 
5 --> 6 
6 --> 7 
7 --> 8 
8 --> 9 
9 --> 10 
10 --> 11 
11 --> 12 
12 --> 13 
13 --> 14 
14 --> 15 
15 --> 16 
16 --> 17 
17 --> 18 
18 --> 19 
19 --> 

* FSM state operations: 

State 1 <SV = 0> <Delay = 3.25>
ST_1 : Operation 20 [1/1] (3.25ns)   --->   "%mem_1_0 = alloca i64 1" [codes_lab5/HLS_sources_final/design.cpp:54]   --->   Operation 20 'alloca' 'mem_1_0' <Predicate = true> <Delay = 3.25>
ST_1 : Operation 21 [1/1] (3.25ns)   --->   "%mem_2 = alloca i64 1" [codes_lab5/HLS_sources_final/design.cpp:55]   --->   Operation 21 'alloca' 'mem_2' <Predicate = true> <Delay = 3.25>
ST_1 : Operation 22 [1/1] (3.25ns)   --->   "%mem_3 = alloca i64 1" [codes_lab5/HLS_sources_final/design.cpp:56]   --->   Operation 22 'alloca' 'mem_3' <Predicate = true> <Delay = 3.25>
ST_1 : Operation 23 [1/1] (3.25ns)   --->   "%mem_3_1 = alloca i64 1" [codes_lab5/HLS_sources_final/design.cpp:56]   --->   Operation 23 'alloca' 'mem_3_1' <Predicate = true> <Delay = 3.25>
ST_1 : Operation 24 [1/1] (3.25ns)   --->   "%mem_4 = alloca i64 1" [codes_lab5/HLS_sources_final/design.cpp:58]   --->   Operation 24 'alloca' 'mem_4' <Predicate = true> <Delay = 3.25>
ST_1 : Operation 25 [1/1] (3.25ns)   --->   "%mem_5 = alloca i64 1" [codes_lab5/HLS_sources_final/design.cpp:59]   --->   Operation 25 'alloca' 'mem_5' <Predicate = true> <Delay = 3.25>
ST_1 : Operation 26 [1/1] (3.25ns)   --->   "%mem_5_1 = alloca i64 1" [codes_lab5/HLS_sources_final/design.cpp:59]   --->   Operation 26 'alloca' 'mem_5_1' <Predicate = true> <Delay = 3.25>
ST_1 : Operation 27 [1/1] (3.25ns)   --->   "%mem_6 = alloca i64 1" [codes_lab5/HLS_sources_final/design.cpp:61]   --->   Operation 27 'alloca' 'mem_6' <Predicate = true> <Delay = 3.25>
ST_1 : Operation 28 [1/1] (2.32ns)   --->   "%fc2_output = alloca i64 1" [codes_lab5/HLS_sources_final/design.cpp:64]   --->   Operation 28 'alloca' 'fc2_output' <Predicate = true> <Delay = 2.32>

State 2 <SV = 1> <Delay = 0.00>
ST_2 : Operation 29 [2/2] (0.00ns)   --->   "%call_ln67 = call void @read_input, i32 %inputPort_V_data_V, i4 %inputPort_V_keep_V, i4 %inputPort_V_strb_V, i1 %inputPort_V_last_V, i32 %mem_1_0" [codes_lab5/HLS_sources_final/design.cpp:67]   --->   Operation 29 'call' 'call_ln67' <Predicate = true> <Delay = 0.00> <CoreType = "Generic">   --->   Core 0 '' <Latency = 0> <II = 1> <Delay = 1.00> <Generic> <Opcode : >

State 3 <SV = 2> <Delay = 0.00>
ST_3 : Operation 30 [1/2] (0.00ns)   --->   "%call_ln67 = call void @read_input, i32 %inputPort_V_data_V, i4 %inputPort_V_keep_V, i4 %inputPort_V_strb_V, i1 %inputPort_V_last_V, i32 %mem_1_0" [codes_lab5/HLS_sources_final/design.cpp:67]   --->   Operation 30 'call' 'call_ln67' <Predicate = true> <Delay = 0.00> <CoreType = "Generic">   --->   Core 0 '' <Latency = 0> <II = 1> <Delay = 1.00> <Generic> <Opcode : >

State 4 <SV = 3> <Delay = 0.00>
ST_4 : Operation 31 [2/2] (0.00ns)   --->   "%call_ln69 = call void @conv1, i32 %mem_1_0, i32 %mem_2, i32 %conv1_weight, i32 %conv1_bias" [codes_lab5/HLS_sources_final/design.cpp:69]   --->   Operation 31 'call' 'call_ln69' <Predicate = true> <Delay = 0.00> <CoreType = "Generic">   --->   Core 0 '' <Latency = 0> <II = 1> <Delay = 1.00> <Generic> <Opcode : >

State 5 <SV = 4> <Delay = 0.00>
ST_5 : Operation 32 [1/2] (0.00ns)   --->   "%call_ln69 = call void @conv1, i32 %mem_1_0, i32 %mem_2, i32 %conv1_weight, i32 %conv1_bias" [codes_lab5/HLS_sources_final/design.cpp:69]   --->   Operation 32 'call' 'call_ln69' <Predicate = true> <Delay = 0.00> <CoreType = "Generic">   --->   Core 0 '' <Latency = 0> <II = 1> <Delay = 1.00> <Generic> <Opcode : >

State 6 <SV = 5> <Delay = 0.00>
ST_6 : Operation 33 [2/2] (0.00ns)   --->   "%call_ln70 = call void @conv2, i32 %mem_2, i32 %mem_3, i32 %mem_3_1, i32 %conv2_weight, i32 %conv2_bias" [codes_lab5/HLS_sources_final/design.cpp:70]   --->   Operation 33 'call' 'call_ln70' <Predicate = true> <Delay = 0.00> <CoreType = "Generic">   --->   Core 0 '' <Latency = 0> <II = 1> <Delay = 1.00> <Generic> <Opcode : >

State 7 <SV = 6> <Delay = 0.00>
ST_7 : Operation 34 [1/2] (0.00ns)   --->   "%call_ln70 = call void @conv2, i32 %mem_2, i32 %mem_3, i32 %mem_3_1, i32 %conv2_weight, i32 %conv2_bias" [codes_lab5/HLS_sources_final/design.cpp:70]   --->   Operation 34 'call' 'call_ln70' <Predicate = true> <Delay = 0.00> <CoreType = "Generic">   --->   Core 0 '' <Latency = 0> <II = 1> <Delay = 1.00> <Generic> <Opcode : >

State 8 <SV = 7> <Delay = 0.00>
ST_8 : Operation 35 [2/2] (0.00ns)   --->   "%call_ln71 = call void @maxPool<4, 24, 12>, i32 %mem_3, i32 %mem_3_1, i32 %mem_4" [codes_lab5/HLS_sources_final/design.cpp:71]   --->   Operation 35 'call' 'call_ln71' <Predicate = true> <Delay = 0.00> <CoreType = "Generic">   --->   Core 0 '' <Latency = 0> <II = 1> <Delay = 1.00> <Generic> <Opcode : >

State 9 <SV = 8> <Delay = 0.00>
ST_9 : Operation 36 [1/2] (0.00ns)   --->   "%call_ln71 = call void @maxPool<4, 24, 12>, i32 %mem_3, i32 %mem_3_1, i32 %mem_4" [codes_lab5/HLS_sources_final/design.cpp:71]   --->   Operation 36 'call' 'call_ln71' <Predicate = true> <Delay = 0.00> <CoreType = "Generic">   --->   Core 0 '' <Latency = 0> <II = 1> <Delay = 1.00> <Generic> <Opcode : >

State 10 <SV = 9> <Delay = 0.00>
ST_10 : Operation 37 [2/2] (0.00ns)   --->   "%call_ln72 = call void @conv3, i32 %mem_4, i32 %mem_5, i32 %mem_5_1, i32 %conv3_weight, i32 %conv3_bias" [codes_lab5/HLS_sources_final/design.cpp:72]   --->   Operation 37 'call' 'call_ln72' <Predicate = true> <Delay = 0.00> <CoreType = "Generic">   --->   Core 0 '' <Latency = 0> <II = 1> <Delay = 1.00> <Generic> <Opcode : >

State 11 <SV = 10> <Delay = 0.00>
ST_11 : Operation 38 [1/2] (0.00ns)   --->   "%call_ln72 = call void @conv3, i32 %mem_4, i32 %mem_5, i32 %mem_5_1, i32 %conv3_weight, i32 %conv3_bias" [codes_lab5/HLS_sources_final/design.cpp:72]   --->   Operation 38 'call' 'call_ln72' <Predicate = true> <Delay = 0.00> <CoreType = "Generic">   --->   Core 0 '' <Latency = 0> <II = 1> <Delay = 1.00> <Generic> <Opcode : >

State 12 <SV = 11> <Delay = 0.00>
ST_12 : Operation 39 [2/2] (0.00ns)   --->   "%call_ln73 = call void @maxPool<4, 10, 5>, i32 %mem_5, i32 %mem_5_1, i32 %mem_6" [codes_lab5/HLS_sources_final/design.cpp:73]   --->   Operation 39 'call' 'call_ln73' <Predicate = true> <Delay = 0.00> <CoreType = "Generic">   --->   Core 0 '' <Latency = 0> <II = 1> <Delay = 1.00> <Generic> <Opcode : >

State 13 <SV = 12> <Delay = 0.00>
ST_13 : Operation 40 [1/2] (0.00ns)   --->   "%call_ln73 = call void @maxPool<4, 10, 5>, i32 %mem_5, i32 %mem_5_1, i32 %mem_6" [codes_lab5/HLS_sources_final/design.cpp:73]   --->   Operation 40 'call' 'call_ln73' <Predicate = true> <Delay = 0.00> <CoreType = "Generic">   --->   Core 0 '' <Latency = 0> <II = 1> <Delay = 1.00> <Generic> <Opcode : >

State 14 <SV = 13> <Delay = 0.00>
ST_14 : Operation 41 [2/2] (0.00ns)   --->   "%call_ret1 = call i512 @fc_layer119, i32 %mem_6, i32 %fc1_bias, i32 %fc1_weight" [codes_lab5/HLS_sources_final/design.cpp:75]   --->   Operation 41 'call' 'call_ret1' <Predicate = true> <Delay = 0.00> <CoreType = "Generic">   --->   Core 0 '' <Latency = 0> <II = 1> <Delay = 1.00> <Generic> <Opcode : >

State 15 <SV = 14> <Delay = 3.63>
ST_15 : Operation 42 [1/2] (0.00ns)   --->   "%call_ret1 = call i512 @fc_layer119, i32 %mem_6, i32 %fc1_bias, i32 %fc1_weight" [codes_lab5/HLS_sources_final/design.cpp:75]   --->   Operation 42 'call' 'call_ret1' <Predicate = true> <Delay = 0.00> <CoreType = "Generic">   --->   Core 0 '' <Latency = 0> <II = 1> <Delay = 1.00> <Generic> <Opcode : >
ST_15 : Operation 43 [1/1] (0.00ns)   --->   "%fc1_output = extractvalue i512 %call_ret1" [codes_lab5/HLS_sources_final/design.cpp:75]   --->   Operation 43 'extractvalue' 'fc1_output' <Predicate = true> <Delay = 0.00> <CoreInst = "FIFO_SRL">   --->   Core 81 'FIFO_SRL' <Latency = 0> <II = 1> <Delay = 3.63> <Storage> <Opcode : 'read' 'write' 'nbread' 'nbwrite'> <Ports = 0> <Width = 32> <Depth = 2> <FIFO>
ST_15 : Operation 44 [1/1] (0.00ns)   --->   "%fc1_output_1 = extractvalue i512 %call_ret1" [codes_lab5/HLS_sources_final/design.cpp:75]   --->   Operation 44 'extractvalue' 'fc1_output_1' <Predicate = true> <Delay = 0.00> <CoreInst = "FIFO_SRL">   --->   Core 81 'FIFO_SRL' <Latency = 0> <II = 1> <Delay = 3.63> <Storage> <Opcode : 'read' 'write' 'nbread' 'nbwrite'> <Ports = 0> <Width = 32> <Depth = 2> <FIFO>
ST_15 : Operation 45 [1/1] (0.00ns)   --->   "%fc1_output_2 = extractvalue i512 %call_ret1" [codes_lab5/HLS_sources_final/design.cpp:75]   --->   Operation 45 'extractvalue' 'fc1_output_2' <Predicate = true> <Delay = 0.00> <CoreInst = "FIFO_SRL">   --->   Core 81 'FIFO_SRL' <Latency = 0> <II = 1> <Delay = 3.63> <Storage> <Opcode : 'read' 'write' 'nbread' 'nbwrite'> <Ports = 0> <Width = 32> <Depth = 2> <FIFO>
ST_15 : Operation 46 [1/1] (0.00ns)   --->   "%fc1_output_3 = extractvalue i512 %call_ret1" [codes_lab5/HLS_sources_final/design.cpp:75]   --->   Operation 46 'extractvalue' 'fc1_output_3' <Predicate = true> <Delay = 0.00> <CoreInst = "FIFO_SRL">   --->   Core 81 'FIFO_SRL' <Latency = 0> <II = 1> <Delay = 3.63> <Storage> <Opcode : 'read' 'write' 'nbread' 'nbwrite'> <Ports = 0> <Width = 32> <Depth = 2> <FIFO>
ST_15 : Operation 47 [1/1] (0.00ns)   --->   "%fc1_output_4 = extractvalue i512 %call_ret1" [codes_lab5/HLS_sources_final/design.cpp:75]   --->   Operation 47 'extractvalue' 'fc1_output_4' <Predicate = true> <Delay = 0.00> <CoreInst = "FIFO_SRL">   --->   Core 81 'FIFO_SRL' <Latency = 0> <II = 1> <Delay = 3.63> <Storage> <Opcode : 'read' 'write' 'nbread' 'nbwrite'> <Ports = 0> <Width = 32> <Depth = 2> <FIFO>
ST_15 : Operation 48 [1/1] (0.00ns)   --->   "%fc1_output_5 = extractvalue i512 %call_ret1" [codes_lab5/HLS_sources_final/design.cpp:75]   --->   Operation 48 'extractvalue' 'fc1_output_5' <Predicate = true> <Delay = 0.00> <CoreInst = "FIFO_SRL">   --->   Core 81 'FIFO_SRL' <Latency = 0> <II = 1> <Delay = 3.63> <Storage> <Opcode : 'read' 'write' 'nbread' 'nbwrite'> <Ports = 0> <Width = 32> <Depth = 2> <FIFO>
ST_15 : Operation 49 [1/1] (0.00ns)   --->   "%fc1_output_6 = extractvalue i512 %call_ret1" [codes_lab5/HLS_sources_final/design.cpp:75]   --->   Operation 49 'extractvalue' 'fc1_output_6' <Predicate = true> <Delay = 0.00> <CoreInst = "FIFO_SRL">   --->   Core 81 'FIFO_SRL' <Latency = 0> <II = 1> <Delay = 3.63> <Storage> <Opcode : 'read' 'write' 'nbread' 'nbwrite'> <Ports = 0> <Width = 32> <Depth = 2> <FIFO>
ST_15 : Operation 50 [1/1] (0.00ns)   --->   "%fc1_output_7 = extractvalue i512 %call_ret1" [codes_lab5/HLS_sources_final/design.cpp:75]   --->   Operation 50 'extractvalue' 'fc1_output_7' <Predicate = true> <Delay = 0.00> <CoreInst = "FIFO_SRL">   --->   Core 81 'FIFO_SRL' <Latency = 0> <II = 1> <Delay = 3.63> <Storage> <Opcode : 'read' 'write' 'nbread' 'nbwrite'> <Ports = 0> <Width = 32> <Depth = 2> <FIFO>
ST_15 : Operation 51 [1/1] (0.00ns)   --->   "%fc1_output_8 = extractvalue i512 %call_ret1" [codes_lab5/HLS_sources_final/design.cpp:75]   --->   Operation 51 'extractvalue' 'fc1_output_8' <Predicate = true> <Delay = 0.00> <CoreInst = "FIFO_SRL">   --->   Core 81 'FIFO_SRL' <Latency = 0> <II = 1> <Delay = 3.63> <Storage> <Opcode : 'read' 'write' 'nbread' 'nbwrite'> <Ports = 0> <Width = 32> <Depth = 2> <FIFO>
ST_15 : Operation 52 [1/1] (0.00ns)   --->   "%fc1_output_9 = extractvalue i512 %call_ret1" [codes_lab5/HLS_sources_final/design.cpp:75]   --->   Operation 52 'extractvalue' 'fc1_output_9' <Predicate = true> <Delay = 0.00> <CoreInst = "FIFO_SRL">   --->   Core 81 'FIFO_SRL' <Latency = 0> <II = 1> <Delay = 3.63> <Storage> <Opcode : 'read' 'write' 'nbread' 'nbwrite'> <Ports = 0> <Width = 32> <Depth = 2> <FIFO>
ST_15 : Operation 53 [1/1] (0.00ns)   --->   "%fc1_output_10 = extractvalue i512 %call_ret1" [codes_lab5/HLS_sources_final/design.cpp:75]   --->   Operation 53 'extractvalue' 'fc1_output_10' <Predicate = true> <Delay = 0.00> <CoreInst = "FIFO_SRL">   --->   Core 81 'FIFO_SRL' <Latency = 0> <II = 1> <Delay = 3.63> <Storage> <Opcode : 'read' 'write' 'nbread' 'nbwrite'> <Ports = 0> <Width = 32> <Depth = 2> <FIFO>
ST_15 : Operation 54 [1/1] (0.00ns)   --->   "%fc1_output_11 = extractvalue i512 %call_ret1" [codes_lab5/HLS_sources_final/design.cpp:75]   --->   Operation 54 'extractvalue' 'fc1_output_11' <Predicate = true> <Delay = 0.00> <CoreInst = "FIFO_SRL">   --->   Core 81 'FIFO_SRL' <Latency = 0> <II = 1> <Delay = 3.63> <Storage> <Opcode : 'read' 'write' 'nbread' 'nbwrite'> <Ports = 0> <Width = 32> <Depth = 2> <FIFO>
ST_15 : Operation 55 [1/1] (0.00ns)   --->   "%fc1_output_12 = extractvalue i512 %call_ret1" [codes_lab5/HLS_sources_final/design.cpp:75]   --->   Operation 55 'extractvalue' 'fc1_output_12' <Predicate = true> <Delay = 0.00> <CoreInst = "FIFO_SRL">   --->   Core 81 'FIFO_SRL' <Latency = 0> <II = 1> <Delay = 3.63> <Storage> <Opcode : 'read' 'write' 'nbread' 'nbwrite'> <Ports = 0> <Width = 32> <Depth = 2> <FIFO>
ST_15 : Operation 56 [1/1] (0.00ns)   --->   "%fc1_output_13 = extractvalue i512 %call_ret1" [codes_lab5/HLS_sources_final/design.cpp:75]   --->   Operation 56 'extractvalue' 'fc1_output_13' <Predicate = true> <Delay = 0.00> <CoreInst = "FIFO_SRL">   --->   Core 81 'FIFO_SRL' <Latency = 0> <II = 1> <Delay = 3.63> <Storage> <Opcode : 'read' 'write' 'nbread' 'nbwrite'> <Ports = 0> <Width = 32> <Depth = 2> <FIFO>
ST_15 : Operation 57 [1/1] (0.00ns)   --->   "%fc1_output_14 = extractvalue i512 %call_ret1" [codes_lab5/HLS_sources_final/design.cpp:75]   --->   Operation 57 'extractvalue' 'fc1_output_14' <Predicate = true> <Delay = 0.00> <CoreInst = "FIFO_SRL">   --->   Core 81 'FIFO_SRL' <Latency = 0> <II = 1> <Delay = 3.63> <Storage> <Opcode : 'read' 'write' 'nbread' 'nbwrite'> <Ports = 0> <Width = 32> <Depth = 2> <FIFO>
ST_15 : Operation 58 [1/1] (0.00ns)   --->   "%fc1_output_15 = extractvalue i512 %call_ret1" [codes_lab5/HLS_sources_final/design.cpp:75]   --->   Operation 58 'extractvalue' 'fc1_output_15' <Predicate = true> <Delay = 0.00> <CoreInst = "FIFO_SRL">   --->   Core 81 'FIFO_SRL' <Latency = 0> <II = 1> <Delay = 3.63> <Storage> <Opcode : 'read' 'write' 'nbread' 'nbwrite'> <Ports = 0> <Width = 32> <Depth = 2> <FIFO>
ST_15 : Operation 59 [2/2] (3.63ns)   --->   "%call_ln76 = call void @fc_layer2, i32 %fc1_output, i32 %fc1_output_1, i32 %fc1_output_2, i32 %fc1_output_3, i32 %fc1_output_4, i32 %fc1_output_5, i32 %fc1_output_6, i32 %fc1_output_7, i32 %fc1_output_8, i32 %fc1_output_9, i32 %fc1_output_10, i32 %fc1_output_11, i32 %fc1_output_12, i32 %fc1_output_13, i32 %fc1_output_14, i32 %fc1_output_15, i32 %fc2_output, i32 %fc2_bias, i32 %fc2_weight" [codes_lab5/HLS_sources_final/design.cpp:76]   --->   Operation 59 'call' 'call_ln76' <Predicate = true> <Delay = 3.63> <CoreType = "Generic">   --->   Core 0 '' <Latency = 0> <II = 1> <Delay = 1.00> <Generic> <Opcode : >

State 16 <SV = 15> <Delay = 0.00>
ST_16 : Operation 60 [1/2] (0.00ns)   --->   "%call_ln76 = call void @fc_layer2, i32 %fc1_output, i32 %fc1_output_1, i32 %fc1_output_2, i32 %fc1_output_3, i32 %fc1_output_4, i32 %fc1_output_5, i32 %fc1_output_6, i32 %fc1_output_7, i32 %fc1_output_8, i32 %fc1_output_9, i32 %fc1_output_10, i32 %fc1_output_11, i32 %fc1_output_12, i32 %fc1_output_13, i32 %fc1_output_14, i32 %fc1_output_15, i32 %fc2_output, i32 %fc2_bias, i32 %fc2_weight" [codes_lab5/HLS_sources_final/design.cpp:76]   --->   Operation 60 'call' 'call_ln76' <Predicate = true> <Delay = 0.00> <CoreType = "Generic">   --->   Core 0 '' <Latency = 0> <II = 1> <Delay = 1.00> <Generic> <Opcode : >

State 17 <SV = 16> <Delay = 0.00>
ST_17 : Operation 61 [2/2] (0.00ns)   --->   "%call_ln78 = call void @write_output, i32 %outputPort_V_data_V, i4 %outputPort_V_keep_V, i4 %outputPort_V_strb_V, i1 %outputPort_V_last_V, i32 %fc2_output" [codes_lab5/HLS_sources_final/design.cpp:78]   --->   Operation 61 'call' 'call_ln78' <Predicate = true> <Delay = 0.00> <CoreType = "Generic">   --->   Core 0 '' <Latency = 0> <II = 1> <Delay = 1.00> <Generic> <Opcode : >

State 18 <SV = 17> <Delay = 0.00>
ST_18 : Operation 62 [1/2] (0.00ns)   --->   "%call_ln78 = call void @write_output, i32 %outputPort_V_data_V, i4 %outputPort_V_keep_V, i4 %outputPort_V_strb_V, i1 %outputPort_V_last_V, i32 %fc2_output" [codes_lab5/HLS_sources_final/design.cpp:78]   --->   Operation 62 'call' 'call_ln78' <Predicate = true> <Delay = 0.00> <CoreType = "Generic">   --->   Core 0 '' <Latency = 0> <II = 1> <Delay = 1.00> <Generic> <Opcode : >

State 19 <SV = 18> <Delay = 0.00>
ST_19 : Operation 63 [1/1] (0.00ns)   --->   "%specdataflowpipeline_ln52 = specdataflowpipeline void @_ssdm_op_SpecDataflowPipeline, i32 4294967295, i32 0, void @empty_9" [codes_lab5/HLS_sources_final/design.cpp:52]   --->   Operation 63 'specdataflowpipeline' 'specdataflowpipeline_ln52' <Predicate = true> <Delay = 0.00>
ST_19 : Operation 64 [1/1] (0.00ns)   --->   "%spectopmodule_ln47 = spectopmodule void @_ssdm_op_SpecTopModule, void @empty_1" [codes_lab5/HLS_sources_final/design.cpp:47]   --->   Operation 64 'spectopmodule' 'spectopmodule_ln47' <Predicate = true> <Delay = 0.00>
ST_19 : Operation 65 [1/1] (0.00ns)   --->   "%specinterface_ln47 = specinterface void @_ssdm_op_SpecInterface, i32 0, void @empty_2, i32 0, i32 0, void @empty_9, i32 0, i32 0, void @empty_9, void @empty_9, void @empty_9, i32 0, i32 0, i32 0, i32 0, void @empty_9, void @empty_9, i32 4294967295, i32 0" [codes_lab5/HLS_sources_final/design.cpp:47]   --->   Operation 65 'specinterface' 'specinterface_ln47' <Predicate = true> <Delay = 0.00>
ST_19 : Operation 66 [1/1] (0.00ns)   --->   "%specinterface_ln0 = specinterface void @_ssdm_op_SpecInterface, i32 %inputPort_V_data_V, i4 %inputPort_V_keep_V, i4 %inputPort_V_strb_V, i1 %inputPort_V_last_V, void @empty_11, i32 1, i32 1, void @empty_12, i32 0, i32 0, void @empty_9, void @empty_9, void @empty_9, i32 0, i32 0, i32 0, i32 0, void @empty_9, void @empty_9, i32 4294967295, i32 0"   --->   Operation 66 'specinterface' 'specinterface_ln0' <Predicate = true> <Delay = 0.00>
ST_19 : Operation 67 [1/1] (0.00ns)   --->   "%specbitsmap_ln0 = specbitsmap void @_ssdm_op_SpecBitsMap, i32 %inputPort_V_data_V"   --->   Operation 67 'specbitsmap' 'specbitsmap_ln0' <Predicate = true> <Delay = 0.00>
ST_19 : Operation 68 [1/1] (0.00ns)   --->   "%specbitsmap_ln0 = specbitsmap void @_ssdm_op_SpecBitsMap, i4 %inputPort_V_keep_V"   --->   Operation 68 'specbitsmap' 'specbitsmap_ln0' <Predicate = true> <Delay = 0.00>
ST_19 : Operation 69 [1/1] (0.00ns)   --->   "%specbitsmap_ln0 = specbitsmap void @_ssdm_op_SpecBitsMap, i4 %inputPort_V_strb_V"   --->   Operation 69 'specbitsmap' 'specbitsmap_ln0' <Predicate = true> <Delay = 0.00>
ST_19 : Operation 70 [1/1] (0.00ns)   --->   "%specbitsmap_ln0 = specbitsmap void @_ssdm_op_SpecBitsMap, i1 %inputPort_V_last_V"   --->   Operation 70 'specbitsmap' 'specbitsmap_ln0' <Predicate = true> <Delay = 0.00>
ST_19 : Operation 71 [1/1] (0.00ns)   --->   "%specinterface_ln0 = specinterface void @_ssdm_op_SpecInterface, i32 %outputPort_V_data_V, i4 %outputPort_V_keep_V, i4 %outputPort_V_strb_V, i1 %outputPort_V_last_V, void @empty_11, i32 1, i32 1, void @empty_12, i32 0, i32 0, void @empty_9, void @empty_9, void @empty_9, i32 0, i32 0, i32 0, i32 0, void @empty_9, void @empty_9, i32 4294967295, i32 0"   --->   Operation 71 'specinterface' 'specinterface_ln0' <Predicate = true> <Delay = 0.00>
ST_19 : Operation 72 [1/1] (0.00ns)   --->   "%specbitsmap_ln0 = specbitsmap void @_ssdm_op_SpecBitsMap, i32 %outputPort_V_data_V"   --->   Operation 72 'specbitsmap' 'specbitsmap_ln0' <Predicate = true> <Delay = 0.00>
ST_19 : Operation 73 [1/1] (0.00ns)   --->   "%specbitsmap_ln0 = specbitsmap void @_ssdm_op_SpecBitsMap, i4 %outputPort_V_keep_V"   --->   Operation 73 'specbitsmap' 'specbitsmap_ln0' <Predicate = true> <Delay = 0.00>
ST_19 : Operation 74 [1/1] (0.00ns)   --->   "%specbitsmap_ln0 = specbitsmap void @_ssdm_op_SpecBitsMap, i4 %outputPort_V_strb_V"   --->   Operation 74 'specbitsmap' 'specbitsmap_ln0' <Predicate = true> <Delay = 0.00>
ST_19 : Operation 75 [1/1] (0.00ns)   --->   "%specbitsmap_ln0 = specbitsmap void @_ssdm_op_SpecBitsMap, i1 %outputPort_V_last_V"   --->   Operation 75 'specbitsmap' 'specbitsmap_ln0' <Predicate = true> <Delay = 0.00>
ST_19 : Operation 76 [1/1] (0.00ns)   --->   "%ret_ln79 = ret" [codes_lab5/HLS_sources_final/design.cpp:79]   --->   Operation 76 'ret' 'ret_ln79' <Predicate = true> <Delay = 0.00>


============================================================
+ Verbose Summary: Binding
============================================================
STG Binding: 
---------------- STG Properties BEGIN ----------------
- Is combinational: 0
- Is one-state seq: 0
- Is datapath-only: 0
- Is pipelined: 0
- Is top level: 1
Port [ Return ] is wired: 1; IO mode=ap_ctrl_none:ce=0
Port [ inputPort_V_data_V]:  wired=1; compound=1; hidden=0; nouse=0; global=0; static=0; extern=0; dir=0; type=0; pingpong=0; private_global=0; IO mode=axis:ce=0
Port [ inputPort_V_keep_V]:  wired=1; compound=1; hidden=0; nouse=0; global=0; static=0; extern=0; dir=0; type=0; pingpong=0; private_global=0; IO mode=axis:ce=0
Port [ inputPort_V_strb_V]:  wired=1; compound=1; hidden=0; nouse=0; global=0; static=0; extern=0; dir=0; type=0; pingpong=0; private_global=0; IO mode=axis:ce=0
Port [ inputPort_V_last_V]:  wired=1; compound=1; hidden=0; nouse=0; global=0; static=0; extern=0; dir=0; type=0; pingpong=0; private_global=0; IO mode=axis:ce=0
Port [ outputPort_V_data_V]:  wired=1; compound=1; hidden=0; nouse=0; global=0; static=0; extern=0; dir=1; type=0; pingpong=0; private_global=0; IO mode=axis:ce=0
Port [ outputPort_V_keep_V]:  wired=1; compound=1; hidden=0; nouse=0; global=0; static=0; extern=0; dir=1; type=0; pingpong=0; private_global=0; IO mode=axis:ce=0
Port [ outputPort_V_strb_V]:  wired=1; compound=1; hidden=0; nouse=0; global=0; static=0; extern=0; dir=1; type=0; pingpong=0; private_global=0; IO mode=axis:ce=0
Port [ outputPort_V_last_V]:  wired=1; compound=1; hidden=0; nouse=0; global=0; static=0; extern=0; dir=1; type=0; pingpong=0; private_global=0; IO mode=axis:ce=0
Port [ conv1_weight]:  wired=0; compound=1; hidden=1; nouse=1; global=1; static=1; extern=0; dir=0; type=1; pingpong=0; private_global=0; MemPort=[1]; IO mode=ap_memory:ce=0
Port [ conv1_bias]:  wired=0; compound=1; hidden=1; nouse=1; global=1; static=1; extern=0; dir=0; type=1; pingpong=0; private_global=0; MemPort=[1]; IO mode=ap_memory:ce=0
Port [ conv2_weight]:  wired=0; compound=1; hidden=1; nouse=1; global=1; static=1; extern=0; dir=0; type=1; pingpong=0; private_global=0; MemPort=[1]; IO mode=ap_memory:ce=0
Port [ conv2_bias]:  wired=0; compound=1; hidden=1; nouse=1; global=1; static=1; extern=0; dir=0; type=1; pingpong=0; private_global=0; MemPort=[1]; IO mode=ap_memory:ce=0
Port [ conv3_weight]:  wired=0; compound=1; hidden=1; nouse=1; global=1; static=1; extern=0; dir=0; type=1; pingpong=0; private_global=0; MemPort=[1]; IO mode=ap_memory:ce=0
Port [ conv3_bias]:  wired=0; compound=1; hidden=1; nouse=1; global=1; static=1; extern=0; dir=0; type=1; pingpong=0; private_global=0; MemPort=[1]; IO mode=ap_memory:ce=0
Port [ fc1_bias]:  wired=0; compound=1; hidden=1; nouse=1; global=1; static=1; extern=0; dir=0; type=1; pingpong=0; private_global=0; MemPort=[11111111]; IO mode=ap_memory:ce=0
Port [ fc1_weight]:  wired=0; compound=1; hidden=1; nouse=1; global=1; static=1; extern=0; dir=0; type=1; pingpong=0; private_global=0; MemPort=[11111111]; IO mode=ap_memory:ce=0
Port [ fc2_bias]:  wired=0; compound=1; hidden=1; nouse=1; global=1; static=1; extern=0; dir=0; type=1; pingpong=0; private_global=0; MemPort=[11111]; IO mode=ap_memory:ce=0
Port [ fc2_weight]:  wired=0; compound=1; hidden=1; nouse=1; global=1; static=1; extern=0; dir=0; type=1; pingpong=0; private_global=0; MemPort=[11111]; IO mode=ap_memory:ce=0
---------------- STG Properties END ------------------

---------------- Datapath Model BEGIN ----------------

<LifeTime>
<method=bitvector/>
mem_1_0                   (alloca              ) [ 00111100000000000000]
mem_2                     (alloca              ) [ 00111111000000000000]
mem_3                     (alloca              ) [ 00111111110000000000]
mem_3_1                   (alloca              ) [ 00111111110000000000]
mem_4                     (alloca              ) [ 00111111111100000000]
mem_5                     (alloca              ) [ 00111111111111000000]
mem_5_1                   (alloca              ) [ 00111111111111000000]
mem_6                     (alloca              ) [ 00111111111111110000]
fc2_output                (alloca              ) [ 00111111111111111110]
call_ln67                 (call                ) [ 00000000000000000000]
call_ln69                 (call                ) [ 00000000000000000000]
call_ln70                 (call                ) [ 00000000000000000000]
call_ln71                 (call                ) [ 00000000000000000000]
call_ln72                 (call                ) [ 00000000000000000000]
call_ln73                 (call                ) [ 00000000000000000000]
call_ret1                 (call                ) [ 00000000000000000000]
fc1_output                (extractvalue        ) [ 00000000000000001000]
fc1_output_1              (extractvalue        ) [ 00000000000000001000]
fc1_output_2              (extractvalue        ) [ 00000000000000001000]
fc1_output_3              (extractvalue        ) [ 00000000000000001000]
fc1_output_4              (extractvalue        ) [ 00000000000000001000]
fc1_output_5              (extractvalue        ) [ 00000000000000001000]
fc1_output_6              (extractvalue        ) [ 00000000000000001000]
fc1_output_7              (extractvalue        ) [ 00000000000000001000]
fc1_output_8              (extractvalue        ) [ 00000000000000001000]
fc1_output_9              (extractvalue        ) [ 00000000000000001000]
fc1_output_10             (extractvalue        ) [ 00000000000000001000]
fc1_output_11             (extractvalue        ) [ 00000000000000001000]
fc1_output_12             (extractvalue        ) [ 00000000000000001000]
fc1_output_13             (extractvalue        ) [ 00000000000000001000]
fc1_output_14             (extractvalue        ) [ 00000000000000001000]
fc1_output_15             (extractvalue        ) [ 00000000000000001000]
call_ln76                 (call                ) [ 00000000000000000000]
call_ln78                 (call                ) [ 00000000000000000000]
specdataflowpipeline_ln52 (specdataflowpipeline) [ 00000000000000000000]
spectopmodule_ln47        (spectopmodule       ) [ 00000000000000000000]
specinterface_ln47        (specinterface       ) [ 00000000000000000000]
specinterface_ln0         (specinterface       ) [ 00000000000000000000]
specbitsmap_ln0           (specbitsmap         ) [ 00000000000000000000]
specbitsmap_ln0           (specbitsmap         ) [ 00000000000000000000]
specbitsmap_ln0           (specbitsmap         ) [ 00000000000000000000]
specbitsmap_ln0           (specbitsmap         ) [ 00000000000000000000]
specinterface_ln0         (specinterface       ) [ 00000000000000000000]
specbitsmap_ln0           (specbitsmap         ) [ 00000000000000000000]
specbitsmap_ln0           (specbitsmap         ) [ 00000000000000000000]
specbitsmap_ln0           (specbitsmap         ) [ 00000000000000000000]
specbitsmap_ln0           (specbitsmap         ) [ 00000000000000000000]
ret_ln79                  (ret                 ) [ 00000000000000000000]
</LifeTime>

<model>

<comp_list>
<comp id="0" class="1000" name="inputPort_V_data_V">
<pin_list>
<pin id="1" dir="1" index="0" bw="1" slack="0"/>
</pin_list>
<bind>
<StgValue><ssdm name="inputPort_V_data_V"/></StgValue>
</bind>
</comp>

<comp id="2" class="1000" name="inputPort_V_keep_V">
<pin_list>
<pin id="3" dir="1" index="0" bw="1" slack="0"/>
</pin_list>
<bind>
<StgValue><ssdm name="inputPort_V_keep_V"/></StgValue>
</bind>
</comp>

<comp id="4" class="1000" name="inputPort_V_strb_V">
<pin_list>
<pin id="5" dir="1" index="0" bw="1" slack="0"/>
</pin_list>
<bind>
<StgValue><ssdm name="inputPort_V_strb_V"/></StgValue>
</bind>
</comp>

<comp id="6" class="1000" name="inputPort_V_last_V">
<pin_list>
<pin id="7" dir="1" index="0" bw="1" slack="0"/>
</pin_list>
<bind>
<StgValue><ssdm name="inputPort_V_last_V"/></StgValue>
</bind>
</comp>

<comp id="8" class="1000" name="outputPort_V_data_V">
<pin_list>
<pin id="9" dir="1" index="0" bw="1" slack="0"/>
</pin_list>
<bind>
<StgValue><ssdm name="outputPort_V_data_V"/></StgValue>
</bind>
</comp>

<comp id="10" class="1000" name="outputPort_V_keep_V">
<pin_list>
<pin id="11" dir="1" index="0" bw="1" slack="0"/>
</pin_list>
<bind>
<StgValue><ssdm name="outputPort_V_keep_V"/></StgValue>
</bind>
</comp>

<comp id="12" class="1000" name="outputPort_V_strb_V">
<pin_list>
<pin id="13" dir="1" index="0" bw="1" slack="0"/>
</pin_list>
<bind>
<StgValue><ssdm name="outputPort_V_strb_V"/></StgValue>
</bind>
</comp>

<comp id="14" class="1000" name="outputPort_V_last_V">
<pin_list>
<pin id="15" dir="1" index="0" bw="1" slack="0"/>
</pin_list>
<bind>
<StgValue><ssdm name="outputPort_V_last_V"/></StgValue>
</bind>
</comp>

<comp id="16" class="1000" name="conv1_weight">
<pin_list>
<pin id="17" dir="1" index="0" bw="1" slack="0"/>
</pin_list>
<bind>
<StgValue><ssdm name="conv1_weight"/><MemPortTyVec>1 </MemPortTyVec>
</StgValue>
</bind>
</comp>

<comp id="18" class="1000" name="conv1_bias">
<pin_list>
<pin id="19" dir="1" index="0" bw="1" slack="0"/>
</pin_list>
<bind>
<StgValue><ssdm name="conv1_bias"/><MemPortTyVec>1 </MemPortTyVec>
</StgValue>
</bind>
</comp>

<comp id="20" class="1000" name="conv2_weight">
<pin_list>
<pin id="21" dir="1" index="0" bw="1" slack="0"/>
</pin_list>
<bind>
<StgValue><ssdm name="conv2_weight"/><MemPortTyVec>1 </MemPortTyVec>
</StgValue>
</bind>
</comp>

<comp id="22" class="1000" name="conv2_bias">
<pin_list>
<pin id="23" dir="1" index="0" bw="1" slack="0"/>
</pin_list>
<bind>
<StgValue><ssdm name="conv2_bias"/><MemPortTyVec>1 </MemPortTyVec>
</StgValue>
</bind>
</comp>

<comp id="24" class="1000" name="conv3_weight">
<pin_list>
<pin id="25" dir="1" index="0" bw="1" slack="0"/>
</pin_list>
<bind>
<StgValue><ssdm name="conv3_weight"/><MemPortTyVec>1 </MemPortTyVec>
</StgValue>
</bind>
</comp>

<comp id="26" class="1000" name="conv3_bias">
<pin_list>
<pin id="27" dir="1" index="0" bw="1" slack="0"/>
</pin_list>
<bind>
<StgValue><ssdm name="conv3_bias"/><MemPortTyVec>1 </MemPortTyVec>
</StgValue>
</bind>
</comp>

<comp id="28" class="1000" name="fc1_bias">
<pin_list>
<pin id="29" dir="1" index="0" bw="1" slack="0"/>
</pin_list>
<bind>
<StgValue><ssdm name="fc1_bias"/><MemPortTyVec>1 1 1 1 1 1 1 1 </MemPortTyVec>
</StgValue>
</bind>
</comp>

<comp id="30" class="1000" name="fc1_weight">
<pin_list>
<pin id="31" dir="1" index="0" bw="1" slack="0"/>
</pin_list>
<bind>
<StgValue><ssdm name="fc1_weight"/><MemPortTyVec>1 1 1 1 1 1 1 1 </MemPortTyVec>
</StgValue>
</bind>
</comp>

<comp id="32" class="1000" name="fc2_bias">
<pin_list>
<pin id="33" dir="1" index="0" bw="1" slack="0"/>
</pin_list>
<bind>
<StgValue><ssdm name="fc2_bias"/><MemPortTyVec>1 1 1 1 1 </MemPortTyVec>
</StgValue>
</bind>
</comp>

<comp id="34" class="1000" name="fc2_weight">
<pin_list>
<pin id="35" dir="1" index="0" bw="1" slack="0"/>
</pin_list>
<bind>
<StgValue><ssdm name="fc2_weight"/><MemPortTyVec>1 1 1 1 1 </MemPortTyVec>
</StgValue>
</bind>
</comp>

<comp id="36" class="1001" name="const_36">
<pin_list>
<pin id="37" dir="1" index="0" bw="1" slack="0"/>
</pin_list>
<bind>
<StgValue><ssdm name=""/></StgValue>
</bind>
</comp>

<comp id="38" class="1001" name="const_38">
<pin_list>
<pin id="39" dir="1" index="0" bw="1" slack="0"/>
</pin_list>
<bind>
<StgValue><ssdm name="read_input"/></StgValue>
</bind>
</comp>

<comp id="40" class="1001" name="const_40">
<pin_list>
<pin id="41" dir="1" index="0" bw="1" slack="0"/>
</pin_list>
<bind>
<StgValue><ssdm name="conv1"/></StgValue>
</bind>
</comp>

<comp id="42" class="1001" name="const_42">
<pin_list>
<pin id="43" dir="1" index="0" bw="1" slack="0"/>
</pin_list>
<bind>
<StgValue><ssdm name="conv2"/></StgValue>
</bind>
</comp>

<comp id="44" class="1001" name="const_44">
<pin_list>
<pin id="45" dir="1" index="0" bw="1" slack="0"/>
</pin_list>
<bind>
<StgValue><ssdm name="maxPool<4, 24, 12>"/></StgValue>
</bind>
</comp>

<comp id="46" class="1001" name="const_46">
<pin_list>
<pin id="47" dir="1" index="0" bw="1" slack="0"/>
</pin_list>
<bind>
<StgValue><ssdm name="conv3"/></StgValue>
</bind>
</comp>

<comp id="48" class="1001" name="const_48">
<pin_list>
<pin id="49" dir="1" index="0" bw="1" slack="0"/>
</pin_list>
<bind>
<StgValue><ssdm name="maxPool<4, 10, 5>"/></StgValue>
</bind>
</comp>

<comp id="50" class="1001" name="const_50">
<pin_list>
<pin id="51" dir="1" index="0" bw="1" slack="0"/>
</pin_list>
<bind>
<StgValue><ssdm name="fc_layer119"/></StgValue>
</bind>
</comp>

<comp id="52" class="1001" name="const_52">
<pin_list>
<pin id="53" dir="1" index="0" bw="1" slack="0"/>
</pin_list>
<bind>
<StgValue><ssdm name="fc_layer2"/></StgValue>
</bind>
</comp>

<comp id="54" class="1001" name="const_54">
<pin_list>
<pin id="55" dir="1" index="0" bw="1" slack="0"/>
</pin_list>
<bind>
<StgValue><ssdm name="write_output"/></StgValue>
</bind>
</comp>

<comp id="56" class="1001" name="const_56">
<pin_list>
<pin id="57" dir="1" index="0" bw="1" slack="2147483647"/>
</pin_list>
<bind>
<StgValue><ssdm name="_ssdm_op_SpecDataflowPipeline"/></StgValue>
</bind>
</comp>

<comp id="58" class="1001" name="const_58">
<pin_list>
<pin id="59" dir="1" index="0" bw="1" slack="2147483647"/>
</pin_list>
<bind>
<StgValue><ssdm name=""/></StgValue>
</bind>
</comp>

<comp id="60" class="1001" name="const_60">
<pin_list>
<pin id="61" dir="1" index="0" bw="1" slack="2147483647"/>
</pin_list>
<bind>
<StgValue><ssdm name=""/></StgValue>
</bind>
</comp>

<comp id="62" class="1001" name="const_62">
<pin_list>
<pin id="63" dir="1" index="0" bw="1" slack="2147483647"/>
</pin_list>
<bind>
<StgValue><ssdm name="empty_9"/></StgValue>
</bind>
</comp>

<comp id="64" class="1001" name="const_64">
<pin_list>
<pin id="65" dir="1" index="0" bw="1" slack="2147483647"/>
</pin_list>
<bind>
<StgValue><ssdm name="_ssdm_op_SpecTopModule"/></StgValue>
</bind>
</comp>

<comp id="66" class="1001" name="const_66">
<pin_list>
<pin id="67" dir="1" index="0" bw="1" slack="2147483647"/>
</pin_list>
<bind>
<StgValue><ssdm name="empty_1"/></StgValue>
</bind>
</comp>

<comp id="68" class="1001" name="const_68">
<pin_list>
<pin id="69" dir="1" index="0" bw="1" slack="2147483647"/>
</pin_list>
<bind>
<StgValue><ssdm name="_ssdm_op_SpecInterface"/></StgValue>
</bind>
</comp>

<comp id="70" class="1001" name="const_70">
<pin_list>
<pin id="71" dir="1" index="0" bw="1" slack="2147483647"/>
</pin_list>
<bind>
<StgValue><ssdm name="empty_2"/></StgValue>
</bind>
</comp>

<comp id="72" class="1001" name="const_72">
<pin_list>
<pin id="73" dir="1" index="0" bw="1" slack="2147483647"/>
</pin_list>
<bind>
<StgValue><ssdm name="empty_11"/></StgValue>
</bind>
</comp>

<comp id="74" class="1001" name="const_74">
<pin_list>
<pin id="75" dir="1" index="0" bw="1" slack="2147483647"/>
</pin_list>
<bind>
<StgValue><ssdm name=""/></StgValue>
</bind>
</comp>

<comp id="76" class="1001" name="const_76">
<pin_list>
<pin id="77" dir="1" index="0" bw="1" slack="2147483647"/>
</pin_list>
<bind>
<StgValue><ssdm name="empty_12"/></StgValue>
</bind>
</comp>

<comp id="78" class="1001" name="const_78">
<pin_list>
<pin id="79" dir="1" index="0" bw="1" slack="2147483647"/>
</pin_list>
<bind>
<StgValue><ssdm name="_ssdm_op_SpecBitsMap"/></StgValue>
</bind>
</comp>

<comp id="80" class="1004" name="mem_1_0_alloca_fu_80">
<pin_list>
<pin id="81" dir="0" index="0" bw="1" slack="0"/>
<pin id="82" dir="1" index="1" bw="32" slack="2147483647"/>
</pin_list>
<bind>
<opcode="alloca(26) " fcode="alloca"/>
<opset="mem_1_0/1 "/>
</bind>
</comp>

<comp id="84" class="1004" name="mem_2_alloca_fu_84">
<pin_list>
<pin id="85" dir="0" index="0" bw="1" slack="0"/>
<pin id="86" dir="1" index="1" bw="32" slack="2147483647"/>
</pin_list>
<bind>
<opcode="alloca(26) " fcode="alloca"/>
<opset="mem_2/1 "/>
</bind>
</comp>

<comp id="88" class="1004" name="mem_3_alloca_fu_88">
<pin_list>
<pin id="89" dir="0" index="0" bw="1" slack="0"/>
<pin id="90" dir="1" index="1" bw="32" slack="2147483647"/>
</pin_list>
<bind>
<opcode="alloca(26) " fcode="alloca"/>
<opset="mem_3/1 "/>
</bind>
</comp>

<comp id="92" class="1004" name="mem_3_1_alloca_fu_92">
<pin_list>
<pin id="93" dir="0" index="0" bw="1" slack="0"/>
<pin id="94" dir="1" index="1" bw="32" slack="2147483647"/>
</pin_list>
<bind>
<opcode="alloca(26) " fcode="alloca"/>
<opset="mem_3_1/1 "/>
</bind>
</comp>

<comp id="96" class="1004" name="mem_4_alloca_fu_96">
<pin_list>
<pin id="97" dir="0" index="0" bw="1" slack="0"/>
<pin id="98" dir="1" index="1" bw="32" slack="2147483647"/>
</pin_list>
<bind>
<opcode="alloca(26) " fcode="alloca"/>
<opset="mem_4/1 "/>
</bind>
</comp>

<comp id="100" class="1004" name="mem_5_alloca_fu_100">
<pin_list>
<pin id="101" dir="0" index="0" bw="1" slack="0"/>
<pin id="102" dir="1" index="1" bw="32" slack="2147483647"/>
</pin_list>
<bind>
<opcode="alloca(26) " fcode="alloca"/>
<opset="mem_5/1 "/>
</bind>
</comp>

<comp id="104" class="1004" name="mem_5_1_alloca_fu_104">
<pin_list>
<pin id="105" dir="0" index="0" bw="1" slack="0"/>
<pin id="106" dir="1" index="1" bw="32" slack="2147483647"/>
</pin_list>
<bind>
<opcode="alloca(26) " fcode="alloca"/>
<opset="mem_5_1/1 "/>
</bind>
</comp>

<comp id="108" class="1004" name="mem_6_alloca_fu_108">
<pin_list>
<pin id="109" dir="0" index="0" bw="1" slack="0"/>
<pin id="110" dir="1" index="1" bw="32" slack="2147483647"/>
</pin_list>
<bind>
<opcode="alloca(26) " fcode="alloca"/>
<opset="mem_6/1 "/>
</bind>
</comp>

<comp id="112" class="1004" name="fc2_output_alloca_fu_112">
<pin_list>
<pin id="113" dir="0" index="0" bw="1" slack="0"/>
<pin id="114" dir="1" index="1" bw="32" slack="2147483647"/>
</pin_list>
<bind>
<opcode="alloca(26) " fcode="alloca"/>
<opset="fc2_output/1 "/>
</bind>
</comp>

<comp id="116" class="1004" name="grp_read_input_fu_116">
<pin_list>
<pin id="117" dir="0" index="0" bw="0" slack="0"/>
<pin id="118" dir="0" index="1" bw="32" slack="0"/>
<pin id="119" dir="0" index="2" bw="4" slack="0"/>
<pin id="120" dir="0" index="3" bw="4" slack="0"/>
<pin id="121" dir="0" index="4" bw="1" slack="0"/>
<pin id="122" dir="0" index="5" bw="32" slack="2147483647"/>
<pin id="123" dir="1" index="6" bw="0" slack="2147483647"/>
</pin_list>
<bind>
<opcode="call(48) " fcode="call"/>
<opset="call_ln67/2 "/>
</bind>
</comp>

<comp id="129" class="1004" name="grp_conv1_fu_129">
<pin_list>
<pin id="130" dir="0" index="0" bw="0" slack="0"/>
<pin id="131" dir="0" index="1" bw="32" slack="2147483647"/>
<pin id="132" dir="0" index="2" bw="32" slack="2147483647"/>
<pin id="133" dir="0" index="3" bw="32" slack="0"/>
<pin id="134" dir="0" index="4" bw="32" slack="0"/>
<pin id="135" dir="1" index="5" bw="0" slack="2147483647"/>
</pin_list>
<bind>
<opcode="call(48) " fcode="call"/>
<opset="call_ln69/4 "/>
</bind>
</comp>

<comp id="139" class="1004" name="grp_conv2_fu_139">
<pin_list>
<pin id="140" dir="0" index="0" bw="0" slack="0"/>
<pin id="141" dir="0" index="1" bw="32" slack="2147483647"/>
<pin id="142" dir="0" index="2" bw="32" slack="2147483647"/>
<pin id="143" dir="0" index="3" bw="32" slack="2147483647"/>
<pin id="144" dir="0" index="4" bw="32" slack="0"/>
<pin id="145" dir="0" index="5" bw="32" slack="0"/>
<pin id="146" dir="1" index="6" bw="0" slack="2147483647"/>
</pin_list>
<bind>
<opcode="call(48) " fcode="call"/>
<opset="call_ln70/6 "/>
</bind>
</comp>

<comp id="150" class="1004" name="grp_maxPool_4_24_12_s_fu_150">
<pin_list>
<pin id="151" dir="0" index="0" bw="0" slack="0"/>
<pin id="152" dir="0" index="1" bw="32" slack="2147483647"/>
<pin id="153" dir="0" index="2" bw="32" slack="2147483647"/>
<pin id="154" dir="0" index="3" bw="32" slack="2147483647"/>
<pin id="155" dir="1" index="4" bw="0" slack="2147483647"/>
</pin_list>
<bind>
<opcode="call(48) " fcode="call"/>
<opset="call_ln71/8 "/>
</bind>
</comp>

<comp id="157" class="1004" name="grp_conv3_fu_157">
<pin_list>
<pin id="158" dir="0" index="0" bw="0" slack="0"/>
<pin id="159" dir="0" index="1" bw="32" slack="2147483647"/>
<pin id="160" dir="0" index="2" bw="32" slack="2147483647"/>
<pin id="161" dir="0" index="3" bw="32" slack="2147483647"/>
<pin id="162" dir="0" index="4" bw="32" slack="0"/>
<pin id="163" dir="0" index="5" bw="32" slack="0"/>
<pin id="164" dir="1" index="6" bw="0" slack="2147483647"/>
</pin_list>
<bind>
<opcode="call(48) " fcode="call"/>
<opset="call_ln72/10 "/>
</bind>
</comp>

<comp id="168" class="1004" name="grp_maxPool_4_10_5_s_fu_168">
<pin_list>
<pin id="169" dir="0" index="0" bw="0" slack="0"/>
<pin id="170" dir="0" index="1" bw="32" slack="2147483647"/>
<pin id="171" dir="0" index="2" bw="32" slack="2147483647"/>
<pin id="172" dir="0" index="3" bw="32" slack="2147483647"/>
<pin id="173" dir="1" index="4" bw="0" slack="2147483647"/>
</pin_list>
<bind>
<opcode="call(48) " fcode="call"/>
<opset="call_ln73/12 "/>
</bind>
</comp>

<comp id="175" class="1004" name="grp_fc_layer119_fu_175">
<pin_list>
<pin id="176" dir="0" index="0" bw="512" slack="0"/>
<pin id="177" dir="0" index="1" bw="32" slack="2147483647"/>
<pin id="178" dir="0" index="2" bw="32" slack="0"/>
<pin id="179" dir="0" index="3" bw="32" slack="0"/>
<pin id="180" dir="1" index="4" bw="512" slack="0"/>
</pin_list>
<bind>
<opcode="call(48) " fcode="call"/>
<opset="call_ret1/14 "/>
</bind>
</comp>

<comp id="184" class="1004" name="grp_fc_layer2_fu_184">
<pin_list>
<pin id="185" dir="0" index="0" bw="0" slack="0"/>
<pin id="186" dir="0" index="1" bw="32" slack="0"/>
<pin id="187" dir="0" index="2" bw="32" slack="0"/>
<pin id="188" dir="0" index="3" bw="32" slack="0"/>
<pin id="189" dir="0" index="4" bw="32" slack="0"/>
<pin id="190" dir="0" index="5" bw="32" slack="0"/>
<pin id="191" dir="0" index="6" bw="32" slack="0"/>
<pin id="192" dir="0" index="7" bw="32" slack="0"/>
<pin id="193" dir="0" index="8" bw="32" slack="0"/>
<pin id="194" dir="0" index="9" bw="32" slack="0"/>
<pin id="195" dir="0" index="10" bw="32" slack="0"/>
<pin id="196" dir="0" index="11" bw="32" slack="0"/>
<pin id="197" dir="0" index="12" bw="32" slack="0"/>
<pin id="198" dir="0" index="13" bw="32" slack="0"/>
<pin id="199" dir="0" index="14" bw="32" slack="0"/>
<pin id="200" dir="0" index="15" bw="32" slack="0"/>
<pin id="201" dir="0" index="16" bw="32" slack="0"/>
<pin id="202" dir="0" index="17" bw="32" slack="2147483647"/>
<pin id="203" dir="0" index="18" bw="32" slack="0"/>
<pin id="204" dir="0" index="19" bw="32" slack="0"/>
<pin id="205" dir="1" index="20" bw="0" slack="2147483647"/>
</pin_list>
<bind>
<opcode="call(48) " fcode="call"/>
<opset="call_ln76/15 "/>
</bind>
</comp>

<comp id="209" class="1004" name="grp_write_output_fu_209">
<pin_list>
<pin id="210" dir="0" index="0" bw="0" slack="0"/>
<pin id="211" dir="0" index="1" bw="32" slack="0"/>
<pin id="212" dir="0" index="2" bw="4" slack="0"/>
<pin id="213" dir="0" index="3" bw="4" slack="0"/>
<pin id="214" dir="0" index="4" bw="1" slack="0"/>
<pin id="215" dir="0" index="5" bw="32" slack="2147483647"/>
<pin id="216" dir="1" index="6" bw="0" slack="2147483647"/>
</pin_list>
<bind>
<opcode="call(48) " fcode="call"/>
<opset="call_ln78/17 "/>
</bind>
</comp>

<comp id="222" class="1004" name="fc1_output_fu_222">
<pin_list>
<pin id="223" dir="0" index="0" bw="512" slack="0"/>
<pin id="224" dir="1" index="1" bw="32" slack="0"/>
</pin_list>
<bind>
<opcode="extractvalue(56) " fcode="extractvalue"/>
<opset="fc1_output/15 "/>
</bind>
</comp>

<comp id="227" class="1004" name="fc1_output_1_fu_227">
<pin_list>
<pin id="228" dir="0" index="0" bw="512" slack="0"/>
<pin id="229" dir="1" index="1" bw="32" slack="0"/>
</pin_list>
<bind>
<opcode="extractvalue(56) " fcode="extractvalue"/>
<opset="fc1_output_1/15 "/>
</bind>
</comp>

<comp id="232" class="1004" name="fc1_output_2_fu_232">
<pin_list>
<pin id="233" dir="0" index="0" bw="512" slack="0"/>
<pin id="234" dir="1" index="1" bw="32" slack="0"/>
</pin_list>
<bind>
<opcode="extractvalue(56) " fcode="extractvalue"/>
<opset="fc1_output_2/15 "/>
</bind>
</comp>

<comp id="237" class="1004" name="fc1_output_3_fu_237">
<pin_list>
<pin id="238" dir="0" index="0" bw="512" slack="0"/>
<pin id="239" dir="1" index="1" bw="32" slack="0"/>
</pin_list>
<bind>
<opcode="extractvalue(56) " fcode="extractvalue"/>
<opset="fc1_output_3/15 "/>
</bind>
</comp>

<comp id="242" class="1004" name="fc1_output_4_fu_242">
<pin_list>
<pin id="243" dir="0" index="0" bw="512" slack="0"/>
<pin id="244" dir="1" index="1" bw="32" slack="0"/>
</pin_list>
<bind>
<opcode="extractvalue(56) " fcode="extractvalue"/>
<opset="fc1_output_4/15 "/>
</bind>
</comp>

<comp id="247" class="1004" name="fc1_output_5_fu_247">
<pin_list>
<pin id="248" dir="0" index="0" bw="512" slack="0"/>
<pin id="249" dir="1" index="1" bw="32" slack="0"/>
</pin_list>
<bind>
<opcode="extractvalue(56) " fcode="extractvalue"/>
<opset="fc1_output_5/15 "/>
</bind>
</comp>

<comp id="252" class="1004" name="fc1_output_6_fu_252">
<pin_list>
<pin id="253" dir="0" index="0" bw="512" slack="0"/>
<pin id="254" dir="1" index="1" bw="32" slack="0"/>
</pin_list>
<bind>
<opcode="extractvalue(56) " fcode="extractvalue"/>
<opset="fc1_output_6/15 "/>
</bind>
</comp>

<comp id="257" class="1004" name="fc1_output_7_fu_257">
<pin_list>
<pin id="258" dir="0" index="0" bw="512" slack="0"/>
<pin id="259" dir="1" index="1" bw="32" slack="0"/>
</pin_list>
<bind>
<opcode="extractvalue(56) " fcode="extractvalue"/>
<opset="fc1_output_7/15 "/>
</bind>
</comp>

<comp id="262" class="1004" name="fc1_output_8_fu_262">
<pin_list>
<pin id="263" dir="0" index="0" bw="512" slack="0"/>
<pin id="264" dir="1" index="1" bw="32" slack="0"/>
</pin_list>
<bind>
<opcode="extractvalue(56) " fcode="extractvalue"/>
<opset="fc1_output_8/15 "/>
</bind>
</comp>

<comp id="267" class="1004" name="fc1_output_9_fu_267">
<pin_list>
<pin id="268" dir="0" index="0" bw="512" slack="0"/>
<pin id="269" dir="1" index="1" bw="32" slack="0"/>
</pin_list>
<bind>
<opcode="extractvalue(56) " fcode="extractvalue"/>
<opset="fc1_output_9/15 "/>
</bind>
</comp>

<comp id="272" class="1004" name="fc1_output_10_fu_272">
<pin_list>
<pin id="273" dir="0" index="0" bw="512" slack="0"/>
<pin id="274" dir="1" index="1" bw="32" slack="0"/>
</pin_list>
<bind>
<opcode="extractvalue(56) " fcode="extractvalue"/>
<opset="fc1_output_10/15 "/>
</bind>
</comp>

<comp id="277" class="1004" name="fc1_output_11_fu_277">
<pin_list>
<pin id="278" dir="0" index="0" bw="512" slack="0"/>
<pin id="279" dir="1" index="1" bw="32" slack="0"/>
</pin_list>
<bind>
<opcode="extractvalue(56) " fcode="extractvalue"/>
<opset="fc1_output_11/15 "/>
</bind>
</comp>

<comp id="282" class="1004" name="fc1_output_12_fu_282">
<pin_list>
<pin id="283" dir="0" index="0" bw="512" slack="0"/>
<pin id="284" dir="1" index="1" bw="32" slack="0"/>
</pin_list>
<bind>
<opcode="extractvalue(56) " fcode="extractvalue"/>
<opset="fc1_output_12/15 "/>
</bind>
</comp>

<comp id="287" class="1004" name="fc1_output_13_fu_287">
<pin_list>
<pin id="288" dir="0" index="0" bw="512" slack="0"/>
<pin id="289" dir="1" index="1" bw="32" slack="0"/>
</pin_list>
<bind>
<opcode="extractvalue(56) " fcode="extractvalue"/>
<opset="fc1_output_13/15 "/>
</bind>
</comp>

<comp id="292" class="1004" name="fc1_output_14_fu_292">
<pin_list>
<pin id="293" dir="0" index="0" bw="512" slack="0"/>
<pin id="294" dir="1" index="1" bw="32" slack="0"/>
</pin_list>
<bind>
<opcode="extractvalue(56) " fcode="extractvalue"/>
<opset="fc1_output_14/15 "/>
</bind>
</comp>

<comp id="297" class="1004" name="fc1_output_15_fu_297">
<pin_list>
<pin id="298" dir="0" index="0" bw="512" slack="0"/>
<pin id="299" dir="1" index="1" bw="32" slack="0"/>
</pin_list>
<bind>
<opcode="extractvalue(56) " fcode="extractvalue"/>
<opset="fc1_output_15/15 "/>
</bind>
</comp>

<comp id="302" class="1005" name="fc1_output_reg_302">
<pin_list>
<pin id="303" dir="0" index="0" bw="32" slack="1"/>
<pin id="304" dir="1" index="1" bw="32" slack="1"/>
</pin_list>
<bind>
<opset="fc1_output "/>
</bind>
</comp>

<comp id="307" class="1005" name="fc1_output_1_reg_307">
<pin_list>
<pin id="308" dir="0" index="0" bw="32" slack="1"/>
<pin id="309" dir="1" index="1" bw="32" slack="1"/>
</pin_list>
<bind>
<opset="fc1_output_1 "/>
</bind>
</comp>

<comp id="312" class="1005" name="fc1_output_2_reg_312">
<pin_list>
<pin id="313" dir="0" index="0" bw="32" slack="1"/>
<pin id="314" dir="1" index="1" bw="32" slack="1"/>
</pin_list>
<bind>
<opset="fc1_output_2 "/>
</bind>
</comp>

<comp id="317" class="1005" name="fc1_output_3_reg_317">
<pin_list>
<pin id="318" dir="0" index="0" bw="32" slack="1"/>
<pin id="319" dir="1" index="1" bw="32" slack="1"/>
</pin_list>
<bind>
<opset="fc1_output_3 "/>
</bind>
</comp>

<comp id="322" class="1005" name="fc1_output_4_reg_322">
<pin_list>
<pin id="323" dir="0" index="0" bw="32" slack="1"/>
<pin id="324" dir="1" index="1" bw="32" slack="1"/>
</pin_list>
<bind>
<opset="fc1_output_4 "/>
</bind>
</comp>

<comp id="327" class="1005" name="fc1_output_5_reg_327">
<pin_list>
<pin id="328" dir="0" index="0" bw="32" slack="1"/>
<pin id="329" dir="1" index="1" bw="32" slack="1"/>
</pin_list>
<bind>
<opset="fc1_output_5 "/>
</bind>
</comp>

<comp id="332" class="1005" name="fc1_output_6_reg_332">
<pin_list>
<pin id="333" dir="0" index="0" bw="32" slack="1"/>
<pin id="334" dir="1" index="1" bw="32" slack="1"/>
</pin_list>
<bind>
<opset="fc1_output_6 "/>
</bind>
</comp>

<comp id="337" class="1005" name="fc1_output_7_reg_337">
<pin_list>
<pin id="338" dir="0" index="0" bw="32" slack="1"/>
<pin id="339" dir="1" index="1" bw="32" slack="1"/>
</pin_list>
<bind>
<opset="fc1_output_7 "/>
</bind>
</comp>

<comp id="342" class="1005" name="fc1_output_8_reg_342">
<pin_list>
<pin id="343" dir="0" index="0" bw="32" slack="1"/>
<pin id="344" dir="1" index="1" bw="32" slack="1"/>
</pin_list>
<bind>
<opset="fc1_output_8 "/>
</bind>
</comp>

<comp id="347" class="1005" name="fc1_output_9_reg_347">
<pin_list>
<pin id="348" dir="0" index="0" bw="32" slack="1"/>
<pin id="349" dir="1" index="1" bw="32" slack="1"/>
</pin_list>
<bind>
<opset="fc1_output_9 "/>
</bind>
</comp>

<comp id="352" class="1005" name="fc1_output_10_reg_352">
<pin_list>
<pin id="353" dir="0" index="0" bw="32" slack="1"/>
<pin id="354" dir="1" index="1" bw="32" slack="1"/>
</pin_list>
<bind>
<opset="fc1_output_10 "/>
</bind>
</comp>

<comp id="357" class="1005" name="fc1_output_11_reg_357">
<pin_list>
<pin id="358" dir="0" index="0" bw="32" slack="1"/>
<pin id="359" dir="1" index="1" bw="32" slack="1"/>
</pin_list>
<bind>
<opset="fc1_output_11 "/>
</bind>
</comp>

<comp id="362" class="1005" name="fc1_output_12_reg_362">
<pin_list>
<pin id="363" dir="0" index="0" bw="32" slack="1"/>
<pin id="364" dir="1" index="1" bw="32" slack="1"/>
</pin_list>
<bind>
<opset="fc1_output_12 "/>
</bind>
</comp>

<comp id="367" class="1005" name="fc1_output_13_reg_367">
<pin_list>
<pin id="368" dir="0" index="0" bw="32" slack="1"/>
<pin id="369" dir="1" index="1" bw="32" slack="1"/>
</pin_list>
<bind>
<opset="fc1_output_13 "/>
</bind>
</comp>

<comp id="372" class="1005" name="fc1_output_14_reg_372">
<pin_list>
<pin id="373" dir="0" index="0" bw="32" slack="1"/>
<pin id="374" dir="1" index="1" bw="32" slack="1"/>
</pin_list>
<bind>
<opset="fc1_output_14 "/>
</bind>
</comp>

<comp id="377" class="1005" name="fc1_output_15_reg_377">
<pin_list>
<pin id="378" dir="0" index="0" bw="32" slack="1"/>
<pin id="379" dir="1" index="1" bw="32" slack="1"/>
</pin_list>
<bind>
<opset="fc1_output_15 "/>
</bind>
</comp>

</comp_list>

<net_list>
<net id="83"><net_src comp="36" pin="0"/><net_sink comp="80" pin=0"/></net>

<net id="87"><net_src comp="36" pin="0"/><net_sink comp="84" pin=0"/></net>

<net id="91"><net_src comp="36" pin="0"/><net_sink comp="88" pin=0"/></net>

<net id="95"><net_src comp="36" pin="0"/><net_sink comp="92" pin=0"/></net>

<net id="99"><net_src comp="36" pin="0"/><net_sink comp="96" pin=0"/></net>

<net id="103"><net_src comp="36" pin="0"/><net_sink comp="100" pin=0"/></net>

<net id="107"><net_src comp="36" pin="0"/><net_sink comp="104" pin=0"/></net>

<net id="111"><net_src comp="36" pin="0"/><net_sink comp="108" pin=0"/></net>

<net id="115"><net_src comp="36" pin="0"/><net_sink comp="112" pin=0"/></net>

<net id="124"><net_src comp="38" pin="0"/><net_sink comp="116" pin=0"/></net>

<net id="125"><net_src comp="0" pin="0"/><net_sink comp="116" pin=1"/></net>

<net id="126"><net_src comp="2" pin="0"/><net_sink comp="116" pin=2"/></net>

<net id="127"><net_src comp="4" pin="0"/><net_sink comp="116" pin=3"/></net>

<net id="128"><net_src comp="6" pin="0"/><net_sink comp="116" pin=4"/></net>

<net id="136"><net_src comp="40" pin="0"/><net_sink comp="129" pin=0"/></net>

<net id="137"><net_src comp="16" pin="0"/><net_sink comp="129" pin=3"/></net>

<net id="138"><net_src comp="18" pin="0"/><net_sink comp="129" pin=4"/></net>

<net id="147"><net_src comp="42" pin="0"/><net_sink comp="139" pin=0"/></net>

<net id="148"><net_src comp="20" pin="0"/><net_sink comp="139" pin=4"/></net>

<net id="149"><net_src comp="22" pin="0"/><net_sink comp="139" pin=5"/></net>

<net id="156"><net_src comp="44" pin="0"/><net_sink comp="150" pin=0"/></net>

<net id="165"><net_src comp="46" pin="0"/><net_sink comp="157" pin=0"/></net>

<net id="166"><net_src comp="24" pin="0"/><net_sink comp="157" pin=4"/></net>

<net id="167"><net_src comp="26" pin="0"/><net_sink comp="157" pin=5"/></net>

<net id="174"><net_src comp="48" pin="0"/><net_sink comp="168" pin=0"/></net>

<net id="181"><net_src comp="50" pin="0"/><net_sink comp="175" pin=0"/></net>

<net id="182"><net_src comp="28" pin="0"/><net_sink comp="175" pin=2"/></net>

<net id="183"><net_src comp="30" pin="0"/><net_sink comp="175" pin=3"/></net>

<net id="206"><net_src comp="52" pin="0"/><net_sink comp="184" pin=0"/></net>

<net id="207"><net_src comp="32" pin="0"/><net_sink comp="184" pin=18"/></net>

<net id="208"><net_src comp="34" pin="0"/><net_sink comp="184" pin=19"/></net>

<net id="217"><net_src comp="54" pin="0"/><net_sink comp="209" pin=0"/></net>

<net id="218"><net_src comp="8" pin="0"/><net_sink comp="209" pin=1"/></net>

<net id="219"><net_src comp="10" pin="0"/><net_sink comp="209" pin=2"/></net>

<net id="220"><net_src comp="12" pin="0"/><net_sink comp="209" pin=3"/></net>

<net id="221"><net_src comp="14" pin="0"/><net_sink comp="209" pin=4"/></net>

<net id="225"><net_src comp="175" pin="4"/><net_sink comp="222" pin=0"/></net>

<net id="226"><net_src comp="222" pin="1"/><net_sink comp="184" pin=1"/></net>

<net id="230"><net_src comp="175" pin="4"/><net_sink comp="227" pin=0"/></net>

<net id="231"><net_src comp="227" pin="1"/><net_sink comp="184" pin=2"/></net>

<net id="235"><net_src comp="175" pin="4"/><net_sink comp="232" pin=0"/></net>

<net id="236"><net_src comp="232" pin="1"/><net_sink comp="184" pin=3"/></net>

<net id="240"><net_src comp="175" pin="4"/><net_sink comp="237" pin=0"/></net>

<net id="241"><net_src comp="237" pin="1"/><net_sink comp="184" pin=4"/></net>

<net id="245"><net_src comp="175" pin="4"/><net_sink comp="242" pin=0"/></net>

<net id="246"><net_src comp="242" pin="1"/><net_sink comp="184" pin=5"/></net>

<net id="250"><net_src comp="175" pin="4"/><net_sink comp="247" pin=0"/></net>

<net id="251"><net_src comp="247" pin="1"/><net_sink comp="184" pin=6"/></net>

<net id="255"><net_src comp="175" pin="4"/><net_sink comp="252" pin=0"/></net>

<net id="256"><net_src comp="252" pin="1"/><net_sink comp="184" pin=7"/></net>

<net id="260"><net_src comp="175" pin="4"/><net_sink comp="257" pin=0"/></net>

<net id="261"><net_src comp="257" pin="1"/><net_sink comp="184" pin=8"/></net>

<net id="265"><net_src comp="175" pin="4"/><net_sink comp="262" pin=0"/></net>

<net id="266"><net_src comp="262" pin="1"/><net_sink comp="184" pin=9"/></net>

<net id="270"><net_src comp="175" pin="4"/><net_sink comp="267" pin=0"/></net>

<net id="271"><net_src comp="267" pin="1"/><net_sink comp="184" pin=10"/></net>

<net id="275"><net_src comp="175" pin="4"/><net_sink comp="272" pin=0"/></net>

<net id="276"><net_src comp="272" pin="1"/><net_sink comp="184" pin=11"/></net>

<net id="280"><net_src comp="175" pin="4"/><net_sink comp="277" pin=0"/></net>

<net id="281"><net_src comp="277" pin="1"/><net_sink comp="184" pin=12"/></net>

<net id="285"><net_src comp="175" pin="4"/><net_sink comp="282" pin=0"/></net>

<net id="286"><net_src comp="282" pin="1"/><net_sink comp="184" pin=13"/></net>

<net id="290"><net_src comp="175" pin="4"/><net_sink comp="287" pin=0"/></net>

<net id="291"><net_src comp="287" pin="1"/><net_sink comp="184" pin=14"/></net>

<net id="295"><net_src comp="175" pin="4"/><net_sink comp="292" pin=0"/></net>

<net id="296"><net_src comp="292" pin="1"/><net_sink comp="184" pin=15"/></net>

<net id="300"><net_src comp="175" pin="4"/><net_sink comp="297" pin=0"/></net>

<net id="301"><net_src comp="297" pin="1"/><net_sink comp="184" pin=16"/></net>

<net id="305"><net_src comp="222" pin="1"/><net_sink comp="302" pin=0"/></net>

<net id="306"><net_src comp="302" pin="1"/><net_sink comp="184" pin=1"/></net>

<net id="310"><net_src comp="227" pin="1"/><net_sink comp="307" pin=0"/></net>

<net id="311"><net_src comp="307" pin="1"/><net_sink comp="184" pin=2"/></net>

<net id="315"><net_src comp="232" pin="1"/><net_sink comp="312" pin=0"/></net>

<net id="316"><net_src comp="312" pin="1"/><net_sink comp="184" pin=3"/></net>

<net id="320"><net_src comp="237" pin="1"/><net_sink comp="317" pin=0"/></net>

<net id="321"><net_src comp="317" pin="1"/><net_sink comp="184" pin=4"/></net>

<net id="325"><net_src comp="242" pin="1"/><net_sink comp="322" pin=0"/></net>

<net id="326"><net_src comp="322" pin="1"/><net_sink comp="184" pin=5"/></net>

<net id="330"><net_src comp="247" pin="1"/><net_sink comp="327" pin=0"/></net>

<net id="331"><net_src comp="327" pin="1"/><net_sink comp="184" pin=6"/></net>

<net id="335"><net_src comp="252" pin="1"/><net_sink comp="332" pin=0"/></net>

<net id="336"><net_src comp="332" pin="1"/><net_sink comp="184" pin=7"/></net>

<net id="340"><net_src comp="257" pin="1"/><net_sink comp="337" pin=0"/></net>

<net id="341"><net_src comp="337" pin="1"/><net_sink comp="184" pin=8"/></net>

<net id="345"><net_src comp="262" pin="1"/><net_sink comp="342" pin=0"/></net>

<net id="346"><net_src comp="342" pin="1"/><net_sink comp="184" pin=9"/></net>

<net id="350"><net_src comp="267" pin="1"/><net_sink comp="347" pin=0"/></net>

<net id="351"><net_src comp="347" pin="1"/><net_sink comp="184" pin=10"/></net>

<net id="355"><net_src comp="272" pin="1"/><net_sink comp="352" pin=0"/></net>

<net id="356"><net_src comp="352" pin="1"/><net_sink comp="184" pin=11"/></net>

<net id="360"><net_src comp="277" pin="1"/><net_sink comp="357" pin=0"/></net>

<net id="361"><net_src comp="357" pin="1"/><net_sink comp="184" pin=12"/></net>

<net id="365"><net_src comp="282" pin="1"/><net_sink comp="362" pin=0"/></net>

<net id="366"><net_src comp="362" pin="1"/><net_sink comp="184" pin=13"/></net>

<net id="370"><net_src comp="287" pin="1"/><net_sink comp="367" pin=0"/></net>

<net id="371"><net_src comp="367" pin="1"/><net_sink comp="184" pin=14"/></net>

<net id="375"><net_src comp="292" pin="1"/><net_sink comp="372" pin=0"/></net>

<net id="376"><net_src comp="372" pin="1"/><net_sink comp="184" pin=15"/></net>

<net id="380"><net_src comp="297" pin="1"/><net_sink comp="377" pin=0"/></net>

<net id="381"><net_src comp="377" pin="1"/><net_sink comp="184" pin=16"/></net>

</net_list>

</model> 
---------------- Datapath Model END ------------------

* FSMD analyzer results:
  - Output states:
	Port: outputPort_V_data_V | {17 18 }
	Port: outputPort_V_keep_V | {17 18 }
	Port: outputPort_V_strb_V | {17 18 }
	Port: outputPort_V_last_V | {17 18 }
 - Input state : 
	Port: HW_accel : inputPort_V_data_V | {2 3 }
	Port: HW_accel : inputPort_V_keep_V | {2 3 }
	Port: HW_accel : inputPort_V_strb_V | {2 3 }
	Port: HW_accel : inputPort_V_last_V | {2 3 }
	Port: HW_accel : conv1_weight | {4 5 }
	Port: HW_accel : conv1_bias | {4 5 }
	Port: HW_accel : conv2_weight | {6 7 }
	Port: HW_accel : conv2_bias | {6 7 }
	Port: HW_accel : conv3_weight | {10 11 }
	Port: HW_accel : conv3_bias | {10 11 }
	Port: HW_accel : fc1_bias | {14 15 }
	Port: HW_accel : fc1_weight | {14 15 }
	Port: HW_accel : fc2_bias | {15 16 }
	Port: HW_accel : fc2_weight | {15 16 }
  - Chain level:
	State 1
	State 2
	State 3
	State 4
	State 5
	State 6
	State 7
	State 8
	State 9
	State 10
	State 11
	State 12
	State 13
	State 14
	State 15
		fc1_output : 1
		fc1_output_1 : 1
		fc1_output_2 : 1
		fc1_output_3 : 1
		fc1_output_4 : 1
		fc1_output_5 : 1
		fc1_output_6 : 1
		fc1_output_7 : 1
		fc1_output_8 : 1
		fc1_output_9 : 1
		fc1_output_10 : 1
		fc1_output_11 : 1
		fc1_output_12 : 1
		fc1_output_13 : 1
		fc1_output_14 : 1
		fc1_output_15 : 1
		call_ln76 : 2
	State 16
	State 17
	State 18
	State 19


============================================================
+ Verbose Summary: Datapath Resource usage 
============================================================

* Functional unit list:
|----------|------------------------------|---------|---------|---------|---------|
| Operation|        Functional Unit       |   DSP   |  Delay  |    FF   |   LUT   |
|----------|------------------------------|---------|---------|---------|---------|
|          |     grp_read_input_fu_116    |    0    |    0    |    62   |    89   |
|          |       grp_conv1_fu_129       |    46   |   39.7  |   9462  |   7078  |
|          |       grp_conv2_fu_139       |    47   |  23.82  |  12663  |   7414  |
|          | grp_maxPool_4_24_12_s_fu_150 |    0    |  6.352  |   361   |   595   |
|   call   |       grp_conv3_fu_157       |    45   |  26.996 |  12167  |   7487  |
|          |  grp_maxPool_4_10_5_s_fu_168 |    0    |  6.352  |   323   |   549   |
|          |    grp_fc_layer119_fu_175    |    40   |   39.7  |   5130  |   7662  |
|          |     grp_fc_layer2_fu_184     |    25   | 22.4706 |   3533  |   4083  |
|          |    grp_write_output_fu_209   |    0    |  3.176  |    42   |    49   |
|----------|------------------------------|---------|---------|---------|---------|
|          |       fc1_output_fu_222      |    0    |    0    |    0    |    0    |
|          |      fc1_output_1_fu_227     |    0    |    0    |    0    |    0    |
|          |      fc1_output_2_fu_232     |    0    |    0    |    0    |    0    |
|          |      fc1_output_3_fu_237     |    0    |    0    |    0    |    0    |
|          |      fc1_output_4_fu_242     |    0    |    0    |    0    |    0    |
|          |      fc1_output_5_fu_247     |    0    |    0    |    0    |    0    |
|          |      fc1_output_6_fu_252     |    0    |    0    |    0    |    0    |
|extractvalue|      fc1_output_7_fu_257     |    0    |    0    |    0    |    0    |
|          |      fc1_output_8_fu_262     |    0    |    0    |    0    |    0    |
|          |      fc1_output_9_fu_267     |    0    |    0    |    0    |    0    |
|          |     fc1_output_10_fu_272     |    0    |    0    |    0    |    0    |
|          |     fc1_output_11_fu_277     |    0    |    0    |    0    |    0    |
|          |     fc1_output_12_fu_282     |    0    |    0    |    0    |    0    |
|          |     fc1_output_13_fu_287     |    0    |    0    |    0    |    0    |
|          |     fc1_output_14_fu_292     |    0    |    0    |    0    |    0    |
|          |     fc1_output_15_fu_297     |    0    |    0    |    0    |    0    |
|----------|------------------------------|---------|---------|---------|---------|
|   Total  |                              |   203   | 168.567 |  43743  |  35006  |
|----------|------------------------------|---------|---------|---------|---------|

Memories:
+------------+--------+--------+--------+--------+
|            |  BRAM  |   FF   |   LUT  |  URAM  |
+------------+--------+--------+--------+--------+
| conv1_bias |    0   |   32   |    2   |    -   |
|conv1_weight|    1   |    0   |    0   |    -   |
| conv2_bias |    0   |   32   |    2   |    -   |
|conv2_weight|    1   |    0   |    0   |    -   |
| conv3_bias |    0   |   32   |    2   |    -   |
|conv3_weight|    1   |    0   |    0   |    -   |
|  fc1_bias  |    0   |   256  |    8   |    -   |
| fc1_weight |   28   |    0   |    0   |    -   |
|  fc2_bias  |    0   |   160  |    5   |    -   |
| fc2_output |    0   |   128  |   10   |    0   |
| fc2_weight |    8   |    0   |    0   |    -   |
|   mem_1_0  |    4   |    0   |    0   |    0   |
|    mem_2   |   16   |    0   |    0   |    0   |
|    mem_3   |    8   |    0   |    0   |    0   |
|   mem_3_1  |    8   |    0   |    0   |    0   |
|    mem_4   |    4   |    0   |    0   |    0   |
|    mem_5   |    4   |    0   |    0   |    0   |
|   mem_5_1  |    4   |    0   |    0   |    0   |
|    mem_6   |    1   |    0   |    0   |    0   |
+------------+--------+--------+--------+--------+
|    Total   |   88   |   640  |   29   |    0   |
+------------+--------+--------+--------+--------+

* Register list:
+---------------------+--------+
|                     |   FF   |
+---------------------+--------+
|fc1_output_10_reg_352|   32   |
|fc1_output_11_reg_357|   32   |
|fc1_output_12_reg_362|   32   |
|fc1_output_13_reg_367|   32   |
|fc1_output_14_reg_372|   32   |
|fc1_output_15_reg_377|   32   |
| fc1_output_1_reg_307|   32   |
| fc1_output_2_reg_312|   32   |
| fc1_output_3_reg_317|   32   |
| fc1_output_4_reg_322|   32   |
| fc1_output_5_reg_327|   32   |
| fc1_output_6_reg_332|   32   |
| fc1_output_7_reg_337|   32   |
| fc1_output_8_reg_342|   32   |
| fc1_output_9_reg_347|   32   |
|  fc1_output_reg_302 |   32   |
+---------------------+--------+
|        Total        |   512  |
+---------------------+--------+

* Multiplexer (MUX) list: 
|----------------------|------|------|------|--------||---------||---------|
|         Comp         |  Pin | Size |  BW  | S x BW ||  Delay  ||   LUT   |
|----------------------|------|------|------|--------||---------||---------|
| grp_fc_layer2_fu_184 |  p1  |   2  |  32  |   64   ||    9    |
| grp_fc_layer2_fu_184 |  p2  |   2  |  32  |   64   ||    9    |
| grp_fc_layer2_fu_184 |  p3  |   2  |  32  |   64   ||    9    |
| grp_fc_layer2_fu_184 |  p4  |   2  |  32  |   64   ||    9    |
| grp_fc_layer2_fu_184 |  p5  |   2  |  32  |   64   ||    9    |
| grp_fc_layer2_fu_184 |  p6  |   2  |  32  |   64   ||    9    |
| grp_fc_layer2_fu_184 |  p7  |   2  |  32  |   64   ||    9    |
| grp_fc_layer2_fu_184 |  p8  |   2  |  32  |   64   ||    9    |
| grp_fc_layer2_fu_184 |  p9  |   2  |  32  |   64   ||    9    |
| grp_fc_layer2_fu_184 |  p10 |   2  |  32  |   64   ||    9    |
| grp_fc_layer2_fu_184 |  p11 |   2  |  32  |   64   ||    9    |
| grp_fc_layer2_fu_184 |  p12 |   2  |  32  |   64   ||    9    |
| grp_fc_layer2_fu_184 |  p13 |   2  |  32  |   64   ||    9    |
| grp_fc_layer2_fu_184 |  p14 |   2  |  32  |   64   ||    9    |
| grp_fc_layer2_fu_184 |  p15 |   2  |  32  |   64   ||    9    |
| grp_fc_layer2_fu_184 |  p16 |   2  |  32  |   64   ||    9    |
|----------------------|------|------|------|--------||---------||---------|
|         Total        |      |      |      |  1024  ||  25.408 ||   144   |
|----------------------|------|------|------|--------||---------||---------|



* Summary:
+-----------+--------+--------+--------+--------+--------+--------+
|           |  BRAM  |   DSP  |  Delay |   FF   |   LUT  |  URAM  |
+-----------+--------+--------+--------+--------+--------+--------+
|  Function |    -   |   203  |   168  |  43743 |  35006 |    -   |
|   Memory  |   88   |    -   |    -   |   640  |   29   |    0   |
|Multiplexer|    -   |    -   |   25   |    -   |   144  |    -   |
|  Register |    -   |    -   |    -   |   512  |    -   |    -   |
+-----------+--------+--------+--------+--------+--------+--------+
|   Total   |   88   |   203  |   193  |  44895 |  35179 |    0   |
+-----------+--------+--------+--------+--------+--------+--------+
