

================================================================
== Vitis HLS Report for 'read_input'
================================================================
* Date:           Thu Dec 25 17:04:34 2025

* Version:        2022.1 (Build 3526262 on Mon Apr 18 15:48:16 MDT 2022)
* Project:        Day_5_final_boss
* Solution:       hellojio (Vivado IP Flow Target)
* Product family: zynq
* Target device:  xc7z020-clg400-1


================================================================
== Performance Estimates
================================================================
+ Timing: 
    * Summary: 
    +--------+----------+----------+------------+
    |  Clock |  Target  | Estimated| Uncertainty|
    +--------+----------+----------+------------+
    |ap_clk  |  10.00 ns|  6.982 ns|     2.70 ns|
    +--------+----------+----------+------------+

+ Latency: 
    * Summary: 
    +---------+---------+----------+----------+-----+-----+---------+
    |  Latency (cycles) |  Latency (absolute) |  Interval | Pipeline|
    |   min   |   max   |    min   |    max   | min | max |   Type  |
    +---------+---------+----------+----------+-----+-----+---------+
    |      786|      786|  7.860 us|  7.860 us|  786|  786|       no|
    +---------+---------+----------+----------+-----+-----+---------+

    + Detail: 
        * Instance: 
        N/A

        * Loop: 
        +-----------------------------+---------+---------+----------+-----------+-----------+------+----------+
        |                             |  Latency (cycles) | Iteration|  Initiation Interval  | Trip |          |
        |          Loop Name          |   min   |   max   |  Latency |  achieved |   target  | Count| Pipelined|
        +-----------------------------+---------+---------+----------+-----------+-----------+------+----------+
        |- readLoop_row_readLoop_col  |      784|      784|         2|          1|          1|   784|       yes|
        +-----------------------------+---------+---------+----------+-----------+-----------+------+----------+

============================================================
+ Verbose Summary: Synthesis Manager
============================================================
InlineROM: 1
ExposeGlobal: 0
============================================================
+ Verbose Summary: CDFG Model
============================================================
IsTopModel: 0
ResetActiveHigh: 1
IsCombinational: 2
IsDatapathOnly: 0
HasWiredReturn: 1
HasMFsm: 2
HasVarLatency: 1
IsPipeline: 0
IsRtlPipelined: 0
IsInstanceOverlapped: 0
IsDontTouch: 0
HasImplIP: 0
IsGatedGlobalClock: 0

+ Individual pipeline summary: 
  * Pipeline-0: initiation interval (II) = 1, depth = 2


============================================================
+ Verbose Summary: Schedule
============================================================
* Number of FSM states : 2
* Pipeline : 1
  Pipeline-0 : II = 1, D = 2, States = { 1 2 }
* Dataflow Pipeline: 0

* FSM state transitions: 
1 --> 2 
2 --> 

* FSM state operations: 

State 1 <SV = 0> <Delay = 5.94>
ST_1 : Operation 5 [1/1] (0.00ns)   --->   "%i_c = alloca i32 1"   --->   Operation 5 'alloca' 'i_c' <Predicate = true> <Delay = 0.00>
ST_1 : Operation 6 [1/1] (0.00ns)   --->   "%i_r = alloca i32 1"   --->   Operation 6 'alloca' 'i_r' <Predicate = true> <Delay = 0.00>
ST_1 : Operation 7 [1/1] (0.00ns)   --->   "%indvar_flatten = alloca i32 1"   --->   Operation 7 'alloca' 'indvar_flatten' <Predicate = true> <Delay = 0.00>
ST_1 : Operation 8 [1/1] (0.00ns)   --->   "%specinterface_ln0 = specinterface void @_ssdm_op_SpecInterface, i1 %inputPort_V_last_V, i4 %inputPort_V_strb_V, i4 %inputPort_V_keep_V, i32 %inputPort_V_data_V, void @empty_11, i32 1, i32 1, void @empty_12, i32 0, i32 0, void @empty_9, void @empty_9, void @empty_9, i32 0, i32 0, i32 0, i32 0, void @empty_9, void @empty_9, i32 4294967295, i32 0"   --->   Operation 8 'specinterface' 'specinterface_ln0' <Predicate = true> <Delay = 0.00>
ST_1 : Operation 9 [1/1] (1.58ns)   --->   "%store_ln7 = store i10 0, i10 %indvar_flatten" [codes_lab5/HLS_sources_final/design.cpp:7]   --->   Operation 9 'store' 'store_ln7' <Predicate = true> <Delay = 1.58>
ST_1 : Operation 10 [1/1] (1.58ns)   --->   "%store_ln7 = store i5 0, i5 %i_r" [codes_lab5/HLS_sources_final/design.cpp:7]   --->   Operation 10 'store' 'store_ln7' <Predicate = true> <Delay = 1.58>
ST_1 : Operation 11 [1/1] (1.58ns)   --->   "%store_ln7 = store i5 0, i5 %i_c" [codes_lab5/HLS_sources_final/design.cpp:7]   --->   Operation 11 'store' 'store_ln7' <Predicate = true> <Delay = 1.58>
ST_1 : Operation 12 [1/1] (0.00ns)   --->   "%br_ln7 = br void %for.inc" [codes_lab5/HLS_sources_final/design.cpp:7]   --->   Operation 12 'br' 'br_ln7' <Predicate = true> <Delay = 0.00>
ST_1 : Operation 13 [1/1] (0.00ns)   --->   "%indvar_flatten_load = load i10 %indvar_flatten" [codes_lab5/HLS_sources_final/design.cpp:7]   --->   Operation 13 'load' 'indvar_flatten_load' <Predicate = true> <Delay = 0.00>
ST_1 : Operation 14 [1/1] (1.77ns)   --->   "%icmp_ln7 = icmp_eq  i10 %indvar_flatten_load, i10 784" [codes_lab5/HLS_sources_final/design.cpp:7]   --->   Operation 14 'icmp' 'icmp_ln7' <Predicate = true> <Delay = 1.77> <CoreInst = "Cmp">   --->   Core 9 'Cmp' <Latency = 0> <II = 1> <Delay = 1.77> <FuncUnit> <Opcode : 'icmp'> <InPorts = 2> <OutPorts = 1>
ST_1 : Operation 15 [1/1] (1.73ns)   --->   "%add_ln7_1 = add i10 %indvar_flatten_load, i10 1" [codes_lab5/HLS_sources_final/design.cpp:7]   --->   Operation 15 'add' 'add_ln7_1' <Predicate = true> <Delay = 1.73> <CoreInst = "Adder">   --->   Core 1 'Adder' <Latency = 0> <II = 1> <Delay = 1.73> <FuncUnit> <Opcode : 'add' 'sub'> <InPorts = 2> <OutPorts = 1>
ST_1 : Operation 16 [1/1] (0.00ns)   --->   "%br_ln7 = br i1 %icmp_ln7, void %for.inc8, void %for.end10" [codes_lab5/HLS_sources_final/design.cpp:7]   --->   Operation 16 'br' 'br_ln7' <Predicate = true> <Delay = 0.00>
ST_1 : Operation 17 [1/1] (0.00ns)   --->   "%i_c_load = load i5 %i_c" [codes_lab5/HLS_sources_final/design.cpp:8]   --->   Operation 17 'load' 'i_c_load' <Predicate = (!icmp_ln7)> <Delay = 0.00>
ST_1 : Operation 18 [1/1] (0.00ns)   --->   "%i_r_load = load i5 %i_r" [codes_lab5/HLS_sources_final/design.cpp:7]   --->   Operation 18 'load' 'i_r_load' <Predicate = (!icmp_ln7)> <Delay = 0.00>
ST_1 : Operation 19 [1/1] (1.78ns)   --->   "%add_ln7 = add i5 %i_r_load, i5 1" [codes_lab5/HLS_sources_final/design.cpp:7]   --->   Operation 19 'add' 'add_ln7' <Predicate = (!icmp_ln7)> <Delay = 1.78> <CoreInst = "Adder">   --->   Core 1 'Adder' <Latency = 0> <II = 1> <Delay = 1.78> <FuncUnit> <Opcode : 'add' 'sub'> <InPorts = 2> <OutPorts = 1>
ST_1 : Operation 20 [1/1] (1.36ns)   --->   "%icmp_ln8 = icmp_eq  i5 %i_c_load, i5 28" [codes_lab5/HLS_sources_final/design.cpp:8]   --->   Operation 20 'icmp' 'icmp_ln8' <Predicate = (!icmp_ln7)> <Delay = 1.36> <CoreInst = "Cmp">   --->   Core 9 'Cmp' <Latency = 0> <II = 1> <Delay = 1.36> <FuncUnit> <Opcode : 'icmp'> <InPorts = 2> <OutPorts = 1>
ST_1 : Operation 21 [1/1] (1.21ns)   --->   "%select_ln7 = select i1 %icmp_ln8, i5 0, i5 %i_c_load" [codes_lab5/HLS_sources_final/design.cpp:7]   --->   Operation 21 'select' 'select_ln7' <Predicate = (!icmp_ln7)> <Delay = 1.21> <CoreInst = "Sel">   --->   Core 73 'Sel' <Latency = 0> <II = 1> <Delay = 1.21> <FuncUnit> <Opcode : 'select'> <InPorts = 3> <OutPorts = 1>
ST_1 : Operation 22 [1/1] (1.21ns)   --->   "%select_ln7_1 = select i1 %icmp_ln8, i5 %add_ln7, i5 %i_r_load" [codes_lab5/HLS_sources_final/design.cpp:7]   --->   Operation 22 'select' 'select_ln7_1' <Predicate = (!icmp_ln7)> <Delay = 1.21> <CoreInst = "Sel">   --->   Core 73 'Sel' <Latency = 0> <II = 1> <Delay = 1.21> <FuncUnit> <Opcode : 'select'> <InPorts = 3> <OutPorts = 1>
ST_1 : Operation 23 [1/1] (0.00ns)   --->   "%empty_27 = read i41 @_ssdm_op_Read.axis.volatile.i32P0A.i4P0A.i4P0A.i1P0A, i32 %inputPort_V_data_V, i4 %inputPort_V_keep_V, i4 %inputPort_V_strb_V, i1 %inputPort_V_last_V"   --->   Operation 23 'read' 'empty_27' <Predicate = (!icmp_ln7)> <Delay = 0.00> <CoreInst = "axis">   --->   Core 115 'axis' <Latency = 0> <II = 1> <Delay = 1.00> <Adapter> <Opcode : >
ST_1 : Operation 24 [1/1] (0.00ns)   --->   "%p_0 = extractvalue i41 %empty_27"   --->   Operation 24 'extractvalue' 'p_0' <Predicate = (!icmp_ln7)> <Delay = 0.00>
ST_1 : Operation 25 [1/1] (1.78ns)   --->   "%add_ln8 = add i5 %select_ln7, i5 1" [codes_lab5/HLS_sources_final/design.cpp:8]   --->   Operation 25 'add' 'add_ln8' <Predicate = (!icmp_ln7)> <Delay = 1.78> <CoreInst = "Adder">   --->   Core 1 'Adder' <Latency = 0> <II = 1> <Delay = 1.78> <FuncUnit> <Opcode : 'add' 'sub'> <InPorts = 2> <OutPorts = 1>
ST_1 : Operation 26 [1/1] (1.58ns)   --->   "%store_ln8 = store i10 %add_ln7_1, i10 %indvar_flatten" [codes_lab5/HLS_sources_final/design.cpp:8]   --->   Operation 26 'store' 'store_ln8' <Predicate = (!icmp_ln7)> <Delay = 1.58>
ST_1 : Operation 27 [1/1] (1.58ns)   --->   "%store_ln8 = store i5 %select_ln7_1, i5 %i_r" [codes_lab5/HLS_sources_final/design.cpp:8]   --->   Operation 27 'store' 'store_ln8' <Predicate = (!icmp_ln7)> <Delay = 1.58>
ST_1 : Operation 28 [1/1] (1.58ns)   --->   "%store_ln8 = store i5 %add_ln8, i5 %i_c" [codes_lab5/HLS_sources_final/design.cpp:8]   --->   Operation 28 'store' 'store_ln8' <Predicate = (!icmp_ln7)> <Delay = 1.58>
ST_1 : Operation 44 [1/1] (0.00ns)   --->   "%ret_ln14 = ret" [codes_lab5/HLS_sources_final/design.cpp:14]   --->   Operation 44 'ret' 'ret_ln14' <Predicate = (icmp_ln7)> <Delay = 0.00>

State 2 <SV = 1> <Delay = 6.98>
ST_2 : Operation 29 [1/1] (0.00ns)   --->   "%specloopname_ln0 = specloopname void @_ssdm_op_SpecLoopName, void @readLoop_row_readLoop_col_str"   --->   Operation 29 'specloopname' 'specloopname_ln0' <Predicate = true> <Delay = 0.00>
ST_2 : Operation 30 [1/1] (0.00ns)   --->   "%empty = speclooptripcount i32 @_ssdm_op_SpecLoopTripCount, i64 784, i64 784, i64 784"   --->   Operation 30 'speclooptripcount' 'empty' <Predicate = true> <Delay = 0.00>
ST_2 : Operation 31 [1/1] (0.00ns)   --->   "%tmp_1 = bitconcatenate i10 @_ssdm_op_BitConcatenate.i10.i5.i5, i5 %select_ln7_1, i5 0" [codes_lab5/HLS_sources_final/design.cpp:11]   --->   Operation 31 'bitconcatenate' 'tmp_1' <Predicate = true> <Delay = 0.00>
ST_2 : Operation 32 [1/1] (0.00ns)   --->   "%tmp_2 = bitconcatenate i7 @_ssdm_op_BitConcatenate.i7.i5.i2, i5 %select_ln7_1, i2 0" [codes_lab5/HLS_sources_final/design.cpp:11]   --->   Operation 32 'bitconcatenate' 'tmp_2' <Predicate = true> <Delay = 0.00>
ST_2 : Operation 33 [1/1] (0.00ns)   --->   "%zext_ln11 = zext i7 %tmp_2" [codes_lab5/HLS_sources_final/design.cpp:11]   --->   Operation 33 'zext' 'zext_ln11' <Predicate = true> <Delay = 0.00>
ST_2 : Operation 34 [1/1] (0.00ns) (grouped into TernaryAdder)   --->   "%sub_ln11 = sub i10 %tmp_1, i10 %zext_ln11" [codes_lab5/HLS_sources_final/design.cpp:11]   --->   Operation 34 'sub' 'sub_ln11' <Predicate = true> <Delay = 0.00> <CoreInst = "TAddSub">   --->   Core 10 'TAddSub' <Latency = 0> <II = 1> <Delay = 1.86> <IPBlock> <Opcode : 'add' 'sub'> <InPorts = 3> <OutPorts = 1> <Sync> <CReg>
ST_2 : Operation 35 [1/1] (0.00ns)   --->   "%zext_ln11_1 = zext i5 %select_ln7" [codes_lab5/HLS_sources_final/design.cpp:11]   --->   Operation 35 'zext' 'zext_ln11_1' <Predicate = true> <Delay = 0.00>
ST_2 : Operation 36 [1/1] (3.72ns) (root node of TernaryAdder)   --->   "%add_ln11 = add i10 %sub_ln11, i10 %zext_ln11_1" [codes_lab5/HLS_sources_final/design.cpp:11]   --->   Operation 36 'add' 'add_ln11' <Predicate = true> <Delay = 3.72> <CoreInst = "TAddSub">   --->   Core 10 'TAddSub' <Latency = 0> <II = 1> <Delay = 1.86> <IPBlock> <Opcode : 'add' 'sub'> <InPorts = 3> <OutPorts = 1> <Sync> <CReg>
ST_2 : Operation 37 [1/1] (0.00ns)   --->   "%zext_ln11_2 = zext i10 %add_ln11" [codes_lab5/HLS_sources_final/design.cpp:11]   --->   Operation 37 'zext' 'zext_ln11_2' <Predicate = true> <Delay = 0.00>
ST_2 : Operation 38 [1/1] (0.00ns)   --->   "%mem1_0_addr = getelementptr i32 %mem1_0, i64 0, i64 %zext_ln11_2" [codes_lab5/HLS_sources_final/design.cpp:11]   --->   Operation 38 'getelementptr' 'mem1_0_addr' <Predicate = true> <Delay = 0.00>
ST_2 : Operation 39 [1/1] (0.00ns)   --->   "%specpipeline_ln9 = specpipeline void @_ssdm_op_SpecPipeline, i32 4294967295, i32 0, i32 0, i32 0, void @empty_9" [codes_lab5/HLS_sources_final/design.cpp:9]   --->   Operation 39 'specpipeline' 'specpipeline_ln9' <Predicate = true> <Delay = 0.00>
ST_2 : Operation 40 [1/1] (0.00ns)   --->   "%specloopname_ln0 = specloopname void @_ssdm_op_SpecLoopName, void @empty_8"   --->   Operation 40 'specloopname' 'specloopname_ln0' <Predicate = true> <Delay = 0.00>
ST_2 : Operation 41 [1/1] (0.00ns)   --->   "%tmp = bitcast i32 %p_0"   --->   Operation 41 'bitcast' 'tmp' <Predicate = true> <Delay = 0.00>
ST_2 : Operation 42 [1/1] (3.25ns)   --->   "%store_ln11 = store i32 %tmp, i10 %mem1_0_addr" [codes_lab5/HLS_sources_final/design.cpp:11]   --->   Operation 42 'store' 'store_ln11' <Predicate = true> <Delay = 3.25> <CoreInst = "RAM">   --->   Core 82 'RAM' <Latency = 1> <II = 1> <Delay = 3.25> <Storage> <Opcode : 'load' 'store'> <Ports = 2> <Width = 32> <Depth = 784> <RAM>
ST_2 : Operation 43 [1/1] (0.00ns)   --->   "%br_ln8 = br void %for.inc" [codes_lab5/HLS_sources_final/design.cpp:8]   --->   Operation 43 'br' 'br_ln8' <Predicate = true> <Delay = 0.00>


============================================================
+ Verbose Summary: Timing violations
============================================================
Target clock period: 10ns, clock uncertainty: 2.7ns.

 <State 1>: 5.95ns
The critical path consists of the following:
	'alloca' operation ('i_c') [6]  (0 ns)
	'load' operation ('i_c_load', codes_lab5/HLS_sources_final/design.cpp:8) on local variable 'i_c' [20]  (0 ns)
	'icmp' operation ('icmp_ln8', codes_lab5/HLS_sources_final/design.cpp:8) [25]  (1.36 ns)
	'select' operation ('select_ln7', codes_lab5/HLS_sources_final/design.cpp:7) [26]  (1.22 ns)
	'add' operation ('add_ln8', codes_lab5/HLS_sources_final/design.cpp:8) [42]  (1.78 ns)
	'store' operation ('store_ln8', codes_lab5/HLS_sources_final/design.cpp:8) of variable 'add_ln8', codes_lab5/HLS_sources_final/design.cpp:8 on local variable 'i_c' [45]  (1.59 ns)

 <State 2>: 6.98ns
The critical path consists of the following:
	'sub' operation ('sub_ln11', codes_lab5/HLS_sources_final/design.cpp:11) [31]  (0 ns)
	'add' operation ('add_ln11', codes_lab5/HLS_sources_final/design.cpp:11) [33]  (3.73 ns)
	'getelementptr' operation ('mem1_0_addr', codes_lab5/HLS_sources_final/design.cpp:11) [35]  (0 ns)
	'store' operation ('store_ln11', codes_lab5/HLS_sources_final/design.cpp:11) of variable 'tmp' on array 'mem1_0' [41]  (3.25 ns)


============================================================
+ Verbose Summary: Binding
============================================================
N/A
* FSMD analyzer results:
  - Output states:
 - Input state : 
  - Chain level:
	State 1
	State 2


============================================================
+ Verbose Summary: Datapath Resource usage 
============================================================
N/A
