Copyright 1986-2022 Xilinx, Inc. All Rights Reserved.
-----------------------------------------------------------------------------------------------------------------------------
| Tool Version : Vivado v.2022.1 (win64) Build 3526262 Mon Apr 18 15:48:16 MDT 2022
| Date         : Wed Dec 24 16:24:12 2025
| Host         : L617-PC16 running 64-bit major release  (build 9200)
| Command      : report_utilization -file design_1_wrapper_utilization_placed.rpt -pb design_1_wrapper_utilization_placed.pb
| Design       : design_1_wrapper
| Device       : xczu48dr-ffvg1517-2-e
| Speed File   : -2
| Design State : Fully Placed
-----------------------------------------------------------------------------------------------------------------------------

Utilization Design Information

Table of Contents
-----------------
1. CLB Logic
1.1 Summary of Registers by Type
2. CLB Logic Distribution
3. BLOCKRAM
4. ARITHMETIC
5. I/O
6. CLOCK
7. ADVANCED
8. CONFIGURATION
9. Primitives
10. Black Boxes
11. Instantiated Netlists

1. CLB Logic
------------

+----------------------------+-------+-------+------------+-----------+-------+
|          Site Type         |  Used | Fixed | Prohibited | Available | Util% |
+----------------------------+-------+-------+------------+-----------+-------+
| CLB LUTs                   | 16010 |     0 |          0 |    425280 |  3.76 |
|   LUT as Logic             | 14103 |     0 |          0 |    425280 |  3.32 |
|   LUT as Memory            |  1907 |     0 |          0 |    213600 |  0.89 |
|     LUT as Distributed RAM |  1462 |     0 |            |           |       |
|     LUT as Shift Register  |   445 |     0 |            |           |       |
| CLB Registers              | 23127 |     0 |          0 |    850560 |  2.72 |
|   Register as Flip Flop    | 23127 |     0 |          0 |    850560 |  2.72 |
|   Register as Latch        |     0 |     0 |          0 |    850560 |  0.00 |
| CARRY8                     |   112 |     0 |          0 |     53160 |  0.21 |
| F7 Muxes                   |    91 |     0 |          0 |    212640 |  0.04 |
| F8 Muxes                   |     0 |     0 |          0 |    106320 |  0.00 |
| F9 Muxes                   |     0 |     0 |          0 |     53160 |  0.00 |
+----------------------------+-------+-------+------------+-----------+-------+


1.1 Summary of Registers by Type
--------------------------------

+-------+--------------+-------------+--------------+
| Total | Clock Enable | Synchronous | Asynchronous |
+-------+--------------+-------------+--------------+
| 0     |            _ |           - |            - |
| 0     |            _ |           - |          Set |
| 0     |            _ |           - |        Reset |
| 0     |            _ |         Set |            - |
| 0     |            _ |       Reset |            - |
| 0     |          Yes |           - |            - |
| 66    |          Yes |           - |          Set |
| 243   |          Yes |           - |        Reset |
| 1040  |          Yes |         Set |            - |
| 21778 |          Yes |       Reset |            - |
+-------+--------------+-------------+--------------+


2. CLB Logic Distribution
-------------------------

+--------------------------------------------+-------+-------+------------+-----------+-------+
|                  Site Type                 |  Used | Fixed | Prohibited | Available | Util% |
+--------------------------------------------+-------+-------+------------+-----------+-------+
| CLB                                        |  3825 |     0 |          0 |     53160 |  7.20 |
|   CLBL                                     |  1843 |     0 |            |           |       |
|   CLBM                                     |  1982 |     0 |            |           |       |
| LUT as Logic                               | 14103 |     0 |          0 |    425280 |  3.32 |
|   using O5 output only                     |   673 |       |            |           |       |
|   using O6 output only                     |  9234 |       |            |           |       |
|   using O5 and O6                          |  4196 |       |            |           |       |
| LUT as Memory                              |  1907 |     0 |          0 |    213600 |  0.89 |
|   LUT as Distributed RAM                   |  1462 |     0 |            |           |       |
|     using O5 output only                   |     0 |       |            |           |       |
|     using O6 output only                   |    14 |       |            |           |       |
|     using O5 and O6                        |  1448 |       |            |           |       |
|   LUT as Shift Register                    |   445 |     0 |            |           |       |
|     using O5 output only                   |     0 |       |            |           |       |
|     using O6 output only                   |   256 |       |            |           |       |
|     using O5 and O6                        |   189 |       |            |           |       |
| CLB Registers                              | 23127 |     0 |          0 |    850560 |  2.72 |
|   Register driven from within the CLB      | 11608 |       |            |           |       |
|   Register driven from outside the CLB     | 11519 |       |            |           |       |
|     LUT in front of the register is unused |  8454 |       |            |           |       |
|     LUT in front of the register is used   |  3065 |       |            |           |       |
| Unique Control Sets                        |  1278 |       |          0 |    106320 |  1.20 |
+--------------------------------------------+-------+-------+------------+-----------+-------+
* * Note: Available Control Sets calculated as Slices * 2, Review the Control Sets Report for more information regarding control sets.


3. BLOCKRAM
-----------

+-------------------+------+-------+------------+-----------+-------+
|     Site Type     | Used | Fixed | Prohibited | Available | Util% |
+-------------------+------+-------+------------+-----------+-------+
| Block RAM Tile    | 17.5 |     0 |          0 |      1080 |  1.62 |
|   RAMB36/FIFO*    |   14 |     0 |          0 |      1080 |  1.30 |
|     RAMB36E2 only |   14 |       |            |           |       |
|   RAMB18          |    7 |     0 |          0 |      2160 |  0.32 |
|     RAMB18E2 only |    7 |       |            |           |       |
| URAM              |    0 |     0 |          0 |        80 |  0.00 |
+-------------------+------+-------+------------+-----------+-------+
* Note: Each Block RAM Tile only has one FIFO logic available and therefore can accommodate only one FIFO36E2 or one FIFO18E2. However, if a FIFO18E2 occupies a Block RAM Tile, that tile can still accommodate a RAMB18E2


4. ARITHMETIC
-------------

+-----------+------+-------+------------+-----------+-------+
| Site Type | Used | Fixed | Prohibited | Available | Util% |
+-----------+------+-------+------------+-----------+-------+
| DSPs      |    0 |     0 |          0 |      4272 |  0.00 |
+-----------+------+-------+------------+-----------+-------+


5. I/O
------

+------------------+------+-------+------------+-----------+-------+
|     Site Type    | Used | Fixed | Prohibited | Available | Util% |
+------------------+------+-------+------------+-----------+-------+
| Bonded IOB       |    0 |     0 |          0 |       347 |  0.00 |
| HPIOB_M          |    0 |     0 |          0 |       138 |  0.00 |
| HPIOB_S          |    0 |     0 |          0 |       138 |  0.00 |
| HDIOB_M          |    0 |     0 |          0 |        24 |  0.00 |
| HDIOB_S          |    0 |     0 |          0 |        24 |  0.00 |
| HPIOB_SNGL       |    0 |     0 |          0 |        23 |  0.00 |
| HPIOBDIFFINBUF   |    0 |     0 |          0 |       192 |  0.00 |
| HPIOBDIFFOUTBUF  |    0 |     0 |          0 |       192 |  0.00 |
| HDIOBDIFFINBUF   |    0 |     0 |          0 |        72 |  0.00 |
| BITSLICE_CONTROL |    0 |     0 |          0 |        64 |  0.00 |
| BITSLICE_RX_TX   |    0 |     0 |          0 |      2496 |  0.00 |
| BITSLICE_TX      |    0 |     0 |          0 |        64 |  0.00 |
| RIU_OR           |    0 |     0 |          0 |        32 |  0.00 |
| RF_ADC           |    0 |     0 |          4 |         4 |  0.00 |
| RF_DAC           |    0 |     0 |          4 |         4 |  0.00 |
+------------------+------+-------+------------+-----------+-------+


6. CLOCK
--------

+----------------------+------+-------+------------+-----------+-------+
|       Site Type      | Used | Fixed | Prohibited | Available | Util% |
+----------------------+------+-------+------------+-----------+-------+
| GLOBAL CLOCK BUFFERs |    4 |     0 |          0 |       696 |  0.57 |
|   BUFGCE             |    1 |     0 |          0 |       216 |  0.46 |
|   BUFGCE_DIV         |    0 |     0 |          0 |        32 |  0.00 |
|   BUFG_GT            |    2 |     0 |          0 |       312 |  0.64 |
|   BUFG_PS            |    1 |     0 |          0 |        72 |  1.39 |
|   BUFGCTRL*          |    0 |     0 |          0 |        64 |  0.00 |
| PLL                  |    0 |     0 |          0 |        16 |  0.00 |
| MMCM                 |    0 |     0 |          0 |         8 |  0.00 |
+----------------------+------+-------+------------+-----------+-------+
* Note: Each used BUFGCTRL counts as two GLOBAL CLOCK BUFFERs. This table does not include global clocking resources, only buffer cell usage. See the Clock Utilization Report (report_clock_utilization) for detailed accounting of global clocking resource availability.


7. ADVANCED
-----------

+-----------------+------+-------+------------+-----------+--------+
|    Site Type    | Used | Fixed | Prohibited | Available |  Util% |
+-----------------+------+-------+------------+-----------+--------+
| CMACE4          |    0 |     0 |          0 |         2 |   0.00 |
| FE              |    0 |     0 |          0 |         8 |   0.00 |
| GTYE4_CHANNEL   |    0 |     0 |          0 |        16 |   0.00 |
| GTYE4_COMMON    |    0 |     0 |          0 |         4 |   0.00 |
| ILKNE4          |    0 |     0 |          0 |         1 |   0.00 |
| OBUFDS_GTE4     |    0 |     0 |          0 |         8 |   0.00 |
| OBUFDS_GTE4_ADV |    0 |     0 |          0 |         8 |   0.00 |
| PCIE4CE4        |    0 |     0 |          0 |         2 |   0.00 |
| PS8             |    1 |     0 |          0 |         1 | 100.00 |
| RFADC           |    4 |     4 |          0 |         4 | 100.00 |
| RFDAC           |    4 |     4 |          0 |         4 | 100.00 |
| SYSMONE4        |    0 |     0 |          0 |         1 |   0.00 |
+-----------------+------+-------+------------+-----------+--------+


8. CONFIGURATION
----------------

+-------------+------+-------+------------+-----------+-------+
|  Site Type  | Used | Fixed | Prohibited | Available | Util% |
+-------------+------+-------+------------+-----------+-------+
| BSCANE2     |    0 |     0 |          0 |         4 |  0.00 |
| DNA_PORTE2  |    0 |     0 |          0 |         1 |  0.00 |
| EFUSE_USR   |    0 |     0 |          0 |         1 |  0.00 |
| FRAME_ECCE4 |    0 |     0 |          0 |         1 |  0.00 |
| ICAPE3      |    0 |     0 |          0 |         2 |  0.00 |
| MASTER_JTAG |    0 |     0 |          0 |         1 |  0.00 |
| STARTUPE3   |    0 |     0 |          0 |         1 |  0.00 |
+-------------+------+-------+------------+-----------+-------+


9. Primitives
-------------

+--------------+-------+---------------------+
|   Ref Name   |  Used | Functional Category |
+--------------+-------+---------------------+
| FDRE         | 21778 |            Register |
| LUT6         |  5403 |                 CLB |
| LUT3         |  4573 |                 CLB |
| LUT5         |  2997 |                 CLB |
| LUT4         |  2862 |                 CLB |
| RAMD32       |  2540 |                 CLB |
| LUT2         |  1897 |                 CLB |
| FDSE         |  1040 |            Register |
| LUT1         |   567 |                 CLB |
| SRL16E       |   566 |                 CLB |
| RAMS32       |   370 |                 CLB |
| FDCE         |   243 |            Register |
| CARRY8       |   112 |                 CLB |
| MUXF7        |    91 |                 CLB |
| SRLC32E      |    68 |                 CLB |
| FDPE         |    66 |            Register |
| RAMB36E2     |    14 |            BLOCKRAM |
| RAMB18E2     |     7 |            BLOCKRAM |
| RFDAC        |     4 |            Advanced |
| RFADC        |     4 |            Advanced |
| BUFG_GT_SYNC |     2 |               Clock |
| BUFG_GT      |     2 |               Clock |
| PS8          |     1 |            Advanced |
| BUFG_PS      |     1 |               Clock |
| BUFGCE       |     1 |               Clock |
+--------------+-------+---------------------+


10. Black Boxes
---------------

+----------+------+
| Ref Name | Used |
+----------+------+


11. Instantiated Netlists
-------------------------

+-----------------------------------------------+------+
|                    Ref Name                   | Used |
+-----------------------------------------------+------+
| design_1_zynq_ultra_ps_e_0_0                  |    1 |
| design_1_xbar_0                               |    1 |
| design_1_usp_rf_data_converter_0_0            |    1 |
| design_1_rst_usp_rf_data_converter_0_307M_1_0 |    1 |
| design_1_rst_usp_rf_data_converter_0_307M_0   |    1 |
| design_1_rst_ps8_0_99M_0                      |    1 |
| design_1_packet_generator_0_0                 |    1 |
| design_1_axi_smc_1_0                          |    1 |
| design_1_axi_smc_0                            |    1 |
| design_1_axi_dma_1_1                          |    1 |
| design_1_axi_dma_1_0                          |    1 |
| design_1_axi_dma_0_0                          |    1 |
| design_1_auto_pc_1                            |    1 |
| design_1_auto_pc_0                            |    1 |
| design_1_auto_ds_1                            |    1 |
| design_1_auto_ds_0                            |    1 |
+-----------------------------------------------+------+


