Copyright 1986-2022 Xilinx, Inc. All Rights Reserved.
----------------------------------------------------------------------------------------------------------------------------------------------------------------------
| Tool Version     : Vivado v.2022.1 (win64) Build 3526262 Mon Apr 18 15:48:16 MDT 2022
| Date             : Wed Dec 24 16:26:05 2025
| Host             : L617-PC16 running 64-bit major release  (build 9200)
| Command          : report_power -file design_1_wrapper_power_routed.rpt -pb design_1_wrapper_power_summary_routed.pb -rpx design_1_wrapper_power_routed.rpx
| Design           : design_1_wrapper
| Device           : xczu48dr-ffvg1517-2-e
| Design State     : placed
| Grade            : extended
| Process          : typical
| Characterization : Production
----------------------------------------------------------------------------------------------------------------------------------------------------------------------

Power Report

Table of Contents
-----------------
1. Summary
1.1 On-Chip Components
1.2 Power Supply Summary
1.3 Confidence Level
2. Settings
2.1 Environment
2.2 Clock Constraints
3. Detailed Reports
3.1 By Hierarchy

1. Summary
----------

+--------------------------+--------------+
| Total On-Chip Power (W)  | 5.712        |
| Design Power Budget (W)  | Unspecified* |
| Power Budget Margin (W)  | NA           |
| Dynamic (W)              | 4.420        |
| Device Static (W)        | 1.291        |
| Effective TJA (C/W)      | 0.8          |
| Max Ambient (C)          | 95.2         |
| Junction Temperature (C) | 29.8         |
| Confidence Level         | Medium       |
| Setting File             | ---          |
| Simulation Activity File | ---          |
| Design Nets Matched      | NA           |
+--------------------------+--------------+
* Specify Design Power Budget using, set_operating_conditions -design_power_budget <value in Watts>


1.1 On-Chip Components
----------------------

+--------------------------+-----------+----------+-----------+-----------------+
| On-Chip                  | Power (W) | Used     | Available | Utilization (%) |
+--------------------------+-----------+----------+-----------+-----------------+
| Clocks                   |     0.176 |       11 |       --- |             --- |
| CLB Logic                |     0.194 |    46770 |       --- |             --- |
|   LUT as Distributed RAM |     0.135 |     1462 |    213600 |            0.68 |
|   LUT as Logic           |     0.049 |    14103 |    425280 |            3.32 |
|   Register               |     0.006 |    23127 |    850560 |            2.72 |
|   LUT as Shift Register  |     0.003 |      445 |    213600 |            0.21 |
|   CARRY8                 |    <0.001 |      112 |     53160 |            0.21 |
|   Others                 |     0.000 |     1596 |       --- |             --- |
|   F7/F8 Muxes            |     0.000 |       91 |    425280 |            0.02 |
|   BUFG                   |     0.000 |        1 |        64 |            1.56 |
| Signals                  |     0.092 |    34824 |       --- |             --- |
| Block RAM                |     0.034 |     17.5 |      1080 |            1.62 |
| RFAMS                    |     1.533 |        8 |       --- |             --- |
|   RFADC                  |     0.884 |        4 |         4 |          100.00 |
|   RFDAC                  |     0.649 |        4 |         4 |          100.00 |
| PS8                      |     2.391 |        1 |       --- |             --- |
| Static Power             |     1.291 |          |           |                 |
|   PS Static              |     0.099 |          |           |                 |
|   PL Static              |     1.192 |          |           |                 |
| Total                    |     5.712 |          |           |                 |
+--------------------------+-----------+----------+-----------+-----------------+


1.2 Power Supply Summary
------------------------

+-----------------+-------------+-----------+-------------+------------+-------------+-------------+------------+
| Source          | Voltage (V) | Total (A) | Dynamic (A) | Static (A) | Powerup (A) | Budget (A)  | Margin (A) |
+-----------------+-------------+-----------+-------------+------------+-------------+-------------+------------+
| Vccint          |       0.850 |     0.903 |       0.582 |      0.322 |       NA    | Unspecified | NA         |
| Vccint_io       |       0.850 |     0.071 |       0.000 |      0.071 |       NA    | Unspecified | NA         |
| Vccbram         |       0.850 |     0.006 |       0.002 |      0.005 |       NA    | Unspecified | NA         |
| Vccaux          |       1.800 |     0.278 |       0.000 |      0.278 |       NA    | Unspecified | NA         |
| Vccaux_io       |       1.800 |     0.058 |       0.000 |      0.058 |       NA    | Unspecified | NA         |
| Vcco33          |       3.300 |     0.000 |       0.000 |      0.000 |       NA    | Unspecified | NA         |
| Vcco25          |       2.500 |     0.000 |       0.000 |      0.000 |       NA    | Unspecified | NA         |
| Vcco18          |       1.800 |     0.000 |       0.000 |      0.000 |       NA    | Unspecified | NA         |
| Vcco15          |       1.500 |     0.000 |       0.000 |      0.000 |       NA    | Unspecified | NA         |
| Vcco135         |       1.350 |     0.000 |       0.000 |      0.000 |       NA    | Unspecified | NA         |
| Vcco12          |       1.200 |     0.000 |       0.000 |      0.000 |       NA    | Unspecified | NA         |
| Vcco10          |       1.000 |     0.000 |       0.000 |      0.000 |       NA    | Unspecified | NA         |
| Vccadc          |       1.800 |     0.008 |       0.000 |      0.008 |       NA    | Unspecified | NA         |
| VCC_PSINTFP     |       0.850 |     0.532 |       0.497 |      0.035 |       NA    | Unspecified | NA         |
| VCC_PSINTLP     |       0.850 |     0.271 |       0.264 |      0.007 |       NA    | Unspecified | NA         |
| VPS_MGTRAVCC    |       0.850 |     0.135 |       0.134 |      0.001 |       NA    | Unspecified | NA         |
| VCC_PSINTFP_DDR |       0.850 |     0.821 |       0.816 |      0.004 |       NA    | Unspecified | NA         |
| VCC_PSPLL       |       1.200 |     0.073 |       0.071 |      0.002 |       NA    | Unspecified | NA         |
| VPS_MGTRAVTT    |       1.800 |     0.034 |       0.033 |      0.001 |       NA    | Unspecified | NA         |
| VCCO_PSDDR_504  |       1.200 |     0.677 |       0.643 |      0.034 |       NA    | Unspecified | NA         |
| VCC_PSAUX       |       1.800 |     0.002 |       0.000 |      0.002 |       NA    | Unspecified | NA         |
| VCC_PSBATT      |       1.200 |     0.000 |       0.000 |      0.000 |       NA    | Unspecified | NA         |
| VCC_PSDDR_PLL   |       1.800 |     0.001 |       0.000 |      0.001 |       NA    | Unspecified | NA         |
| VCCO_PSIO0_500  |       3.300 |     0.006 |       0.006 |      0.001 |       NA    | Unspecified | NA         |
| VCCO_PSIO1_501  |       1.800 |     0.001 |       0.000 |      0.001 |       NA    | Unspecified | NA         |
| VCCO_PSIO2_502  |       1.800 |     0.001 |       0.000 |      0.001 |       NA    | Unspecified | NA         |
| VCCO_PSIO3_503  |       1.800 |     0.001 |       0.000 |      0.001 |       NA    | Unspecified | NA         |
| VCC_PSADC       |       1.800 |     0.002 |       0.000 |      0.002 |       NA    | Unspecified | NA         |
| VCCINT_AMS      |       0.850 |     0.696 |       0.671 |      0.025 |       NA    | Unspecified | NA         |
| DACAVCC         |       0.925 |     0.191 |       0.180 |      0.011 |       NA    | Unspecified | NA         |
| DACAVCCAUX      |       1.800 |     0.061 |       0.060 |      0.001 |       NA    | Unspecified | NA         |
| DACAVTT         |       2.500 |     0.054 |       0.044 |      0.010 |       NA    | Unspecified | NA         |
| ADCAVCC         |       0.925 |     0.361 |       0.249 |      0.112 |       NA    | Unspecified | NA         |
| ADCAVCCAUX      |       1.800 |     0.220 |       0.193 |      0.027 |       NA    | Unspecified | NA         |
| VCCSDFEC        |       0.850 |     0.031 |       0.000 |      0.031 |       NA    | Unspecified | NA         |
| MGTYAVcc        |       0.900 |     0.000 |       0.000 |      0.000 |       NA    | Unspecified | NA         |
| MGTYAVtt        |       1.200 |     0.000 |       0.000 |      0.000 |       NA    | Unspecified | NA         |
| MGTYVccaux      |       1.800 |     0.000 |       0.000 |      0.000 |       NA    | Unspecified | NA         |
+-----------------+-------------+-----------+-------------+------------+-------------+-------------+------------+


1.3 Confidence Level
--------------------

+-----------------------------+------------+------------------------------------------------+------------------------------------------------------------------------------------------------------------+
| User Input Data             | Confidence | Details                                        | Action                                                                                                     |
+-----------------------------+------------+------------------------------------------------+------------------------------------------------------------------------------------------------------------+
| Design implementation state | Medium     | Design is placed                               | Accuracy of the tool is not optimal until design is fully placed and routed                                |
| Clock nodes activity        | High       | User specified more than 95% of clocks         |                                                                                                            |
| I/O nodes activity          | High       | User specified more than 95% of inputs         |                                                                                                            |
| Internal nodes activity     | Medium     | User specified less than 25% of internal nodes | Provide missing internal nodes activity with simulation results or by editing the "By Resource Type" views |
| Device models               | High       | Device models are Production                   |                                                                                                            |
|                             |            |                                                |                                                                                                            |
| Overall confidence level    | Medium     |                                                |                                                                                                            |
+-----------------------------+------------+------------------------------------------------+------------------------------------------------------------------------------------------------------------+


2. Settings
-----------

2.1 Environment
---------------

+-----------------------+--------------------------+
| Ambient Temp (C)      | 25.0                     |
| ThetaJA (C/W)         | 0.8                      |
| Airflow (LFM)         | 250                      |
| Heat Sink             | medium (Medium Profile)  |
| ThetaSA (C/W)         | 1.2                      |
| Board Selection       | medium (10"x10")         |
| # of Board Layers     | 12to15 (12 to 15 Layers) |
| Board Temperature (C) | 25.0                     |
+-----------------------+--------------------------+


2.2 Clock Constraints
---------------------

+------------+--------------------------------------------------------------------------------------------------+-----------------+
| Clock      | Domain                                                                                           | Constraint (ns) |
+------------+--------------------------------------------------------------------------------------------------+-----------------+
| RFADC2_CLK | design_1_i/usp_rf_data_converter_0/inst/design_1_usp_rf_data_converter_0_0_rf_wrapper_i/clk_adc2 |             3.3 |
| RFDAC0_CLK | design_1_i/usp_rf_data_converter_0/inst/design_1_usp_rf_data_converter_0_0_rf_wrapper_i/clk_dac0 |             3.3 |
| clk_pl_0   | design_1_i/zynq_ultra_ps_e_0/inst/pl_clk_unbuffered[0]                                           |            10.0 |
+------------+--------------------------------------------------------------------------------------------------+-----------------+


3. Detailed Reports
-------------------

3.1 By Hierarchy
----------------

+-----------------------------+-----------+
| Name                        | Power (W) |
+-----------------------------+-----------+
| design_1_wrapper            |     4.420 |
|   design_1_i                |     4.420 |
|     axi_dma_0               |     0.046 |
|       U0                    |     0.046 |
|     axi_dma_1               |     0.024 |
|       U0                    |     0.024 |
|     axi_dma_2               |     0.024 |
|       U0                    |     0.024 |
|     axi_smc                 |     0.207 |
|       inst                  |     0.207 |
|     axi_smc_1               |     0.111 |
|       inst                  |     0.111 |
|     packet_generator_0      |     0.008 |
|       U0                    |     0.008 |
|     ps8_0_axi_periph        |     0.012 |
|       s00_couplers          |     0.011 |
|       xbar                  |     0.001 |
|     ps8_0_axi_periph_1      |     0.017 |
|       s00_couplers          |     0.017 |
|     usp_rf_data_converter_0 |     1.574 |
|       inst                  |     1.574 |
|     zynq_ultra_ps_e_0       |     2.396 |
|       inst                  |     2.396 |
+-----------------------------+-----------+


