

================================================================
== Vitis HLS Report for 'conv2'
================================================================
* Date:           Thu Dec 25 15:19:37 2025

* Version:        2022.1 (Build 3526262 on Mon Apr 18 15:48:16 MDT 2022)
* Project:        Day_5_final_boss
* Solution:       sol5 (Vivado IP Flow Target)
* Product family: zynq
* Target device:  xc7z020-clg400-1


================================================================
== Performance Estimates
================================================================
+ Timing: 
    * Summary: 
    +--------+----------+----------+------------+
    |  Clock |  Target  | Estimated| Uncertainty|
    +--------+----------+----------+------------+
    |ap_clk  |  10.00 ns|  7.256 ns|     2.70 ns|
    +--------+----------+----------+------------+

+ Latency: 
    * Summary: 
    +---------+---------+----------+----------+--------+--------+---------+
    |  Latency (cycles) |  Latency (absolute) |     Interval    | Pipeline|
    |   min   |   max   |    min   |    max   |   min  |   max  |   Type  |
    +---------+---------+----------+----------+--------+--------+---------+
    |   424109|   433325|  4.241 ms|  4.333 ms|  424109|  433325|       no|
    +---------+---------+----------+----------+--------+--------+---------+

    + Detail: 
        * Instance: 
        +-------------------------------------------------------------+--------------------------------------------------+---------+---------+----------+----------+-----+-----+---------+
        |                                                             |                                                  |  Latency (cycles) |  Latency (absolute) |  Interval | Pipeline|
        |                           Instance                          |                      Module                      |   min   |   max   |    min   |    max   | min | max |   Type  |
        +-------------------------------------------------------------+--------------------------------------------------+---------+---------+----------+----------+-----+-----+---------+
        |grp_conv2_Pipeline_Fil_load_ch_Fil_load_r_Fil_load_c_fu_560  |conv2_Pipeline_Fil_load_ch_Fil_load_r_Fil_load_c  |       39|       39|  0.390 us|  0.390 us|   39|   39|       no|
        |grp_conv2_Pipeline_loadWin1_VITIS_LOOP_50_1_fu_639           |conv2_Pipeline_loadWin1_VITIS_LOOP_50_1           |       14|       14|  0.140 us|  0.140 us|   14|   14|       no|
        |grp_conv2D_4_s_fu_666                                        |conv2D_4_s                                        |       24|       24|  0.240 us|  0.240 us|    1|    1|      yes|
        +-------------------------------------------------------------+--------------------------------------------------+---------+---------+----------+----------+-----+-----+---------+

        * Loop: 
        +---------------+---------+---------+-----------------+-----------+-----------+------+----------+
        |               |  Latency (cycles) |    Iteration    |  Initiation Interval  | Trip |          |
        |   Loop Name   |   min   |   max   |     Latency     |  achieved |   target  | Count| Pipelined|
        +---------------+---------+---------+-----------------+-----------+-----------+------+----------+
        |- C1_fil_load  |   424108|   433324|  106027 ~ 108331|          -|          -|     4|        no|
        | + inCh_VS_HS  |   105984|   108288|          46 ~ 47|          -|          -|  2304|        no|
        +---------------+---------+---------+-----------------+-----------+-----------+------+----------+



================================================================
== Utilization Estimates
================================================================
* Summary: 
+-----------------+---------+-----+--------+-------+-----+
|       Name      | BRAM_18K| DSP |   FF   |  LUT  | URAM|
+-----------------+---------+-----+--------+-------+-----+
|DSP              |        -|    -|       -|      -|    -|
|Expression       |        -|    -|       0|    329|    -|
|FIFO             |        -|    -|       -|      -|    -|
|Instance         |        1|   46|    7593|   7730|    -|
|Memory           |        0|    -|      32|      2|    -|
|Multiplexer      |        -|    -|       -|    291|    -|
|Register         |        -|    -|    1737|      -|    -|
+-----------------+---------+-----+--------+-------+-----+
|Total            |        1|   46|    9362|   8352|    0|
+-----------------+---------+-----+--------+-------+-----+
|Available        |      280|  220|  106400|  53200|    0|
+-----------------+---------+-----+--------+-------+-----+
|Utilization (%)  |       ~0|   20|       8|     15|    0|
+-----------------+---------+-----+--------+-------+-----+

+ Detail: 
    * Instance: 
    +-------------------------------------------------------------+--------------------------------------------------+---------+----+------+------+-----+
    |                           Instance                          |                      Module                      | BRAM_18K| DSP|  FF  |  LUT | URAM|
    +-------------------------------------------------------------+--------------------------------------------------+---------+----+------+------+-----+
    |grp_conv2D_4_s_fu_666                                        |conv2D_4_s                                        |        0|  45|  5886|  6643|    0|
    |grp_conv2_Pipeline_Fil_load_ch_Fil_load_r_Fil_load_c_fu_560  |conv2_Pipeline_Fil_load_ch_Fil_load_r_Fil_load_c  |        1|   0|  1205|   703|    0|
    |grp_conv2_Pipeline_loadWin1_VITIS_LOOP_50_1_fu_639           |conv2_Pipeline_loadWin1_VITIS_LOOP_50_1           |        0|   1|   502|   349|    0|
    |fcmp_32ns_32ns_1_2_no_dsp_1_U270                             |fcmp_32ns_32ns_1_2_no_dsp_1                       |        0|   0|     0|     0|    0|
    |mul_3ns_6ns_8_1_1_U271                                       |mul_3ns_6ns_8_1_1                                 |        0|   0|     0|    26|    0|
    |mux_21_32_1_1_U272                                           |mux_21_32_1_1                                     |        0|   0|     0|     9|    0|
    +-------------------------------------------------------------+--------------------------------------------------+---------+----+------+------+-----+
    |Total                                                        |                                                  |        1|  46|  7593|  7730|    0|
    +-------------------------------------------------------------+--------------------------------------------------+---------+----+------+------+-----+

    * DSP: 
    N/A

    * Memory: 
    +--------------+------------------------------+---------+----+----+-----+------+-----+------+-------------+
    |    Memory    |            Module            | BRAM_18K| FF | LUT| URAM| Words| Bits| Banks| W*Bits*Banks|
    +--------------+------------------------------+---------+----+----+-----+------+-----+------+-------------+
    |conv2_bias_U  |conv2_conv2_bias_ROM_AUTO_1R  |        0|  32|   2|    0|     4|   32|     1|          128|
    +--------------+------------------------------+---------+----+----+-----+------+-----+------+-------------+
    |Total         |                              |        0|  32|   2|    0|     4|   32|     1|          128|
    +--------------+------------------------------+---------+----+----+-----+------+-----+------+-------------+

    * FIFO: 
    N/A

    * Expression: 
    +---------------------------+----------+----+---+----+------------+------------+
    |       Variable Name       | Operation| DSP| FF| LUT| Bitwidth P0| Bitwidth P1|
    +---------------------------+----------+----+---+----+------------+------------+
    |add_ln144_fu_736_p2        |         +|   0|  0|  11|           3|           1|
    |add_ln148_2_fu_1047_p2     |         +|   0|  0|  12|          12|           1|
    |add_ln148_fu_1053_p2       |         +|   0|  0|  11|           3|           1|
    |add_ln150_2_fu_1533_p2     |         +|   0|  0|  13|          10|           1|
    |add_ln150_fu_1145_p2       |         +|   0|  0|  13|           5|           1|
    |add_ln152_fu_1528_p2       |         +|   0|  0|  13|           5|           1|
    |add_ln156_4_fu_1412_p2     |         +|   0|  0|  11|          11|          11|
    |add_ln156_fu_1359_p2       |         +|   0|  0|  13|          10|          10|
    |sub_ln156_1_fu_1388_p2     |         -|   0|  0|  11|          11|          11|
    |sub_ln156_fu_923_p2        |         -|   0|  0|  14|           9|           9|
    |and_ln148_fu_1139_p2       |       and|   0|  0|   2|           1|           1|
    |and_ln61_fu_1515_p2        |       and|   0|  0|   2|           1|           1|
    |cmp15_i63_fu_1097_p2       |      icmp|   0|  0|   8|           3|           1|
    |cmp15_i_mid1_fu_1091_p2    |      icmp|   0|  0|   8|           3|           1|
    |cmp28_i62_fu_1109_p2       |      icmp|   0|  0|   8|           3|           2|
    |cmp28_i_mid1_fu_1103_p2    |      icmp|   0|  0|   8|           3|           2|
    |icmp_ln144_fu_730_p2       |      icmp|   0|  0|   9|           3|           4|
    |icmp_ln148_fu_1041_p2      |      icmp|   0|  0|  12|          12|          12|
    |icmp_ln150_fu_1059_p2      |      icmp|   0|  0|  11|          10|          10|
    |icmp_ln152_fu_1133_p2      |      icmp|   0|  0|   9|           5|           5|
    |icmp_ln61_2_fu_1503_p2     |      icmp|   0|  0|  15|          23|           1|
    |icmp_ln61_fu_1497_p2       |      icmp|   0|  0|  11|           8|           2|
    |ap_block_state1            |        or|   0|  0|   2|           1|           1|
    |or_ln150_fu_1343_p2        |        or|   0|  0|   2|           1|           1|
    |or_ln61_fu_1509_p2         |        or|   0|  0|   2|           1|           1|
    |prev_sum_fu_1437_p3        |    select|   0|  0|  32|           1|          32|
    |select_ln148_4_fu_1073_p3  |    select|   0|  0|   3|           1|           3|
    |select_ln148_5_fu_1423_p3  |    select|   0|  0|   2|           1|           1|
    |select_ln148_6_fu_1115_p3  |    select|   0|  0|   2|           1|           1|
    |select_ln148_fu_1065_p3    |    select|   0|  0|   5|           1|           1|
    |select_ln150_3_fu_1151_p3  |    select|   0|  0|   5|           1|           5|
    |select_ln150_4_fu_1539_p3  |    select|   0|  0|  10|           1|           1|
    |select_ln150_fu_1347_p3    |    select|   0|  0|   5|           1|           1|
    |select_ln61_fu_1521_p3     |    select|   0|  0|  32|           1|           1|
    |xor_ln148_fu_1127_p2       |       xor|   0|  0|   2|           1|           2|
    +---------------------------+----------+----+---+----+------------+------------+
    |Total                      |          |   0|  0| 329|         167|         140|
    +---------------------------+----------+----+---+----+------------+------------+

    * Multiplexer: 
    +---------------------------+-----+-----------+-----+-----------+
    |            Name           | LUT | Input Size| Bits| Total Bits|
    +---------------------------+-----+-----------+-----+-----------+
    |ap_NS_fsm                  |  172|         39|    1|         39|
    |ap_done                    |    9|          2|    1|          2|
    |indvar_flatten157_reg_525  |    9|          2|   10|         20|
    |indvar_flatten189_reg_503  |    9|          2|   12|         24|
    |kch_reg_514                |    9|          2|    3|          6|
    |mem_3_0_address0           |   14|          3|   11|         33|
    |mem_3_0_d0                 |   14|          3|   32|         96|
    |mem_3_1_address0           |   14|          3|   11|         33|
    |mem_3_1_d0                 |   14|          3|   32|         96|
    |n_f_fu_100                 |    9|          2|    3|          6|
    |oh_reg_537                 |    9|          2|    5|         10|
    |ow_reg_548                 |    9|          2|    5|         10|
    +---------------------------+-----+-----------+-----+-----------+
    |Total                      |  291|         65|  126|        375|
    +---------------------------+-----+-----------+-----+-----------+

    * Register: 
    +--------------------------------------------------------------------------+----+----+-----+-----------+
    |                                   Name                                   | FF | LUT| Bits| Const Bits|
    +--------------------------------------------------------------------------+----+----+-----+-----------+
    |add_ln144_reg_2135                                                        |   3|   0|    3|          0|
    |add_ln148_2_reg_2379                                                      |  12|   0|   12|          0|
    |add_ln156_4_reg_2470                                                      |  11|   0|   11|          0|
    |and_ln148_reg_2420                                                        |   1|   0|    1|          0|
    |ap_CS_fsm                                                                 |  38|   0|   38|          0|
    |ap_done_reg                                                               |   1|   0|    1|          0|
    |cmp15_i63_reg_2406                                                        |   1|   0|    1|          0|
    |cmp15_i_mid1_reg_2401                                                     |   1|   0|    1|          0|
    |conv2_bias_load_reg_2371                                                  |  32|   0|   32|          0|
    |grp_conv2_Pipeline_Fil_load_ch_Fil_load_r_Fil_load_c_fu_560_ap_start_reg  |   1|   0|    1|          0|
    |grp_conv2_Pipeline_loadWin1_VITIS_LOOP_50_1_fu_639_ap_start_reg           |   1|   0|    1|          0|
    |icmp_ln150_reg_2384                                                       |   1|   0|    1|          0|
    |indvar_flatten157_reg_525                                                 |  10|   0|   10|          0|
    |indvar_flatten189_reg_503                                                 |  12|   0|   12|          0|
    |kch_reg_514                                                               |   3|   0|    3|          0|
    |kernel_i_0_0_0_promoted_fu_192                                            |  32|   0|   32|          0|
    |kernel_i_0_0_1_promoted_fu_188                                            |  32|   0|   32|          0|
    |kernel_i_0_0_2_promoted_fu_196                                            |  32|   0|   32|          0|
    |kernel_i_0_1_0_promoted_fu_180                                            |  32|   0|   32|          0|
    |kernel_i_0_1_1_promoted_fu_176                                            |  32|   0|   32|          0|
    |kernel_i_0_1_2_promoted_fu_184                                            |  32|   0|   32|          0|
    |kernel_i_0_2_0_promoted_fu_204                                            |  32|   0|   32|          0|
    |kernel_i_0_2_1_promoted_fu_200                                            |  32|   0|   32|          0|
    |kernel_i_0_2_2_promoted_fu_208                                            |  32|   0|   32|          0|
    |kernel_i_1_0_0_promoted_fu_156                                            |  32|   0|   32|          0|
    |kernel_i_1_0_1_promoted_fu_152                                            |  32|   0|   32|          0|
    |kernel_i_1_0_2_promoted_fu_160                                            |  32|   0|   32|          0|
    |kernel_i_1_1_0_promoted_fu_144                                            |  32|   0|   32|          0|
    |kernel_i_1_1_1_promoted_fu_140                                            |  32|   0|   32|          0|
    |kernel_i_1_1_2_promoted_fu_148                                            |  32|   0|   32|          0|
    |kernel_i_1_2_0_promoted_fu_168                                            |  32|   0|   32|          0|
    |kernel_i_1_2_1_promoted_fu_164                                            |  32|   0|   32|          0|
    |kernel_i_1_2_2_promoted_fu_172                                            |  32|   0|   32|          0|
    |kernel_i_2_0_0_promoted_fu_120                                            |  32|   0|   32|          0|
    |kernel_i_2_0_1_promoted_fu_116                                            |  32|   0|   32|          0|
    |kernel_i_2_0_2_promoted_fu_124                                            |  32|   0|   32|          0|
    |kernel_i_2_1_0_promoted_fu_108                                            |  32|   0|   32|          0|
    |kernel_i_2_1_1_promoted_fu_104                                            |  32|   0|   32|          0|
    |kernel_i_2_1_2_promoted_fu_112                                            |  32|   0|   32|          0|
    |kernel_i_2_2_0_promoted_fu_132                                            |  32|   0|   32|          0|
    |kernel_i_2_2_1_promoted_fu_128                                            |  32|   0|   32|          0|
    |kernel_i_2_2_2_promoted_fu_136                                            |  32|   0|   32|          0|
    |kernel_i_3_0_0_promoted_fu_228                                            |  32|   0|   32|          0|
    |kernel_i_3_0_1_promoted_fu_224                                            |  32|   0|   32|          0|
    |kernel_i_3_0_2_promoted_fu_232                                            |  32|   0|   32|          0|
    |kernel_i_3_1_0_promoted_fu_216                                            |  32|   0|   32|          0|
    |kernel_i_3_1_1_promoted_fu_212                                            |  32|   0|   32|          0|
    |kernel_i_3_1_2_promoted_fu_220                                            |  32|   0|   32|          0|
    |kernel_i_3_2_0_promoted_fu_240                                            |  32|   0|   32|          0|
    |kernel_i_3_2_1_promoted_fu_236                                            |  32|   0|   32|          0|
    |kernel_i_3_2_2_promoted_fu_244                                            |  32|   0|   32|          0|
    |mem_3_0_addr_reg_2475                                                     |  11|   0|   11|          0|
    |mem_3_1_addr_reg_2480                                                     |  11|   0|   11|          0|
    |mul_ln52_reg_2396                                                         |   8|   0|    8|          0|
    |n_f_fu_100                                                                |   3|   0|    3|          0|
    |oh_reg_537                                                                |   5|   0|    5|          0|
    |or_ln_reg_2248                                                            |   6|   0|    8|          2|
    |ow_reg_548                                                                |   5|   0|    5|          0|
    |prev_sum_reg_2485                                                         |  32|   0|   32|          0|
    |select_ln148_4_reg_2391                                                   |   3|   0|    3|          0|
    |select_ln148_6_reg_2411                                                   |   1|   0|    1|          0|
    |select_ln150_3_reg_2425                                                   |   5|   0|    5|          0|
    |select_ln150_reg_2459                                                     |   5|   0|    5|          0|
    |select_ln61_reg_2526                                                      |  32|   0|   32|          0|
    |sext_ln144_reg_2258                                                       |   7|   0|   10|          3|
    |sum_reg_2517                                                              |  32|   0|   32|          0|
    |trunc_ln148_reg_2415                                                      |   2|   0|    2|          0|
    |trunc_ln152_reg_2465                                                      |   1|   0|    1|          0|
    |window_i_0_0_promoted162227_fu_264                                        |  32|   0|   32|          0|
    |window_i_0_1_promoted160223_fu_260                                        |  32|   0|   32|          0|
    |window_i_0_2_promoted164231_fu_268                                        |  32|   0|   32|          0|
    |window_i_1_0_promoted156215_fu_252                                        |  32|   0|   32|          0|
    |window_i_1_1_promoted154211_fu_248                                        |  32|   0|   32|          0|
    |window_i_1_2_promoted158219_fu_256                                        |  32|   0|   32|          0|
    |window_i_2_0_promoted168239_fu_276                                        |  32|   0|   32|          0|
    |window_i_2_1_promoted166235_fu_272                                        |  32|   0|   32|          0|
    |window_i_2_2_promoted170243_fu_280                                        |  32|   0|   32|          0|
    +--------------------------------------------------------------------------+----+----+-----+-----------+
    |Total                                                                     |1737|   0| 1742|          5|
    +--------------------------------------------------------------------------+----+----+-----+-----------+



================================================================
== Interface
================================================================
* Summary: 
+------------------+-----+-----+------------+--------------+--------------+
|     RTL Ports    | Dir | Bits|  Protocol  | Source Object|    C Type    |
+------------------+-----+-----+------------+--------------+--------------+
|ap_clk            |   in|    1|  ap_ctrl_hs|         conv2|  return value|
|ap_rst            |   in|    1|  ap_ctrl_hs|         conv2|  return value|
|ap_start          |   in|    1|  ap_ctrl_hs|         conv2|  return value|
|ap_done           |  out|    1|  ap_ctrl_hs|         conv2|  return value|
|ap_continue       |   in|    1|  ap_ctrl_hs|         conv2|  return value|
|ap_idle           |  out|    1|  ap_ctrl_hs|         conv2|  return value|
|ap_ready          |  out|    1|  ap_ctrl_hs|         conv2|  return value|
|mem_2_address0    |  out|   12|   ap_memory|         mem_2|         array|
|mem_2_ce0         |  out|    1|   ap_memory|         mem_2|         array|
|mem_2_q0          |   in|   32|   ap_memory|         mem_2|         array|
|mem_3_0_address0  |  out|   11|   ap_memory|       mem_3_0|         array|
|mem_3_0_ce0       |  out|    1|   ap_memory|       mem_3_0|         array|
|mem_3_0_we0       |  out|    1|   ap_memory|       mem_3_0|         array|
|mem_3_0_d0        |  out|   32|   ap_memory|       mem_3_0|         array|
|mem_3_0_q0        |   in|   32|   ap_memory|       mem_3_0|         array|
|mem_3_1_address0  |  out|   11|   ap_memory|       mem_3_1|         array|
|mem_3_1_ce0       |  out|    1|   ap_memory|       mem_3_1|         array|
|mem_3_1_we0       |  out|    1|   ap_memory|       mem_3_1|         array|
|mem_3_1_d0        |  out|   32|   ap_memory|       mem_3_1|         array|
|mem_3_1_q0        |   in|   32|   ap_memory|       mem_3_1|         array|
+------------------+-----+-----+------------+--------------+--------------+

