

================================================================
== Vitis HLS Report for 'conv2_Pipeline_loadWin1_VITIS_LOOP_50_1'
================================================================
* Date:           Thu Dec 25 15:19:36 2025

* Version:        2022.1 (Build 3526262 on Mon Apr 18 15:48:16 MDT 2022)
* Project:        Day_5_final_boss
* Solution:       sol5 (Vivado IP Flow Target)
* Product family: zynq
* Target device:  xc7z020-clg400-1


================================================================
== Performance Estimates
================================================================
+ Timing: 
    * Summary: 
    +--------+----------+----------+------------+
    |  Clock |  Target  | Estimated| Uncertainty|
    +--------+----------+----------+------------+
    |ap_clk  |  10.00 ns|  7.038 ns|     2.70 ns|
    +--------+----------+----------+------------+

+ Latency: 
    * Summary: 
    +---------+---------+----------+----------+-----+-----+---------+
    |  Latency (cycles) |  Latency (absolute) |  Interval | Pipeline|
    |   min   |   max   |    min   |    max   | min | max |   Type  |
    +---------+---------+----------+----------+-----+-----+---------+
    |       14|       14|  0.140 us|  0.140 us|   14|   14|       no|
    +---------+---------+----------+----------+-----+-----+---------+

    + Detail: 
        * Instance: 
        N/A

        * Loop: 
        +----------------------------+---------+---------+----------+-----------+-----------+------+----------+
        |                            |  Latency (cycles) | Iteration|  Initiation Interval  | Trip |          |
        |          Loop Name         |   min   |   max   |  Latency |  achieved |   target  | Count| Pipelined|
        +----------------------------+---------+---------+----------+-----------+-----------+------+----------+
        |- loadWin1_VITIS_LOOP_50_1  |       12|       12|         5|          1|          1|     9|       yes|
        +----------------------------+---------+---------+----------+-----------+-----------+------+----------+



================================================================
== Utilization Estimates
================================================================
* Summary: 
+-----------------+---------+-----+--------+-------+-----+
|       Name      | BRAM_18K| DSP |   FF   |  LUT  | URAM|
+-----------------+---------+-----+--------+-------+-----+
|DSP              |        -|    1|       -|      -|    -|
|Expression       |        -|    -|       0|    100|    -|
|FIFO             |        -|    -|       -|      -|    -|
|Instance         |        -|    -|       -|      -|    -|
|Memory           |        -|    -|       -|      -|    -|
|Multiplexer      |        -|    -|       -|    153|    -|
|Register         |        -|    -|     502|     96|    -|
+-----------------+---------+-----+--------+-------+-----+
|Total            |        0|    1|     502|    349|    0|
+-----------------+---------+-----+--------+-------+-----+
|Available        |      280|  220|  106400|  53200|    0|
+-----------------+---------+-----+--------+-------+-----+
|Utilization (%)  |        0|   ~0|      ~0|     ~0|    0|
+-----------------+---------+-----+--------+-------+-----+

+ Detail: 
    * Instance: 
    N/A

    * DSP: 
    +-------------------------------------------+--------------------------------------+---------------------+
    |                  Instance                 |                Module                |      Expression     |
    +-------------------------------------------+--------------------------------------+---------------------+
    |ama_addmuladd_8ns_5ns_5ns_5ns_12_4_1_U171  |ama_addmuladd_8ns_5ns_5ns_5ns_12_4_1  |  (i0 + i1) * i2 + i3|
    +-------------------------------------------+--------------------------------------+---------------------+

    * Memory: 
    N/A

    * FIFO: 
    N/A

    * Expression: 
    +-------------------------+----------+----+---+----+------------+------------+
    |      Variable Name      | Operation| DSP| FF| LUT| Bitwidth P0| Bitwidth P1|
    +-------------------------+----------+----+---+----+------------+------------+
    |add_ln49_3_fu_397_p2     |         +|   0|  0|  13|           5|           5|
    |add_ln49_4_fu_353_p2     |         +|   0|  0|  13|           4|           1|
    |add_ln49_fu_365_p2       |         +|   0|  0|  10|           2|           1|
    |add_ln50_fu_407_p2       |         +|   0|  0|  10|           2|           1|
    |add_ln52_fu_431_p2       |         +|   0|  0|  13|           5|           5|
    |ap_condition_401         |       and|   0|  0|   2|           1|           1|
    |ap_condition_406         |       and|   0|  0|   2|           1|           1|
    |ap_condition_410         |       and|   0|  0|   2|           1|           1|
    |ap_condition_413         |       and|   0|  0|   2|           1|           1|
    |ap_condition_416         |       and|   0|  0|   2|           1|           1|
    |ap_condition_420         |       and|   0|  0|   2|           1|           1|
    |ap_condition_423         |       and|   0|  0|   2|           1|           1|
    |ap_condition_428         |       and|   0|  0|   2|           1|           1|
    |ap_condition_431         |       and|   0|  0|   2|           1|           1|
    |icmp_ln49_fu_347_p2      |      icmp|   0|  0|   9|           4|           4|
    |icmp_ln50_fu_371_p2      |      icmp|   0|  0|   8|           2|           2|
    |select_ln49_2_fu_385_p3  |    select|   0|  0|   2|           1|           2|
    |select_ln49_fu_377_p3    |    select|   0|  0|   2|           1|           1|
    |ap_enable_pp0            |       xor|   0|  0|   2|           1|           2|
    +-------------------------+----------+----+---+----+------------+------------+
    |Total                    |          |   0|  0| 100|          36|          33|
    +-------------------------+----------+----+---+----+------------+------------+

    * Multiplexer: 
    +-----------------------------------------+----+-----------+-----+-----------+
    |                   Name                  | LUT| Input Size| Bits| Total Bits|
    +-----------------------------------------+----+-----------+-----+-----------+
    |ap_done_int                              |   9|          2|    1|          2|
    |ap_enable_reg_pp0_iter1                  |   9|          2|    1|          2|
    |ap_sig_allocacmp_indvar_flatten150_load  |   9|          2|    4|          8|
    |ap_sig_allocacmp_wi_load                 |   9|          2|    2|          4|
    |ap_sig_allocacmp_wj_load                 |   9|          2|    2|          4|
    |empty_80_fu_104                          |   9|          2|   32|         64|
    |empty_81_fu_108                          |   9|          2|   32|         64|
    |empty_82_fu_112                          |   9|          2|   32|         64|
    |empty_83_fu_116                          |   9|          2|   32|         64|
    |empty_84_fu_120                          |   9|          2|   32|         64|
    |empty_85_fu_124                          |   9|          2|   32|         64|
    |empty_86_fu_128                          |   9|          2|   32|         64|
    |empty_87_fu_132                          |   9|          2|   32|         64|
    |empty_fu_100                             |   9|          2|   32|         64|
    |indvar_flatten150_fu_96                  |   9|          2|    4|          8|
    |wi_fu_92                                 |   9|          2|    2|          4|
    |wj_fu_88                                 |   9|          2|    2|          4|
    +-----------------------------------------+----+-----------+-----+-----------+
    |Total                                    | 153|         34|  306|        612|
    +-----------------------------------------+----+-----------+-----+-----------+

    * Register: 
    +----------------------------------+----+----+-----+-----------+
    |               Name               | FF | LUT| Bits| Const Bits|
    +----------------------------------+----+----+-----+-----------+
    |ap_CS_fsm                         |   1|   0|    1|          0|
    |ap_done_reg                       |   1|   0|    1|          0|
    |ap_enable_reg_pp0_iter1           |   1|   0|    1|          0|
    |ap_enable_reg_pp0_iter2           |   1|   0|    1|          0|
    |ap_enable_reg_pp0_iter3           |   1|   0|    1|          0|
    |ap_enable_reg_pp0_iter4           |   1|   0|    1|          0|
    |ap_loop_exit_ready_pp0_iter1_reg  |   1|   0|    1|          0|
    |ap_loop_exit_ready_pp0_iter2_reg  |   1|   0|    1|          0|
    |ap_loop_exit_ready_pp0_iter3_reg  |   1|   0|    1|          0|
    |empty_80_fu_104                   |  32|   0|   32|          0|
    |empty_81_fu_108                   |  32|   0|   32|          0|
    |empty_82_fu_112                   |  32|   0|   32|          0|
    |empty_83_fu_116                   |  32|   0|   32|          0|
    |empty_84_fu_120                   |  32|   0|   32|          0|
    |empty_85_fu_124                   |  32|   0|   32|          0|
    |empty_86_fu_128                   |  32|   0|   32|          0|
    |empty_87_fu_132                   |  32|   0|   32|          0|
    |empty_fu_100                      |  32|   0|   32|          0|
    |icmp_ln49_reg_625                 |   1|   0|    1|          0|
    |indvar_flatten150_fu_96           |   4|   0|    4|          0|
    |select_ln49_2_reg_634             |   2|   0|    2|          0|
    |select_ln49_reg_629               |   2|   0|    2|          0|
    |wi_fu_92                          |   2|   0|    2|          0|
    |wj_fu_88                          |   2|   0|    2|          0|
    |icmp_ln49_reg_625                 |  64|  32|    1|          0|
    |select_ln49_2_reg_634             |  64|  32|    2|          0|
    |select_ln49_reg_629               |  64|  32|    2|          0|
    +----------------------------------+----+----+-----+-----------+
    |Total                             | 502|  96|  315|          0|
    +----------------------------------+----+----+-----+-----------+



================================================================
== Interface
================================================================
* Summary: 
+--------------------------+-----+-----+------------+-----------------------------------------+--------------+
|         RTL Ports        | Dir | Bits|  Protocol  |              Source Object              |    C Type    |
+--------------------------+-----+-----+------------+-----------------------------------------+--------------+
|ap_clk                    |   in|    1|  ap_ctrl_hs|  conv2_Pipeline_loadWin1_VITIS_LOOP_50_1|  return value|
|ap_rst                    |   in|    1|  ap_ctrl_hs|  conv2_Pipeline_loadWin1_VITIS_LOOP_50_1|  return value|
|ap_start                  |   in|    1|  ap_ctrl_hs|  conv2_Pipeline_loadWin1_VITIS_LOOP_50_1|  return value|
|ap_done                   |  out|    1|  ap_ctrl_hs|  conv2_Pipeline_loadWin1_VITIS_LOOP_50_1|  return value|
|ap_idle                   |  out|    1|  ap_ctrl_hs|  conv2_Pipeline_loadWin1_VITIS_LOOP_50_1|  return value|
|ap_ready                  |  out|    1|  ap_ctrl_hs|  conv2_Pipeline_loadWin1_VITIS_LOOP_50_1|  return value|
|window_i_2_2_promoted170  |   in|   32|     ap_none|                 window_i_2_2_promoted170|        scalar|
|window_i_2_0_promoted168  |   in|   32|     ap_none|                 window_i_2_0_promoted168|        scalar|
|window_i_2_1_promoted166  |   in|   32|     ap_none|                 window_i_2_1_promoted166|        scalar|
|window_i_0_2_promoted164  |   in|   32|     ap_none|                 window_i_0_2_promoted164|        scalar|
|window_i_0_0_promoted162  |   in|   32|     ap_none|                 window_i_0_0_promoted162|        scalar|
|window_i_0_1_promoted160  |   in|   32|     ap_none|                 window_i_0_1_promoted160|        scalar|
|window_i_1_2_promoted158  |   in|   32|     ap_none|                 window_i_1_2_promoted158|        scalar|
|window_i_1_0_promoted156  |   in|   32|     ap_none|                 window_i_1_0_promoted156|        scalar|
|window_i_1_1_promoted154  |   in|   32|     ap_none|                 window_i_1_1_promoted154|        scalar|
|select_ln150_5            |   in|    5|     ap_none|                           select_ln150_5|        scalar|
|mul_ln52                  |   in|    8|     ap_none|                                 mul_ln52|        scalar|
|select_ln150              |   in|    5|     ap_none|                             select_ln150|        scalar|
|mem_2_address0            |  out|   12|   ap_memory|                                    mem_2|         array|
|mem_2_ce0                 |  out|    1|   ap_memory|                                    mem_2|         array|
|mem_2_q0                  |   in|   32|   ap_memory|                                    mem_2|         array|
|p_out                     |  out|   32|      ap_vld|                                    p_out|       pointer|
|p_out_ap_vld              |  out|    1|      ap_vld|                                    p_out|       pointer|
|p_out1                    |  out|   32|      ap_vld|                                   p_out1|       pointer|
|p_out1_ap_vld             |  out|    1|      ap_vld|                                   p_out1|       pointer|
|p_out2                    |  out|   32|      ap_vld|                                   p_out2|       pointer|
|p_out2_ap_vld             |  out|    1|      ap_vld|                                   p_out2|       pointer|
|p_out3                    |  out|   32|      ap_vld|                                   p_out3|       pointer|
|p_out3_ap_vld             |  out|    1|      ap_vld|                                   p_out3|       pointer|
|p_out4                    |  out|   32|      ap_vld|                                   p_out4|       pointer|
|p_out4_ap_vld             |  out|    1|      ap_vld|                                   p_out4|       pointer|
|p_out5                    |  out|   32|      ap_vld|                                   p_out5|       pointer|
|p_out5_ap_vld             |  out|    1|      ap_vld|                                   p_out5|       pointer|
|p_out6                    |  out|   32|      ap_vld|                                   p_out6|       pointer|
|p_out6_ap_vld             |  out|    1|      ap_vld|                                   p_out6|       pointer|
|p_out7                    |  out|   32|      ap_vld|                                   p_out7|       pointer|
|p_out7_ap_vld             |  out|    1|      ap_vld|                                   p_out7|       pointer|
|p_out8                    |  out|   32|      ap_vld|                                   p_out8|       pointer|
|p_out8_ap_vld             |  out|    1|      ap_vld|                                   p_out8|       pointer|
+--------------------------+-----+-----+------------+-----------------------------------------+--------------+

