

================================================================
== Vitis HLS Report for 'conv1_Pipeline_Fil_load_r_Fil_load_c'
================================================================
* Date:           Thu Dec 25 15:19:35 2025

* Version:        2022.1 (Build 3526262 on Mon Apr 18 15:48:16 MDT 2022)
* Project:        Day_5_final_boss
* Solution:       sol5 (Vivado IP Flow Target)
* Product family: zynq
* Target device:  xc7z020-clg400-1


================================================================
== Performance Estimates
================================================================
+ Timing: 
    * Summary: 
    +--------+----------+----------+------------+
    |  Clock |  Target  | Estimated| Uncertainty|
    +--------+----------+----------+------------+
    |ap_clk  |  10.00 ns|  6.905 ns|     2.70 ns|
    +--------+----------+----------+------------+

+ Latency: 
    * Summary: 
    +---------+---------+----------+----------+-----+-----+---------+
    |  Latency (cycles) |  Latency (absolute) |  Interval | Pipeline|
    |   min   |   max   |    min   |    max   | min | max |   Type  |
    +---------+---------+----------+----------+-----+-----+---------+
    |       12|       12|  0.120 us|  0.120 us|   12|   12|       no|
    +---------+---------+----------+----------+-----+-----+---------+

    + Detail: 
        * Instance: 
        N/A

        * Loop: 
        +-------------------------+---------+---------+----------+-----------+-----------+------+----------+
        |                         |  Latency (cycles) | Iteration|  Initiation Interval  | Trip |          |
        |        Loop Name        |   min   |   max   |  Latency |  achieved |   target  | Count| Pipelined|
        +-------------------------+---------+---------+----------+-----------+-----------+------+----------+
        |- Fil_load_r_Fil_load_c  |       10|       10|         3|          1|          1|     9|       yes|
        +-------------------------+---------+---------+----------+-----------+-----------+------+----------+



================================================================
== Utilization Estimates
================================================================
* Summary: 
+-----------------+---------+-----+--------+-------+-----+
|       Name      | BRAM_18K| DSP |   FF   |  LUT  | URAM|
+-----------------+---------+-----+--------+-------+-----+
|DSP              |        -|    -|       -|      -|    -|
|Expression       |        -|    -|       0|    132|    -|
|FIFO             |        -|    -|       -|      -|    -|
|Instance         |        -|    -|       -|      -|    -|
|Memory           |        1|    -|       0|      0|    -|
|Multiplexer      |        -|    -|       -|    153|    -|
|Register         |        -|    -|     316|      -|    -|
+-----------------+---------+-----+--------+-------+-----+
|Total            |        1|    0|     316|    285|    0|
+-----------------+---------+-----+--------+-------+-----+
|Available        |      280|  220|  106400|  53200|    0|
+-----------------+---------+-----+--------+-------+-----+
|Utilization (%)  |       ~0|    0|      ~0|     ~0|    0|
+-----------------+---------+-----+--------+-------+-----+

+ Detail: 
    * Instance: 
    N/A

    * DSP: 
    N/A

    * Memory: 
    +----------------+---------------------------------------------------------------+---------+---+----+-----+------+-----+------+-------------+
    |     Memory     |                             Module                            | BRAM_18K| FF| LUT| URAM| Words| Bits| Banks| W*Bits*Banks|
    +----------------+---------------------------------------------------------------+---------+---+----+-----+------+-----+------+-------------+
    |conv1_weight_U  |conv1_Pipeline_Fil_load_r_Fil_load_c_conv1_weight_ROM_AUTO_1R  |        1|  0|   0|    0|    36|   32|     1|         1152|
    +----------------+---------------------------------------------------------------+---------+---+----+-----+------+-----+------+-------------+
    |Total           |                                                               |        1|  0|   0|    0|    36|   32|     1|         1152|
    +----------------+---------------------------------------------------------------+---------+---+----+-----+------+-----+------+-------------+

    * FIFO: 
    N/A

    * Expression: 
    +-------------------------+----------+----+---+----+------------+------------+
    |      Variable Name      | Operation| DSP| FF| LUT| Bitwidth P0| Bitwidth P1|
    +-------------------------+----------+----+---+----+------------+------------+
    |add_ln23_3_fu_360_p2     |         +|   0|  0|  13|           4|           1|
    |add_ln23_fu_369_p2       |         +|   0|  0|  10|           2|           1|
    |add_ln26_fu_447_p2       |         +|   0|  0|  10|           2|           1|
    |add_ln29_fu_431_p2       |         +|   0|  0|  13|           5|           5|
    |add_ln30_fu_441_p2       |         +|   0|  0|  14|           6|           6|
    |empty_146_fu_348_p2      |         -|   0|  0|  13|           5|           5|
    |p_mid1_fu_405_p2         |         -|   0|  0|  13|           5|           5|
    |ap_condition_373         |       and|   0|  0|   2|           1|           1|
    |ap_condition_378         |       and|   0|  0|   2|           1|           1|
    |ap_condition_382         |       and|   0|  0|   2|           1|           1|
    |ap_condition_385         |       and|   0|  0|   2|           1|           1|
    |ap_condition_388         |       and|   0|  0|   2|           1|           1|
    |ap_condition_392         |       and|   0|  0|   2|           1|           1|
    |ap_condition_395         |       and|   0|  0|   2|           1|           1|
    |ap_condition_400         |       and|   0|  0|   2|           1|           1|
    |ap_condition_403         |       and|   0|  0|   2|           1|           1|
    |icmp_ln23_fu_354_p2      |      icmp|   0|  0|   9|           4|           4|
    |icmp_ln26_fu_375_p2      |      icmp|   0|  0|   8|           2|           2|
    |select_ln23_7_fu_411_p3  |    select|   0|  0|   5|           1|           5|
    |select_ln23_8_fu_419_p3  |    select|   0|  0|   2|           1|           2|
    |select_ln23_fu_381_p3    |    select|   0|  0|   2|           1|           1|
    |ap_enable_pp0            |       xor|   0|  0|   2|           1|           2|
    +-------------------------+----------+----+---+----+------------+------------+
    |Total                    |          |   0|  0| 132|          48|          49|
    +-------------------------+----------+----+---+----+------------+------------+

    * Multiplexer: 
    +--------------------------------------+----+-----------+-----+-----------+
    |                 Name                 | LUT| Input Size| Bits| Total Bits|
    +--------------------------------------+----+-----------+-----+-----------+
    |ap_done_int                           |   9|          2|    1|          2|
    |ap_enable_reg_pp0_iter1               |   9|          2|    1|          2|
    |ap_sig_allocacmp_indvar_flatten_load  |   9|          2|    4|          8|
    |ap_sig_allocacmp_kh_3                 |   9|          2|    2|          4|
    |ap_sig_allocacmp_kw_load              |   9|          2|    2|          4|
    |empty_138_fu_98                       |   9|          2|   32|         64|
    |empty_139_fu_102                      |   9|          2|   32|         64|
    |empty_140_fu_106                      |   9|          2|   32|         64|
    |empty_141_fu_110                      |   9|          2|   32|         64|
    |empty_142_fu_114                      |   9|          2|   32|         64|
    |empty_143_fu_118                      |   9|          2|   32|         64|
    |empty_144_fu_122                      |   9|          2|   32|         64|
    |empty_145_fu_126                      |   9|          2|   32|         64|
    |empty_fu_94                           |   9|          2|   32|         64|
    |indvar_flatten_fu_90                  |   9|          2|    4|          8|
    |kh_fu_86                              |   9|          2|    2|          4|
    |kw_fu_82                              |   9|          2|    2|          4|
    +--------------------------------------+----+-----------+-----+-----------+
    |Total                                 | 153|         34|  306|        612|
    +--------------------------------------+----+-----------+-----+-----------+

    * Register: 
    +-------------------------------------+----+----+-----+-----------+
    |                 Name                | FF | LUT| Bits| Const Bits|
    +-------------------------------------+----+----+-----+-----------+
    |add_ln30_reg_649                     |   6|   0|    6|          0|
    |ap_CS_fsm                            |   1|   0|    1|          0|
    |ap_done_reg                          |   1|   0|    1|          0|
    |ap_enable_reg_pp0_iter1              |   1|   0|    1|          0|
    |ap_enable_reg_pp0_iter2              |   1|   0|    1|          0|
    |ap_loop_exit_ready_pp0_iter1_reg     |   1|   0|    1|          0|
    |empty_138_fu_98                      |  32|   0|   32|          0|
    |empty_139_fu_102                     |  32|   0|   32|          0|
    |empty_140_fu_106                     |  32|   0|   32|          0|
    |empty_141_fu_110                     |  32|   0|   32|          0|
    |empty_142_fu_114                     |  32|   0|   32|          0|
    |empty_143_fu_118                     |  32|   0|   32|          0|
    |empty_144_fu_122                     |  32|   0|   32|          0|
    |empty_145_fu_126                     |  32|   0|   32|          0|
    |empty_fu_94                          |  32|   0|   32|          0|
    |icmp_ln23_reg_637                    |   1|   0|    1|          0|
    |indvar_flatten_fu_90                 |   4|   0|    4|          0|
    |kh_fu_86                             |   2|   0|    2|          0|
    |kw_fu_82                             |   2|   0|    2|          0|
    |select_ln23_8_reg_645                |   2|   0|    2|          0|
    |select_ln23_8_reg_645_pp0_iter1_reg  |   2|   0|    2|          0|
    |select_ln23_reg_641                  |   2|   0|    2|          0|
    |select_ln23_reg_641_pp0_iter1_reg    |   2|   0|    2|          0|
    +-------------------------------------+----+----+-----+-----------+
    |Total                                | 316|   0|  316|          0|
    +-------------------------------------+----+----+-----+-----------+



================================================================
== Interface
================================================================
* Summary: 
+-------------------------+-----+-----+------------+--------------------------------------+--------------+
|        RTL Ports        | Dir | Bits|  Protocol  |             Source Object            |    C Type    |
+-------------------------+-----+-----+------------+--------------------------------------+--------------+
|ap_clk                   |   in|    1|  ap_ctrl_hs|  conv1_Pipeline_Fil_load_r_Fil_load_c|  return value|
|ap_rst                   |   in|    1|  ap_ctrl_hs|  conv1_Pipeline_Fil_load_r_Fil_load_c|  return value|
|ap_start                 |   in|    1|  ap_ctrl_hs|  conv1_Pipeline_Fil_load_r_Fil_load_c|  return value|
|ap_done                  |  out|    1|  ap_ctrl_hs|  conv1_Pipeline_Fil_load_r_Fil_load_c|  return value|
|ap_idle                  |  out|    1|  ap_ctrl_hs|  conv1_Pipeline_Fil_load_r_Fil_load_c|  return value|
|ap_ready                 |  out|    1|  ap_ctrl_hs|  conv1_Pipeline_Fil_load_r_Fil_load_c|  return value|
|kernel_i_2_2_promoted90  |   in|   32|     ap_none|               kernel_i_2_2_promoted90|        scalar|
|kernel_i_2_0_promoted88  |   in|   32|     ap_none|               kernel_i_2_0_promoted88|        scalar|
|kernel_i_2_1_promoted86  |   in|   32|     ap_none|               kernel_i_2_1_promoted86|        scalar|
|kernel_i_0_2_promoted84  |   in|   32|     ap_none|               kernel_i_0_2_promoted84|        scalar|
|kernel_i_0_0_promoted82  |   in|   32|     ap_none|               kernel_i_0_0_promoted82|        scalar|
|kernel_i_0_1_promoted80  |   in|   32|     ap_none|               kernel_i_0_1_promoted80|        scalar|
|kernel_i_1_2_promoted78  |   in|   32|     ap_none|               kernel_i_1_2_promoted78|        scalar|
|kernel_i_1_0_promoted76  |   in|   32|     ap_none|               kernel_i_1_0_promoted76|        scalar|
|kernel_i_1_1_promoted74  |   in|   32|     ap_none|               kernel_i_1_1_promoted74|        scalar|
|or_ln30                  |   in|    6|     ap_none|                               or_ln30|        scalar|
|p_out                    |  out|   32|      ap_vld|                                 p_out|       pointer|
|p_out_ap_vld             |  out|    1|      ap_vld|                                 p_out|       pointer|
|p_out1                   |  out|   32|      ap_vld|                                p_out1|       pointer|
|p_out1_ap_vld            |  out|    1|      ap_vld|                                p_out1|       pointer|
|p_out2                   |  out|   32|      ap_vld|                                p_out2|       pointer|
|p_out2_ap_vld            |  out|    1|      ap_vld|                                p_out2|       pointer|
|p_out3                   |  out|   32|      ap_vld|                                p_out3|       pointer|
|p_out3_ap_vld            |  out|    1|      ap_vld|                                p_out3|       pointer|
|p_out4                   |  out|   32|      ap_vld|                                p_out4|       pointer|
|p_out4_ap_vld            |  out|    1|      ap_vld|                                p_out4|       pointer|
|p_out5                   |  out|   32|      ap_vld|                                p_out5|       pointer|
|p_out5_ap_vld            |  out|    1|      ap_vld|                                p_out5|       pointer|
|p_out6                   |  out|   32|      ap_vld|                                p_out6|       pointer|
|p_out6_ap_vld            |  out|    1|      ap_vld|                                p_out6|       pointer|
|p_out7                   |  out|   32|      ap_vld|                                p_out7|       pointer|
|p_out7_ap_vld            |  out|    1|      ap_vld|                                p_out7|       pointer|
|p_out8                   |  out|   32|      ap_vld|                                p_out8|       pointer|
|p_out8_ap_vld            |  out|    1|      ap_vld|                                p_out8|       pointer|
+-------------------------+-----+-----+------------+--------------------------------------+--------------+

