

================================================================
== Vitis HLS Report for 'conv3'
================================================================
* Date:           Thu Dec 25 15:19:38 2025

* Version:        2022.1 (Build 3526262 on Mon Apr 18 15:48:16 MDT 2022)
* Project:        Day_5_final_boss
* Solution:       sol5 (Vivado IP Flow Target)
* Product family: zynq
* Target device:  xc7z020-clg400-1


================================================================
== Performance Estimates
================================================================
+ Timing: 
    * Summary: 
    +--------+----------+----------+------------+
    |  Clock |  Target  | Estimated| Uncertainty|
    +--------+----------+----------+------------+
    |ap_clk  |  10.00 ns|  7.256 ns|     2.70 ns|
    +--------+----------+----------+------------+

+ Latency: 
    * Summary: 
    +---------+---------+----------+----------+-------+-------+---------+
    |  Latency (cycles) |  Latency (absolute) |    Interval   | Pipeline|
    |   min   |   max   |    min   |    max   |  min  |  max  |   Type  |
    +---------+---------+----------+----------+-------+-------+---------+
    |    68973|    70573|  0.690 ms|  0.706 ms|  68973|  70573|       no|
    +---------+---------+----------+----------+-------+-------+---------+

    + Detail: 
        * Instance: 
        +-------------------------------------------------------------+--------------------------------------------------+---------+---------+----------+----------+-----+-----+---------+
        |                                                             |                                                  |  Latency (cycles) |  Latency (absolute) |  Interval | Pipeline|
        |                           Instance                          |                      Module                      |   min   |   max   |    min   |    max   | min | max |   Type  |
        +-------------------------------------------------------------+--------------------------------------------------+---------+---------+----------+----------+-----+-----+---------+
        |grp_conv3_Pipeline_Fil_load_ch_Fil_load_r_Fil_load_c_fu_560  |conv3_Pipeline_Fil_load_ch_Fil_load_r_Fil_load_c  |       39|       39|  0.390 us|  0.390 us|   39|   39|       no|
        |grp_conv3_Pipeline_loadWin1_VITIS_LOOP_50_1_fu_639           |conv3_Pipeline_loadWin1_VITIS_LOOP_50_1           |       12|       12|  0.120 us|  0.120 us|   12|   12|       no|
        |grp_conv2D_4_s_fu_666                                        |conv2D_4_s                                        |       24|       24|  0.240 us|  0.240 us|    1|    1|      yes|
        +-------------------------------------------------------------+--------------------------------------------------+---------+---------+----------+----------+-----+-----+---------+

        * Loop: 
        +---------------+---------+---------+---------------+-----------+-----------+------+----------+
        |               |  Latency (cycles) |   Iteration   |  Initiation Interval  | Trip |          |
        |   Loop Name   |   min   |   max   |    Latency    |  achieved |   target  | Count| Pipelined|
        +---------------+---------+---------+---------------+-----------+-----------+------+----------+
        |- C1_fil_load  |    68972|    70572|  17243 ~ 17643|          -|          -|     4|        no|
        | + inCh_VS_HS  |    17200|    17600|        43 ~ 44|          -|          -|   400|        no|
        +---------------+---------+---------+---------------+-----------+-----------+------+----------+



================================================================
== Utilization Estimates
================================================================
* Summary: 
+-----------------+---------+-----+--------+-------+-----+
|       Name      | BRAM_18K| DSP |   FF   |  LUT  | URAM|
+-----------------+---------+-----+--------+-------+-----+
|DSP              |        -|    -|       -|      -|    -|
|Expression       |        -|    -|       0|    337|    -|
|FIFO             |        -|    -|       -|      -|    -|
|Instance         |        1|   45|    7419|   7642|    -|
|Memory           |        0|    -|      32|      2|    -|
|Multiplexer      |        -|    -|       -|    287|    -|
|Register         |        -|    -|    1722|      -|    -|
+-----------------+---------+-----+--------+-------+-----+
|Total            |        1|   45|    9173|   8268|    0|
+-----------------+---------+-----+--------+-------+-----+
|Available        |      280|  220|  106400|  53200|    0|
+-----------------+---------+-----+--------+-------+-----+
|Utilization (%)  |       ~0|   20|       8|     15|    0|
+-----------------+---------+-----+--------+-------+-----+

+ Detail: 
    * Instance: 
    +-------------------------------------------------------------+--------------------------------------------------+---------+----+------+------+-----+
    |                           Instance                          |                      Module                      | BRAM_18K| DSP|  FF  |  LUT | URAM|
    +-------------------------------------------------------------+--------------------------------------------------+---------+----+------+------+-----+
    |grp_conv2D_4_s_fu_666                                        |conv2D_4_s                                        |        0|  45|  5886|  6643|    0|
    |grp_conv3_Pipeline_Fil_load_ch_Fil_load_r_Fil_load_c_fu_560  |conv3_Pipeline_Fil_load_ch_Fil_load_r_Fil_load_c  |        1|   0|  1205|   703|    0|
    |grp_conv3_Pipeline_loadWin1_VITIS_LOOP_50_1_fu_639           |conv3_Pipeline_loadWin1_VITIS_LOOP_50_1           |        0|   0|   328|   287|    0|
    |fcmp_32ns_32ns_1_2_no_dsp_1_U381                             |fcmp_32ns_32ns_1_2_no_dsp_1                       |        0|   0|     0|     0|    0|
    |mux_21_32_1_1_U382                                           |mux_21_32_1_1                                     |        0|   0|     0|     9|    0|
    +-------------------------------------------------------------+--------------------------------------------------+---------+----+------+------+-----+
    |Total                                                        |                                                  |        1|  45|  7419|  7642|    0|
    +-------------------------------------------------------------+--------------------------------------------------+---------+----+------+------+-----+

    * DSP: 
    N/A

    * Memory: 
    +--------------+------------------------------+---------+----+----+-----+------+-----+------+-------------+
    |    Memory    |            Module            | BRAM_18K| FF | LUT| URAM| Words| Bits| Banks| W*Bits*Banks|
    +--------------+------------------------------+---------+----+----+-----+------+-----+------+-------------+
    |conv3_bias_U  |conv3_conv3_bias_ROM_AUTO_1R  |        0|  32|   2|    0|     4|   32|     1|          128|
    +--------------+------------------------------+---------+----+----+-----+------+-----+------+-------------+
    |Total         |                              |        0|  32|   2|    0|     4|   32|     1|          128|
    +--------------+------------------------------+---------+----+----+-----+------+-----+------+-------------+

    * FIFO: 
    N/A

    * Expression: 
    +---------------------------+----------+----+---+----+------------+------------+
    |       Variable Name       | Operation| DSP| FF| LUT| Bitwidth P0| Bitwidth P1|
    +---------------------------+----------+----+---+----+------------+------------+
    |add_ln144_fu_736_p2        |         +|   0|  0|  11|           3|           1|
    |add_ln148_1_fu_1043_p2     |         +|   0|  0|  14|           9|           1|
    |add_ln148_fu_1049_p2       |         +|   0|  0|  11|           3|           1|
    |add_ln150_1_fu_1537_p2     |         +|   0|  0|  15|           8|           1|
    |add_ln150_fu_1087_p2       |         +|   0|  0|  13|           4|           1|
    |add_ln152_fu_1532_p2       |         +|   0|  0|  13|           4|           1|
    |add_ln156_1_fu_1119_p2     |         +|   0|  0|  14|           7|           7|
    |add_ln156_2_fu_1406_p2     |         +|   0|  0|   8|           8|           8|
    |add_ln156_3_fu_1415_p2     |         +|   0|  0|   8|           8|           8|
    |add_ln156_fu_923_p2        |         +|   0|  0|  14|           7|           7|
    |sub_ln52_fu_1356_p2        |         -|   0|  0|  15|           8|           8|
    |and_ln148_fu_1081_p2       |       and|   0|  0|   2|           1|           1|
    |and_ln61_fu_1519_p2        |       and|   0|  0|   2|           1|           1|
    |cmp15_i66_fu_1368_p2       |      icmp|   0|  0|   8|           3|           1|
    |cmp15_i_mid1_fu_1363_p2    |      icmp|   0|  0|   8|           3|           1|
    |cmp28_i65_fu_1379_p2       |      icmp|   0|  0|   8|           3|           2|
    |cmp28_i_mid1_fu_1374_p2    |      icmp|   0|  0|   8|           3|           2|
    |icmp_ln144_fu_730_p2       |      icmp|   0|  0|   9|           3|           4|
    |icmp_ln148_fu_1037_p2      |      icmp|   0|  0|  11|           9|           8|
    |icmp_ln150_fu_1055_p2      |      icmp|   0|  0|  11|           8|           7|
    |icmp_ln152_fu_1075_p2      |      icmp|   0|  0|   9|           4|           4|
    |icmp_ln61_1_fu_1507_p2     |      icmp|   0|  0|  15|          23|           1|
    |icmp_ln61_fu_1501_p2       |      icmp|   0|  0|  11|           8|           2|
    |ap_block_state1            |        or|   0|  0|   2|           1|           1|
    |or_ln150_fu_1093_p2        |        or|   0|  0|   2|           1|           1|
    |or_ln61_fu_1513_p2         |        or|   0|  0|   2|           1|           1|
    |prev_sum_fu_1441_p3        |    select|   0|  0|  32|           1|          32|
    |select_ln148_1_fu_1326_p3  |    select|   0|  0|   3|           1|           3|
    |select_ln148_2_fu_1427_p3  |    select|   0|  0|   2|           1|           1|
    |select_ln148_3_fu_1385_p3  |    select|   0|  0|   2|           1|           1|
    |select_ln148_fu_1061_p3    |    select|   0|  0|   4|           1|           1|
    |select_ln150_1_fu_1107_p3  |    select|   0|  0|   4|           1|           4|
    |select_ln150_2_fu_1543_p3  |    select|   0|  0|   8|           1|           1|
    |select_ln150_fu_1099_p3    |    select|   0|  0|   4|           1|           1|
    |select_ln61_fu_1525_p3     |    select|   0|  0|  32|           1|           1|
    |xor_ln148_fu_1069_p2       |       xor|   0|  0|   2|           1|           2|
    +---------------------------+----------+----+---+----+------------+------------+
    |Total                      |          |   0|  0| 337|         151|         128|
    +---------------------------+----------+----+---+----+------------+------------+

    * Multiplexer: 
    +---------------------------+-----+-----------+-----+-----------+
    |            Name           | LUT | Input Size| Bits| Total Bits|
    +---------------------------+-----+-----------+-----+-----------+
    |ap_NS_fsm                  |  168|         38|    1|         38|
    |ap_done                    |    9|          2|    1|          2|
    |indvar_flatten157_reg_526  |    9|          2|    8|         16|
    |indvar_flatten189_reg_503  |    9|          2|    9|         18|
    |kch_reg_514                |    9|          2|    3|          6|
    |mem_5_0_address0           |   14|          3|    8|         24|
    |mem_5_0_d0                 |   14|          3|   32|         96|
    |mem_5_1_address0           |   14|          3|    8|         24|
    |mem_5_1_d0                 |   14|          3|   32|         96|
    |n_f_fu_100                 |    9|          2|    3|          6|
    |oh_reg_538                 |    9|          2|    4|          8|
    |ow_reg_549                 |    9|          2|    4|          8|
    +---------------------------+-----+-----------+-----+-----------+
    |Total                      |  287|         64|  113|        342|
    +---------------------------+-----+-----------+-----+-----------+

    * Register: 
    +--------------------------------------------------------------------------+----+----+-----+-----------+
    |                                   Name                                   | FF | LUT| Bits| Const Bits|
    +--------------------------------------------------------------------------+----+----+-----+-----------+
    |add_ln144_reg_2139                                                        |   3|   0|    3|          0|
    |add_ln148_1_reg_2383                                                      |   9|   0|    9|          0|
    |add_ln148_reg_2388                                                        |   3|   0|    3|          0|
    |add_ln156_1_reg_2415                                                      |   7|   0|    7|          0|
    |add_ln156_reg_2262                                                        |   6|   0|    7|          1|
    |ap_CS_fsm                                                                 |  37|   0|   37|          0|
    |ap_done_reg                                                               |   1|   0|    1|          0|
    |cmp15_i66_reg_2477                                                        |   1|   0|    1|          0|
    |cmp15_i_mid1_reg_2472                                                     |   1|   0|    1|          0|
    |conv3_bias_load_reg_2375                                                  |  32|   0|   32|          0|
    |grp_conv3_Pipeline_Fil_load_ch_Fil_load_r_Fil_load_c_fu_560_ap_start_reg  |   1|   0|    1|          0|
    |grp_conv3_Pipeline_loadWin1_VITIS_LOOP_50_1_fu_639_ap_start_reg           |   1|   0|    1|          0|
    |icmp_ln150_reg_2395                                                       |   1|   0|    1|          0|
    |indvar_flatten157_reg_526                                                 |   8|   0|    8|          0|
    |indvar_flatten189_reg_503                                                 |   9|   0|    9|          0|
    |kch_reg_514                                                               |   3|   0|    3|          0|
    |kernel_i_0_0_0_promoted_fu_192                                            |  32|   0|   32|          0|
    |kernel_i_0_0_1_promoted_fu_188                                            |  32|   0|   32|          0|
    |kernel_i_0_0_2_promoted_fu_196                                            |  32|   0|   32|          0|
    |kernel_i_0_1_0_promoted_fu_180                                            |  32|   0|   32|          0|
    |kernel_i_0_1_1_promoted_fu_176                                            |  32|   0|   32|          0|
    |kernel_i_0_1_2_promoted_fu_184                                            |  32|   0|   32|          0|
    |kernel_i_0_2_0_promoted_fu_204                                            |  32|   0|   32|          0|
    |kernel_i_0_2_1_promoted_fu_200                                            |  32|   0|   32|          0|
    |kernel_i_0_2_2_promoted_fu_208                                            |  32|   0|   32|          0|
    |kernel_i_1_0_0_promoted_fu_156                                            |  32|   0|   32|          0|
    |kernel_i_1_0_1_promoted_fu_152                                            |  32|   0|   32|          0|
    |kernel_i_1_0_2_promoted_fu_160                                            |  32|   0|   32|          0|
    |kernel_i_1_1_0_promoted_fu_144                                            |  32|   0|   32|          0|
    |kernel_i_1_1_1_promoted_fu_140                                            |  32|   0|   32|          0|
    |kernel_i_1_1_2_promoted_fu_148                                            |  32|   0|   32|          0|
    |kernel_i_1_2_0_promoted_fu_168                                            |  32|   0|   32|          0|
    |kernel_i_1_2_1_promoted_fu_164                                            |  32|   0|   32|          0|
    |kernel_i_1_2_2_promoted_fu_172                                            |  32|   0|   32|          0|
    |kernel_i_2_0_0_promoted_fu_120                                            |  32|   0|   32|          0|
    |kernel_i_2_0_1_promoted_fu_116                                            |  32|   0|   32|          0|
    |kernel_i_2_0_2_promoted_fu_124                                            |  32|   0|   32|          0|
    |kernel_i_2_1_0_promoted_fu_108                                            |  32|   0|   32|          0|
    |kernel_i_2_1_1_promoted_fu_104                                            |  32|   0|   32|          0|
    |kernel_i_2_1_2_promoted_fu_112                                            |  32|   0|   32|          0|
    |kernel_i_2_2_0_promoted_fu_132                                            |  32|   0|   32|          0|
    |kernel_i_2_2_1_promoted_fu_128                                            |  32|   0|   32|          0|
    |kernel_i_2_2_2_promoted_fu_136                                            |  32|   0|   32|          0|
    |kernel_i_3_0_0_promoted_fu_228                                            |  32|   0|   32|          0|
    |kernel_i_3_0_1_promoted_fu_224                                            |  32|   0|   32|          0|
    |kernel_i_3_0_2_promoted_fu_232                                            |  32|   0|   32|          0|
    |kernel_i_3_1_0_promoted_fu_216                                            |  32|   0|   32|          0|
    |kernel_i_3_1_1_promoted_fu_212                                            |  32|   0|   32|          0|
    |kernel_i_3_1_2_promoted_fu_220                                            |  32|   0|   32|          0|
    |kernel_i_3_2_0_promoted_fu_240                                            |  32|   0|   32|          0|
    |kernel_i_3_2_1_promoted_fu_236                                            |  32|   0|   32|          0|
    |kernel_i_3_2_2_promoted_fu_244                                            |  32|   0|   32|          0|
    |lshr_ln_reg_2430                                                          |   3|   0|    3|          0|
    |mem_5_0_addr_reg_2491                                                     |   8|   0|    8|          0|
    |mem_5_1_addr_reg_2496                                                     |   8|   0|    8|          0|
    |n_f_fu_100                                                                |   3|   0|    3|          0|
    |oh_reg_538                                                                |   4|   0|    4|          0|
    |or_ln_reg_2252                                                            |   6|   0|    8|          2|
    |ow_reg_549                                                                |   4|   0|    4|          0|
    |prev_sum_reg_2501                                                         |  32|   0|   32|          0|
    |select_ln148_1_reg_2462                                                   |   3|   0|    3|          0|
    |select_ln148_3_reg_2482                                                   |   1|   0|    1|          0|
    |select_ln150_1_reg_2409                                                   |   4|   0|    4|          0|
    |select_ln150_reg_2403                                                     |   4|   0|    4|          0|
    |select_ln61_reg_2542                                                      |  32|   0|   32|          0|
    |sub_ln52_reg_2467                                                         |   6|   0|    8|          2|
    |sum_reg_2533                                                              |  32|   0|   32|          0|
    |trunc_ln148_reg_2486                                                      |   2|   0|    2|          0|
    |trunc_ln152_reg_2425                                                      |   1|   0|    1|          0|
    |trunc_ln156_reg_2420                                                      |   6|   0|    6|          0|
    |window_i_0_0_promoted162227_fu_264                                        |  32|   0|   32|          0|
    |window_i_0_1_promoted160223_fu_260                                        |  32|   0|   32|          0|
    |window_i_0_2_promoted164231_fu_268                                        |  32|   0|   32|          0|
    |window_i_1_0_promoted156215_fu_252                                        |  32|   0|   32|          0|
    |window_i_1_1_promoted154211_fu_248                                        |  32|   0|   32|          0|
    |window_i_1_2_promoted158219_fu_256                                        |  32|   0|   32|          0|
    |window_i_2_0_promoted168239_fu_276                                        |  32|   0|   32|          0|
    |window_i_2_1_promoted166235_fu_272                                        |  32|   0|   32|          0|
    |window_i_2_2_promoted170243_fu_280                                        |  32|   0|   32|          0|
    +--------------------------------------------------------------------------+----+----+-----+-----------+
    |Total                                                                     |1722|   0| 1727|          5|
    +--------------------------------------------------------------------------+----+----+-----+-----------+



================================================================
== Interface
================================================================
* Summary: 
+------------------+-----+-----+------------+--------------+--------------+
|     RTL Ports    | Dir | Bits|  Protocol  | Source Object|    C Type    |
+------------------+-----+-----+------------+--------------+--------------+
|ap_clk            |   in|    1|  ap_ctrl_hs|         conv3|  return value|
|ap_rst            |   in|    1|  ap_ctrl_hs|         conv3|  return value|
|ap_start          |   in|    1|  ap_ctrl_hs|         conv3|  return value|
|ap_done           |  out|    1|  ap_ctrl_hs|         conv3|  return value|
|ap_continue       |   in|    1|  ap_ctrl_hs|         conv3|  return value|
|ap_idle           |  out|    1|  ap_ctrl_hs|         conv3|  return value|
|ap_ready          |  out|    1|  ap_ctrl_hs|         conv3|  return value|
|mem_4_address0    |  out|   10|   ap_memory|         mem_4|         array|
|mem_4_ce0         |  out|    1|   ap_memory|         mem_4|         array|
|mem_4_q0          |   in|   32|   ap_memory|         mem_4|         array|
|mem_5_0_address0  |  out|    8|   ap_memory|       mem_5_0|         array|
|mem_5_0_ce0       |  out|    1|   ap_memory|       mem_5_0|         array|
|mem_5_0_we0       |  out|    1|   ap_memory|       mem_5_0|         array|
|mem_5_0_d0        |  out|   32|   ap_memory|       mem_5_0|         array|
|mem_5_0_q0        |   in|   32|   ap_memory|       mem_5_0|         array|
|mem_5_1_address0  |  out|    8|   ap_memory|       mem_5_1|         array|
|mem_5_1_ce0       |  out|    1|   ap_memory|       mem_5_1|         array|
|mem_5_1_we0       |  out|    1|   ap_memory|       mem_5_1|         array|
|mem_5_1_d0        |  out|   32|   ap_memory|       mem_5_1|         array|
|mem_5_1_q0        |   in|   32|   ap_memory|       mem_5_1|         array|
+------------------+-----+-----+------------+--------------+--------------+

