

================================================================
== Vitis HLS Report for 'conv1'
================================================================
* Date:           Thu Dec 25 15:19:36 2025

* Version:        2022.1 (Build 3526262 on Mon Apr 18 15:48:16 MDT 2022)
* Project:        Day_5_final_boss
* Solution:       sol5 (Vivado IP Flow Target)
* Product family: zynq
* Target device:  xc7z020-clg400-1


================================================================
== Performance Estimates
================================================================
+ Timing: 
    * Summary: 
    +--------+----------+----------+------------+
    |  Clock |  Target  | Estimated| Uncertainty|
    +--------+----------+----------+------------+
    |ap_clk  |  10.00 ns|  7.256 ns|     2.70 ns|
    +--------+----------+----------+------------+

+ Latency: 
    * Summary: 
    +---------+---------+----------+----------+--------+--------+---------+
    |  Latency (cycles) |  Latency (absolute) |     Interval    | Pipeline|
    |   min   |   max   |    min   |    max   |   min  |   max  |   Type  |
    +---------+---------+----------+----------+--------+--------+---------+
    |   113633|   113633|  1.136 ms|  1.136 ms|  113633|  113633|       no|
    +---------+---------+----------+----------+--------+--------+---------+

    + Detail: 
        * Instance: 
        +----------------------------------------------------+-----------------------------------------+---------+---------+----------+----------+-----+-----+---------+
        |                                                    |                                         |  Latency (cycles) |  Latency (absolute) |  Interval | Pipeline|
        |                      Instance                      |                  Module                 |   min   |   max   |    min   |    max   | min | max |   Type  |
        +----------------------------------------------------+-----------------------------------------+---------+---------+----------+----------+-----+-----+---------+
        |grp_conv1_Pipeline_Fil_load_r_Fil_load_c_fu_283     |conv1_Pipeline_Fil_load_r_Fil_load_c     |       12|       12|  0.120 us|  0.120 us|   12|   12|       no|
        |grp_conv1_Pipeline_loadWin1_VITIS_LOOP_50_1_fu_308  |conv1_Pipeline_loadWin1_VITIS_LOOP_50_1  |       12|       12|  0.120 us|  0.120 us|   12|   12|       no|
        |grp_conv2D_1_s_fu_334                               |conv2D_1_s                               |       23|       23|  0.230 us|  0.230 us|    1|    1|      yes|
        +----------------------------------------------------+-----------------------------------------+---------+---------+----------+----------+-----+-----+---------+

        * Loop: 
        +---------------+---------+---------+----------+-----------+-----------+------+----------+
        |               |  Latency (cycles) | Iteration|  Initiation Interval  | Trip |          |
        |   Loop Name   |   min   |   max   |  Latency |  achieved |   target  | Count| Pipelined|
        +---------------+---------+---------+----------+-----------+-----------+------+----------+
        |- C1_fil_load  |   113632|   113632|     28408|          -|          -|     4|        no|
        | + VS_HS       |    28392|    28392|        42|          -|          -|   676|        no|
        +---------------+---------+---------+----------+-----------+-----------+------+----------+



================================================================
== Utilization Estimates
================================================================
* Summary: 
+-----------------+---------+-----+--------+-------+-----+
|       Name      | BRAM_18K| DSP |   FF   |  LUT  | URAM|
+-----------------+---------+-----+--------+-------+-----+
|DSP              |        -|    1|       -|      -|    -|
|Expression       |        -|    -|       0|    167|    -|
|FIFO             |        -|    -|       -|      -|    -|
|Instance         |        1|   45|    5080|   7021|    -|
|Memory           |        0|    -|      32|      2|    -|
|Multiplexer      |        -|    -|       -|    209|    -|
|Register         |        -|    -|     792|      -|    -|
+-----------------+---------+-----+--------+-------+-----+
|Total            |        1|   46|    5904|   7399|    0|
+-----------------+---------+-----+--------+-------+-----+
|Available        |      280|  220|  106400|  53200|    0|
+-----------------+---------+-----+--------+-------+-----+
|Utilization (%)  |       ~0|   20|       5|     13|    0|
+-----------------+---------+-----+--------+-------+-----+

+ Detail: 
    * Instance: 
    +----------------------------------------------------+-----------------------------------------+---------+----+------+------+-----+
    |                      Instance                      |                  Module                 | BRAM_18K| DSP|  FF  |  LUT | URAM|
    +----------------------------------------------------+-----------------------------------------+---------+----+------+------+-----+
    |grp_conv1_Pipeline_Fil_load_r_Fil_load_c_fu_283     |conv1_Pipeline_Fil_load_r_Fil_load_c     |        1|   0|   316|   285|    0|
    |grp_conv1_Pipeline_loadWin1_VITIS_LOOP_50_1_fu_308  |conv1_Pipeline_loadWin1_VITIS_LOOP_50_1  |        0|   0|   320|   273|    0|
    |grp_conv2D_1_s_fu_334                               |conv2D_1_s                               |        0|  45|  4444|  6463|    0|
    |fcmp_32ns_32ns_1_2_no_dsp_1_U90                     |fcmp_32ns_32ns_1_2_no_dsp_1              |        0|   0|     0|     0|    0|
    +----------------------------------------------------+-----------------------------------------+---------+----+------+------+-----+
    |Total                                               |                                         |        1|  45|  5080|  7021|    0|
    +----------------------------------------------------+-----------------------------------------+---------+----+------+------+-----+

    * DSP: 
    +------------------------------------------+--------------------------------------+---------------------+
    |                 Instance                 |                Module                |      Expression     |
    +------------------------------------------+--------------------------------------+---------------------+
    |ama_addmuladd_7ns_5ns_5ns_5ns_12_4_1_U91  |ama_addmuladd_7ns_5ns_5ns_5ns_12_4_1  |  (i0 + i1) * i2 + i3|
    +------------------------------------------+--------------------------------------+---------------------+

    * Memory: 
    +--------------+------------------------------+---------+----+----+-----+------+-----+------+-------------+
    |    Memory    |            Module            | BRAM_18K| FF | LUT| URAM| Words| Bits| Banks| W*Bits*Banks|
    +--------------+------------------------------+---------+----+----+-----+------+-----+------+-------------+
    |conv1_bias_U  |conv1_conv1_bias_ROM_AUTO_1R  |        0|  32|   2|    0|     4|   32|     1|          128|
    +--------------+------------------------------+---------+----+----+-----+------+-----+------+-------------+
    |Total         |                              |        0|  32|   2|    0|     4|   32|     1|          128|
    +--------------+------------------------------+---------+----+----+-----+------+-----+------+-------------+

    * FIFO: 
    N/A

    * Expression: 
    +--------------------------+----------+----+---+----+------------+------------+
    |       Variable Name      | Operation| DSP| FF| LUT| Bitwidth P0| Bitwidth P1|
    +--------------------------+----------+----+---+----+------------+------------+
    |add_ln144_1_fu_378_p2     |         +|   0|  0|  14|           7|           5|
    |add_ln144_fu_390_p2       |         +|   0|  0|  11|           3|           1|
    |add_ln150_3_fu_478_p2     |         +|   0|  0|  13|          10|           1|
    |add_ln150_fu_520_p2       |         +|   0|  0|  13|           5|           1|
    |add_ln152_fu_554_p2       |         +|   0|  0|  13|           5|           1|
    |and_ln61_fu_723_p2        |       and|   0|  0|   2|           1|           1|
    |icmp_ln144_fu_384_p2      |      icmp|   0|  0|   9|           3|           4|
    |icmp_ln150_fu_472_p2      |      icmp|   0|  0|  11|          10|          10|
    |icmp_ln152_fu_526_p2      |      icmp|   0|  0|   9|           5|           4|
    |icmp_ln61_3_fu_711_p2     |      icmp|   0|  0|  15|          23|           1|
    |icmp_ln61_fu_705_p2       |      icmp|   0|  0|  11|           8|           2|
    |ap_block_state1           |        or|   0|  0|   2|           1|           1|
    |or_ln61_fu_717_p2         |        or|   0|  0|   2|           1|           1|
    |select_ln150_5_fu_541_p3  |    select|   0|  0|   5|           1|           5|
    |select_ln150_fu_532_p3    |    select|   0|  0|   5|           1|           1|
    |select_ln61_fu_729_p3     |    select|   0|  0|  32|           1|           1|
    +--------------------------+----------+----+---+----+------------+------------+
    |Total                     |          |   0|  0| 167|          85|          40|
    +--------------------------+----------+----+---+----+------------+------------+

    * Multiplexer: 
    +--------------------------+-----+-----------+-----+-----------+
    |           Name           | LUT | Input Size| Bits| Total Bits|
    +--------------------------+-----+-----------+-----+-----------+
    |ap_NS_fsm                 |  155|         35|    1|         35|
    |ap_done                   |    9|          2|    1|          2|
    |indvar_flatten34_reg_250  |    9|          2|   10|         20|
    |n_f_fu_76                 |    9|          2|    3|          6|
    |oh_reg_261                |    9|          2|    5|         10|
    |ow_reg_272                |    9|          2|    5|         10|
    |phi_mul_fu_72             |    9|          2|    7|         14|
    +--------------------------+-----+-----------+-----+-----------+
    |Total                     |  209|         47|   32|         97|
    +--------------------------+-----+-----------+-----+-----------+

    * Register: 
    +-----------------------------------------------------------------+----+----+-----+-----------+
    |                               Name                              | FF | LUT| Bits| Const Bits|
    +-----------------------------------------------------------------+----+----+-----+-----------+
    |add_ln144_1_reg_985                                              |   7|   0|    7|          0|
    |add_ln144_reg_993                                                |   3|   0|    3|          0|
    |add_ln150_3_reg_1070                                             |  10|   0|   10|          0|
    |add_ln152_reg_1114                                               |   5|   0|    5|          0|
    |add_ln160_1_reg_1151                                             |  12|   0|   12|          0|
    |ap_CS_fsm                                                        |  34|   0|   34|          0|
    |ap_done_reg                                                      |   1|   0|    1|          0|
    |grp_conv1_Pipeline_Fil_load_r_Fil_load_c_fu_283_ap_start_reg     |   1|   0|    1|          0|
    |grp_conv1_Pipeline_loadWin1_VITIS_LOOP_50_1_fu_308_ap_start_reg  |   1|   0|    1|          0|
    |indvar_flatten34_reg_250                                         |  10|   0|   10|          0|
    |kernel_i_0_0_promoted82_fu_96                                    |  32|   0|   32|          0|
    |kernel_i_0_1_promoted80_fu_92                                    |  32|   0|   32|          0|
    |kernel_i_0_2_promoted84_fu_100                                   |  32|   0|   32|          0|
    |kernel_i_1_0_promoted76_fu_84                                    |  32|   0|   32|          0|
    |kernel_i_1_1_promoted74_fu_80                                    |  32|   0|   32|          0|
    |kernel_i_1_2_promoted78_fu_88                                    |  32|   0|   32|          0|
    |kernel_i_2_0_promoted88_fu_108                                   |  32|   0|   32|          0|
    |kernel_i_2_1_promoted86_fu_104                                   |  32|   0|   32|          0|
    |kernel_i_2_2_promoted90_fu_112                                   |  32|   0|   32|          0|
    |n_f_fu_76                                                        |   3|   0|    3|          0|
    |oh_reg_261                                                       |   5|   0|    5|          0|
    |or_ln_reg_1025                                                   |   6|   0|    6|          0|
    |ow_reg_272                                                       |   5|   0|    5|          0|
    |phi_mul_fu_72                                                    |   7|   0|    7|          0|
    |prev_sum_reg_1062                                                |  32|   0|   32|          0|
    |select_ln150_5_reg_1108                                          |   5|   0|    5|          0|
    |select_ln150_reg_1102                                            |   5|   0|    5|          0|
    |select_ln61_reg_1163                                             |  32|   0|   32|          0|
    |sum_reg_1156                                                     |  32|   0|   32|          0|
    |window_i_0_0_promoted109140_fu_132                               |  32|   0|   32|          0|
    |window_i_0_1_promoted107137_fu_128                               |  32|   0|   32|          0|
    |window_i_0_2_promoted111143_fu_136                               |  32|   0|   32|          0|
    |window_i_1_0_promoted103131_fu_120                               |  32|   0|   32|          0|
    |window_i_1_1_promoted101128_fu_116                               |  32|   0|   32|          0|
    |window_i_1_2_promoted105134_fu_124                               |  32|   0|   32|          0|
    |window_i_2_0_promoted115149_fu_144                               |  32|   0|   32|          0|
    |window_i_2_1_promoted113146_fu_140                               |  32|   0|   32|          0|
    |window_i_2_2_promoted117152_fu_148                               |  32|   0|   32|          0|
    +-----------------------------------------------------------------+----+----+-----+-----------+
    |Total                                                            | 792|   0|  792|          0|
    +-----------------------------------------------------------------+----+----+-----+-----------+



================================================================
== Interface
================================================================
* Summary: 
+------------------+-----+-----+------------+--------------+--------------+
|     RTL Ports    | Dir | Bits|  Protocol  | Source Object|    C Type    |
+------------------+-----+-----+------------+--------------+--------------+
|ap_clk            |   in|    1|  ap_ctrl_hs|         conv1|  return value|
|ap_rst            |   in|    1|  ap_ctrl_hs|         conv1|  return value|
|ap_start          |   in|    1|  ap_ctrl_hs|         conv1|  return value|
|ap_done           |  out|    1|  ap_ctrl_hs|         conv1|  return value|
|ap_continue       |   in|    1|  ap_ctrl_hs|         conv1|  return value|
|ap_idle           |  out|    1|  ap_ctrl_hs|         conv1|  return value|
|ap_ready          |  out|    1|  ap_ctrl_hs|         conv1|  return value|
|mem_1_0_address0  |  out|   10|   ap_memory|       mem_1_0|         array|
|mem_1_0_ce0       |  out|    1|   ap_memory|       mem_1_0|         array|
|mem_1_0_q0        |   in|   32|   ap_memory|       mem_1_0|         array|
|mem_2_address0    |  out|   12|   ap_memory|         mem_2|         array|
|mem_2_ce0         |  out|    1|   ap_memory|         mem_2|         array|
|mem_2_we0         |  out|    1|   ap_memory|         mem_2|         array|
|mem_2_d0          |  out|   32|   ap_memory|         mem_2|         array|
+------------------+-----+-----+------------+--------------+--------------+

