

================================================================
== Vitis HLS Report for 'conv2D_4_s'
================================================================
* Date:           Thu Dec 25 15:19:37 2025

* Version:        2022.1 (Build 3526262 on Mon Apr 18 15:48:16 MDT 2022)
* Project:        Day_5_final_boss
* Solution:       sol5 (Vivado IP Flow Target)
* Product family: zynq
* Target device:  xc7z020-clg400-1


================================================================
== Performance Estimates
================================================================
+ Timing: 
    * Summary: 
    +--------+----------+----------+------------+
    |  Clock |  Target  | Estimated| Uncertainty|
    +--------+----------+----------+------------+
    |ap_clk  |  10.00 ns|  7.256 ns|     2.70 ns|
    +--------+----------+----------+------------+

+ Latency: 
    * Summary: 
    +---------+---------+----------+----------+-----+-----+---------+
    |  Latency (cycles) |  Latency (absolute) |  Interval | Pipeline|
    |   min   |   max   |    min   |    max   | min | max |   Type  |
    +---------+---------+----------+----------+-----+-----+---------+
    |       24|       24|  0.240 us|  0.240 us|    1|    1|      yes|
    +---------+---------+----------+----------+-----+-----+---------+

    + Detail: 
        * Instance: 
        N/A

        * Loop: 
        N/A



================================================================
== Utilization Estimates
================================================================
* Summary: 
+-----------------+---------+-----+--------+-------+-----+
|       Name      | BRAM_18K| DSP |   FF   |  LUT  | URAM|
+-----------------+---------+-----+--------+-------+-----+
|DSP              |        -|    -|       -|      -|    -|
|Expression       |        -|    -|       -|      -|    -|
|FIFO             |        -|    -|       -|      -|    -|
|Instance         |        -|   45|    3132|   6579|    -|
|Memory           |        -|    -|       -|      -|    -|
|Multiplexer      |        -|    -|       -|      -|    -|
|Register         |        -|    -|    2754|     64|    -|
+-----------------+---------+-----+--------+-------+-----+
|Total            |        0|   45|    5886|   6643|    0|
+-----------------+---------+-----+--------+-------+-----+
|Available        |      280|  220|  106400|  53200|    0|
+-----------------+---------+-----+--------+-------+-----+
|Utilization (%)  |        0|   20|       5|     12|    0|
+-----------------+---------+-----+--------+-------+-----+

+ Detail: 
    * Instance: 
    +-------------------------------------+--------------------------------+---------+----+-----+-----+-----+
    |               Instance              |             Module             | BRAM_18K| DSP|  FF | LUT | URAM|
    +-------------------------------------+--------------------------------+---------+----+-----+-----+-----+
    |fadd_32ns_32ns_32_5_full_dsp_1_U195  |fadd_32ns_32ns_32_5_full_dsp_1  |        0|   2|  205|  390|    0|
    |fadd_32ns_32ns_32_5_full_dsp_1_U196  |fadd_32ns_32ns_32_5_full_dsp_1  |        0|   2|  205|  390|    0|
    |fadd_32ns_32ns_32_5_full_dsp_1_U197  |fadd_32ns_32ns_32_5_full_dsp_1  |        0|   2|  205|  390|    0|
    |fadd_32ns_32ns_32_5_full_dsp_1_U198  |fadd_32ns_32ns_32_5_full_dsp_1  |        0|   2|  205|  390|    0|
    |fadd_32ns_32ns_32_5_full_dsp_1_U199  |fadd_32ns_32ns_32_5_full_dsp_1  |        0|   2|  205|  390|    0|
    |fadd_32ns_32ns_32_5_full_dsp_1_U200  |fadd_32ns_32ns_32_5_full_dsp_1  |        0|   2|  205|  390|    0|
    |fadd_32ns_32ns_32_5_full_dsp_1_U201  |fadd_32ns_32ns_32_5_full_dsp_1  |        0|   2|  205|  390|    0|
    |fadd_32ns_32ns_32_5_full_dsp_1_U202  |fadd_32ns_32ns_32_5_full_dsp_1  |        0|   2|  205|  390|    0|
    |fadd_32ns_32ns_32_5_full_dsp_1_U203  |fadd_32ns_32ns_32_5_full_dsp_1  |        0|   2|  205|  390|    0|
    |fmul_32ns_32ns_32_4_max_dsp_1_U204   |fmul_32ns_32ns_32_4_max_dsp_1   |        0|   3|  143|  321|    0|
    |fmul_32ns_32ns_32_4_max_dsp_1_U205   |fmul_32ns_32ns_32_4_max_dsp_1   |        0|   3|  143|  321|    0|
    |fmul_32ns_32ns_32_4_max_dsp_1_U206   |fmul_32ns_32ns_32_4_max_dsp_1   |        0|   3|  143|  321|    0|
    |fmul_32ns_32ns_32_4_max_dsp_1_U207   |fmul_32ns_32ns_32_4_max_dsp_1   |        0|   3|  143|  321|    0|
    |fmul_32ns_32ns_32_4_max_dsp_1_U208   |fmul_32ns_32ns_32_4_max_dsp_1   |        0|   3|  143|  321|    0|
    |fmul_32ns_32ns_32_4_max_dsp_1_U209   |fmul_32ns_32ns_32_4_max_dsp_1   |        0|   3|  143|  321|    0|
    |fmul_32ns_32ns_32_4_max_dsp_1_U210   |fmul_32ns_32ns_32_4_max_dsp_1   |        0|   3|  143|  321|    0|
    |fmul_32ns_32ns_32_4_max_dsp_1_U211   |fmul_32ns_32ns_32_4_max_dsp_1   |        0|   3|  143|  321|    0|
    |fmul_32ns_32ns_32_4_max_dsp_1_U212   |fmul_32ns_32ns_32_4_max_dsp_1   |        0|   3|  143|  321|    0|
    |mux_42_32_1_1_U213                   |mux_42_32_1_1                   |        0|   0|    0|   20|    0|
    |mux_42_32_1_1_U214                   |mux_42_32_1_1                   |        0|   0|    0|   20|    0|
    |mux_42_32_1_1_U215                   |mux_42_32_1_1                   |        0|   0|    0|   20|    0|
    |mux_42_32_1_1_U216                   |mux_42_32_1_1                   |        0|   0|    0|   20|    0|
    |mux_42_32_1_1_U217                   |mux_42_32_1_1                   |        0|   0|    0|   20|    0|
    |mux_42_32_1_1_U218                   |mux_42_32_1_1                   |        0|   0|    0|   20|    0|
    |mux_42_32_1_1_U219                   |mux_42_32_1_1                   |        0|   0|    0|   20|    0|
    |mux_42_32_1_1_U220                   |mux_42_32_1_1                   |        0|   0|    0|   20|    0|
    |mux_42_32_1_1_U221                   |mux_42_32_1_1                   |        0|   0|    0|   20|    0|
    +-------------------------------------+--------------------------------+---------+----+-----+-----+-----+
    |Total                                |                                |        0|  45| 3132| 6579|    0|
    +-------------------------------------+--------------------------------+---------+----+-----+-----+-----+

    * DSP: 
    N/A

    * Memory: 
    N/A

    * FIFO: 
    N/A

    * Expression: 
    N/A

    * Multiplexer: 
    N/A

    * Register: 
    +-----------------------+----+----+-----+-----------+
    |          Name         | FF | LUT| Bits| Const Bits|
    +-----------------------+----+----+-----+-----------+
    |kch_int_reg            |   2|   0|    2|          0|
    |mul_1_1_reg_703        |  32|   0|   32|          0|
    |mul_1_2_reg_708        |  32|   0|   32|          0|
    |mul_1_reg_698          |  32|   0|   32|          0|
    |mul_2_1_reg_718        |  32|   0|   32|          0|
    |mul_2_2_reg_723        |  32|   0|   32|          0|
    |mul_2_reg_713          |  32|   0|   32|          0|
    |mul_3_reg_693          |  32|   0|   32|          0|
    |mul_reg_683            |  32|   0|   32|          0|
    |mul_s_reg_688          |  32|   0|   32|          0|
    |p_read10_int_reg       |  32|   0|   32|          0|
    |p_read11_int_reg       |  32|   0|   32|          0|
    |p_read12_int_reg       |  32|   0|   32|          0|
    |p_read13_int_reg       |  32|   0|   32|          0|
    |p_read14_int_reg       |  32|   0|   32|          0|
    |p_read15_int_reg       |  32|   0|   32|          0|
    |p_read16_int_reg       |  32|   0|   32|          0|
    |p_read17_int_reg       |  32|   0|   32|          0|
    |p_read18_int_reg       |  32|   0|   32|          0|
    |p_read19_int_reg       |  32|   0|   32|          0|
    |p_read1_int_reg        |  32|   0|   32|          0|
    |p_read20_int_reg       |  32|   0|   32|          0|
    |p_read21_int_reg       |  32|   0|   32|          0|
    |p_read22_int_reg       |  32|   0|   32|          0|
    |p_read23_int_reg       |  32|   0|   32|          0|
    |p_read24_int_reg       |  32|   0|   32|          0|
    |p_read25_int_reg       |  32|   0|   32|          0|
    |p_read26_int_reg       |  32|   0|   32|          0|
    |p_read27_int_reg       |  32|   0|   32|          0|
    |p_read28_int_reg       |  32|   0|   32|          0|
    |p_read29_int_reg       |  32|   0|   32|          0|
    |p_read2_int_reg        |  32|   0|   32|          0|
    |p_read30_int_reg       |  32|   0|   32|          0|
    |p_read31_int_reg       |  32|   0|   32|          0|
    |p_read32_int_reg       |  32|   0|   32|          0|
    |p_read33_int_reg       |  32|   0|   32|          0|
    |p_read34_int_reg       |  32|   0|   32|          0|
    |p_read35_int_reg       |  32|   0|   32|          0|
    |p_read36_int_reg       |  32|   0|   32|          0|
    |p_read37_int_reg       |  32|   0|   32|          0|
    |p_read38_int_reg       |  32|   0|   32|          0|
    |p_read39_int_reg       |  32|   0|   32|          0|
    |p_read3_int_reg        |  32|   0|   32|          0|
    |p_read40_int_reg       |  32|   0|   32|          0|
    |p_read41_int_reg       |  32|   0|   32|          0|
    |p_read42_int_reg       |  32|   0|   32|          0|
    |p_read43_int_reg       |  32|   0|   32|          0|
    |p_read44_int_reg       |  32|   0|   32|          0|
    |p_read4_int_reg        |  32|   0|   32|          0|
    |p_read5_int_reg        |  32|   0|   32|          0|
    |p_read6_int_reg        |  32|   0|   32|          0|
    |p_read7_int_reg        |  32|   0|   32|          0|
    |p_read8_int_reg        |  32|   0|   32|          0|
    |p_read9_int_reg        |  32|   0|   32|          0|
    |p_read_16_reg_593      |  32|   0|   32|          0|
    |p_read_17_reg_598      |  32|   0|   32|          0|
    |p_read_18_reg_603      |  32|   0|   32|          0|
    |p_read_19_reg_608      |  32|   0|   32|          0|
    |p_read_20_reg_613      |  32|   0|   32|          0|
    |p_read_21_reg_618      |  32|   0|   32|          0|
    |p_read_22_reg_623      |  32|   0|   32|          0|
    |p_read_23_reg_628      |  32|   0|   32|          0|
    |p_read_24_reg_633      |  32|   0|   32|          0|
    |p_read_int_reg         |  32|   0|   32|          0|
    |prev_sum_int_reg       |  32|   0|   32|          0|
    |prev_sum_read_reg_588  |  32|   0|   32|          0|
    |s0_reg_728             |  32|   0|   32|          0|
    |s1_reg_733             |  32|   0|   32|          0|
    |s2_reg_738             |  32|   0|   32|          0|
    |s3_reg_743             |  32|   0|   32|          0|
    |s4_reg_748             |  32|   0|   32|          0|
    |s5_reg_753             |  32|   0|   32|          0|
    |s6_reg_758             |  32|   0|   32|          0|
    |s7_reg_763             |  32|   0|   32|          0|
    |tmp_1_reg_658          |  32|   0|   32|          0|
    |tmp_2_reg_663          |  32|   0|   32|          0|
    |tmp_3_reg_668          |  32|   0|   32|          0|
    |tmp_4_reg_673          |  32|   0|   32|          0|
    |tmp_5_reg_678          |  32|   0|   32|          0|
    |tmp_8_reg_643          |  32|   0|   32|          0|
    |tmp_9_reg_648          |  32|   0|   32|          0|
    |tmp_reg_638            |  32|   0|   32|          0|
    |tmp_s_reg_653          |  32|   0|   32|          0|
    |prev_sum_read_reg_588  |  64|  32|   32|          0|
    |s4_reg_748             |  64|  32|   32|          0|
    +-----------------------+----+----+-----+-----------+
    |Total                  |2754|  64| 2690|          0|
    +-----------------------+----+----+-----+-----------+



================================================================
== Interface
================================================================
* Summary: 
+-----------+-----+-----+------------+--------------+--------------+
| RTL Ports | Dir | Bits|  Protocol  | Source Object|    C Type    |
+-----------+-----+-----+------------+--------------+--------------+
|ap_clk     |   in|    1|  ap_ctrl_hs|     conv2D<4>|  return value|
|ap_rst     |   in|    1|  ap_ctrl_hs|     conv2D<4>|  return value|
|ap_return  |  out|   32|  ap_ctrl_hs|     conv2D<4>|  return value|
|kch        |   in|    2|     ap_none|           kch|        scalar|
|p_read     |   in|   32|     ap_none|        p_read|        scalar|
|p_read1    |   in|   32|     ap_none|       p_read1|        scalar|
|p_read2    |   in|   32|     ap_none|       p_read2|        scalar|
|p_read3    |   in|   32|     ap_none|       p_read3|        scalar|
|p_read4    |   in|   32|     ap_none|       p_read4|        scalar|
|p_read5    |   in|   32|     ap_none|       p_read5|        scalar|
|p_read6    |   in|   32|     ap_none|       p_read6|        scalar|
|p_read7    |   in|   32|     ap_none|       p_read7|        scalar|
|p_read8    |   in|   32|     ap_none|       p_read8|        scalar|
|p_read9    |   in|   32|     ap_none|       p_read9|        scalar|
|p_read10   |   in|   32|     ap_none|      p_read10|        scalar|
|p_read11   |   in|   32|     ap_none|      p_read11|        scalar|
|p_read12   |   in|   32|     ap_none|      p_read12|        scalar|
|p_read13   |   in|   32|     ap_none|      p_read13|        scalar|
|p_read14   |   in|   32|     ap_none|      p_read14|        scalar|
|p_read15   |   in|   32|     ap_none|      p_read15|        scalar|
|p_read16   |   in|   32|     ap_none|      p_read16|        scalar|
|p_read17   |   in|   32|     ap_none|      p_read17|        scalar|
|p_read18   |   in|   32|     ap_none|      p_read18|        scalar|
|p_read19   |   in|   32|     ap_none|      p_read19|        scalar|
|p_read20   |   in|   32|     ap_none|      p_read20|        scalar|
|p_read21   |   in|   32|     ap_none|      p_read21|        scalar|
|p_read22   |   in|   32|     ap_none|      p_read22|        scalar|
|p_read23   |   in|   32|     ap_none|      p_read23|        scalar|
|p_read24   |   in|   32|     ap_none|      p_read24|        scalar|
|p_read25   |   in|   32|     ap_none|      p_read25|        scalar|
|p_read26   |   in|   32|     ap_none|      p_read26|        scalar|
|p_read27   |   in|   32|     ap_none|      p_read27|        scalar|
|p_read28   |   in|   32|     ap_none|      p_read28|        scalar|
|p_read29   |   in|   32|     ap_none|      p_read29|        scalar|
|p_read30   |   in|   32|     ap_none|      p_read30|        scalar|
|p_read31   |   in|   32|     ap_none|      p_read31|        scalar|
|p_read32   |   in|   32|     ap_none|      p_read32|        scalar|
|p_read33   |   in|   32|     ap_none|      p_read33|        scalar|
|p_read34   |   in|   32|     ap_none|      p_read34|        scalar|
|p_read35   |   in|   32|     ap_none|      p_read35|        scalar|
|p_read36   |   in|   32|     ap_none|      p_read36|        scalar|
|p_read37   |   in|   32|     ap_none|      p_read37|        scalar|
|p_read38   |   in|   32|     ap_none|      p_read38|        scalar|
|p_read39   |   in|   32|     ap_none|      p_read39|        scalar|
|p_read40   |   in|   32|     ap_none|      p_read40|        scalar|
|p_read41   |   in|   32|     ap_none|      p_read41|        scalar|
|p_read42   |   in|   32|     ap_none|      p_read42|        scalar|
|p_read43   |   in|   32|     ap_none|      p_read43|        scalar|
|p_read44   |   in|   32|     ap_none|      p_read44|        scalar|
|prev_sum   |   in|   32|     ap_none|      prev_sum|        scalar|
+-----------+-----+-----+------------+--------------+--------------+

