

================================================================
== Vitis HLS Report for 'FC_layer_100_16_true_s'
================================================================
* Date:           Thu Dec 25 15:19:39 2025

* Version:        2022.1 (Build 3526262 on Mon Apr 18 15:48:16 MDT 2022)
* Project:        Day_5_final_boss
* Solution:       sol5 (Vivado IP Flow Target)
* Product family: zynq
* Target device:  xc7z020-clg400-1


================================================================
== Performance Estimates
================================================================
+ Timing: 
    * Summary: 
    +--------+----------+----------+------------+
    |  Clock |  Target  | Estimated| Uncertainty|
    +--------+----------+----------+------------+
    |ap_clk  |  10.00 ns|  7.256 ns|     2.70 ns|
    +--------+----------+----------+------------+

+ Latency: 
    * Summary: 
    +---------+---------+-----------+-----------+------+------+---------+
    |  Latency (cycles) |   Latency (absolute)  |   Interval  | Pipeline|
    |   min   |   max   |    min    |    max    |  min |  max |   Type  |
    +---------+---------+-----------+-----------+------+------+---------+
    |     2209|     2209|  22.090 us|  22.090 us|  2209|  2209|       no|
    +---------+---------+-----------+-----------+------+------+---------+

    + Detail: 
        * Instance: 
        N/A

        * Loop: 
        +---------------------+---------+---------+----------+-----------+-----------+------+----------+
        |                     |  Latency (cycles) | Iteration|  Initiation Interval  | Trip |          |
        |      Loop Name      |   min   |   max   |  Latency |  achieved |   target  | Count| Pipelined|
        +---------------------+---------+---------+----------+-----------+-----------+------+----------+
        |- out_loop           |     2208|     2208|      1104|          -|          -|     2|        no|
        | + VITIS_LOOP_216_1  |     1100|     1100|        11|          -|          -|   100|        no|
        +---------------------+---------+---------+----------+-----------+-----------+------+----------+



================================================================
== Utilization Estimates
================================================================
* Summary: 
+-----------------+---------+-----+--------+-------+-----+
|       Name      | BRAM_18K| DSP |   FF   |  LUT  | URAM|
+-----------------+---------+-----+--------+-------+-----+
|DSP              |        -|    -|       -|      -|    -|
|Expression       |        -|    -|       0|   1449|    -|
|FIFO             |        -|    -|       -|      -|    -|
|Instance         |        -|   40|    2784|   6016|    -|
|Memory           |       28|    -|     256|      8|    -|
|Multiplexer      |        -|    -|       -|     83|    -|
|Register         |        -|    -|    2210|      -|    -|
+-----------------+---------+-----+--------+-------+-----+
|Total            |       28|   40|    5250|   7556|    0|
+-----------------+---------+-----+--------+-------+-----+
|Available        |      280|  220|  106400|  53200|    0|
+-----------------+---------+-----+--------+-------+-----+
|Utilization (%)  |       10|   18|       4|     14|    0|
+-----------------+---------+-----+--------+-------+-----+

+ Detail: 
    * Instance: 
    +-------------------------------------+--------------------------------+---------+----+-----+-----+-----+
    |               Instance              |             Module             | BRAM_18K| DSP|  FF | LUT | URAM|
    +-------------------------------------+--------------------------------+---------+----+-----+-----+-----+
    |fadd_32ns_32ns_32_5_full_dsp_1_U393  |fadd_32ns_32ns_32_5_full_dsp_1  |        0|   2|  205|  390|    0|
    |fadd_32ns_32ns_32_5_full_dsp_1_U394  |fadd_32ns_32ns_32_5_full_dsp_1  |        0|   2|  205|  390|    0|
    |fadd_32ns_32ns_32_5_full_dsp_1_U395  |fadd_32ns_32ns_32_5_full_dsp_1  |        0|   2|  205|  390|    0|
    |fadd_32ns_32ns_32_5_full_dsp_1_U396  |fadd_32ns_32ns_32_5_full_dsp_1  |        0|   2|  205|  390|    0|
    |fadd_32ns_32ns_32_5_full_dsp_1_U397  |fadd_32ns_32ns_32_5_full_dsp_1  |        0|   2|  205|  390|    0|
    |fadd_32ns_32ns_32_5_full_dsp_1_U398  |fadd_32ns_32ns_32_5_full_dsp_1  |        0|   2|  205|  390|    0|
    |fadd_32ns_32ns_32_5_full_dsp_1_U399  |fadd_32ns_32ns_32_5_full_dsp_1  |        0|   2|  205|  390|    0|
    |fadd_32ns_32ns_32_5_full_dsp_1_U400  |fadd_32ns_32ns_32_5_full_dsp_1  |        0|   2|  205|  390|    0|
    |fcmp_32ns_32ns_1_2_no_dsp_1_U409     |fcmp_32ns_32ns_1_2_no_dsp_1     |        0|   0|    0|    0|    0|
    |fcmp_32ns_32ns_1_2_no_dsp_1_U410     |fcmp_32ns_32ns_1_2_no_dsp_1     |        0|   0|    0|    0|    0|
    |fcmp_32ns_32ns_1_2_no_dsp_1_U411     |fcmp_32ns_32ns_1_2_no_dsp_1     |        0|   0|    0|    0|    0|
    |fcmp_32ns_32ns_1_2_no_dsp_1_U412     |fcmp_32ns_32ns_1_2_no_dsp_1     |        0|   0|    0|    0|    0|
    |fcmp_32ns_32ns_1_2_no_dsp_1_U413     |fcmp_32ns_32ns_1_2_no_dsp_1     |        0|   0|    0|    0|    0|
    |fcmp_32ns_32ns_1_2_no_dsp_1_U414     |fcmp_32ns_32ns_1_2_no_dsp_1     |        0|   0|    0|    0|    0|
    |fcmp_32ns_32ns_1_2_no_dsp_1_U415     |fcmp_32ns_32ns_1_2_no_dsp_1     |        0|   0|    0|    0|    0|
    |fcmp_32ns_32ns_1_2_no_dsp_1_U416     |fcmp_32ns_32ns_1_2_no_dsp_1     |        0|   0|    0|    0|    0|
    |fmul_32ns_32ns_32_4_max_dsp_1_U401   |fmul_32ns_32ns_32_4_max_dsp_1   |        0|   3|  143|  321|    0|
    |fmul_32ns_32ns_32_4_max_dsp_1_U402   |fmul_32ns_32ns_32_4_max_dsp_1   |        0|   3|  143|  321|    0|
    |fmul_32ns_32ns_32_4_max_dsp_1_U403   |fmul_32ns_32ns_32_4_max_dsp_1   |        0|   3|  143|  321|    0|
    |fmul_32ns_32ns_32_4_max_dsp_1_U404   |fmul_32ns_32ns_32_4_max_dsp_1   |        0|   3|  143|  321|    0|
    |fmul_32ns_32ns_32_4_max_dsp_1_U405   |fmul_32ns_32ns_32_4_max_dsp_1   |        0|   3|  143|  321|    0|
    |fmul_32ns_32ns_32_4_max_dsp_1_U406   |fmul_32ns_32ns_32_4_max_dsp_1   |        0|   3|  143|  321|    0|
    |fmul_32ns_32ns_32_4_max_dsp_1_U407   |fmul_32ns_32ns_32_4_max_dsp_1   |        0|   3|  143|  321|    0|
    |fmul_32ns_32ns_32_4_max_dsp_1_U408   |fmul_32ns_32ns_32_4_max_dsp_1   |        0|   3|  143|  321|    0|
    |mul_4ns_8ns_11_1_1_U417              |mul_4ns_8ns_11_1_1              |        0|   0|    0|   41|    0|
    |mul_4ns_8ns_11_1_1_U418              |mul_4ns_8ns_11_1_1              |        0|   0|    0|   41|    0|
    |mul_4ns_8ns_11_1_1_U419              |mul_4ns_8ns_11_1_1              |        0|   0|    0|   41|    0|
    |mul_4ns_8ns_11_1_1_U420              |mul_4ns_8ns_11_1_1              |        0|   0|    0|   41|    0|
    |mul_4ns_8ns_11_1_1_U421              |mul_4ns_8ns_11_1_1              |        0|   0|    0|   41|    0|
    |mul_4ns_8ns_11_1_1_U422              |mul_4ns_8ns_11_1_1              |        0|   0|    0|   41|    0|
    |mul_4ns_8ns_11_1_1_U423              |mul_4ns_8ns_11_1_1              |        0|   0|    0|   41|    0|
    |mul_4ns_8ns_11_1_1_U424              |mul_4ns_8ns_11_1_1              |        0|   0|    0|   41|    0|
    +-------------------------------------+--------------------------------+---------+----+-----+-----+-----+
    |Total                                |                                |        0|  40| 2784| 6016|    0|
    +-------------------------------------+--------------------------------+---------+----+-----+-----+-----+

    * DSP: 
    N/A

    * Memory: 
    +--------------+-----------------------------------------------+---------+-----+----+-----+------+-----+------+-------------+
    |    Memory    |                     Module                    | BRAM_18K|  FF | LUT| URAM| Words| Bits| Banks| W*Bits*Banks|
    +--------------+-----------------------------------------------+---------+-----+----+-----+------+-----+------+-------------+
    |fc1_bias_U    |FC_layer_100_16_true_s_fc1_bias_ROM_AUTO_1R    |        0|  256|   8|    0|    16|   32|     1|          512|
    |fc1_weight_U  |FC_layer_100_16_true_s_fc1_weight_ROM_AUTO_1R  |       28|    0|   0|    0|  1600|   32|     1|        51200|
    +--------------+-----------------------------------------------+---------+-----+----+-----+------+-----+------+-------------+
    |Total         |                                               |       28|  256|   8|    0|  1616|   64|     2|        51712|
    +--------------+-----------------------------------------------+---------+-----+----+-----+------+-----+------+-------------+

    * FIFO: 
    N/A

    * Expression: 
    +----------------------------+----------+----+---+----+------------+------------+
    |        Variable Name       | Operation| DSP| FF| LUT| Bitwidth P0| Bitwidth P1|
    +----------------------------+----------+----+---+----+------------+------------+
    |add_ln213_fu_586_p2         |         +|   0|  0|  10|           2|           1|
    |add_ln216_fu_949_p2         |         +|   0|  0|  14|           7|           1|
    |add_ln230_10_fu_923_p2      |         +|   0|  0|  12|          11|          11|
    |add_ln230_11_fu_933_p2      |         +|   0|  0|  12|          11|          11|
    |add_ln230_5_fu_873_p2       |         +|   0|  0|  12|          11|          11|
    |add_ln230_6_fu_883_p2       |         +|   0|  0|  12|          11|          11|
    |add_ln230_7_fu_893_p2       |         +|   0|  0|  12|          11|          11|
    |add_ln230_8_fu_903_p2       |         +|   0|  0|  12|          11|          11|
    |add_ln230_9_fu_913_p2       |         +|   0|  0|  12|          11|          11|
    |add_ln230_fu_863_p2         |         +|   0|  0|  12|          11|          11|
    |and_ln61_1_fu_1149_p2       |       and|   0|  0|   2|           1|           1|
    |and_ln61_2_fu_1197_p2       |       and|   0|  0|   2|           1|           1|
    |and_ln61_3_fu_1245_p2       |       and|   0|  0|   2|           1|           1|
    |and_ln61_4_fu_1293_p2       |       and|   0|  0|   2|           1|           1|
    |and_ln61_5_fu_1341_p2       |       and|   0|  0|   2|           1|           1|
    |and_ln61_6_fu_1389_p2       |       and|   0|  0|   2|           1|           1|
    |and_ln61_7_fu_1437_p2       |       and|   0|  0|   2|           1|           1|
    |and_ln61_fu_1101_p2         |       and|   0|  0|   2|           1|           1|
    |cmp9_fu_955_p2              |      icmp|   0|  0|  10|           7|           1|
    |icmp_ln213_fu_580_p2        |      icmp|   0|  0|   8|           2|           3|
    |icmp_ln216_fu_943_p2        |      icmp|   0|  0|  10|           7|           6|
    |icmp_ln237_fu_1017_p2       |      icmp|   0|  0|   9|           4|           1|
    |icmp_ln61_10_fu_1233_p2     |      icmp|   0|  0|  15|          23|           1|
    |icmp_ln61_11_fu_1275_p2     |      icmp|   0|  0|  11|           8|           2|
    |icmp_ln61_12_fu_1281_p2     |      icmp|   0|  0|  15|          23|           1|
    |icmp_ln61_13_fu_1323_p2     |      icmp|   0|  0|  11|           8|           2|
    |icmp_ln61_14_fu_1329_p2     |      icmp|   0|  0|  15|          23|           1|
    |icmp_ln61_15_fu_1371_p2     |      icmp|   0|  0|  11|           8|           2|
    |icmp_ln61_16_fu_1377_p2     |      icmp|   0|  0|  15|          23|           1|
    |icmp_ln61_17_fu_1419_p2     |      icmp|   0|  0|  11|           8|           2|
    |icmp_ln61_18_fu_1425_p2     |      icmp|   0|  0|  15|          23|           1|
    |icmp_ln61_4_fu_1089_p2      |      icmp|   0|  0|  15|          23|           1|
    |icmp_ln61_5_fu_1131_p2      |      icmp|   0|  0|  11|           8|           2|
    |icmp_ln61_6_fu_1137_p2      |      icmp|   0|  0|  15|          23|           1|
    |icmp_ln61_7_fu_1179_p2      |      icmp|   0|  0|  11|           8|           2|
    |icmp_ln61_8_fu_1185_p2      |      icmp|   0|  0|  15|          23|           1|
    |icmp_ln61_9_fu_1227_p2      |      icmp|   0|  0|  11|           8|           2|
    |icmp_ln61_fu_1083_p2        |      icmp|   0|  0|  11|           8|           2|
    |empty_220_fu_609_p2         |        or|   0|  0|   4|           4|           1|
    |empty_221_fu_620_p2         |        or|   0|  0|   4|           4|           2|
    |empty_222_fu_631_p2         |        or|   0|  0|   4|           4|           2|
    |empty_223_fu_642_p2         |        or|   0|  0|   4|           4|           3|
    |empty_224_fu_653_p2         |        or|   0|  0|   4|           4|           3|
    |empty_225_fu_664_p2         |        or|   0|  0|   4|           4|           3|
    |empty_226_fu_675_p2         |        or|   0|  0|   4|           4|           3|
    |or_ln61_1_fu_1143_p2        |        or|   0|  0|   2|           1|           1|
    |or_ln61_2_fu_1191_p2        |        or|   0|  0|   2|           1|           1|
    |or_ln61_3_fu_1239_p2        |        or|   0|  0|   2|           1|           1|
    |or_ln61_4_fu_1287_p2        |        or|   0|  0|   2|           1|           1|
    |or_ln61_5_fu_1335_p2        |        or|   0|  0|   2|           1|           1|
    |or_ln61_6_fu_1383_p2        |        or|   0|  0|   2|           1|           1|
    |or_ln61_7_fu_1431_p2        |        or|   0|  0|   2|           1|           1|
    |or_ln61_fu_1095_p2          |        or|   0|  0|   2|           1|           1|
    |select_ln220_10_fu_1003_p3  |    select|   0|  0|  32|           1|          32|
    |select_ln220_11_fu_1010_p3  |    select|   0|  0|  32|           1|          32|
    |select_ln220_5_fu_968_p3    |    select|   0|  0|  32|           1|          32|
    |select_ln220_6_fu_975_p3    |    select|   0|  0|  32|           1|          32|
    |select_ln220_7_fu_982_p3    |    select|   0|  0|  32|           1|          32|
    |select_ln220_8_fu_989_p3    |    select|   0|  0|  32|           1|          32|
    |select_ln220_9_fu_996_p3    |    select|   0|  0|  32|           1|          32|
    |select_ln220_fu_961_p3      |    select|   0|  0|  32|           1|          32|
    |select_ln237_10_fu_1520_p3  |    select|   0|  0|  32|           1|          32|
    |select_ln237_11_fu_1527_p3  |    select|   0|  0|  32|           1|          32|
    |select_ln237_12_fu_1534_p3  |    select|   0|  0|  32|           1|          32|
    |select_ln237_13_fu_1541_p3  |    select|   0|  0|  32|           1|          32|
    |select_ln237_14_fu_1548_p3  |    select|   0|  0|  32|           1|          32|
    |select_ln237_15_fu_1555_p3  |    select|   0|  0|  32|           1|          32|
    |select_ln237_1_fu_1457_p3   |    select|   0|  0|  32|           1|          32|
    |select_ln237_2_fu_1464_p3   |    select|   0|  0|  32|           1|          32|
    |select_ln237_3_fu_1471_p3   |    select|   0|  0|  32|           1|          32|
    |select_ln237_4_fu_1478_p3   |    select|   0|  0|  32|           1|          32|
    |select_ln237_5_fu_1485_p3   |    select|   0|  0|  32|           1|          32|
    |select_ln237_6_fu_1492_p3   |    select|   0|  0|  32|           1|          32|
    |select_ln237_7_fu_1499_p3   |    select|   0|  0|  32|           1|          32|
    |select_ln237_8_fu_1506_p3   |    select|   0|  0|  32|           1|          32|
    |select_ln237_9_fu_1513_p3   |    select|   0|  0|  32|           1|          32|
    |select_ln237_fu_1450_p3     |    select|   0|  0|  32|           1|          32|
    |select_ln61_1_fu_1155_p3    |    select|   0|  0|  32|           1|           1|
    |select_ln61_2_fu_1203_p3    |    select|   0|  0|  32|           1|           1|
    |select_ln61_3_fu_1251_p3    |    select|   0|  0|  32|           1|           1|
    |select_ln61_4_fu_1299_p3    |    select|   0|  0|  32|           1|           1|
    |select_ln61_5_fu_1347_p3    |    select|   0|  0|  32|           1|           1|
    |select_ln61_6_fu_1395_p3    |    select|   0|  0|  32|           1|           1|
    |select_ln61_7_fu_1443_p3    |    select|   0|  0|  32|           1|           1|
    |select_ln61_fu_1107_p3      |    select|   0|  0|  32|           1|           1|
    +----------------------------+----------+----+---+----+------------+------------+
    |Total                       |          |   0|  0|1449|         441|         934|
    +----------------------------+----------+----+---+----+------------+------------+

    * Multiplexer: 
    +-----------------+----+-----------+-----+-----------+
    |       Name      | LUT| Input Size| Bits| Total Bits|
    +-----------------+----+-----------+-----+-----------+
    |ap_NS_fsm        |  65|         16|    1|         16|
    |i_index_reg_377  |   9|          2|    7|         14|
    |turn_fu_70       |   9|          2|    2|          4|
    +-----------------+----+-----------+-----+-----------+
    |Total            |  83|         20|   10|         34|
    +-----------------+----+-----------+-----+-----------+

    * Register: 
    +-------------------------------+----+----+-----+-----------+
    |              Name             | FF | LUT| Bits| Const Bits|
    +-------------------------------+----+----+-----+-----------+
    |add32_1_lcssa12_fu_142         |  32|   0|   32|          0|
    |add32_1_lcssa12_load_reg_2062  |  32|   0|   32|          0|
    |add32_2_lcssa14_fu_146         |  32|   0|   32|          0|
    |add32_2_lcssa14_load_reg_2069  |  32|   0|   32|          0|
    |add32_3_lcssa16_fu_150         |  32|   0|   32|          0|
    |add32_3_lcssa16_load_reg_2076  |  32|   0|   32|          0|
    |add32_4_lcssa18_fu_154         |  32|   0|   32|          0|
    |add32_4_lcssa18_load_reg_2083  |  32|   0|   32|          0|
    |add32_5_lcssa20_fu_158         |  32|   0|   32|          0|
    |add32_5_lcssa20_load_reg_2090  |  32|   0|   32|          0|
    |add32_6_lcssa22_fu_162         |  32|   0|   32|          0|
    |add32_6_lcssa22_load_reg_2097  |  32|   0|   32|          0|
    |add32_7_lcssa24_fu_166         |  32|   0|   32|          0|
    |add32_7_lcssa24_load_reg_2104  |  32|   0|   32|          0|
    |add32_lcssa10_fu_138           |  32|   0|   32|          0|
    |add32_lcssa10_load_reg_2055    |  32|   0|   32|          0|
    |add_ln213_reg_1796             |   2|   0|    2|          0|
    |add_ln216_reg_2010             |   7|   0|    7|          0|
    |ap_CS_fsm                      |  15|   0|   15|          0|
    |empty_220_reg_1812             |   1|   0|    4|          3|
    |empty_221_reg_1822             |   1|   0|    4|          3|
    |empty_222_reg_1832             |   1|   0|    4|          3|
    |empty_223_reg_1842             |   1|   0|    4|          3|
    |empty_224_reg_1852             |   1|   0|    4|          3|
    |empty_225_reg_1862             |   1|   0|    4|          3|
    |empty_226_reg_1872             |   1|   0|    4|          3|
    |fc1_bias_load_1_reg_1927       |  32|   0|   32|          0|
    |fc1_bias_load_2_reg_1932       |  32|   0|   32|          0|
    |fc1_bias_load_3_reg_1937       |  32|   0|   32|          0|
    |fc1_bias_load_4_reg_1942       |  32|   0|   32|          0|
    |fc1_bias_load_5_reg_1947       |  32|   0|   32|          0|
    |fc1_bias_load_6_reg_1952       |  32|   0|   32|          0|
    |fc1_bias_load_7_reg_1957       |  32|   0|   32|          0|
    |fc1_bias_load_reg_1922         |  32|   0|   32|          0|
    |fc1_weight_load_1_reg_2148     |  32|   0|   32|          0|
    |fc1_weight_load_2_reg_2153     |  32|   0|   32|          0|
    |fc1_weight_load_3_reg_2158     |  32|   0|   32|          0|
    |fc1_weight_load_4_reg_2163     |  32|   0|   32|          0|
    |fc1_weight_load_5_reg_2168     |  32|   0|   32|          0|
    |fc1_weight_load_6_reg_2173     |  32|   0|   32|          0|
    |fc1_weight_load_7_reg_2178     |  32|   0|   32|          0|
    |fc1_weight_load_reg_2143       |  32|   0|   32|          0|
    |i_index_reg_377                |   7|   0|    7|          0|
    |icmp_ln237_reg_2111            |   1|   0|    1|          0|
    |ip_reg_2131                    |  32|   0|   32|          0|
    |mul31_1_reg_2188               |  32|   0|   32|          0|
    |mul31_2_reg_2193               |  32|   0|   32|          0|
    |mul31_3_reg_2198               |  32|   0|   32|          0|
    |mul31_4_reg_2203               |  32|   0|   32|          0|
    |mul31_5_reg_2208               |  32|   0|   32|          0|
    |mul31_6_reg_2213               |  32|   0|   32|          0|
    |mul31_7_reg_2218               |  32|   0|   32|          0|
    |mul_ln230_1_reg_1887           |  11|   0|   11|          0|
    |mul_ln230_2_reg_1892           |  11|   0|   11|          0|
    |mul_ln230_3_reg_1897           |  11|   0|   11|          0|
    |mul_ln230_4_reg_1902           |  11|   0|   11|          0|
    |mul_ln230_5_reg_1907           |  11|   0|   11|          0|
    |mul_ln230_6_reg_1912           |  11|   0|   11|          0|
    |mul_ln230_7_reg_1917           |  11|   0|   11|          0|
    |mul_ln230_reg_1882             |  11|   0|   11|          0|
    |mul_reg_2183                   |  32|   0|   32|          0|
    |output_0_018_fu_82             |  32|   0|   32|          0|
    |output_10_023_fu_102           |  32|   0|   32|          0|
    |output_11_022_fu_98            |  32|   0|   32|          0|
    |output_12_020_fu_90            |  32|   0|   32|          0|
    |output_13_019_fu_86            |  32|   0|   32|          0|
    |output_1445_017_fu_78          |  32|   0|   32|          0|
    |output_15_016_fu_74            |  32|   0|   32|          0|
    |output_1_021_fu_94             |  32|   0|   32|          0|
    |output_2_024_fu_106            |  32|   0|   32|          0|
    |output_3_027_fu_118            |  32|   0|   32|          0|
    |output_4_030_fu_130            |  32|   0|   32|          0|
    |output_5_031_fu_134            |  32|   0|   32|          0|
    |output_6_029_fu_126            |  32|   0|   32|          0|
    |output_7_028_fu_122            |  32|   0|   32|          0|
    |output_8_026_fu_114            |  32|   0|   32|          0|
    |output_9_025_fu_110            |  32|   0|   32|          0|
    |select_ln220_10_reg_2045       |  32|   0|   32|          0|
    |select_ln220_11_reg_2050       |  32|   0|   32|          0|
    |select_ln220_5_reg_2020        |  32|   0|   32|          0|
    |select_ln220_6_reg_2025        |  32|   0|   32|          0|
    |select_ln220_7_reg_2030        |  32|   0|   32|          0|
    |select_ln220_8_reg_2035        |  32|   0|   32|          0|
    |select_ln220_9_reg_2040        |  32|   0|   32|          0|
    |select_ln220_reg_2015          |  32|   0|   32|          0|
    |shl_ln_reg_1801                |   1|   0|    4|          3|
    |turn_fu_70                     |   2|   0|    2|          0|
    +-------------------------------+----+----+-----+-----------+
    |Total                          |2210|   0| 2234|         24|
    +-------------------------------+----+----+-----+-----------+



================================================================
== Interface
================================================================
* Summary: 
+------------------+-----+-----+------------+-------------------------+--------------+
|     RTL Ports    | Dir | Bits|  Protocol  |      Source Object      |    C Type    |
+------------------+-----+-----+------------+-------------------------+--------------+
|ap_clk            |   in|    1|  ap_ctrl_hs|  FC_layer<100, 16, true>|  return value|
|ap_rst            |   in|    1|  ap_ctrl_hs|  FC_layer<100, 16, true>|  return value|
|ap_start          |   in|    1|  ap_ctrl_hs|  FC_layer<100, 16, true>|  return value|
|ap_done           |  out|    1|  ap_ctrl_hs|  FC_layer<100, 16, true>|  return value|
|ap_idle           |  out|    1|  ap_ctrl_hs|  FC_layer<100, 16, true>|  return value|
|ap_ready          |  out|    1|  ap_ctrl_hs|  FC_layer<100, 16, true>|  return value|
|ap_return_0       |  out|   32|  ap_ctrl_hs|  FC_layer<100, 16, true>|  return value|
|ap_return_1       |  out|   32|  ap_ctrl_hs|  FC_layer<100, 16, true>|  return value|
|ap_return_2       |  out|   32|  ap_ctrl_hs|  FC_layer<100, 16, true>|  return value|
|ap_return_3       |  out|   32|  ap_ctrl_hs|  FC_layer<100, 16, true>|  return value|
|ap_return_4       |  out|   32|  ap_ctrl_hs|  FC_layer<100, 16, true>|  return value|
|ap_return_5       |  out|   32|  ap_ctrl_hs|  FC_layer<100, 16, true>|  return value|
|ap_return_6       |  out|   32|  ap_ctrl_hs|  FC_layer<100, 16, true>|  return value|
|ap_return_7       |  out|   32|  ap_ctrl_hs|  FC_layer<100, 16, true>|  return value|
|ap_return_8       |  out|   32|  ap_ctrl_hs|  FC_layer<100, 16, true>|  return value|
|ap_return_9       |  out|   32|  ap_ctrl_hs|  FC_layer<100, 16, true>|  return value|
|ap_return_10      |  out|   32|  ap_ctrl_hs|  FC_layer<100, 16, true>|  return value|
|ap_return_11      |  out|   32|  ap_ctrl_hs|  FC_layer<100, 16, true>|  return value|
|ap_return_12      |  out|   32|  ap_ctrl_hs|  FC_layer<100, 16, true>|  return value|
|ap_return_13      |  out|   32|  ap_ctrl_hs|  FC_layer<100, 16, true>|  return value|
|ap_return_14      |  out|   32|  ap_ctrl_hs|  FC_layer<100, 16, true>|  return value|
|ap_return_15      |  out|   32|  ap_ctrl_hs|  FC_layer<100, 16, true>|  return value|
|input_r_address0  |  out|    7|   ap_memory|                  input_r|         array|
|input_r_ce0       |  out|    1|   ap_memory|                  input_r|         array|
|input_r_q0        |   in|   32|   ap_memory|                  input_r|         array|
+------------------+-----+-----+------------+-------------------------+--------------+

