

================================================================
== Vitis HLS Report for 'maxPool_4_10_5_s'
================================================================
* Date:           Thu Dec 25 15:19:39 2025

* Version:        2022.1 (Build 3526262 on Mon Apr 18 15:48:16 MDT 2022)
* Project:        Day_5_final_boss
* Solution:       sol5 (Vivado IP Flow Target)
* Product family: zynq
* Target device:  xc7z020-clg400-1


================================================================
== Performance Estimates
================================================================
+ Timing: 
    * Summary: 
    +--------+----------+----------+------------+
    |  Clock |  Target  | Estimated| Uncertainty|
    +--------+----------+----------+------------+
    |ap_clk  |  10.00 ns|  7.107 ns|     2.70 ns|
    +--------+----------+----------+------------+

+ Latency: 
    * Summary: 
    +---------+---------+----------+----------+-----+-----+---------+
    |  Latency (cycles) |  Latency (absolute) |  Interval | Pipeline|
    |   min   |   max   |    min   |    max   | min | max |   Type  |
    +---------+---------+----------+----------+-----+-----+---------+
    |      108|      108|  1.080 us|  1.080 us|  108|  108|       no|
    +---------+---------+----------+----------+-----+-----+---------+

    + Detail: 
        * Instance: 
        N/A

        * Loop: 
        +-------------------+---------+---------+----------+-----------+-----------+------+----------+
        |                   |  Latency (cycles) | Iteration|  Initiation Interval  | Trip |          |
        |     Loop Name     |   min   |   max   |  Latency |  achieved |   target  | Count| Pipelined|
        +-------------------+---------+---------+----------+-----------+-----------+------+----------+
        |- MP_ch_MP_r_MP_c  |      106|      106|         8|          1|          1|   100|       yes|
        +-------------------+---------+---------+----------+-----------+-----------+------+----------+



================================================================
== Utilization Estimates
================================================================
* Summary: 
+-----------------+---------+-----+--------+-------+-----+
|       Name      | BRAM_18K| DSP |   FF   |  LUT  | URAM|
+-----------------+---------+-----+--------+-------+-----+
|DSP              |        -|    -|       -|      -|    -|
|Expression       |        -|    -|       0|    529|    -|
|FIFO             |        -|    -|       -|      -|    -|
|Instance         |        -|    -|       -|      -|    -|
|Memory           |        -|    -|       -|      -|    -|
|Multiplexer      |        -|    -|       -|    108|    -|
|Register         |        -|    -|     559|     32|    -|
+-----------------+---------+-----+--------+-------+-----+
|Total            |        0|    0|     559|    669|    0|
+-----------------+---------+-----+--------+-------+-----+
|Available        |      280|  220|  106400|  53200|    0|
+-----------------+---------+-----+--------+-------+-----+
|Utilization (%)  |        0|    0|      ~0|      1|    0|
+-----------------+---------+-----+--------+-------+-----+

+ Detail: 
    * Instance: 
    +----------------------------------+-----------------------------+---------+----+---+----+-----+
    |             Instance             |            Module           | BRAM_18K| DSP| FF| LUT| URAM|
    +----------------------------------+-----------------------------+---------+----+---+----+-----+
    |fcmp_32ns_32ns_1_2_no_dsp_1_U387  |fcmp_32ns_32ns_1_2_no_dsp_1  |        0|   0|  0|   0|    0|
    |fcmp_32ns_32ns_1_2_no_dsp_1_U388  |fcmp_32ns_32ns_1_2_no_dsp_1  |        0|   0|  0|   0|    0|
    |fcmp_32ns_32ns_1_2_no_dsp_1_U389  |fcmp_32ns_32ns_1_2_no_dsp_1  |        0|   0|  0|   0|    0|
    +----------------------------------+-----------------------------+---------+----+---+----+-----+
    |Total                             |                             |        0|   0|  0|   0|    0|
    +----------------------------------+-----------------------------+---------+----+---+----+-----+

    * DSP: 
    N/A

    * Memory: 
    N/A

    * FIFO: 
    N/A

    * Expression: 
    +---------------------------+----------+----+---+----+------------+------------+
    |       Variable Name       | Operation| DSP| FF| LUT| Bitwidth P0| Bitwidth P1|
    +---------------------------+----------+----+---+----+------------+------------+
    |add_ln181_2_fu_230_p2      |         +|   0|  0|  14|           7|           1|
    |add_ln181_fu_245_p2        |         +|   0|  0|  11|           3|           1|
    |add_ln182_2_fu_437_p2      |         +|   0|  0|  14|           6|           1|
    |add_ln182_fu_339_p2        |         +|   0|  0|  13|           4|           2|
    |add_ln183_fu_431_p2        |         +|   0|  0|  13|           4|           2|
    |add_ln185_2_fu_365_p2      |         +|   0|  0|  14|           7|           7|
    |add_ln185_3_fu_506_p2      |         +|   0|  0|   8|           8|           8|
    |add_ln185_4_fu_565_p2      |         +|   0|  0|   8|           8|           8|
    |add_ln185_fu_305_p2        |         +|   0|  0|  14|           7|           7|
    |add_ln186_2_fu_522_p2      |         +|   0|  0|   8|           8|           8|
    |add_ln186_3_fu_577_p2      |         +|   0|  0|   8|           8|           8|
    |add_ln186_fu_393_p2        |         +|   0|  0|  14|           7|           7|
    |add_ln188_2_fu_531_p2      |         +|   0|  0|   7|           6|           6|
    |add_ln188_3_fu_553_p2      |         +|   0|  0|   7|           7|           7|
    |add_ln188_4_fu_589_p2      |         +|   0|  0|   7|           7|           7|
    |add_ln188_fu_490_p2        |         +|   0|  0|   7|           6|           6|
    |and_ln185_2_fu_671_p2      |       and|   0|  0|   2|           1|           1|
    |and_ln185_fu_665_p2        |       and|   0|  0|   2|           1|           1|
    |and_ln186_2_fu_759_p2      |       and|   0|  0|   2|           1|           1|
    |and_ln186_fu_753_p2        |       and|   0|  0|   2|           1|           1|
    |and_ln188_2_fu_847_p2      |       and|   0|  0|   2|           1|           1|
    |and_ln188_fu_841_p2        |       and|   0|  0|   2|           1|           1|
    |ap_block_pp0_stage0_00001  |       and|   0|  0|   2|           1|           1|
    |ap_condition_188           |       and|   0|  0|   2|           1|           1|
    |icmp_ln181_fu_224_p2       |      icmp|   0|  0|  10|           7|           6|
    |icmp_ln182_fu_251_p2       |      icmp|   0|  0|  10|           6|           5|
    |icmp_ln183_fu_327_p2       |      icmp|   0|  0|   9|           4|           4|
    |icmp_ln185_4_fu_635_p2     |      icmp|   0|  0|  15|          23|           1|
    |icmp_ln185_5_fu_647_p2     |      icmp|   0|  0|  11|           8|           2|
    |icmp_ln185_6_fu_653_p2     |      icmp|   0|  0|  15|          23|           1|
    |icmp_ln185_fu_629_p2       |      icmp|   0|  0|  11|           8|           2|
    |icmp_ln186_4_fu_723_p2     |      icmp|   0|  0|  15|          23|           1|
    |icmp_ln186_5_fu_735_p2     |      icmp|   0|  0|  11|           8|           2|
    |icmp_ln186_6_fu_741_p2     |      icmp|   0|  0|  15|          23|           1|
    |icmp_ln186_fu_717_p2       |      icmp|   0|  0|  11|           8|           2|
    |icmp_ln188_4_fu_811_p2     |      icmp|   0|  0|  15|          23|           1|
    |icmp_ln188_5_fu_823_p2     |      icmp|   0|  0|  11|           8|           2|
    |icmp_ln188_6_fu_829_p2     |      icmp|   0|  0|  15|          23|           1|
    |icmp_ln188_fu_805_p2       |      icmp|   0|  0|  11|           8|           2|
    |ap_block_pp0_stage0_11001  |        or|   0|  0|   2|           1|           1|
    |empty_fu_208_p2            |        or|   0|  0|   4|           4|           1|
    |or_ln181_fu_333_p2         |        or|   0|  0|   2|           1|           1|
    |or_ln185_2_fu_659_p2       |        or|   0|  0|   2|           1|           1|
    |or_ln185_fu_641_p2         |        or|   0|  0|   2|           1|           1|
    |or_ln186_2_fu_747_p2       |        or|   0|  0|   2|           1|           1|
    |or_ln186_fu_729_p2         |        or|   0|  0|   2|           1|           1|
    |or_ln188_2_fu_835_p2       |        or|   0|  0|   2|           1|           1|
    |or_ln188_fu_817_p2         |        or|   0|  0|   2|           1|           1|
    |p_mid1_fu_375_p2           |        or|   0|  0|   4|           1|           4|
    |max_0_fu_677_p3            |    select|   0|  0|  32|           1|          32|
    |max_1_fu_765_p3            |    select|   0|  0|  32|           1|          32|
    |select_ln181_5_fu_265_p3   |    select|   0|  0|   4|           1|           1|
    |select_ln181_6_fu_273_p3   |    select|   0|  0|   3|           1|           3|
    |select_ln181_7_fu_311_p3   |    select|   0|  0|   4|           1|           1|
    |select_ln181_8_fu_319_p3   |    select|   0|  0|   3|           1|           1|
    |select_ln181_fu_257_p3     |    select|   0|  0|   4|           1|           1|
    |select_ln182_5_fu_353_p3   |    select|   0|  0|   4|           1|           4|
    |select_ln182_6_fu_381_p3   |    select|   0|  0|   4|           1|           4|
    |select_ln182_7_fu_413_p3   |    select|   0|  0|   3|           1|           3|
    |select_ln182_8_fu_443_p3   |    select|   0|  0|   6|           1|           1|
    |select_ln182_fu_345_p3     |    select|   0|  0|   4|           1|           4|
    |select_ln188_fu_853_p3     |    select|   0|  0|  32|           1|          32|
    |ap_enable_pp0              |       xor|   0|  0|   2|           1|           2|
    +---------------------------+----------+----+---+----+------------+------------+
    |Total                      |          |   0|  0| 529|         341|         261|
    +---------------------------+----------+----+---+----+------------+------------+

    * Multiplexer: 
    +----------------------------------------+----+-----------+-----+-----------+
    |                  Name                  | LUT| Input Size| Bits| Total Bits|
    +----------------------------------------+----+-----------+-----+-----------+
    |ap_done_int                             |   9|          2|    1|          2|
    |ap_enable_reg_pp0_iter1                 |   9|          2|    1|          2|
    |ap_sig_allocacmp_indvar_flatten24_load  |   9|          2|    7|         14|
    |ap_sig_allocacmp_indvar_flatten_load    |   9|          2|    6|         12|
    |ap_sig_allocacmp_och_load               |   9|          2|    3|          6|
    |ap_sig_allocacmp_oh_2                   |   9|          2|    4|          8|
    |ap_sig_allocacmp_ow_load                |   9|          2|    4|          8|
    |indvar_flatten24_fu_98                  |   9|          2|    7|         14|
    |indvar_flatten_fu_90                    |   9|          2|    6|         12|
    |och_fu_94                               |   9|          2|    3|          6|
    |oh_fu_86                                |   9|          2|    4|          8|
    |ow_fu_82                                |   9|          2|    4|          8|
    +----------------------------------------+----+-----------+-----+-----------+
    |Total                                   | 108|         24|   50|        100|
    +----------------------------------------+----+-----------+-----+-----------+

    * Register: 
    +--------------------------------------+----+----+-----+-----------+
    |                 Name                 | FF | LUT| Bits| Const Bits|
    +--------------------------------------+----+----+-----+-----------+
    |add_ln185_2_reg_908                   |   7|   0|    7|          0|
    |add_ln186_reg_918                     |   6|   0|    7|          1|
    |add_ln188_4_reg_959                   |   7|   0|    7|          0|
    |ap_CS_fsm                             |   1|   0|    1|          0|
    |ap_done_reg                           |   1|   0|    1|          0|
    |ap_enable_reg_pp0_iter1               |   1|   0|    1|          0|
    |ap_enable_reg_pp0_iter2               |   1|   0|    1|          0|
    |ap_enable_reg_pp0_iter3               |   1|   0|    1|          0|
    |ap_enable_reg_pp0_iter4               |   1|   0|    1|          0|
    |ap_enable_reg_pp0_iter5               |   1|   0|    1|          0|
    |ap_enable_reg_pp0_iter6               |   1|   0|    1|          0|
    |ap_enable_reg_pp0_iter7               |   1|   0|    1|          0|
    |ap_loop_exit_ready_pp0_iter1_reg      |   1|   0|    1|          0|
    |ap_loop_exit_ready_pp0_iter2_reg      |   1|   0|    1|          0|
    |ap_loop_exit_ready_pp0_iter3_reg      |   1|   0|    1|          0|
    |ap_loop_exit_ready_pp0_iter4_reg      |   1|   0|    1|          0|
    |ap_loop_exit_ready_pp0_iter5_reg      |   1|   0|    1|          0|
    |ap_loop_exit_ready_pp0_iter6_reg      |   1|   0|    1|          0|
    |ifmap_0_load_2_reg_978                |  32|   0|   32|          0|
    |ifmap_0_load_2_reg_978_pp0_iter3_reg  |  32|   0|   32|          0|
    |ifmap_0_load_reg_964                  |  32|   0|   32|          0|
    |ifmap_0_load_reg_964_pp0_iter3_reg    |  32|   0|   32|          0|
    |ifmap_1_load_2_reg_985                |  32|   0|   32|          0|
    |ifmap_1_load_2_reg_985_pp0_iter3_reg  |  32|   0|   32|          0|
    |ifmap_1_load_reg_971                  |  32|   0|   32|          0|
    |ifmap_1_load_reg_971_pp0_iter3_reg    |  32|   0|   32|          0|
    |indvar_flatten24_fu_98                |   7|   0|    7|          0|
    |indvar_flatten_fu_90                  |   6|   0|    6|          0|
    |lshr_ln_reg_933                       |   3|   0|    3|          0|
    |max_0_reg_992                         |  32|   0|   32|          0|
    |max_0_reg_992_pp0_iter5_reg           |  32|   0|   32|          0|
    |max_1_reg_999                         |  32|   0|   32|          0|
    |max_1_reg_999_pp0_iter5_reg           |  32|   0|   32|          0|
    |och_fu_94                             |   3|   0|    3|          0|
    |oh_fu_86                              |   4|   0|    4|          0|
    |ow_fu_82                              |   4|   0|    4|          0|
    |select_ln181_6_reg_902                |   3|   0|    3|          0|
    |select_ln182_7_reg_928                |   3|   0|    3|          0|
    |select_ln188_reg_1006                 |  32|   0|   32|          0|
    |trunc_ln185_reg_913                   |   6|   0|    6|          0|
    |trunc_ln186_reg_923                   |   5|   0|    6|          1|
    |add_ln188_4_reg_959                   |  64|  32|    7|          0|
    +--------------------------------------+----+----+-----+-----------+
    |Total                                 | 559|  32|  504|          2|
    +--------------------------------------+----+----+-----+-----------+



================================================================
== Interface
================================================================
* Summary: 
+------------------+-----+-----+------------+-------------------+--------------+
|     RTL Ports    | Dir | Bits|  Protocol  |   Source Object   |    C Type    |
+------------------+-----+-----+------------+-------------------+--------------+
|ap_clk            |   in|    1|  ap_ctrl_hs|  maxPool<4, 10, 5>|  return value|
|ap_rst            |   in|    1|  ap_ctrl_hs|  maxPool<4, 10, 5>|  return value|
|ap_start          |   in|    1|  ap_ctrl_hs|  maxPool<4, 10, 5>|  return value|
|ap_done           |  out|    1|  ap_ctrl_hs|  maxPool<4, 10, 5>|  return value|
|ap_continue       |   in|    1|  ap_ctrl_hs|  maxPool<4, 10, 5>|  return value|
|ap_idle           |  out|    1|  ap_ctrl_hs|  maxPool<4, 10, 5>|  return value|
|ap_ready          |  out|    1|  ap_ctrl_hs|  maxPool<4, 10, 5>|  return value|
|ifmap_0_address0  |  out|    8|   ap_memory|            ifmap_0|         array|
|ifmap_0_ce0       |  out|    1|   ap_memory|            ifmap_0|         array|
|ifmap_0_q0        |   in|   32|   ap_memory|            ifmap_0|         array|
|ifmap_0_address1  |  out|    8|   ap_memory|            ifmap_0|         array|
|ifmap_0_ce1       |  out|    1|   ap_memory|            ifmap_0|         array|
|ifmap_0_q1        |   in|   32|   ap_memory|            ifmap_0|         array|
|ifmap_1_address0  |  out|    8|   ap_memory|            ifmap_1|         array|
|ifmap_1_ce0       |  out|    1|   ap_memory|            ifmap_1|         array|
|ifmap_1_q0        |   in|   32|   ap_memory|            ifmap_1|         array|
|ifmap_1_address1  |  out|    8|   ap_memory|            ifmap_1|         array|
|ifmap_1_ce1       |  out|    1|   ap_memory|            ifmap_1|         array|
|ifmap_1_q1        |   in|   32|   ap_memory|            ifmap_1|         array|
|ofmap_address0    |  out|    7|   ap_memory|              ofmap|         array|
|ofmap_ce0         |  out|    1|   ap_memory|              ofmap|         array|
|ofmap_we0         |  out|    1|   ap_memory|              ofmap|         array|
|ofmap_d0          |  out|   32|   ap_memory|              ofmap|         array|
+------------------+-----+-----+------------+-------------------+--------------+

