

================================================================
== Vitis HLS Report for 'write_output'
================================================================
* Date:           Thu Dec 25 15:19:41 2025

* Version:        2022.1 (Build 3526262 on Mon Apr 18 15:48:16 MDT 2022)
* Project:        Day_5_final_boss
* Solution:       sol5 (Vivado IP Flow Target)
* Product family: zynq
* Target device:  xc7z020-clg400-1


================================================================
== Performance Estimates
================================================================
+ Timing: 
    * Summary: 
    +--------+----------+----------+------------+
    |  Clock |  Target  | Estimated| Uncertainty|
    +--------+----------+----------+------------+
    |ap_clk  |  10.00 ns|  3.323 ns|     2.70 ns|
    +--------+----------+----------+------------+

+ Latency: 
    * Summary: 
    +---------+---------+----------+----------+-----+-----+---------+
    |  Latency (cycles) |  Latency (absolute) |  Interval | Pipeline|
    |   min   |   max   |    min   |    max   | min | max |   Type  |
    +---------+---------+----------+----------+-----+-----+---------+
    |       13|       13|  0.130 us|  0.130 us|   13|   13|       no|
    +---------+---------+----------+----------+-----+-----+---------+

    + Detail: 
        * Instance: 
        N/A

        * Loop: 
        +-------------+---------+---------+----------+-----------+-----------+------+----------+
        |             |  Latency (cycles) | Iteration|  Initiation Interval  | Trip |          |
        |  Loop Name  |   min   |   max   |  Latency |  achieved |   target  | Count| Pipelined|
        +-------------+---------+---------+----------+-----------+-----------+------+----------+
        |- write_col  |       11|       11|         3|          1|          1|    10|       yes|
        +-------------+---------+---------+----------+-----------+-----------+------+----------+



================================================================
== Utilization Estimates
================================================================
* Summary: 
+-----------------+---------+-----+--------+-------+-----+
|       Name      | BRAM_18K| DSP |   FF   |  LUT  | URAM|
+-----------------+---------+-----+--------+-------+-----+
|DSP              |        -|    -|       -|      -|    -|
|Expression       |        -|    -|       0|     39|    -|
|FIFO             |        -|    -|       -|      -|    -|
|Instance         |        -|    -|       -|      -|    -|
|Memory           |        -|    -|       -|      -|    -|
|Multiplexer      |        -|    -|       -|     45|    -|
|Register         |        -|    -|      10|      -|    -|
+-----------------+---------+-----+--------+-------+-----+
|Total            |        0|    0|      10|     84|    0|
+-----------------+---------+-----+--------+-------+-----+
|Available        |      280|  220|  106400|  53200|    0|
+-----------------+---------+-----+--------+-------+-----+
|Utilization (%)  |        0|    0|      ~0|     ~0|    0|
+-----------------+---------+-----+--------+-------+-----+

+ Detail: 
    * Instance: 
    N/A

    * DSP: 
    N/A

    * Memory: 
    N/A

    * FIFO: 
    N/A

    * Expression: 
    +----------------------------------+----------+----+---+----+------------+------------+
    |           Variable Name          | Operation| DSP| FF| LUT| Bitwidth P0| Bitwidth P1|
    +----------------------------------+----------+----+---+----+------------+------------+
    |add_ln19_fu_99_p2                 |         +|   0|  0|  13|           4|           1|
    |ap_condition_116                  |       and|   0|  0|   2|           1|           1|
    |icmp_ln19_fu_93_p2                |      icmp|   0|  0|   9|           4|           4|
    |localWrite_last_V_fu_110_p2       |      icmp|   0|  0|   9|           4|           4|
    |ap_block_pp0_stage0_01001         |        or|   0|  0|   2|           1|           1|
    |ap_block_state2_pp0_stage0_iter1  |        or|   0|  0|   2|           1|           1|
    |ap_enable_pp0                     |       xor|   0|  0|   2|           1|           2|
    +----------------------------------+----------+----+---+----+------------+------------+
    |Total                             |          |   0|  0|  39|          16|          14|
    +----------------------------------+----------+----+---+----+------------+------------+

    * Multiplexer: 
    +-------------------------+----+-----------+-----+-----------+
    |           Name          | LUT| Input Size| Bits| Total Bits|
    +-------------------------+----+-----------+-----+-----------+
    |ap_done_int              |   9|          2|    1|          2|
    |ap_enable_reg_pp0_iter1  |   9|          2|    1|          2|
    |ap_sig_allocacmp_o_c_1   |   9|          2|    4|          8|
    |o_c_fu_50                |   9|          2|    4|          8|
    |outputPort_TDATA_blk_n   |   9|          2|    1|          2|
    +-------------------------+----+-----------+-----+-----------+
    |Total                    |  45|         10|   11|         22|
    +-------------------------+----+-----------+-----+-----------+

    * Register: 
    +----------------------------------+---+----+-----+-----------+
    |               Name               | FF| LUT| Bits| Const Bits|
    +----------------------------------+---+----+-----+-----------+
    |ap_CS_fsm                         |  1|   0|    1|          0|
    |ap_done_reg                       |  1|   0|    1|          0|
    |ap_enable_reg_pp0_iter1           |  1|   0|    1|          0|
    |ap_enable_reg_pp0_iter2           |  1|   0|    1|          0|
    |ap_loop_exit_ready_pp0_iter1_reg  |  1|   0|    1|          0|
    |localWrite_last_V_reg_142         |  1|   0|    1|          0|
    |o_c_fu_50                         |  4|   0|    4|          0|
    +----------------------------------+---+----+-----+-----------+
    |Total                             | 10|   0|   10|          0|
    +----------------------------------+---+----+-----+-----------+



================================================================
== Interface
================================================================
* Summary: 
+---------------------+-----+-----+------------+---------------------+--------------+
|      RTL Ports      | Dir | Bits|  Protocol  |    Source Object    |    C Type    |
+---------------------+-----+-----+------------+---------------------+--------------+
|ap_clk               |   in|    1|  ap_ctrl_hs|         write_output|  return value|
|ap_rst               |   in|    1|  ap_ctrl_hs|         write_output|  return value|
|ap_start             |   in|    1|  ap_ctrl_hs|         write_output|  return value|
|ap_done              |  out|    1|  ap_ctrl_hs|         write_output|  return value|
|ap_continue          |   in|    1|  ap_ctrl_hs|         write_output|  return value|
|ap_idle              |  out|    1|  ap_ctrl_hs|         write_output|  return value|
|ap_ready             |  out|    1|  ap_ctrl_hs|         write_output|  return value|
|outputPort_TREADY    |   in|    1|        axis|  outputPort_V_last_V|       pointer|
|outputPort_TVALID    |  out|    1|        axis|  outputPort_V_last_V|       pointer|
|outputPort_TLAST     |  out|    1|        axis|  outputPort_V_last_V|       pointer|
|outputPort_TDATA     |  out|   32|        axis|  outputPort_V_data_V|       pointer|
|outputPort_TKEEP     |  out|    4|        axis|  outputPort_V_keep_V|       pointer|
|outputPort_TSTRB     |  out|    4|        axis|  outputPort_V_strb_V|       pointer|
|outputData_address0  |  out|    4|   ap_memory|           outputData|         array|
|outputData_ce0       |  out|    1|   ap_memory|           outputData|         array|
|outputData_q0        |   in|   32|   ap_memory|           outputData|         array|
+---------------------+-----+-----+------------+---------------------+--------------+

