-3.957463	-0.865852	1.631912	1.570909	-8.315239	-3.206361	-16.562754	13.615960	-2.783394	-3.543148	
===== Diff =======
0.000003	0.000021	-0.000012	0.000008	0.000027	-0.000001	0.000008	0.000025	-0.000028	0.000006	
Success!!!

C:\Users\exam2\Desktop\Day_5_final_Boss\Day_5_final_boss\sol5\sim\verilog>set PATH= 

C:\Users\exam2\Desktop\Day_5_final_Boss\Day_5_final_boss\sol5\sim\verilog>call C:/Xilinx/Vivado/2022.1/bin/xelab xil_defaultlib.apatb_HW_accel_top glbl -Oenable_linking_all_libraries  -prj HW_accel.prj -L smartconnect_v1_0 -L axi_protocol_checker_v1_1_12 -L axi_protocol_checker_v1_1_13 -L axis_protocol_checker_v1_1_11 -L axis_protocol_checker_v1_1_12 -L xil_defaultlib -L unisims_ver -L xpm  -L floating_point_v7_0_20 -L floating_point_v7_1_14 --lib "ieee_proposed=./ieee_proposed" -s HW_accel  
Vivado Simulator v2022.1
Copyright 1986-1999, 2001-2022 Xilinx, Inc. All Rights Reserved.
Running: C:/Xilinx/Vivado/2022.1/bin/unwrapped/win64.o/xelab.exe xil_defaultlib.apatb_HW_accel_top glbl -Oenable_linking_all_libraries -prj HW_accel.prj -L smartconnect_v1_0 -L axi_protocol_checker_v1_1_12 -L axi_protocol_checker_v1_1_13 -L axis_protocol_checker_v1_1_11 -L axis_protocol_checker_v1_1_12 -L xil_defaultlib -L unisims_ver -L xpm -L floating_point_v7_0_20 -L floating_point_v7_1_14 --lib ieee_proposed=./ieee_proposed -s HW_accel 
Multi-threading is on. Using 22 slave threads.
INFO: [VRFC 10-2263] Analyzing SystemVerilog file "C:/Users/exam2/Desktop/Day_5_final_Boss/Day_5_final_boss/sol5/sim/verilog/ip/xil_defaultlib/HW_accel_fadd_32ns_32ns_32_5_full_dsp_1_ip.v" into library xil_defaultlib
INFO: [VRFC 10-311] analyzing module HW_accel_fadd_32ns_32ns_32_5_full_dsp_1_ip
INFO: [VRFC 10-2263] Analyzing SystemVerilog file "C:/Users/exam2/Desktop/Day_5_final_Boss/Day_5_final_boss/sol5/sim/verilog/ip/xil_defaultlib/HW_accel_fcmp_32ns_32ns_1_2_no_dsp_1_ip.v" into library xil_defaultlib
INFO: [VRFC 10-311] analyzing module HW_accel_fcmp_32ns_32ns_1_2_no_dsp_1_ip
INFO: [VRFC 10-2263] Analyzing SystemVerilog file "C:/Users/exam2/Desktop/Day_5_final_Boss/Day_5_final_boss/sol5/sim/verilog/ip/xil_defaultlib/HW_accel_fmul_32ns_32ns_32_4_max_dsp_1_ip.v" into library xil_defaultlib
INFO: [VRFC 10-311] analyzing module HW_accel_fmul_32ns_32ns_32_4_max_dsp_1_ip
INFO: [VRFC 10-2263] Analyzing SystemVerilog file "C:/Users/exam2/Desktop/Day_5_final_Boss/Day_5_final_boss/sol5/sim/verilog/glbl.v" into library work
INFO: [VRFC 10-311] analyzing module glbl
INFO: [VRFC 10-2263] Analyzing SystemVerilog file "C:/Users/exam2/Desktop/Day_5_final_Boss/Day_5_final_boss/sol5/sim/verilog/AESL_axi_s_inputPort.v" into library xil_defaultlib
INFO: [VRFC 10-311] analyzing module AESL_axi_s_inputPort
INFO: [VRFC 10-2263] Analyzing SystemVerilog file "C:/Users/exam2/Desktop/Day_5_final_Boss/Day_5_final_boss/sol5/sim/verilog/AESL_axi_s_outputPort.v" into library xil_defaultlib
INFO: [VRFC 10-311] analyzing module AESL_axi_s_outputPort
INFO: [VRFC 10-2263] Analyzing SystemVerilog file "C:/Users/exam2/Desktop/Day_5_final_Boss/Day_5_final_boss/sol5/sim/verilog/AESL_deadlock_detection_unit.v" into library xil_defaultlib
INFO: [VRFC 10-311] analyzing module AESL_deadlock_detect_unit
INFO: [VRFC 10-2263] Analyzing SystemVerilog file "C:/Users/exam2/Desktop/Day_5_final_Boss/Day_5_final_boss/sol5/sim/verilog/AESL_deadlock_detector.v" into library xil_defaultlib
INFO: [VRFC 10-311] analyzing module AESL_deadlock_detector
INFO: [VRFC 10-2263] Analyzing SystemVerilog file "C:/Users/exam2/Desktop/Day_5_final_Boss/Day_5_final_boss/sol5/sim/verilog/AESL_deadlock_idx0_monitor.v" into library xil_defaultlib
INFO: [VRFC 10-311] analyzing module AESL_deadlock_idx0_monitor
INFO: [VRFC 10-2263] Analyzing SystemVerilog file "C:/Users/exam2/Desktop/Day_5_final_Boss/Day_5_final_boss/sol5/sim/verilog/AESL_deadlock_kernel_monitor_top.v" into library xil_defaultlib
INFO: [VRFC 10-311] analyzing module AESL_deadlock_kernel_monitor_top
WARNING: [VRFC 10-3824] variable 'block_delay' must explicitly be declared as automatic or static [C:/Users/exam2/Desktop/Day_5_final_Boss/Day_5_final_boss/sol5/sim/verilog/AESL_deadlock_kernel_monitor_top.v:48]
INFO: [VRFC 10-2263] Analyzing SystemVerilog file "C:/Users/exam2/Desktop/Day_5_final_Boss/Day_5_final_boss/sol5/sim/verilog/AESL_deadlock_report_unit.v" into library xil_defaultlib
INFO: [VRFC 10-311] analyzing module AESL_deadlock_report_unit
INFO: [VRFC 10-2263] Analyzing SystemVerilog file "C:/Users/exam2/Desktop/Day_5_final_Boss/Day_5_final_boss/sol5/sim/verilog/AESL_fifo.v" into library xil_defaultlib
INFO: [VRFC 10-311] analyzing module fifo
INFO: [VRFC 10-2263] Analyzing SystemVerilog file "C:/Users/exam2/Desktop/Day_5_final_Boss/Day_5_final_boss/sol5/sim/verilog/HW_accel.autotb.v" into library xil_defaultlib
INFO: [VRFC 10-311] analyzing module apatb_HW_accel_top
INFO: [VRFC 10-2263] Analyzing SystemVerilog file "C:/Users/exam2/Desktop/Day_5_final_Boss/Day_5_final_boss/sol5/sim/verilog/HW_accel.v" into library xil_defaultlib
INFO: [VRFC 10-311] analyzing module HW_accel
INFO: [VRFC 10-2263] Analyzing SystemVerilog file "C:/Users/exam2/Desktop/Day_5_final_Boss/Day_5_final_boss/sol5/sim/verilog/HW_accel_ama_addmuladd_7ns_5ns_5ns_5ns_12_4_1.v" into library xil_defaultlib
INFO: [VRFC 10-311] analyzing module HW_accel_ama_addmuladd_7ns_5ns_5ns_5ns_12_4_1_DSP48_0
INFO: [VRFC 10-311] analyzing module HW_accel_ama_addmuladd_7ns_5ns_5ns_5ns_12_4_1
INFO: [VRFC 10-2263] Analyzing SystemVerilog file "C:/Users/exam2/Desktop/Day_5_final_Boss/Day_5_final_boss/sol5/sim/verilog/HW_accel_ama_addmuladd_8ns_5ns_5ns_5ns_12_4_1.v" into library xil_defaultlib
INFO: [VRFC 10-311] analyzing module HW_accel_ama_addmuladd_8ns_5ns_5ns_5ns_12_4_1_DSP48_1
INFO: [VRFC 10-311] analyzing module HW_accel_ama_addmuladd_8ns_5ns_5ns_5ns_12_4_1
INFO: [VRFC 10-2263] Analyzing SystemVerilog file "C:/Users/exam2/Desktop/Day_5_final_Boss/Day_5_final_boss/sol5/sim/verilog/HW_accel_conv1.v" into library xil_defaultlib
INFO: [VRFC 10-311] analyzing module HW_accel_conv1
INFO: [VRFC 10-2263] Analyzing SystemVerilog file "C:/Users/exam2/Desktop/Day_5_final_Boss/Day_5_final_boss/sol5/sim/verilog/HW_accel_conv1_conv1_bias_ROM_AUTO_1R.v" into library xil_defaultlib
INFO: [VRFC 10-311] analyzing module HW_accel_conv1_conv1_bias_ROM_AUTO_1R
INFO: [VRFC 10-2263] Analyzing SystemVerilog file "C:/Users/exam2/Desktop/Day_5_final_Boss/Day_5_final_boss/sol5/sim/verilog/HW_accel_conv1_Pipeline_Fil_load_r_Fil_load_c.v" into library xil_defaultlib
INFO: [VRFC 10-311] analyzing module HW_accel_conv1_Pipeline_Fil_load_r_Fil_load_c
INFO: [VRFC 10-2263] Analyzing SystemVerilog file "C:/Users/exam2/Desktop/Day_5_final_Boss/Day_5_final_boss/sol5/sim/verilog/HW_accel_conv1_Pipeline_Fil_load_r_Fil_load_c_conv1_weight_ROM_AUTO_1R.v" into library xil_defaultlib
INFO: [VRFC 10-311] analyzing module HW_accel_conv1_Pipeline_Fil_load_r_Fil_load_c_conv1_weight_ROM_AUTO_1R
INFO: [VRFC 10-2263] Analyzing SystemVerilog file "C:/Users/exam2/Desktop/Day_5_final_Boss/Day_5_final_boss/sol5/sim/verilog/HW_accel_conv1_Pipeline_loadWin1_VITIS_LOOP_50_1.v" into library xil_defaultlib
INFO: [VRFC 10-311] analyzing module HW_accel_conv1_Pipeline_loadWin1_VITIS_LOOP_50_1
INFO: [VRFC 10-2263] Analyzing SystemVerilog file "C:/Users/exam2/Desktop/Day_5_final_Boss/Day_5_final_boss/sol5/sim/verilog/HW_accel_conv2.v" into library xil_defaultlib
INFO: [VRFC 10-311] analyzing module HW_accel_conv2
INFO: [VRFC 10-2263] Analyzing SystemVerilog file "C:/Users/exam2/Desktop/Day_5_final_Boss/Day_5_final_boss/sol5/sim/verilog/HW_accel_conv2D_1_s.v" into library xil_defaultlib
INFO: [VRFC 10-311] analyzing module HW_accel_conv2D_1_s
INFO: [VRFC 10-2263] Analyzing SystemVerilog file "C:/Users/exam2/Desktop/Day_5_final_Boss/Day_5_final_boss/sol5/sim/verilog/HW_accel_conv2D_4_s.v" into library xil_defaultlib
INFO: [VRFC 10-311] analyzing module HW_accel_conv2D_4_s
INFO: [VRFC 10-2263] Analyzing SystemVerilog file "C:/Users/exam2/Desktop/Day_5_final_Boss/Day_5_final_boss/sol5/sim/verilog/HW_accel_conv2_conv2_bias_ROM_AUTO_1R.v" into library xil_defaultlib
INFO: [VRFC 10-311] analyzing module HW_accel_conv2_conv2_bias_ROM_AUTO_1R
INFO: [VRFC 10-2263] Analyzing SystemVerilog file "C:/Users/exam2/Desktop/Day_5_final_Boss/Day_5_final_boss/sol5/sim/verilog/HW_accel_conv2_Pipeline_Fil_load_ch_Fil_load_r_Fil_load_c.v" into library xil_defaultlib
INFO: [VRFC 10-311] analyzing module HW_accel_conv2_Pipeline_Fil_load_ch_Fil_load_r_Fil_load_c
INFO: [VRFC 10-2263] Analyzing SystemVerilog file "C:/Users/exam2/Desktop/Day_5_final_Boss/Day_5_final_boss/sol5/sim/verilog/HW_accel_conv2_Pipeline_Fil_load_ch_Fil_load_r_Fil_load_c_conv2_weight_ROM_AUTO_1R.v" into library xil_defaultlib
INFO: [VRFC 10-311] analyzing module HW_accel_conv2_Pipeline_Fil_load_ch_Fil_load_r_Fil_load_c_conv2_weight_ROM_AUTO_1R
INFO: [VRFC 10-2263] Analyzing SystemVerilog file "C:/Users/exam2/Desktop/Day_5_final_Boss/Day_5_final_boss/sol5/sim/verilog/HW_accel_conv2_Pipeline_loadWin1_VITIS_LOOP_50_1.v" into library xil_defaultlib
INFO: [VRFC 10-311] analyzing module HW_accel_conv2_Pipeline_loadWin1_VITIS_LOOP_50_1
INFO: [VRFC 10-2263] Analyzing SystemVerilog file "C:/Users/exam2/Desktop/Day_5_final_Boss/Day_5_final_boss/sol5/sim/verilog/HW_accel_conv3.v" into library xil_defaultlib
INFO: [VRFC 10-311] analyzing module HW_accel_conv3
INFO: [VRFC 10-2263] Analyzing SystemVerilog file "C:/Users/exam2/Desktop/Day_5_final_Boss/Day_5_final_boss/sol5/sim/verilog/HW_accel_conv3_conv3_bias_ROM_AUTO_1R.v" into library xil_defaultlib
INFO: [VRFC 10-311] analyzing module HW_accel_conv3_conv3_bias_ROM_AUTO_1R
INFO: [VRFC 10-2263] Analyzing SystemVerilog file "C:/Users/exam2/Desktop/Day_5_final_Boss/Day_5_final_boss/sol5/sim/verilog/HW_accel_conv3_Pipeline_Fil_load_ch_Fil_load_r_Fil_load_c.v" into library xil_defaultlib
INFO: [VRFC 10-311] analyzing module HW_accel_conv3_Pipeline_Fil_load_ch_Fil_load_r_Fil_load_c
INFO: [VRFC 10-2263] Analyzing SystemVerilog file "C:/Users/exam2/Desktop/Day_5_final_Boss/Day_5_final_boss/sol5/sim/verilog/HW_accel_conv3_Pipeline_Fil_load_ch_Fil_load_r_Fil_load_c_conv3_weight_ROM_AUTO_1R.v" into library xil_defaultlib
INFO: [VRFC 10-311] analyzing module HW_accel_conv3_Pipeline_Fil_load_ch_Fil_load_r_Fil_load_c_conv3_weight_ROM_AUTO_1R
INFO: [VRFC 10-2263] Analyzing SystemVerilog file "C:/Users/exam2/Desktop/Day_5_final_Boss/Day_5_final_boss/sol5/sim/verilog/HW_accel_conv3_Pipeline_loadWin1_VITIS_LOOP_50_1.v" into library xil_defaultlib
INFO: [VRFC 10-311] analyzing module HW_accel_conv3_Pipeline_loadWin1_VITIS_LOOP_50_1
INFO: [VRFC 10-2263] Analyzing SystemVerilog file "C:/Users/exam2/Desktop/Day_5_final_Boss/Day_5_final_boss/sol5/sim/verilog/HW_accel_fadd_32ns_32ns_32_5_full_dsp_1.v" into library xil_defaultlib
INFO: [VRFC 10-311] analyzing module HW_accel_fadd_32ns_32ns_32_5_full_dsp_1
INFO: [VRFC 10-2263] Analyzing SystemVerilog file "C:/Users/exam2/Desktop/Day_5_final_Boss/Day_5_final_boss/sol5/sim/verilog/HW_accel_fc2_output_RAM_AUTO_1R1W.v" into library xil_defaultlib
INFO: [VRFC 10-311] analyzing module HW_accel_fc2_output_RAM_AUTO_1R1W
INFO: [VRFC 10-2263] Analyzing SystemVerilog file "C:/Users/exam2/Desktop/Day_5_final_Boss/Day_5_final_boss/sol5/sim/verilog/HW_accel_fc2_output_RAM_AUTO_1R1W_memcore.v" into library xil_defaultlib
INFO: [VRFC 10-311] analyzing module HW_accel_fc2_output_RAM_AUTO_1R1W_memcore
INFO: [VRFC 10-2263] Analyzing SystemVerilog file "C:/Users/exam2/Desktop/Day_5_final_Boss/Day_5_final_boss/sol5/sim/verilog/HW_accel_fcmp_32ns_32ns_1_2_no_dsp_1.v" into library xil_defaultlib
INFO: [VRFC 10-311] analyzing module HW_accel_fcmp_32ns_32ns_1_2_no_dsp_1
INFO: [VRFC 10-2263] Analyzing SystemVerilog file "C:/Users/exam2/Desktop/Day_5_final_Boss/Day_5_final_boss/sol5/sim/verilog/HW_accel_fc_layer117.v" into library xil_defaultlib
INFO: [VRFC 10-311] analyzing module HW_accel_fc_layer117
INFO: [VRFC 10-2263] Analyzing SystemVerilog file "C:/Users/exam2/Desktop/Day_5_final_Boss/Day_5_final_boss/sol5/sim/verilog/HW_accel_fc_layer2.v" into library xil_defaultlib
INFO: [VRFC 10-311] analyzing module HW_accel_fc_layer2
INFO: [VRFC 10-2263] Analyzing SystemVerilog file "C:/Users/exam2/Desktop/Day_5_final_Boss/Day_5_final_boss/sol5/sim/verilog/HW_accel_fc_layer2_fc2_bias_ROM_AUTO_1R.v" into library xil_defaultlib
INFO: [VRFC 10-311] analyzing module HW_accel_fc_layer2_fc2_bias_ROM_AUTO_1R
INFO: [VRFC 10-2263] Analyzing SystemVerilog file "C:/Users/exam2/Desktop/Day_5_final_Boss/Day_5_final_boss/sol5/sim/verilog/HW_accel_fc_layer2_fc2_weight_ROM_AUTO_1R.v" into library xil_defaultlib
INFO: [VRFC 10-311] analyzing module HW_accel_fc_layer2_fc2_weight_ROM_AUTO_1R
INFO: [VRFC 10-2263] Analyzing SystemVerilog file "C:/Users/exam2/Desktop/Day_5_final_Boss/Day_5_final_boss/sol5/sim/verilog/HW_accel_FC_layer_100_16_true_s.v" into library xil_defaultlib
INFO: [VRFC 10-311] analyzing module HW_accel_FC_layer_100_16_true_s
INFO: [VRFC 10-2263] Analyzing SystemVerilog file "C:/Users/exam2/Desktop/Day_5_final_Boss/Day_5_final_boss/sol5/sim/verilog/HW_accel_FC_layer_100_16_true_s_fc1_bias_ROM_AUTO_1R.v" into library xil_defaultlib
INFO: [VRFC 10-311] analyzing module HW_accel_FC_layer_100_16_true_s_fc1_bias_ROM_AUTO_1R
INFO: [VRFC 10-2263] Analyzing SystemVerilog file "C:/Users/exam2/Desktop/Day_5_final_Boss/Day_5_final_boss/sol5/sim/verilog/HW_accel_FC_layer_100_16_true_s_fc1_weight_ROM_AUTO_1R.v" into library xil_defaultlib
INFO: [VRFC 10-311] analyzing module HW_accel_FC_layer_100_16_true_s_fc1_weight_ROM_AUTO_1R
INFO: [VRFC 10-2263] Analyzing SystemVerilog file "C:/Users/exam2/Desktop/Day_5_final_Boss/Day_5_final_boss/sol5/sim/verilog/HW_accel_fifo_w32_d2_S.v" into library xil_defaultlib
INFO: [VRFC 10-311] analyzing module HW_accel_fifo_w32_d2_S_shiftReg
INFO: [VRFC 10-311] analyzing module HW_accel_fifo_w32_d2_S
INFO: [VRFC 10-2263] Analyzing SystemVerilog file "C:/Users/exam2/Desktop/Day_5_final_Boss/Day_5_final_boss/sol5/sim/verilog/HW_accel_flow_control_loop_pipe.v" into library xil_defaultlib
INFO: [VRFC 10-311] analyzing module HW_accel_flow_control_loop_pipe
INFO: [VRFC 10-2263] Analyzing SystemVerilog file "C:/Users/exam2/Desktop/Day_5_final_Boss/Day_5_final_boss/sol5/sim/verilog/HW_accel_flow_control_loop_pipe_sequential_init.v" into library xil_defaultlib
INFO: [VRFC 10-311] analyzing module HW_accel_flow_control_loop_pipe_sequential_init
INFO: [VRFC 10-2263] Analyzing SystemVerilog file "C:/Users/exam2/Desktop/Day_5_final_Boss/Day_5_final_boss/sol5/sim/verilog/HW_accel_fmul_32ns_32ns_32_4_max_dsp_1.v" into library xil_defaultlib
INFO: [VRFC 10-311] analyzing module HW_accel_fmul_32ns_32ns_32_4_max_dsp_1
INFO: [VRFC 10-2263] Analyzing SystemVerilog file "C:/Users/exam2/Desktop/Day_5_final_Boss/Day_5_final_boss/sol5/sim/verilog/HW_accel_maxPool_4_10_5_s.v" into library xil_defaultlib
INFO: [VRFC 10-311] analyzing module HW_accel_maxPool_4_10_5_s
INFO: [VRFC 10-2263] Analyzing SystemVerilog file "C:/Users/exam2/Desktop/Day_5_final_Boss/Day_5_final_boss/sol5/sim/verilog/HW_accel_maxPool_4_24_12_s.v" into library xil_defaultlib
INFO: [VRFC 10-311] analyzing module HW_accel_maxPool_4_24_12_s
INFO: [VRFC 10-2263] Analyzing SystemVerilog file "C:/Users/exam2/Desktop/Day_5_final_Boss/Day_5_final_boss/sol5/sim/verilog/HW_accel_mem_1_0_RAM_AUTO_1R1W.v" into library xil_defaultlib
INFO: [VRFC 10-311] analyzing module HW_accel_mem_1_0_RAM_AUTO_1R1W
INFO: [VRFC 10-2263] Analyzing SystemVerilog file "C:/Users/exam2/Desktop/Day_5_final_Boss/Day_5_final_boss/sol5/sim/verilog/HW_accel_mem_1_0_RAM_AUTO_1R1W_memcore.v" into library xil_defaultlib
INFO: [VRFC 10-311] analyzing module HW_accel_mem_1_0_RAM_AUTO_1R1W_memcore
INFO: [VRFC 10-2263] Analyzing SystemVerilog file "C:/Users/exam2/Desktop/Day_5_final_Boss/Day_5_final_boss/sol5/sim/verilog/HW_accel_mem_2_RAM_AUTO_1R1W.v" into library xil_defaultlib
INFO: [VRFC 10-311] analyzing module HW_accel_mem_2_RAM_AUTO_1R1W
INFO: [VRFC 10-2263] Analyzing SystemVerilog file "C:/Users/exam2/Desktop/Day_5_final_Boss/Day_5_final_boss/sol5/sim/verilog/HW_accel_mem_2_RAM_AUTO_1R1W_memcore.v" into library xil_defaultlib
INFO: [VRFC 10-311] analyzing module HW_accel_mem_2_RAM_AUTO_1R1W_memcore
INFO: [VRFC 10-2263] Analyzing SystemVerilog file "C:/Users/exam2/Desktop/Day_5_final_Boss/Day_5_final_boss/sol5/sim/verilog/HW_accel_mem_3_RAM_AUTO_1R1W.v" into library xil_defaultlib
INFO: [VRFC 10-311] analyzing module HW_accel_mem_3_RAM_AUTO_1R1W
INFO: [VRFC 10-2263] Analyzing SystemVerilog file "C:/Users/exam2/Desktop/Day_5_final_Boss/Day_5_final_boss/sol5/sim/verilog/HW_accel_mem_3_RAM_AUTO_1R1W_memcore.v" into library xil_defaultlib
INFO: [VRFC 10-311] analyzing module HW_accel_mem_3_RAM_AUTO_1R1W_memcore
INFO: [VRFC 10-2263] Analyzing SystemVerilog file "C:/Users/exam2/Desktop/Day_5_final_Boss/Day_5_final_boss/sol5/sim/verilog/HW_accel_mem_4_RAM_AUTO_1R1W.v" into library xil_defaultlib
INFO: [VRFC 10-311] analyzing module HW_accel_mem_4_RAM_AUTO_1R1W
INFO: [VRFC 10-2263] Analyzing SystemVerilog file "C:/Users/exam2/Desktop/Day_5_final_Boss/Day_5_final_boss/sol5/sim/verilog/HW_accel_mem_4_RAM_AUTO_1R1W_memcore.v" into library xil_defaultlib
INFO: [VRFC 10-311] analyzing module HW_accel_mem_4_RAM_AUTO_1R1W_memcore
INFO: [VRFC 10-2263] Analyzing SystemVerilog file "C:/Users/exam2/Desktop/Day_5_final_Boss/Day_5_final_boss/sol5/sim/verilog/HW_accel_mem_5_RAM_AUTO_1R1W.v" into library xil_defaultlib
INFO: [VRFC 10-311] analyzing module HW_accel_mem_5_RAM_AUTO_1R1W
INFO: [VRFC 10-2263] Analyzing SystemVerilog file "C:/Users/exam2/Desktop/Day_5_final_Boss/Day_5_final_boss/sol5/sim/verilog/HW_accel_mem_5_RAM_AUTO_1R1W_memcore.v" into library xil_defaultlib
INFO: [VRFC 10-311] analyzing module HW_accel_mem_5_RAM_AUTO_1R1W_memcore
INFO: [VRFC 10-2263] Analyzing SystemVerilog file "C:/Users/exam2/Desktop/Day_5_final_Boss/Day_5_final_boss/sol5/sim/verilog/HW_accel_mem_6_RAM_AUTO_1R1W.v" into library xil_defaultlib
INFO: [VRFC 10-311] analyzing module HW_accel_mem_6_RAM_AUTO_1R1W
INFO: [VRFC 10-2263] Analyzing SystemVerilog file "C:/Users/exam2/Desktop/Day_5_final_Boss/Day_5_final_boss/sol5/sim/verilog/HW_accel_mem_6_RAM_AUTO_1R1W_memcore.v" into library xil_defaultlib
INFO: [VRFC 10-311] analyzing module HW_accel_mem_6_RAM_AUTO_1R1W_memcore
INFO: [VRFC 10-2263] Analyzing SystemVerilog file "C:/Users/exam2/Desktop/Day_5_final_Boss/Day_5_final_boss/sol5/sim/verilog/HW_accel_mul_3ns_6ns_8_1_1.v" into library xil_defaultlib
INFO: [VRFC 10-311] analyzing module HW_accel_mul_3ns_6ns_8_1_1
INFO: [VRFC 10-2263] Analyzing SystemVerilog file "C:/Users/exam2/Desktop/Day_5_final_Boss/Day_5_final_boss/sol5/sim/verilog/HW_accel_mul_4ns_8ns_11_1_1.v" into library xil_defaultlib
INFO: [VRFC 10-311] analyzing module HW_accel_mul_4ns_8ns_11_1_1
INFO: [VRFC 10-2263] Analyzing SystemVerilog file "C:/Users/exam2/Desktop/Day_5_final_Boss/Day_5_final_boss/sol5/sim/verilog/HW_accel_mux_165_32_1_1.v" into library xil_defaultlib
INFO: [VRFC 10-311] analyzing module HW_accel_mux_165_32_1_1
INFO: [VRFC 10-2263] Analyzing SystemVerilog file "C:/Users/exam2/Desktop/Day_5_final_Boss/Day_5_final_boss/sol5/sim/verilog/HW_accel_mux_21_32_1_1.v" into library xil_defaultlib
INFO: [VRFC 10-311] analyzing module HW_accel_mux_21_32_1_1
INFO: [VRFC 10-2263] Analyzing SystemVerilog file "C:/Users/exam2/Desktop/Day_5_final_Boss/Day_5_final_boss/sol5/sim/verilog/HW_accel_mux_42_32_1_1.v" into library xil_defaultlib
INFO: [VRFC 10-311] analyzing module HW_accel_mux_42_32_1_1
INFO: [VRFC 10-2263] Analyzing SystemVerilog file "C:/Users/exam2/Desktop/Day_5_final_Boss/Day_5_final_boss/sol5/sim/verilog/HW_accel_read_input.v" into library xil_defaultlib
INFO: [VRFC 10-311] analyzing module HW_accel_read_input
INFO: [VRFC 10-2263] Analyzing SystemVerilog file "C:/Users/exam2/Desktop/Day_5_final_Boss/Day_5_final_boss/sol5/sim/verilog/HW_accel_regslice_both.v" into library xil_defaultlib
INFO: [VRFC 10-311] analyzing module HW_accel_regslice_both
INFO: [VRFC 10-311] analyzing module HW_accel_regslice_both_w1
INFO: [VRFC 10-2263] Analyzing SystemVerilog file "C:/Users/exam2/Desktop/Day_5_final_Boss/Day_5_final_boss/sol5/sim/verilog/HW_accel_write_output.v" into library xil_defaultlib
INFO: [VRFC 10-311] analyzing module HW_accel_write_output
INFO: [VRFC 10-2263] Analyzing SystemVerilog file "C:/Users/exam2/Desktop/Day_5_final_Boss/Day_5_final_boss/sol5/sim/verilog/dataflow_monitor.sv" into library xil_defaultlib
INFO: [VRFC 10-311] analyzing module dataflow_monitor
Starting static elaboration
Pass Through NonSizing Optimizer
WARNING: [VRFC 10-3645] port 'axis_block_info' remains unconnected for this instance [C:/Users/exam2/Desktop/Day_5_final_Boss/Day_5_final_boss/sol5/sim/verilog/AESL_deadlock_kernel_monitor_top.v:38]
WARNING: [VRFC 10-3705] select index -1 into 'axis_block_sigs' is out of bounds [C:/Users/exam2/Desktop/Day_5_final_Boss/Day_5_final_boss/sol5/sim/verilog/AESL_deadlock_idx0_monitor.v:70]
WARNING: [VRFC 10-3705] select index -1 into 'axis_block_sigs' is out of bounds [C:/Users/exam2/Desktop/Day_5_final_Boss/Day_5_final_boss/sol5/sim/verilog/AESL_deadlock_idx0_monitor.v:78]
Completed static elaboration
Starting simulation data flow analysis
Completed simulation data flow analysis
Time Resolution for simulation is 1ps
Compiling package std.standard
Compiling package std.textio
Compiling package ieee.std_logic_1164
Compiling package floating_point_v7_1_14.floating_point_v7_1_14_viv_comp
Compiling package ieee.numeric_std
Compiling package xbip_utils_v3_0_10.xbip_utils_v3_0_10_pkg
Compiling package axi_utils_v2_0_6.axi_utils_v2_0_6_pkg
Compiling package floating_point_v7_1_14.floating_point_v7_1_14_consts
Compiling package ieee.math_real
Compiling package floating_point_v7_1_14.floating_point_v7_1_14_exp_table...
Compiling package mult_gen_v12_0_18.mult_gen_v12_0_18_pkg
Compiling package ieee.std_logic_arith
Compiling package ieee.std_logic_signed
Compiling package floating_point_v7_1_14.floating_point_v7_1_14_pkg
Compiling package floating_point_v7_1_14.flt_utils
Compiling package xbip_pipe_v3_0_6.xbip_pipe_v3_0_6_viv_comp
Compiling package unisim.vcomponents
Compiling package ieee.vital_timing
Compiling package ieee.vital_primitives
Compiling package unisim.vpkg
Compiling package xil_defaultlib.$unit_dataflow_monitor_sv
Compiling module xil_defaultlib.HW_accel_mem_1_0_RAM_AUTO_1R1W_m...
Compiling module xil_defaultlib.HW_accel_mem_1_0_RAM_AUTO_1R1W(A...
Compiling module xil_defaultlib.HW_accel_mem_2_RAM_AUTO_1R1W_mem...
Compiling module xil_defaultlib.HW_accel_mem_2_RAM_AUTO_1R1W(Add...
Compiling module xil_defaultlib.HW_accel_mem_3_RAM_AUTO_1R1W_mem...
Compiling module xil_defaultlib.HW_accel_mem_3_RAM_AUTO_1R1W(Add...
Compiling module xil_defaultlib.HW_accel_mem_4_RAM_AUTO_1R1W_mem...
Compiling module xil_defaultlib.HW_accel_mem_4_RAM_AUTO_1R1W(Add...
Compiling module xil_defaultlib.HW_accel_mem_5_RAM_AUTO_1R1W_mem...
Compiling module xil_defaultlib.HW_accel_mem_5_RAM_AUTO_1R1W(Add...
Compiling module xil_defaultlib.HW_accel_mem_6_RAM_AUTO_1R1W_mem...
Compiling module xil_defaultlib.HW_accel_mem_6_RAM_AUTO_1R1W(Add...
Compiling module xil_defaultlib.HW_accel_fc2_output_RAM_AUTO_1R1...
Compiling module xil_defaultlib.HW_accel_fc2_output_RAM_AUTO_1R1...
Compiling module xil_defaultlib.HW_accel_flow_control_loop_pipe
Compiling module xil_defaultlib.HW_accel_regslice_both
Compiling module xil_defaultlib.HW_accel_regslice_both(DataWidth...
Compiling module xil_defaultlib.HW_accel_regslice_both(DataWidth...
Compiling module xil_defaultlib.HW_accel_read_input
Compiling module xil_defaultlib.HW_accel_conv1_conv1_bias_ROM_AU...
Compiling module xil_defaultlib.HW_accel_conv1_Pipeline_Fil_load...
Compiling module xil_defaultlib.HW_accel_flow_control_loop_pipe_...
Compiling module xil_defaultlib.HW_accel_conv1_Pipeline_Fil_load...
Compiling module xil_defaultlib.HW_accel_conv1_Pipeline_loadWin1...
Compiling architecture muxcy_v of entity unisim.MUXCY [muxcy_default]
Compiling architecture synth of entity xbip_pipe_v3_0_6.xbip_pipe_v3_0_6_viv [\xbip_pipe_v3_0_6_viv(c_has_ce=1...]
Compiling architecture rtl of entity floating_point_v7_1_14.delay [\delay(width=7,length=0)\]
Compiling architecture struct of entity floating_point_v7_1_14.carry_chain [\carry_chain(c_xdevicefamily="zy...]
Compiling architecture synth of entity floating_point_v7_1_14.compare_eq_im [\compare_eq_im(c_xdevicefamily="...]
Compiling architecture xorcy_v of entity unisim.XORCY [xorcy_default]
Compiling architecture struct of entity floating_point_v7_1_14.carry_chain [\carry_chain(c_xdevicefamily="zy...]
Compiling architecture synth of entity xbip_pipe_v3_0_6.xbip_pipe_v3_0_6_viv [\xbip_pipe_v3_0_6_viv(c_has_ce=1...]
Compiling architecture rtl of entity floating_point_v7_1_14.delay [\delay(length=0)\]
Compiling architecture synth of entity xbip_pipe_v3_0_6.xbip_pipe_v3_0_6_viv [\xbip_pipe_v3_0_6_viv(c_has_ce=1...]
Compiling architecture rtl of entity floating_point_v7_1_14.delay [\delay(width=24,length=0,fast_in...]
Compiling architecture synth of entity xbip_pipe_v3_0_6.xbip_pipe_v3_0_6_viv [\xbip_pipe_v3_0_6_viv(c_has_ce=1...]
Compiling architecture rtl of entity floating_point_v7_1_14.delay [\delay(width=16,length=0)\]
Compiling architecture dsp48e1_v of entity unisim.DSP48E1 [\DSP48E1(acascreg=0,adreg=0,alum...]
Compiling architecture synth of entity xbip_pipe_v3_0_6.xbip_pipe_v3_0_6_viv [\xbip_pipe_v3_0_6_viv(c_has_ce=1...]
Compiling architecture rtl of entity floating_point_v7_1_14.delay [\delay(width=4,length=0)\]
Compiling architecture synth of entity xbip_pipe_v3_0_6.xbip_pipe_v3_0_6_viv [\xbip_pipe_v3_0_6_viv(c_has_ce=1...]
Compiling architecture rtl of entity floating_point_v7_1_14.delay [\delay(width=48,length=0)\]
Compiling architecture synth of entity xbip_pipe_v3_0_6.xbip_pipe_v3_0_6_viv [\xbip_pipe_v3_0_6_viv(c_has_ce=1...]
Compiling architecture rtl of entity floating_point_v7_1_14.delay [\delay(width=24,length=0)\]
Compiling architecture rtl of entity floating_point_v7_1_14.dsp48e1_wrapper [\dsp48e1_wrapper(c_part="xc7z020...]
Compiling architecture synth of entity xbip_pipe_v3_0_6.xbip_pipe_v3_0_6_viv [\xbip_pipe_v3_0_6_viv(c_latency=...]
Compiling architecture rtl of entity floating_point_v7_1_14.delay [delay_default]
Compiling architecture synth of entity xbip_pipe_v3_0_6.xbip_pipe_v3_0_6_viv [\xbip_pipe_v3_0_6_viv(c_has_ce=1...]
Compiling architecture rtl of entity floating_point_v7_1_14.delay [\delay(width=13,length=0)\]
Compiling architecture synth of entity xbip_pipe_v3_0_6.xbip_pipe_v3_0_6_viv [\xbip_pipe_v3_0_6_viv(c_has_ce=1...]
Compiling architecture rtl of entity floating_point_v7_1_14.delay [\delay(width=27,length=0)\]
Compiling architecture synth of entity floating_point_v7_1_14.align_add_dsp48e1_sgl [\align_add_dsp48e1_sgl(c_xdevice...]
Compiling architecture lut5_v of entity unisim.LUT5 [\LUT5(init="00000000000000001111...]
Compiling architecture lut5_v of entity unisim.LUT5 [\LUT5(init="00000000000000000000...]
Compiling architecture synth of entity xbip_pipe_v3_0_6.xbip_pipe_v3_0_6_viv [\xbip_pipe_v3_0_6_viv(c_has_ce=1...]
Compiling architecture rtl of entity floating_point_v7_1_14.delay [\delay(width=5,length=0)\]
Compiling architecture rtl of entity floating_point_v7_1_14.lead_zero_encode_shift [\lead_zero_encode_shift(ab_fw=24...]
Compiling architecture synth of entity xbip_pipe_v3_0_6.xbip_pipe_v3_0_6_viv [\xbip_pipe_v3_0_6_viv(c_has_ce=1...]
Compiling architecture rtl of entity floating_point_v7_1_14.delay [\delay(width=3,length=0)\]
Compiling architecture lut6_v of entity unisim.LUT6 [\LUT6(init="11111110010101001011...]
Compiling architecture lut5_v of entity unisim.LUT5 [\LUT5(init="00010001010111110000...]
Compiling architecture lut5_v of entity unisim.LUT5 [\LUT5(init="11101110101000001111...]
Compiling architecture synth of entity xbip_pipe_v3_0_6.xbip_pipe_v3_0_6_viv [\xbip_pipe_v3_0_6_viv(c_latency=...]
Compiling architecture rtl of entity floating_point_v7_1_14.delay [\delay(width=2)\]
Compiling architecture dsp48e1_v of entity unisim.DSP48E1 [\DSP48E1(adreg=0,alumodereg=0,ca...]
Compiling architecture synth of entity xbip_pipe_v3_0_6.xbip_pipe_v3_0_6_viv [\xbip_pipe_v3_0_6_viv(c_has_ce=1...]
Compiling architecture rtl of entity floating_point_v7_1_14.delay [\delay(width=25,length=0)\]
Compiling architecture rtl of entity floating_point_v7_1_14.dsp48e1_wrapper [\dsp48e1_wrapper(a_width=24,c_wi...]
Compiling architecture rtl of entity floating_point_v7_1_14.norm_and_round_dsp48e1_sgl [\norm_and_round_dsp48e1_sgl(c_mu...]
Compiling architecture lut5_v of entity unisim.LUT5 [\LUT5(init="10011001100110011001...]
Compiling architecture lut5_v of entity unisim.LUT5 [\LUT5(init="11111111000000001111...]
Compiling architecture synth of entity xbip_pipe_v3_0_6.xbip_pipe_v3_0_6_viv [\xbip_pipe_v3_0_6_viv(c_has_ce=1...]
Compiling architecture rtl of entity floating_point_v7_1_14.delay [\delay(width=9,length=0)\]
Compiling architecture struct of entity floating_point_v7_1_14.carry_chain [\carry_chain(c_xdevicefamily="zy...]
Compiling architecture synth of entity xbip_pipe_v3_0_6.xbip_pipe_v3_0_6_viv [\xbip_pipe_v3_0_6_viv(c_has_ce=1...]
Compiling architecture rtl of entity floating_point_v7_1_14.delay [\delay(width=8,length=0)\]
Compiling architecture synth of entity xbip_pipe_v3_0_6.xbip_pipe_v3_0_6_viv [\xbip_pipe_v3_0_6_viv(c_latency=...]
Compiling architecture rtl of entity floating_point_v7_1_14.delay [\delay(width=10)\]
Compiling architecture synth of entity xbip_pipe_v3_0_6.xbip_pipe_v3_0_6_viv [\xbip_pipe_v3_0_6_viv(c_has_ce=1...]
Compiling architecture rtl of entity floating_point_v7_1_14.delay [\delay(width=4,length=0,fast_inp...]
Compiling architecture fdre_v of entity unisim.FDRE [fdre_default]
Compiling architecture fde_v of entity unisim.FDE [fde_default]
Compiling architecture struct of entity floating_point_v7_1_14.carry_chain [\carry_chain(c_xdevicefamily="zy...]
Compiling architecture synth of entity floating_point_v7_1_14.compare_eq_im [\compare_eq_im(c_xdevicefamily="...]
Compiling architecture synth of entity xbip_pipe_v3_0_6.xbip_pipe_v3_0_6_viv [\xbip_pipe_v3_0_6_viv(c_latency=...]
Compiling architecture rtl of entity floating_point_v7_1_14.delay [\delay(fast_input=true)\]
Compiling architecture rtl of entity floating_point_v7_1_14.special_detect [\special_detect(c_xdevicefamily=...]
Compiling architecture struct of entity floating_point_v7_1_14.carry_chain [\carry_chain(c_xdevicefamily="zy...]
Compiling architecture synth of entity floating_point_v7_1_14.compare_gt [\compare_gt(c_xdevicefamily="zyn...]
Compiling architecture synth of entity floating_point_v7_1_14.compare [\compare(c_xdevicefamily="zynq",...]
Compiling architecture synth of entity xbip_pipe_v3_0_6.xbip_pipe_v3_0_6_viv [\xbip_pipe_v3_0_6_viv(c_latency=...]
Compiling architecture rtl of entity floating_point_v7_1_14.delay [\delay(width=8)\]
Compiling architecture synth of entity xbip_pipe_v3_0_6.xbip_pipe_v3_0_6_viv [\xbip_pipe_v3_0_6_viv(c_latency=...]
Compiling architecture rtl of entity floating_point_v7_1_14.delay [\delay(width=9)\]
Compiling architecture synth of entity xbip_pipe_v3_0_6.xbip_pipe_v3_0_6_viv [\xbip_pipe_v3_0_6_viv(c_latency=...]
Compiling architecture rtl of entity floating_point_v7_1_14.delay [\delay(width=2,length=2,fast_inp...]
Compiling architecture synth of entity xbip_pipe_v3_0_6.xbip_pipe_v3_0_6_viv [\xbip_pipe_v3_0_6_viv(c_latency=...]
Compiling architecture rtl of entity floating_point_v7_1_14.delay [\delay(length=2,fast_input=true)...]
Compiling architecture synth of entity xbip_pipe_v3_0_6.xbip_pipe_v3_0_6_viv [\xbip_pipe_v3_0_6_viv(c_has_ce=1...]
Compiling architecture rtl of entity floating_point_v7_1_14.delay [\delay(length=0,fast_input=true)...]
Compiling architecture synth of entity xbip_pipe_v3_0_6.xbip_pipe_v3_0_6_viv [\xbip_pipe_v3_0_6_viv(c_has_ce=1...]
Compiling architecture rtl of entity floating_point_v7_1_14.delay [\delay(width=2,length=0,fast_inp...]
Compiling architecture synth of entity xbip_pipe_v3_0_6.xbip_pipe_v3_0_6_viv [\xbip_pipe_v3_0_6_viv(c_has_ce=1...]
Compiling architecture rtl of entity floating_point_v7_1_14.delay [\delay(width=12,length=0)\]
Compiling architecture rtl of entity floating_point_v7_1_14.flt_add_exp_sp [\flt_add_exp_sp(c_xdevicefamily=...]
Compiling architecture synth of entity xbip_pipe_v3_0_6.xbip_pipe_v3_0_6_viv [\xbip_pipe_v3_0_6_viv(c_latency=...]
Compiling architecture rtl of entity floating_point_v7_1_14.delay [\delay(width=23)\]
Compiling architecture synth of entity floating_point_v7_1_14.flt_dec_op [\flt_dec_op(c_xdevicefamily="zyn...]
Compiling architecture rtl of entity floating_point_v7_1_14.flt_add_dsp [\flt_add_dsp(c_xdevicefamily="zy...]
Compiling architecture rtl of entity floating_point_v7_1_14.flt_add [\flt_add(c_xdevicefamily="zynq",...]
Compiling module unisims_ver.x_lut1_mux2
Compiling module unisims_ver.LUT1
Compiling architecture synth of entity xbip_pipe_v3_0_6.xbip_pipe_v3_0_6_viv [\xbip_pipe_v3_0_6_viv(c_latency=...]
Compiling architecture synth of entity xbip_pipe_v3_0_6.xbip_pipe_v3_0_6_viv [\xbip_pipe_v3_0_6_viv(c_has_ce=1...]
Compiling architecture rtl of entity floating_point_v7_1_14.delay [\delay(width=32,length=0)\]
Compiling architecture xilinx of entity floating_point_v7_1_14.floating_point_v7_1_14_viv [\floating_point_v7_1_14_viv(c_xd...]
Compiling architecture xilinx of entity floating_point_v7_1_14.floating_point_v7_1_14 [\floating_point_v7_1_14(c_xdevic...]
Compiling module xil_defaultlib.HW_accel_fadd_32ns_32ns_32_5_ful...
Compiling module xil_defaultlib.HW_accel_fadd_32ns_32ns_32_5_ful...
Compiling architecture dsp48e1_v of entity unisim.DSP48E1 [\DSP48E1(acascreg=0,adreg=0,alum...]
Compiling architecture synth of entity xbip_pipe_v3_0_6.xbip_pipe_v3_0_6_viv [\xbip_pipe_v3_0_6_viv(c_has_ce=1...]
Compiling architecture rtl of entity floating_point_v7_1_14.delay [\delay(width=17,length=0)\]
Compiling architecture rtl of entity floating_point_v7_1_14.dsp48e1_wrapper [\dsp48e1_wrapper(a_width=24,b_wi...]
Compiling architecture dsp48e1_v of entity unisim.DSP48E1 [\DSP48E1(acascreg=0,adreg=0,alum...]
Compiling architecture rtl of entity floating_point_v7_1_14.dsp48e1_wrapper [\dsp48e1_wrapper(a_width=24,b_wi...]
Compiling architecture struct of entity floating_point_v7_1_14.fix_mult_dsp48e1_sgl [\fix_mult_dsp48e1_sgl(registers=...]
Compiling architecture rtl of entity floating_point_v7_1_14.fix_mult [\fix_mult(c_xdevicefamily="zynq"...]
Compiling architecture synth of entity xbip_pipe_v3_0_6.xbip_pipe_v3_0_6_viv [\xbip_pipe_v3_0_6_viv(c_has_ce=1...]
Compiling architecture rtl of entity floating_point_v7_1_14.delay [\delay(width=8,length=0,fast_inp...]
Compiling architecture struct of entity floating_point_v7_1_14.carry_chain [\carry_chain(c_xdevicefamily="zy...]
Compiling architecture struct of entity floating_point_v7_1_14.carry_chain [\carry_chain(c_xdevicefamily="zy...]
Compiling architecture synth of entity floating_point_v7_1_14.compare_eq_im [\compare_eq_im(c_xdevicefamily="...]
Compiling architecture rtl of entity floating_point_v7_1_14.special_detect [\special_detect(c_xdevicefamily=...]
Compiling architecture synth of entity xbip_pipe_v3_0_6.xbip_pipe_v3_0_6_viv [\xbip_pipe_v3_0_6_viv(c_latency=...]
Compiling architecture rtl of entity floating_point_v7_1_14.delay [\delay(width=2,fast_input=true)\]
Compiling architecture synth of entity xbip_pipe_v3_0_6.xbip_pipe_v3_0_6_viv [\xbip_pipe_v3_0_6_viv(c_latency=...]
Compiling architecture rtl of entity floating_point_v7_1_14.delay [\delay(width=4,fast_input=true)\]
Compiling architecture synth of entity xbip_pipe_v3_0_6.xbip_pipe_v3_0_6_viv [\xbip_pipe_v3_0_6_viv(c_has_ce=1...]
Compiling architecture rtl of entity floating_point_v7_1_14.delay [\delay(width=3,length=0,fast_inp...]
Compiling architecture synth of entity xbip_pipe_v3_0_6.xbip_pipe_v3_0_6_viv [\xbip_pipe_v3_0_6_viv(c_has_ce=1...]
Compiling architecture rtl of entity floating_point_v7_1_14.delay [\delay(width=14,length=0)\]
Compiling architecture rtl of entity floating_point_v7_1_14.flt_mult_exp [\flt_mult_exp(c_xdevicefamily="z...]
Compiling architecture dsp48e1_v of entity unisim.DSP48E1 [\DSP48E1(acascreg=0,adreg=0,alum...]
Compiling architecture synth of entity xbip_pipe_v3_0_6.xbip_pipe_v3_0_6_viv [\xbip_pipe_v3_0_6_viv(c_has_ce=1...]
Compiling architecture rtl of entity floating_point_v7_1_14.delay [\delay(width=30,length=0)\]
Compiling architecture synth of entity xbip_pipe_v3_0_6.xbip_pipe_v3_0_6_viv [\xbip_pipe_v3_0_6_viv(c_has_ce=1...]
Compiling architecture rtl of entity floating_point_v7_1_14.delay [\delay(width=18,length=0)\]
Compiling architecture rtl of entity floating_point_v7_1_14.dsp48e1_wrapper [\dsp48e1_wrapper(a_width=30,b_wi...]
Compiling architecture struct of entity floating_point_v7_1_14.flt_round_dsp_opt_full [\flt_round_dsp_opt_full(c_xdevic...]
Compiling architecture rtl of entity floating_point_v7_1_14.flt_mult_round [\flt_mult_round(c_xdevicefamily=...]
Compiling architecture synth of entity floating_point_v7_1_14.flt_dec_op_lat [\flt_dec_op_lat(c_xdevicefamily=...]
Compiling architecture rtl of entity floating_point_v7_1_14.flt_mult [\flt_mult(c_xdevicefamily="zynq"...]
Compiling architecture xilinx of entity floating_point_v7_1_14.floating_point_v7_1_14_viv [\floating_point_v7_1_14_viv(c_xd...]
Compiling architecture xilinx of entity floating_point_v7_1_14.floating_point_v7_1_14 [\floating_point_v7_1_14(c_xdevic...]
Compiling module xil_defaultlib.HW_accel_fmul_32ns_32ns_32_4_max...
Compiling module xil_defaultlib.HW_accel_fmul_32ns_32ns_32_4_max...
Compiling module xil_defaultlib.HW_accel_conv2D_1_s
Compiling architecture struct of entity floating_point_v7_1_14.carry_chain [\carry_chain(c_xdevicefamily="zy...]
Compiling architecture synth of entity floating_point_v7_1_14.compare_eq_im [\compare_eq_im(c_xdevicefamily="...]
Compiling architecture synth of entity floating_point_v7_1_14.compare_ne_im [\compare_ne_im(c_xdevicefamily="...]
Compiling architecture synth of entity xbip_pipe_v3_0_6.xbip_pipe_v3_0_6_viv [\xbip_pipe_v3_0_6_viv(c_has_ce=1...]
Compiling architecture rtl of entity floating_point_v7_1_14.delay [\delay(width=2,length=0)\]
Compiling architecture struct of entity floating_point_v7_1_14.carry_chain [\carry_chain(c_xdevicefamily="zy...]
Compiling architecture synth of entity floating_point_v7_1_14.compare_eq_im [\compare_eq_im(c_xdevicefamily="...]
Compiling architecture synth of entity xbip_pipe_v3_0_6.xbip_pipe_v3_0_6_viv [\xbip_pipe_v3_0_6_viv(c_has_ce=1...]
Compiling architecture rtl of entity floating_point_v7_1_14.delay [\delay(width=11,length=0)\]
Compiling architecture struct of entity floating_point_v7_1_14.carry_chain [\carry_chain(c_xdevicefamily="zy...]
Compiling architecture synth of entity floating_point_v7_1_14.compare_eq [\compare_eq(c_xdevicefamily="zyn...]
Compiling architecture struct of entity floating_point_v7_1_14.carry_chain [\carry_chain(c_xdevicefamily="zy...]
Compiling architecture synth of entity floating_point_v7_1_14.compare_gt [\compare_gt(c_xdevicefamily="zyn...]
Compiling architecture rtl of entity floating_point_v7_1_14.fp_cmp [\fp_cmp(c_xdevicefamily="zynq",c...]
Compiling architecture xilinx of entity floating_point_v7_1_14.floating_point_v7_1_14_viv [\floating_point_v7_1_14_viv(c_xd...]
Compiling architecture xilinx of entity floating_point_v7_1_14.floating_point_v7_1_14 [\floating_point_v7_1_14(c_xdevic...]
Compiling module xil_defaultlib.HW_accel_fcmp_32ns_32ns_1_2_no_d...
Compiling module xil_defaultlib.HW_accel_fcmp_32ns_32ns_1_2_no_d...
Compiling module xil_defaultlib.HW_accel_ama_addmuladd_7ns_5ns_5...
Compiling module xil_defaultlib.HW_accel_ama_addmuladd_7ns_5ns_5...
Compiling module xil_defaultlib.HW_accel_conv1
Compiling module xil_defaultlib.HW_accel_conv2_conv2_bias_ROM_AU...
Compiling module xil_defaultlib.HW_accel_conv2_Pipeline_Fil_load...
Compiling module xil_defaultlib.HW_accel_conv2_Pipeline_Fil_load...
Compiling module xil_defaultlib.HW_accel_ama_addmuladd_8ns_5ns_5...
Compiling module xil_defaultlib.HW_accel_ama_addmuladd_8ns_5ns_5...
Compiling module xil_defaultlib.HW_accel_conv2_Pipeline_loadWin1...
Compiling module xil_defaultlib.HW_accel_mux_42_32_1_1(ID=1,din4...
Compiling module xil_defaultlib.HW_accel_conv2D_4_s
Compiling module xil_defaultlib.HW_accel_mul_3ns_6ns_8_1_1(NUM_S...
Compiling module xil_defaultlib.HW_accel_mux_21_32_1_1(ID=1,din2...
Compiling module xil_defaultlib.HW_accel_conv2
Compiling module xil_defaultlib.HW_accel_maxPool_4_24_12_s
Compiling module xil_defaultlib.HW_accel_conv3_conv3_bias_ROM_AU...
Compiling module xil_defaultlib.HW_accel_conv3_Pipeline_Fil_load...
Compiling module xil_defaultlib.HW_accel_conv3_Pipeline_Fil_load...
Compiling module xil_defaultlib.HW_accel_conv3_Pipeline_loadWin1...
Compiling module xil_defaultlib.HW_accel_conv3
Compiling module xil_defaultlib.HW_accel_maxPool_4_10_5_s
Compiling module xil_defaultlib.HW_accel_FC_layer_100_16_true_s_...
Compiling module xil_defaultlib.HW_accel_FC_layer_100_16_true_s_...
Compiling module xil_defaultlib.HW_accel_mul_4ns_8ns_11_1_1(NUM_...
Compiling module xil_defaultlib.HW_accel_FC_layer_100_16_true_s
Compiling module xil_defaultlib.HW_accel_fc_layer117
Compiling module xil_defaultlib.HW_accel_fc_layer2_fc2_bias_ROM_...
Compiling module xil_defaultlib.HW_accel_fc_layer2_fc2_weight_RO...
Compiling module xil_defaultlib.HW_accel_mux_165_32_1_1(ID=1,din...
Compiling module xil_defaultlib.HW_accel_fc_layer2
Compiling module xil_defaultlib.HW_accel_write_output
Compiling module xil_defaultlib.HW_accel_fifo_w32_d2_S_shiftReg
Compiling module xil_defaultlib.HW_accel_fifo_w32_d2_S
Compiling module xil_defaultlib.HW_accel
Compiling module xil_defaultlib.fifo(DEPTH=784,WIDTH=32)
Compiling module xil_defaultlib.fifo(DEPTH=784,WIDTH=4)
Compiling module xil_defaultlib.fifo(DEPTH=784,WIDTH=1)
Compiling module xil_defaultlib.AESL_axi_s_inputPort
Compiling module xil_defaultlib.fifo(DEPTH=10,WIDTH=32)
Compiling module xil_defaultlib.fifo(DEPTH=10,WIDTH=4)
Compiling module xil_defaultlib.fifo(DEPTH=10,WIDTH=1)
Compiling module xil_defaultlib.AESL_axi_s_outputPort
Compiling module xil_defaultlib.AESL_deadlock_detect_unit(PROC_N...
Compiling module xil_defaultlib.AESL_deadlock_detect_unit(PROC_N...
Compiling module xil_defaultlib.AESL_deadlock_detect_unit(PROC_N...
Compiling module xil_defaultlib.AESL_deadlock_detect_unit(PROC_N...
Compiling module xil_defaultlib.AESL_deadlock_detect_unit(PROC_N...
Compiling module xil_defaultlib.AESL_deadlock_detect_unit(PROC_N...
Compiling module xil_defaultlib.AESL_deadlock_detect_unit(PROC_N...
Compiling module xil_defaultlib.AESL_deadlock_detect_unit(PROC_N...
Compiling module xil_defaultlib.AESL_deadlock_detect_unit(PROC_N...
Compiling module xil_defaultlib.AESL_deadlock_report_unit(PROC_N...
Compiling module xil_defaultlib.AESL_deadlock_detector_1
WARNING: [VRFC 10-3705] select index -1 into 'axis_block_sigs' is out of bounds [C:/Users/exam2/Desktop/Day_5_final_Boss/Day_5_final_boss/sol5/sim/verilog/AESL_deadlock_idx0_monitor.v:70]
WARNING: [VRFC 10-3705] select index -1 into 'axis_block_sigs' is out of bounds [C:/Users/exam2/Desktop/Day_5_final_Boss/Day_5_final_boss/sol5/sim/verilog/AESL_deadlock_idx0_monitor.v:78]
Compiling module xil_defaultlib.AESL_deadlock_idx0_monitor
Compiling module xil_defaultlib.AESL_deadlock_kernel_monitor_top...
Compiling module xil_defaultlib.df_fifo_intf
Compiling module xil_defaultlib.df_process_intf
Compiling module xil_defaultlib.nodf_module_intf
Compiling module xil_defaultlib.seq_loop_intf(FSM_WIDTH=34)
Compiling module xil_defaultlib.seq_loop_intf(FSM_WIDTH=38)
Compiling module xil_defaultlib.seq_loop_intf(FSM_WIDTH=37)
Compiling module xil_defaultlib.seq_loop_intf(FSM_WIDTH=15)
Compiling module xil_defaultlib.seq_loop_intf(FSM_WIDTH=16)
Compiling module xil_defaultlib.upc_loop_intf(FSM_WIDTH=1)
Compiling module xil_defaultlib.dataflow_monitor_1
Compiling module xil_defaultlib.apatb_HW_accel_top
Compiling module work.glbl
Built simulation snapshot HW_accel

****** xsim v2022.1 (64-bit)
  **** SW Build 3526262 on Mon Apr 18 15:48:16 MDT 2022
  **** IP Build 3524634 on Mon Apr 18 20:55:01 MDT 2022
    ** Copyright 1986-2022 Xilinx, Inc. All Rights Reserved.

source xsim.dir/HW_accel/xsim_script.tcl
# xsim {HW_accel} -autoloadwcfg -tclbatch {HW_accel.tcl}
Time resolution is 1 ps
source HW_accel.tcl
## run all
////////////////////////////////////////////////////////////////////////////////////
// Inter-Transaction Progress: Completed Transaction / Total Transaction
// Intra-Transaction Progress: Measured Latency / Latency Estimation * 100%
//
// RTL Simulation : "Inter-Transaction Progress" ["Intra-Transaction Progress"] @ "Simulation Time"
////////////////////////////////////////////////////////////////////////////////////
// RTL Simulation : 0 / 1 [0.00%] @ "125000"
find kernel block.
// RTL Simulation : 1 / 1 [100.00%] @ "5864355000"
////////////////////////////////////////////////////////////////////////////////////
$finish called at time : 5864415 ns : File "C:/Users/exam2/Desktop/Day_5_final_Boss/Day_5_final_boss/sol5/sim/verilog/HW_accel.autotb.v" Line 248
run: Time (s): cpu = 00:00:01 ; elapsed = 00:04:45 . Memory (MB): peak = 1207.012 ; gain = 0.000
## quit
INFO: xsimkernel Simulation Memory Usage: 94396 KB (Peak: 94396 KB), Simulation CPU Usage: 281843 ms
INFO: [Common 17-206] Exiting xsim at Thu Dec 25 15:25:28 2025...
-3.957463	-0.865852	1.631912	1.570909	-8.315239	-3.206361	-16.562754	13.615960	-2.783394	-3.543148	
===== Diff =======
0.000003	0.000021	-0.000012	0.000008	0.000027	-0.000001	0.000008	0.000025	-0.000028	0.000006	
Success!!!
