
*** Running vivado
    with args -log design_1_wrapper.vds -m64 -product Vivado -mode batch -messageDb vivado.pb -notrace -source design_1_wrapper.tcl



****** Vivado v2022.1 (64-bit)
  **** SW Build 3526262 on Mon Apr 18 15:48:16 MDT 2022
  **** IP Build 3524634 on Mon Apr 18 20:55:01 MDT 2022
    ** Copyright 1986-2022 Xilinx, Inc. All Rights Reserved.

source design_1_wrapper.tcl -notrace
INFO: [IP_Flow 19-234] Refreshing IP repositories
INFO: [IP_Flow 19-1700] Loaded user IP repository 'c:/Users/exam2/Desktop/RFSoC-PYNQ-master'.
INFO: [IP_Flow 19-2313] Loaded Vivado IP repository 'C:/Xilinx/Vivado/2022.1/data/ip'.
Command: synth_design -top design_1_wrapper -part xczu48dr-ffvg1517-2-e
Starting synth_design
Attempting to get a license for feature 'Synthesis' and/or device 'xczu48dr'
INFO: [Common 17-349] Got license for feature 'Synthesis' and/or device 'xczu48dr'
INFO: [Common 17-1540] The version limit for your license is '2023.09' and has expired for new software. A version limit expiration means that, although you may be able to continue to use the current version of tools or IP with this license, you will not be eligible for new releases.
INFO: [Device 21-403] Loading part xczu48dr-ffvg1517-2-e
INFO: [Synth 8-7079] Multithreading enabled for synth_design using a maximum of 2 processes.
INFO: [Synth 8-7078] Launching helper process for spawning children vivado processes
INFO: [Synth 8-7075] Helper process launched with PID 22416
WARNING: [Synth 8-9501] generate block is allowed only inside loop and conditional generate in SystemVerilog mode [C:/Xilinx/Vivado/2022.1/data/ip/xpm/xpm_fifo/hdl/xpm_fifo.sv:4023]
---------------------------------------------------------------------------------
Starting RTL Elaboration : Time (s): cpu = 00:00:01 ; elapsed = 00:00:02 . Memory (MB): peak = 1828.789 ; gain = 272.625
---------------------------------------------------------------------------------
INFO: [Synth 8-6157] synthesizing module 'design_1_wrapper' [c:/Users/exam2/Day_4/Day_4.gen/sources_1/bd/design_1/hdl/design_1_wrapper.v:12]
INFO: [Synth 8-6157] synthesizing module 'design_1' [c:/Users/exam2/Day_4/Day_4.gen/sources_1/bd/design_1/synth/design_1.v:12]
INFO: [Synth 8-6157] synthesizing module 'design_1_axi_dma_0_0' [C:/Users/exam2/Day_4/Day_4.runs/synth_1/.Xil/Vivado-23188-L617-PC16/realtime/design_1_axi_dma_0_0_stub.v:5]
INFO: [Synth 8-6155] done synthesizing module 'design_1_axi_dma_0_0' (0#1) [C:/Users/exam2/Day_4/Day_4.runs/synth_1/.Xil/Vivado-23188-L617-PC16/realtime/design_1_axi_dma_0_0_stub.v:5]
WARNING: [Synth 8-7071] port 'mm2s_prmry_reset_out_n' of module 'design_1_axi_dma_0_0' is unconnected for instance 'axi_dma_0' [c:/Users/exam2/Day_4/Day_4.gen/sources_1/bd/design_1/synth/design_1.v:363]
WARNING: [Synth 8-7071] port 'm_axis_mm2s_tkeep' of module 'design_1_axi_dma_0_0' is unconnected for instance 'axi_dma_0' [c:/Users/exam2/Day_4/Day_4.gen/sources_1/bd/design_1/synth/design_1.v:363]
WARNING: [Synth 8-7071] port 'm_axis_mm2s_tlast' of module 'design_1_axi_dma_0_0' is unconnected for instance 'axi_dma_0' [c:/Users/exam2/Day_4/Day_4.gen/sources_1/bd/design_1/synth/design_1.v:363]
WARNING: [Synth 8-7071] port 'mm2s_introut' of module 'design_1_axi_dma_0_0' is unconnected for instance 'axi_dma_0' [c:/Users/exam2/Day_4/Day_4.gen/sources_1/bd/design_1/synth/design_1.v:363]
WARNING: [Synth 8-7071] port 'axi_dma_tstvec' of module 'design_1_axi_dma_0_0' is unconnected for instance 'axi_dma_0' [c:/Users/exam2/Day_4/Day_4.gen/sources_1/bd/design_1/synth/design_1.v:363]
WARNING: [Synth 8-7023] instance 'axi_dma_0' of module 'design_1_axi_dma_0_0' has 70 connections declared, but only 65 given [c:/Users/exam2/Day_4/Day_4.gen/sources_1/bd/design_1/synth/design_1.v:363]
INFO: [Synth 8-6157] synthesizing module 'design_1_axi_dma_1_0' [C:/Users/exam2/Day_4/Day_4.runs/synth_1/.Xil/Vivado-23188-L617-PC16/realtime/design_1_axi_dma_1_0_stub.v:5]
INFO: [Synth 8-6155] done synthesizing module 'design_1_axi_dma_1_0' (0#1) [C:/Users/exam2/Day_4/Day_4.runs/synth_1/.Xil/Vivado-23188-L617-PC16/realtime/design_1_axi_dma_1_0_stub.v:5]
WARNING: [Synth 8-7071] port 's2mm_prmry_reset_out_n' of module 'design_1_axi_dma_1_0' is unconnected for instance 'axi_dma_1' [c:/Users/exam2/Day_4/Day_4.gen/sources_1/bd/design_1/synth/design_1.v:429]
WARNING: [Synth 8-7071] port 's2mm_introut' of module 'design_1_axi_dma_1_0' is unconnected for instance 'axi_dma_1' [c:/Users/exam2/Day_4/Day_4.gen/sources_1/bd/design_1/synth/design_1.v:429]
WARNING: [Synth 8-7071] port 'axi_dma_tstvec' of module 'design_1_axi_dma_1_0' is unconnected for instance 'axi_dma_1' [c:/Users/exam2/Day_4/Day_4.gen/sources_1/bd/design_1/synth/design_1.v:429]
WARNING: [Synth 8-7023] instance 'axi_dma_1' of module 'design_1_axi_dma_1_0' has 43 connections declared, but only 40 given [c:/Users/exam2/Day_4/Day_4.gen/sources_1/bd/design_1/synth/design_1.v:429]
INFO: [Synth 8-6157] synthesizing module 'design_1_axi_dma_1_1' [C:/Users/exam2/Day_4/Day_4.runs/synth_1/.Xil/Vivado-23188-L617-PC16/realtime/design_1_axi_dma_1_1_stub.v:5]
INFO: [Synth 8-6155] done synthesizing module 'design_1_axi_dma_1_1' (0#1) [C:/Users/exam2/Day_4/Day_4.runs/synth_1/.Xil/Vivado-23188-L617-PC16/realtime/design_1_axi_dma_1_1_stub.v:5]
WARNING: [Synth 8-7071] port 's2mm_prmry_reset_out_n' of module 'design_1_axi_dma_1_1' is unconnected for instance 'axi_dma_2' [c:/Users/exam2/Day_4/Day_4.gen/sources_1/bd/design_1/synth/design_1.v:470]
WARNING: [Synth 8-7071] port 's2mm_introut' of module 'design_1_axi_dma_1_1' is unconnected for instance 'axi_dma_2' [c:/Users/exam2/Day_4/Day_4.gen/sources_1/bd/design_1/synth/design_1.v:470]
WARNING: [Synth 8-7071] port 'axi_dma_tstvec' of module 'design_1_axi_dma_1_1' is unconnected for instance 'axi_dma_2' [c:/Users/exam2/Day_4/Day_4.gen/sources_1/bd/design_1/synth/design_1.v:470]
WARNING: [Synth 8-7023] instance 'axi_dma_2' of module 'design_1_axi_dma_1_1' has 43 connections declared, but only 40 given [c:/Users/exam2/Day_4/Day_4.gen/sources_1/bd/design_1/synth/design_1.v:470]
INFO: [Synth 8-6157] synthesizing module 'design_1_axi_smc_0' [C:/Users/exam2/Day_4/Day_4.runs/synth_1/.Xil/Vivado-23188-L617-PC16/realtime/design_1_axi_smc_0_stub.v:5]
INFO: [Synth 8-6155] done synthesizing module 'design_1_axi_smc_0' (0#1) [C:/Users/exam2/Day_4/Day_4.runs/synth_1/.Xil/Vivado-23188-L617-PC16/realtime/design_1_axi_smc_0_stub.v:5]
INFO: [Synth 8-6157] synthesizing module 'design_1_axi_smc_1_0' [C:/Users/exam2/Day_4/Day_4.runs/synth_1/.Xil/Vivado-23188-L617-PC16/realtime/design_1_axi_smc_1_0_stub.v:5]
INFO: [Synth 8-6155] done synthesizing module 'design_1_axi_smc_1_0' (0#1) [C:/Users/exam2/Day_4/Day_4.runs/synth_1/.Xil/Vivado-23188-L617-PC16/realtime/design_1_axi_smc_1_0_stub.v:5]
INFO: [Synth 8-6157] synthesizing module 'design_1_packet_generator_0_0' [C:/Users/exam2/Day_4/Day_4.runs/synth_1/.Xil/Vivado-23188-L617-PC16/realtime/design_1_packet_generator_0_0_stub.v:5]
INFO: [Synth 8-6155] done synthesizing module 'design_1_packet_generator_0_0' (0#1) [C:/Users/exam2/Day_4/Day_4.runs/synth_1/.Xil/Vivado-23188-L617-PC16/realtime/design_1_packet_generator_0_0_stub.v:5]
INFO: [Synth 8-6157] synthesizing module 'design_1_ps8_0_axi_periph_0' [c:/Users/exam2/Day_4/Day_4.gen/sources_1/bd/design_1/synth/design_1.v:1084]
INFO: [Synth 8-6157] synthesizing module 'm00_couplers_imp_QJIMLI' [c:/Users/exam2/Day_4/Day_4.gen/sources_1/bd/design_1/synth/design_1.v:2170]
INFO: [Synth 8-6155] done synthesizing module 'm00_couplers_imp_QJIMLI' (0#1) [c:/Users/exam2/Day_4/Day_4.gen/sources_1/bd/design_1/synth/design_1.v:2170]
INFO: [Synth 8-6157] synthesizing module 'm01_couplers_imp_1D3SAH3' [c:/Users/exam2/Day_4/Day_4.gen/sources_1/bd/design_1/synth/design_1.v:2295]
INFO: [Synth 8-6155] done synthesizing module 'm01_couplers_imp_1D3SAH3' (0#1) [c:/Users/exam2/Day_4/Day_4.gen/sources_1/bd/design_1/synth/design_1.v:2295]
INFO: [Synth 8-6157] synthesizing module 'm02_couplers_imp_P3UMW5' [c:/Users/exam2/Day_4/Day_4.gen/sources_1/bd/design_1/synth/design_1.v:2427]
INFO: [Synth 8-6155] done synthesizing module 'm02_couplers_imp_P3UMW5' (0#1) [c:/Users/exam2/Day_4/Day_4.gen/sources_1/bd/design_1/synth/design_1.v:2427]
INFO: [Synth 8-6157] synthesizing module 'm03_couplers_imp_1E9R4HW' [c:/Users/exam2/Day_4/Day_4.gen/sources_1/bd/design_1/synth/design_1.v:2552]
INFO: [Synth 8-6155] done synthesizing module 'm03_couplers_imp_1E9R4HW' (0#1) [c:/Users/exam2/Day_4/Day_4.gen/sources_1/bd/design_1/synth/design_1.v:2552]
INFO: [Synth 8-6157] synthesizing module 's00_couplers_imp_1A7ZMW4' [c:/Users/exam2/Day_4/Day_4.gen/sources_1/bd/design_1/synth/design_1.v:2677]
INFO: [Synth 8-6157] synthesizing module 'design_1_auto_ds_0' [C:/Users/exam2/Day_4/Day_4.runs/synth_1/.Xil/Vivado-23188-L617-PC16/realtime/design_1_auto_ds_0_stub.v:5]
INFO: [Synth 8-6155] done synthesizing module 'design_1_auto_ds_0' (0#1) [C:/Users/exam2/Day_4/Day_4.runs/synth_1/.Xil/Vivado-23188-L617-PC16/realtime/design_1_auto_ds_0_stub.v:5]
INFO: [Synth 8-6157] synthesizing module 'design_1_auto_pc_0' [C:/Users/exam2/Day_4/Day_4.runs/synth_1/.Xil/Vivado-23188-L617-PC16/realtime/design_1_auto_pc_0_stub.v:5]
INFO: [Synth 8-6155] done synthesizing module 'design_1_auto_pc_0' (0#1) [C:/Users/exam2/Day_4/Day_4.runs/synth_1/.Xil/Vivado-23188-L617-PC16/realtime/design_1_auto_pc_0_stub.v:5]
INFO: [Synth 8-6155] done synthesizing module 's00_couplers_imp_1A7ZMW4' (0#1) [c:/Users/exam2/Day_4/Day_4.gen/sources_1/bd/design_1/synth/design_1.v:2677]
INFO: [Synth 8-6157] synthesizing module 'design_1_xbar_0' [C:/Users/exam2/Day_4/Day_4.runs/synth_1/.Xil/Vivado-23188-L617-PC16/realtime/design_1_xbar_0_stub.v:5]
INFO: [Synth 8-6155] done synthesizing module 'design_1_xbar_0' (0#1) [C:/Users/exam2/Day_4/Day_4.runs/synth_1/.Xil/Vivado-23188-L617-PC16/realtime/design_1_xbar_0_stub.v:5]
WARNING: [Synth 8-689] width (8) of port connection 'm_axi_wstrb' does not match port width (16) of module 'design_1_xbar_0' [c:/Users/exam2/Day_4/Day_4.gen/sources_1/bd/design_1/synth/design_1.v:1837]
WARNING: [Synth 8-7071] port 'm_axi_awprot' of module 'design_1_xbar_0' is unconnected for instance 'xbar' [c:/Users/exam2/Day_4/Day_4.gen/sources_1/bd/design_1/synth/design_1.v:1819]
WARNING: [Synth 8-7071] port 'm_axi_arprot' of module 'design_1_xbar_0' is unconnected for instance 'xbar' [c:/Users/exam2/Day_4/Day_4.gen/sources_1/bd/design_1/synth/design_1.v:1819]
WARNING: [Synth 8-7023] instance 'xbar' of module 'design_1_xbar_0' has 40 connections declared, but only 38 given [c:/Users/exam2/Day_4/Day_4.gen/sources_1/bd/design_1/synth/design_1.v:1819]
INFO: [Synth 8-6155] done synthesizing module 'design_1_ps8_0_axi_periph_0' (0#1) [c:/Users/exam2/Day_4/Day_4.gen/sources_1/bd/design_1/synth/design_1.v:1084]
INFO: [Synth 8-6157] synthesizing module 'design_1_ps8_0_axi_periph_1_0' [c:/Users/exam2/Day_4/Day_4.gen/sources_1/bd/design_1/synth/design_1.v:1860]
INFO: [Synth 8-6157] synthesizing module 's00_couplers_imp_1VXTOR1' [c:/Users/exam2/Day_4/Day_4.gen/sources_1/bd/design_1/synth/design_1.v:3087]
INFO: [Synth 8-6157] synthesizing module 'design_1_auto_ds_1' [C:/Users/exam2/Day_4/Day_4.runs/synth_1/.Xil/Vivado-23188-L617-PC16/realtime/design_1_auto_ds_1_stub.v:5]
INFO: [Synth 8-6155] done synthesizing module 'design_1_auto_ds_1' (0#1) [C:/Users/exam2/Day_4/Day_4.runs/synth_1/.Xil/Vivado-23188-L617-PC16/realtime/design_1_auto_ds_1_stub.v:5]
INFO: [Synth 8-6157] synthesizing module 'design_1_auto_pc_1' [C:/Users/exam2/Day_4/Day_4.runs/synth_1/.Xil/Vivado-23188-L617-PC16/realtime/design_1_auto_pc_1_stub.v:5]
INFO: [Synth 8-6155] done synthesizing module 'design_1_auto_pc_1' (0#1) [C:/Users/exam2/Day_4/Day_4.runs/synth_1/.Xil/Vivado-23188-L617-PC16/realtime/design_1_auto_pc_1_stub.v:5]
INFO: [Synth 8-6155] done synthesizing module 's00_couplers_imp_1VXTOR1' (0#1) [c:/Users/exam2/Day_4/Day_4.gen/sources_1/bd/design_1/synth/design_1.v:3087]
INFO: [Synth 8-6155] done synthesizing module 'design_1_ps8_0_axi_periph_1_0' (0#1) [c:/Users/exam2/Day_4/Day_4.gen/sources_1/bd/design_1/synth/design_1.v:1860]
INFO: [Synth 8-6157] synthesizing module 'design_1_rst_ps8_0_99M_0' [C:/Users/exam2/Day_4/Day_4.runs/synth_1/.Xil/Vivado-23188-L617-PC16/realtime/design_1_rst_ps8_0_99M_0_stub.v:5]
INFO: [Synth 8-6155] done synthesizing module 'design_1_rst_ps8_0_99M_0' (0#1) [C:/Users/exam2/Day_4/Day_4.runs/synth_1/.Xil/Vivado-23188-L617-PC16/realtime/design_1_rst_ps8_0_99M_0_stub.v:5]
WARNING: [Synth 8-7071] port 'mb_reset' of module 'design_1_rst_ps8_0_99M_0' is unconnected for instance 'rst_ps8_0_99M' [c:/Users/exam2/Day_4/Day_4.gen/sources_1/bd/design_1/synth/design_1.v:866]
WARNING: [Synth 8-7071] port 'bus_struct_reset' of module 'design_1_rst_ps8_0_99M_0' is unconnected for instance 'rst_ps8_0_99M' [c:/Users/exam2/Day_4/Day_4.gen/sources_1/bd/design_1/synth/design_1.v:866]
WARNING: [Synth 8-7071] port 'peripheral_reset' of module 'design_1_rst_ps8_0_99M_0' is unconnected for instance 'rst_ps8_0_99M' [c:/Users/exam2/Day_4/Day_4.gen/sources_1/bd/design_1/synth/design_1.v:866]
WARNING: [Synth 8-7071] port 'interconnect_aresetn' of module 'design_1_rst_ps8_0_99M_0' is unconnected for instance 'rst_ps8_0_99M' [c:/Users/exam2/Day_4/Day_4.gen/sources_1/bd/design_1/synth/design_1.v:866]
WARNING: [Synth 8-7023] instance 'rst_ps8_0_99M' of module 'design_1_rst_ps8_0_99M_0' has 10 connections declared, but only 6 given [c:/Users/exam2/Day_4/Day_4.gen/sources_1/bd/design_1/synth/design_1.v:866]
INFO: [Synth 8-6157] synthesizing module 'design_1_rst_usp_rf_data_converter_0_307M_0' [C:/Users/exam2/Day_4/Day_4.runs/synth_1/.Xil/Vivado-23188-L617-PC16/realtime/design_1_rst_usp_rf_data_converter_0_307M_0_stub.v:5]
INFO: [Synth 8-6155] done synthesizing module 'design_1_rst_usp_rf_data_converter_0_307M_0' (0#1) [C:/Users/exam2/Day_4/Day_4.runs/synth_1/.Xil/Vivado-23188-L617-PC16/realtime/design_1_rst_usp_rf_data_converter_0_307M_0_stub.v:5]
WARNING: [Synth 8-7071] port 'mb_reset' of module 'design_1_rst_usp_rf_data_converter_0_307M_0' is unconnected for instance 'rst_usp_rf_data_converter_0_307M' [c:/Users/exam2/Day_4/Day_4.gen/sources_1/bd/design_1/synth/design_1.v:873]
WARNING: [Synth 8-7071] port 'bus_struct_reset' of module 'design_1_rst_usp_rf_data_converter_0_307M_0' is unconnected for instance 'rst_usp_rf_data_converter_0_307M' [c:/Users/exam2/Day_4/Day_4.gen/sources_1/bd/design_1/synth/design_1.v:873]
WARNING: [Synth 8-7071] port 'peripheral_reset' of module 'design_1_rst_usp_rf_data_converter_0_307M_0' is unconnected for instance 'rst_usp_rf_data_converter_0_307M' [c:/Users/exam2/Day_4/Day_4.gen/sources_1/bd/design_1/synth/design_1.v:873]
WARNING: [Synth 8-7071] port 'interconnect_aresetn' of module 'design_1_rst_usp_rf_data_converter_0_307M_0' is unconnected for instance 'rst_usp_rf_data_converter_0_307M' [c:/Users/exam2/Day_4/Day_4.gen/sources_1/bd/design_1/synth/design_1.v:873]
WARNING: [Synth 8-7023] instance 'rst_usp_rf_data_converter_0_307M' of module 'design_1_rst_usp_rf_data_converter_0_307M_0' has 10 connections declared, but only 6 given [c:/Users/exam2/Day_4/Day_4.gen/sources_1/bd/design_1/synth/design_1.v:873]
INFO: [Synth 8-6157] synthesizing module 'design_1_rst_usp_rf_data_converter_0_307M_1_0' [C:/Users/exam2/Day_4/Day_4.runs/synth_1/.Xil/Vivado-23188-L617-PC16/realtime/design_1_rst_usp_rf_data_converter_0_307M_1_0_stub.v:5]
INFO: [Synth 8-6155] done synthesizing module 'design_1_rst_usp_rf_data_converter_0_307M_1_0' (0#1) [C:/Users/exam2/Day_4/Day_4.runs/synth_1/.Xil/Vivado-23188-L617-PC16/realtime/design_1_rst_usp_rf_data_converter_0_307M_1_0_stub.v:5]
WARNING: [Synth 8-7071] port 'mb_reset' of module 'design_1_rst_usp_rf_data_converter_0_307M_1_0' is unconnected for instance 'rst_usp_rf_data_converter_0_307M_1' [c:/Users/exam2/Day_4/Day_4.gen/sources_1/bd/design_1/synth/design_1.v:880]
WARNING: [Synth 8-7071] port 'bus_struct_reset' of module 'design_1_rst_usp_rf_data_converter_0_307M_1_0' is unconnected for instance 'rst_usp_rf_data_converter_0_307M_1' [c:/Users/exam2/Day_4/Day_4.gen/sources_1/bd/design_1/synth/design_1.v:880]
WARNING: [Synth 8-7071] port 'peripheral_reset' of module 'design_1_rst_usp_rf_data_converter_0_307M_1_0' is unconnected for instance 'rst_usp_rf_data_converter_0_307M_1' [c:/Users/exam2/Day_4/Day_4.gen/sources_1/bd/design_1/synth/design_1.v:880]
WARNING: [Synth 8-7071] port 'interconnect_aresetn' of module 'design_1_rst_usp_rf_data_converter_0_307M_1_0' is unconnected for instance 'rst_usp_rf_data_converter_0_307M_1' [c:/Users/exam2/Day_4/Day_4.gen/sources_1/bd/design_1/synth/design_1.v:880]
WARNING: [Synth 8-7023] instance 'rst_usp_rf_data_converter_0_307M_1' of module 'design_1_rst_usp_rf_data_converter_0_307M_1_0' has 10 connections declared, but only 6 given [c:/Users/exam2/Day_4/Day_4.gen/sources_1/bd/design_1/synth/design_1.v:880]
INFO: [Synth 8-6157] synthesizing module 'design_1_usp_rf_data_converter_0_0' [C:/Users/exam2/Day_4/Day_4.runs/synth_1/.Xil/Vivado-23188-L617-PC16/realtime/design_1_usp_rf_data_converter_0_0_stub.v:5]
INFO: [Synth 8-6155] done synthesizing module 'design_1_usp_rf_data_converter_0_0' (0#1) [C:/Users/exam2/Day_4/Day_4.runs/synth_1/.Xil/Vivado-23188-L617-PC16/realtime/design_1_usp_rf_data_converter_0_0_stub.v:5]
WARNING: [Synth 8-7071] port 'irq' of module 'design_1_usp_rf_data_converter_0_0' is unconnected for instance 'usp_rf_data_converter_0' [c:/Users/exam2/Day_4/Day_4.gen/sources_1/bd/design_1/synth/design_1.v:887]
WARNING: [Synth 8-7023] instance 'usp_rf_data_converter_0' of module 'design_1_usp_rf_data_converter_0_0' has 45 connections declared, but only 44 given [c:/Users/exam2/Day_4/Day_4.gen/sources_1/bd/design_1/synth/design_1.v:887]
INFO: [Synth 8-6157] synthesizing module 'design_1_zynq_ultra_ps_e_0_0' [C:/Users/exam2/Day_4/Day_4.runs/synth_1/.Xil/Vivado-23188-L617-PC16/realtime/design_1_zynq_ultra_ps_e_0_0_stub.v:5]
INFO: [Synth 8-6155] done synthesizing module 'design_1_zynq_ultra_ps_e_0_0' (0#1) [C:/Users/exam2/Day_4/Day_4.runs/synth_1/.Xil/Vivado-23188-L617-PC16/realtime/design_1_zynq_ultra_ps_e_0_0_stub.v:5]
WARNING: [Synth 8-7071] port 'maxigp0_awuser' of module 'design_1_zynq_ultra_ps_e_0_0' is unconnected for instance 'zynq_ultra_ps_e_0' [c:/Users/exam2/Day_4/Day_4.gen/sources_1/bd/design_1/synth/design_1.v:932]
WARNING: [Synth 8-7071] port 'maxigp0_aruser' of module 'design_1_zynq_ultra_ps_e_0_0' is unconnected for instance 'zynq_ultra_ps_e_0' [c:/Users/exam2/Day_4/Day_4.gen/sources_1/bd/design_1/synth/design_1.v:932]
WARNING: [Synth 8-7071] port 'maxigp1_awuser' of module 'design_1_zynq_ultra_ps_e_0_0' is unconnected for instance 'zynq_ultra_ps_e_0' [c:/Users/exam2/Day_4/Day_4.gen/sources_1/bd/design_1/synth/design_1.v:932]
WARNING: [Synth 8-7071] port 'maxigp1_aruser' of module 'design_1_zynq_ultra_ps_e_0_0' is unconnected for instance 'zynq_ultra_ps_e_0' [c:/Users/exam2/Day_4/Day_4.gen/sources_1/bd/design_1/synth/design_1.v:932]
WARNING: [Synth 8-7071] port 'saxigp2_bid' of module 'design_1_zynq_ultra_ps_e_0_0' is unconnected for instance 'zynq_ultra_ps_e_0' [c:/Users/exam2/Day_4/Day_4.gen/sources_1/bd/design_1/synth/design_1.v:932]
WARNING: [Synth 8-7071] port 'saxigp2_rid' of module 'design_1_zynq_ultra_ps_e_0_0' is unconnected for instance 'zynq_ultra_ps_e_0' [c:/Users/exam2/Day_4/Day_4.gen/sources_1/bd/design_1/synth/design_1.v:932]
WARNING: [Synth 8-7071] port 'saxigp3_bid' of module 'design_1_zynq_ultra_ps_e_0_0' is unconnected for instance 'zynq_ultra_ps_e_0' [c:/Users/exam2/Day_4/Day_4.gen/sources_1/bd/design_1/synth/design_1.v:932]
WARNING: [Synth 8-7071] port 'saxigp3_arready' of module 'design_1_zynq_ultra_ps_e_0_0' is unconnected for instance 'zynq_ultra_ps_e_0' [c:/Users/exam2/Day_4/Day_4.gen/sources_1/bd/design_1/synth/design_1.v:932]
WARNING: [Synth 8-7071] port 'saxigp3_rid' of module 'design_1_zynq_ultra_ps_e_0_0' is unconnected for instance 'zynq_ultra_ps_e_0' [c:/Users/exam2/Day_4/Day_4.gen/sources_1/bd/design_1/synth/design_1.v:932]
WARNING: [Synth 8-7071] port 'saxigp3_rdata' of module 'design_1_zynq_ultra_ps_e_0_0' is unconnected for instance 'zynq_ultra_ps_e_0' [c:/Users/exam2/Day_4/Day_4.gen/sources_1/bd/design_1/synth/design_1.v:932]
WARNING: [Synth 8-7071] port 'saxigp3_rresp' of module 'design_1_zynq_ultra_ps_e_0_0' is unconnected for instance 'zynq_ultra_ps_e_0' [c:/Users/exam2/Day_4/Day_4.gen/sources_1/bd/design_1/synth/design_1.v:932]
WARNING: [Synth 8-7071] port 'saxigp3_rlast' of module 'design_1_zynq_ultra_ps_e_0_0' is unconnected for instance 'zynq_ultra_ps_e_0' [c:/Users/exam2/Day_4/Day_4.gen/sources_1/bd/design_1/synth/design_1.v:932]
WARNING: [Synth 8-7071] port 'saxigp3_rvalid' of module 'design_1_zynq_ultra_ps_e_0_0' is unconnected for instance 'zynq_ultra_ps_e_0' [c:/Users/exam2/Day_4/Day_4.gen/sources_1/bd/design_1/synth/design_1.v:932]
WARNING: [Synth 8-7023] instance 'zynq_ultra_ps_e_0' of module 'design_1_zynq_ultra_ps_e_0_0' has 162 connections declared, but only 149 given [c:/Users/exam2/Day_4/Day_4.gen/sources_1/bd/design_1/synth/design_1.v:932]
INFO: [Synth 8-6155] done synthesizing module 'design_1' (0#1) [c:/Users/exam2/Day_4/Day_4.gen/sources_1/bd/design_1/synth/design_1.v:12]
INFO: [Synth 8-6155] done synthesizing module 'design_1_wrapper' (0#1) [c:/Users/exam2/Day_4/Day_4.gen/sources_1/bd/design_1/hdl/design_1_wrapper.v:12]
WARNING: [Synth 8-7129] Port M_ACLK in module s00_couplers_imp_1VXTOR1 is either unconnected or has no load
WARNING: [Synth 8-7129] Port M_ARESETN in module s00_couplers_imp_1VXTOR1 is either unconnected or has no load
WARNING: [Synth 8-7129] Port ACLK in module design_1_ps8_0_axi_periph_1_0 is either unconnected or has no load
WARNING: [Synth 8-7129] Port ARESETN in module design_1_ps8_0_axi_periph_1_0 is either unconnected or has no load
WARNING: [Synth 8-7129] Port M_ACLK in module s00_couplers_imp_1A7ZMW4 is either unconnected or has no load
WARNING: [Synth 8-7129] Port M_ARESETN in module s00_couplers_imp_1A7ZMW4 is either unconnected or has no load
WARNING: [Synth 8-7129] Port M_ACLK in module m03_couplers_imp_1E9R4HW is either unconnected or has no load
WARNING: [Synth 8-7129] Port M_ARESETN in module m03_couplers_imp_1E9R4HW is either unconnected or has no load
WARNING: [Synth 8-7129] Port S_ACLK in module m03_couplers_imp_1E9R4HW is either unconnected or has no load
WARNING: [Synth 8-7129] Port S_ARESETN in module m03_couplers_imp_1E9R4HW is either unconnected or has no load
WARNING: [Synth 8-7129] Port M_ACLK in module m02_couplers_imp_P3UMW5 is either unconnected or has no load
WARNING: [Synth 8-7129] Port M_ARESETN in module m02_couplers_imp_P3UMW5 is either unconnected or has no load
WARNING: [Synth 8-7129] Port S_ACLK in module m02_couplers_imp_P3UMW5 is either unconnected or has no load
WARNING: [Synth 8-7129] Port S_ARESETN in module m02_couplers_imp_P3UMW5 is either unconnected or has no load
WARNING: [Synth 8-7129] Port M_ACLK in module m01_couplers_imp_1D3SAH3 is either unconnected or has no load
WARNING: [Synth 8-7129] Port M_ARESETN in module m01_couplers_imp_1D3SAH3 is either unconnected or has no load
WARNING: [Synth 8-7129] Port S_ACLK in module m01_couplers_imp_1D3SAH3 is either unconnected or has no load
WARNING: [Synth 8-7129] Port S_ARESETN in module m01_couplers_imp_1D3SAH3 is either unconnected or has no load
WARNING: [Synth 8-7129] Port M_ACLK in module m00_couplers_imp_QJIMLI is either unconnected or has no load
WARNING: [Synth 8-7129] Port M_ARESETN in module m00_couplers_imp_QJIMLI is either unconnected or has no load
WARNING: [Synth 8-7129] Port S_ACLK in module m00_couplers_imp_QJIMLI is either unconnected or has no load
WARNING: [Synth 8-7129] Port S_ARESETN in module m00_couplers_imp_QJIMLI is either unconnected or has no load
WARNING: [Synth 8-7129] Port M00_ACLK in module design_1_ps8_0_axi_periph_0 is either unconnected or has no load
WARNING: [Synth 8-7129] Port M00_ARESETN in module design_1_ps8_0_axi_periph_0 is either unconnected or has no load
WARNING: [Synth 8-7129] Port M01_ACLK in module design_1_ps8_0_axi_periph_0 is either unconnected or has no load
WARNING: [Synth 8-7129] Port M01_ARESETN in module design_1_ps8_0_axi_periph_0 is either unconnected or has no load
WARNING: [Synth 8-7129] Port M02_ACLK in module design_1_ps8_0_axi_periph_0 is either unconnected or has no load
WARNING: [Synth 8-7129] Port M02_ARESETN in module design_1_ps8_0_axi_periph_0 is either unconnected or has no load
WARNING: [Synth 8-7129] Port M03_ACLK in module design_1_ps8_0_axi_periph_0 is either unconnected or has no load
WARNING: [Synth 8-7129] Port M03_ARESETN in module design_1_ps8_0_axi_periph_0 is either unconnected or has no load
WARNING: [Synth 8-7129] Port S00_ACLK in module design_1_ps8_0_axi_periph_0 is either unconnected or has no load
WARNING: [Synth 8-7129] Port S00_ARESETN in module design_1_ps8_0_axi_periph_0 is either unconnected or has no load
---------------------------------------------------------------------------------
Finished RTL Elaboration : Time (s): cpu = 00:00:02 ; elapsed = 00:00:03 . Memory (MB): peak = 1897.852 ; gain = 341.688
---------------------------------------------------------------------------------
---------------------------------------------------------------------------------
Start Handling Custom Attributes
---------------------------------------------------------------------------------
---------------------------------------------------------------------------------
Finished Handling Custom Attributes : Time (s): cpu = 00:00:02 ; elapsed = 00:00:03 . Memory (MB): peak = 1919.750 ; gain = 363.586
---------------------------------------------------------------------------------
---------------------------------------------------------------------------------
Finished RTL Optimization Phase 1 : Time (s): cpu = 00:00:02 ; elapsed = 00:00:03 . Memory (MB): peak = 1919.750 ; gain = 363.586
---------------------------------------------------------------------------------
Netlist sorting complete. Time (s): cpu = 00:00:00 ; elapsed = 00:00:00.027 . Memory (MB): peak = 1919.750 ; gain = 0.000
INFO: [Project 1-570] Preparing netlist for logic optimization

Processing XDC Constraints
Initializing timing engine
Parsing XDC File [c:/Users/exam2/Day_4/Day_4.gen/sources_1/bd/design_1/ip/design_1_zynq_ultra_ps_e_0_0/design_1_zynq_ultra_ps_e_0_0/design_1_zynq_ultra_ps_e_0_0_in_context.xdc] for cell 'design_1_i/zynq_ultra_ps_e_0'
Finished Parsing XDC File [c:/Users/exam2/Day_4/Day_4.gen/sources_1/bd/design_1/ip/design_1_zynq_ultra_ps_e_0_0/design_1_zynq_ultra_ps_e_0_0/design_1_zynq_ultra_ps_e_0_0_in_context.xdc] for cell 'design_1_i/zynq_ultra_ps_e_0'
Parsing XDC File [c:/Users/exam2/Day_4/Day_4.gen/sources_1/bd/design_1/ip/design_1_usp_rf_data_converter_0_0/design_1_usp_rf_data_converter_0_0/design_1_usp_rf_data_converter_0_0_in_context.xdc] for cell 'design_1_i/usp_rf_data_converter_0'
Finished Parsing XDC File [c:/Users/exam2/Day_4/Day_4.gen/sources_1/bd/design_1/ip/design_1_usp_rf_data_converter_0_0/design_1_usp_rf_data_converter_0_0/design_1_usp_rf_data_converter_0_0_in_context.xdc] for cell 'design_1_i/usp_rf_data_converter_0'
Parsing XDC File [c:/Users/exam2/Day_4/Day_4.gen/sources_1/bd/design_1/ip/design_1_axi_dma_0_0/design_1_axi_dma_0_0/design_1_axi_dma_0_0_in_context.xdc] for cell 'design_1_i/axi_dma_0'
Finished Parsing XDC File [c:/Users/exam2/Day_4/Day_4.gen/sources_1/bd/design_1/ip/design_1_axi_dma_0_0/design_1_axi_dma_0_0/design_1_axi_dma_0_0_in_context.xdc] for cell 'design_1_i/axi_dma_0'
Parsing XDC File [c:/Users/exam2/Day_4/Day_4.gen/sources_1/bd/design_1/ip/design_1_xbar_0/design_1_xbar_0/design_1_xbar_0_in_context.xdc] for cell 'design_1_i/ps8_0_axi_periph/xbar'
Finished Parsing XDC File [c:/Users/exam2/Day_4/Day_4.gen/sources_1/bd/design_1/ip/design_1_xbar_0/design_1_xbar_0/design_1_xbar_0_in_context.xdc] for cell 'design_1_i/ps8_0_axi_periph/xbar'
Parsing XDC File [c:/Users/exam2/Day_4/Day_4.gen/sources_1/bd/design_1/ip/design_1_auto_ds_0/design_1_auto_ds_0/design_1_auto_ds_0_in_context.xdc] for cell 'design_1_i/ps8_0_axi_periph/s00_couplers/auto_ds'
Finished Parsing XDC File [c:/Users/exam2/Day_4/Day_4.gen/sources_1/bd/design_1/ip/design_1_auto_ds_0/design_1_auto_ds_0/design_1_auto_ds_0_in_context.xdc] for cell 'design_1_i/ps8_0_axi_periph/s00_couplers/auto_ds'
Parsing XDC File [c:/Users/exam2/Day_4/Day_4.gen/sources_1/bd/design_1/ip/design_1_auto_pc_0/design_1_auto_pc_0/design_1_auto_pc_0_in_context.xdc] for cell 'design_1_i/ps8_0_axi_periph/s00_couplers/auto_pc'
Finished Parsing XDC File [c:/Users/exam2/Day_4/Day_4.gen/sources_1/bd/design_1/ip/design_1_auto_pc_0/design_1_auto_pc_0/design_1_auto_pc_0_in_context.xdc] for cell 'design_1_i/ps8_0_axi_periph/s00_couplers/auto_pc'
Parsing XDC File [c:/Users/exam2/Day_4/Day_4.gen/sources_1/bd/design_1/ip/design_1_rst_ps8_0_99M_0/design_1_rst_ps8_0_99M_0/design_1_rst_ps8_0_99M_0_in_context.xdc] for cell 'design_1_i/rst_ps8_0_99M'
Finished Parsing XDC File [c:/Users/exam2/Day_4/Day_4.gen/sources_1/bd/design_1/ip/design_1_rst_ps8_0_99M_0/design_1_rst_ps8_0_99M_0/design_1_rst_ps8_0_99M_0_in_context.xdc] for cell 'design_1_i/rst_ps8_0_99M'
Parsing XDC File [c:/Users/exam2/Day_4/Day_4.gen/sources_1/bd/design_1/ip/design_1_axi_smc_0/design_1_axi_smc_0/design_1_axi_smc_0_in_context.xdc] for cell 'design_1_i/axi_smc'
Finished Parsing XDC File [c:/Users/exam2/Day_4/Day_4.gen/sources_1/bd/design_1/ip/design_1_axi_smc_0/design_1_axi_smc_0/design_1_axi_smc_0_in_context.xdc] for cell 'design_1_i/axi_smc'
Parsing XDC File [c:/Users/exam2/Day_4/Day_4.gen/sources_1/bd/design_1/ip/design_1_rst_usp_rf_data_converter_0_307M_0/design_1_rst_usp_rf_data_converter_0_307M_0/design_1_rst_usp_rf_data_converter_0_307M_0_in_context.xdc] for cell 'design_1_i/rst_usp_rf_data_converter_0_307M'
Finished Parsing XDC File [c:/Users/exam2/Day_4/Day_4.gen/sources_1/bd/design_1/ip/design_1_rst_usp_rf_data_converter_0_307M_0/design_1_rst_usp_rf_data_converter_0_307M_0/design_1_rst_usp_rf_data_converter_0_307M_0_in_context.xdc] for cell 'design_1_i/rst_usp_rf_data_converter_0_307M'
Parsing XDC File [c:/Users/exam2/Day_4/Day_4.gen/sources_1/bd/design_1/ip/design_1_axi_dma_1_0/design_1_axi_dma_1_0/design_1_axi_dma_1_0_in_context.xdc] for cell 'design_1_i/axi_dma_1'
Finished Parsing XDC File [c:/Users/exam2/Day_4/Day_4.gen/sources_1/bd/design_1/ip/design_1_axi_dma_1_0/design_1_axi_dma_1_0/design_1_axi_dma_1_0_in_context.xdc] for cell 'design_1_i/axi_dma_1'
Parsing XDC File [c:/Users/exam2/Day_4/Day_4.gen/sources_1/bd/design_1/ip/design_1_axi_dma_1_1/design_1_axi_dma_1_1/design_1_axi_dma_1_0_in_context.xdc] for cell 'design_1_i/axi_dma_2'
Finished Parsing XDC File [c:/Users/exam2/Day_4/Day_4.gen/sources_1/bd/design_1/ip/design_1_axi_dma_1_1/design_1_axi_dma_1_1/design_1_axi_dma_1_0_in_context.xdc] for cell 'design_1_i/axi_dma_2'
Parsing XDC File [c:/Users/exam2/Day_4/Day_4.gen/sources_1/bd/design_1/ip/design_1_packet_generator_0_0/design_1_packet_generator_0_0/design_1_packet_generator_0_0_in_context.xdc] for cell 'design_1_i/packet_generator_0'
Finished Parsing XDC File [c:/Users/exam2/Day_4/Day_4.gen/sources_1/bd/design_1/ip/design_1_packet_generator_0_0/design_1_packet_generator_0_0/design_1_packet_generator_0_0_in_context.xdc] for cell 'design_1_i/packet_generator_0'
Parsing XDC File [c:/Users/exam2/Day_4/Day_4.gen/sources_1/bd/design_1/ip/design_1_auto_ds_1/design_1_auto_ds_1/design_1_auto_ds_1_in_context.xdc] for cell 'design_1_i/ps8_0_axi_periph_1/s00_couplers/auto_ds'
Finished Parsing XDC File [c:/Users/exam2/Day_4/Day_4.gen/sources_1/bd/design_1/ip/design_1_auto_ds_1/design_1_auto_ds_1/design_1_auto_ds_1_in_context.xdc] for cell 'design_1_i/ps8_0_axi_periph_1/s00_couplers/auto_ds'
Parsing XDC File [c:/Users/exam2/Day_4/Day_4.gen/sources_1/bd/design_1/ip/design_1_auto_pc_1/design_1_auto_pc_1/design_1_auto_pc_1_in_context.xdc] for cell 'design_1_i/ps8_0_axi_periph_1/s00_couplers/auto_pc'
Finished Parsing XDC File [c:/Users/exam2/Day_4/Day_4.gen/sources_1/bd/design_1/ip/design_1_auto_pc_1/design_1_auto_pc_1/design_1_auto_pc_1_in_context.xdc] for cell 'design_1_i/ps8_0_axi_periph_1/s00_couplers/auto_pc'
Parsing XDC File [c:/Users/exam2/Day_4/Day_4.gen/sources_1/bd/design_1/ip/design_1_rst_usp_rf_data_converter_0_307M_1_0/design_1_rst_usp_rf_data_converter_0_307M_1_0/design_1_rst_usp_rf_data_converter_0_307M_0_in_context.xdc] for cell 'design_1_i/rst_usp_rf_data_converter_0_307M_1'
Finished Parsing XDC File [c:/Users/exam2/Day_4/Day_4.gen/sources_1/bd/design_1/ip/design_1_rst_usp_rf_data_converter_0_307M_1_0/design_1_rst_usp_rf_data_converter_0_307M_1_0/design_1_rst_usp_rf_data_converter_0_307M_0_in_context.xdc] for cell 'design_1_i/rst_usp_rf_data_converter_0_307M_1'
Parsing XDC File [c:/Users/exam2/Day_4/Day_4.gen/sources_1/bd/design_1/ip/design_1_axi_smc_1_0/design_1_axi_smc_1_0/design_1_axi_smc_1_0_in_context.xdc] for cell 'design_1_i/axi_smc_1'
Finished Parsing XDC File [c:/Users/exam2/Day_4/Day_4.gen/sources_1/bd/design_1/ip/design_1_axi_smc_1_0/design_1_axi_smc_1_0/design_1_axi_smc_1_0_in_context.xdc] for cell 'design_1_i/axi_smc_1'
Parsing XDC File [C:/Users/exam2/Day_4/Day_4.runs/synth_1/dont_touch.xdc]
Finished Parsing XDC File [C:/Users/exam2/Day_4/Day_4.runs/synth_1/dont_touch.xdc]
Completed Processing XDC Constraints

Netlist sorting complete. Time (s): cpu = 00:00:00 ; elapsed = 00:00:00 . Memory (MB): peak = 1959.141 ; gain = 0.000
INFO: [Project 1-111] Unisim Transformation Summary:
No Unisim elements were transformed.

Constraint Validation Runtime : Time (s): cpu = 00:00:00 ; elapsed = 00:00:00.005 . Memory (MB): peak = 1959.141 ; gain = 0.000
---------------------------------------------------------------------------------
Finished Constraint Validation : Time (s): cpu = 00:00:08 ; elapsed = 00:00:09 . Memory (MB): peak = 1959.141 ; gain = 402.977
---------------------------------------------------------------------------------
---------------------------------------------------------------------------------
Start Loading Part and Timing Information
---------------------------------------------------------------------------------
Loading part: xczu48dr-ffvg1517-2-e
INFO: [Synth 8-6742] Reading net delay rules and data
---------------------------------------------------------------------------------
Finished Loading Part and Timing Information : Time (s): cpu = 00:00:08 ; elapsed = 00:00:09 . Memory (MB): peak = 1959.141 ; gain = 402.977
---------------------------------------------------------------------------------
---------------------------------------------------------------------------------
Start Applying 'set_property' XDC Constraints
---------------------------------------------------------------------------------
Applied set_property IO_BUFFER_TYPE = NONE for adc2_clk_clk_n. (constraint file  c:/Users/exam2/Day_4/Day_4.gen/sources_1/bd/design_1/ip/design_1_usp_rf_data_converter_0_0/design_1_usp_rf_data_converter_0_0/design_1_usp_rf_data_converter_0_0_in_context.xdc, line 3).
Applied set_property CLOCK_BUFFER_TYPE = NONE for adc2_clk_clk_n. (constraint file  c:/Users/exam2/Day_4/Day_4.gen/sources_1/bd/design_1/ip/design_1_usp_rf_data_converter_0_0/design_1_usp_rf_data_converter_0_0/design_1_usp_rf_data_converter_0_0_in_context.xdc, line 4).
Applied set_property IO_BUFFER_TYPE = NONE for adc2_clk_clk_p. (constraint file  c:/Users/exam2/Day_4/Day_4.gen/sources_1/bd/design_1/ip/design_1_usp_rf_data_converter_0_0/design_1_usp_rf_data_converter_0_0/design_1_usp_rf_data_converter_0_0_in_context.xdc, line 5).
Applied set_property CLOCK_BUFFER_TYPE = NONE for adc2_clk_clk_p. (constraint file  c:/Users/exam2/Day_4/Day_4.gen/sources_1/bd/design_1/ip/design_1_usp_rf_data_converter_0_0/design_1_usp_rf_data_converter_0_0/design_1_usp_rf_data_converter_0_0_in_context.xdc, line 6).
Applied set_property IO_BUFFER_TYPE = NONE for dac0_clk_clk_n. (constraint file  c:/Users/exam2/Day_4/Day_4.gen/sources_1/bd/design_1/ip/design_1_usp_rf_data_converter_0_0/design_1_usp_rf_data_converter_0_0/design_1_usp_rf_data_converter_0_0_in_context.xdc, line 7).
Applied set_property CLOCK_BUFFER_TYPE = NONE for dac0_clk_clk_n. (constraint file  c:/Users/exam2/Day_4/Day_4.gen/sources_1/bd/design_1/ip/design_1_usp_rf_data_converter_0_0/design_1_usp_rf_data_converter_0_0/design_1_usp_rf_data_converter_0_0_in_context.xdc, line 8).
Applied set_property IO_BUFFER_TYPE = NONE for dac0_clk_clk_p. (constraint file  c:/Users/exam2/Day_4/Day_4.gen/sources_1/bd/design_1/ip/design_1_usp_rf_data_converter_0_0/design_1_usp_rf_data_converter_0_0/design_1_usp_rf_data_converter_0_0_in_context.xdc, line 9).
Applied set_property CLOCK_BUFFER_TYPE = NONE for dac0_clk_clk_p. (constraint file  c:/Users/exam2/Day_4/Day_4.gen/sources_1/bd/design_1/ip/design_1_usp_rf_data_converter_0_0/design_1_usp_rf_data_converter_0_0/design_1_usp_rf_data_converter_0_0_in_context.xdc, line 10).
Applied set_property IO_BUFFER_TYPE = NONE for sysref_in_diff_n. (constraint file  c:/Users/exam2/Day_4/Day_4.gen/sources_1/bd/design_1/ip/design_1_usp_rf_data_converter_0_0/design_1_usp_rf_data_converter_0_0/design_1_usp_rf_data_converter_0_0_in_context.xdc, line 11).
Applied set_property CLOCK_BUFFER_TYPE = NONE for sysref_in_diff_n. (constraint file  c:/Users/exam2/Day_4/Day_4.gen/sources_1/bd/design_1/ip/design_1_usp_rf_data_converter_0_0/design_1_usp_rf_data_converter_0_0/design_1_usp_rf_data_converter_0_0_in_context.xdc, line 12).
Applied set_property IO_BUFFER_TYPE = NONE for sysref_in_diff_p. (constraint file  c:/Users/exam2/Day_4/Day_4.gen/sources_1/bd/design_1/ip/design_1_usp_rf_data_converter_0_0/design_1_usp_rf_data_converter_0_0/design_1_usp_rf_data_converter_0_0_in_context.xdc, line 13).
Applied set_property CLOCK_BUFFER_TYPE = NONE for sysref_in_diff_p. (constraint file  c:/Users/exam2/Day_4/Day_4.gen/sources_1/bd/design_1/ip/design_1_usp_rf_data_converter_0_0/design_1_usp_rf_data_converter_0_0/design_1_usp_rf_data_converter_0_0_in_context.xdc, line 14).
Applied set_property IO_BUFFER_TYPE = NONE for vin2_01_v_n. (constraint file  c:/Users/exam2/Day_4/Day_4.gen/sources_1/bd/design_1/ip/design_1_usp_rf_data_converter_0_0/design_1_usp_rf_data_converter_0_0/design_1_usp_rf_data_converter_0_0_in_context.xdc, line 15).
Applied set_property CLOCK_BUFFER_TYPE = NONE for vin2_01_v_n. (constraint file  c:/Users/exam2/Day_4/Day_4.gen/sources_1/bd/design_1/ip/design_1_usp_rf_data_converter_0_0/design_1_usp_rf_data_converter_0_0/design_1_usp_rf_data_converter_0_0_in_context.xdc, line 16).
Applied set_property IO_BUFFER_TYPE = NONE for vin2_01_v_p. (constraint file  c:/Users/exam2/Day_4/Day_4.gen/sources_1/bd/design_1/ip/design_1_usp_rf_data_converter_0_0/design_1_usp_rf_data_converter_0_0/design_1_usp_rf_data_converter_0_0_in_context.xdc, line 17).
Applied set_property CLOCK_BUFFER_TYPE = NONE for vin2_01_v_p. (constraint file  c:/Users/exam2/Day_4/Day_4.gen/sources_1/bd/design_1/ip/design_1_usp_rf_data_converter_0_0/design_1_usp_rf_data_converter_0_0/design_1_usp_rf_data_converter_0_0_in_context.xdc, line 18).
Applied set_property IO_BUFFER_TYPE = NONE for vout00_v_n. (constraint file  c:/Users/exam2/Day_4/Day_4.gen/sources_1/bd/design_1/ip/design_1_usp_rf_data_converter_0_0/design_1_usp_rf_data_converter_0_0/design_1_usp_rf_data_converter_0_0_in_context.xdc, line 19).
Applied set_property CLOCK_BUFFER_TYPE = NONE for vout00_v_n. (constraint file  c:/Users/exam2/Day_4/Day_4.gen/sources_1/bd/design_1/ip/design_1_usp_rf_data_converter_0_0/design_1_usp_rf_data_converter_0_0/design_1_usp_rf_data_converter_0_0_in_context.xdc, line 20).
Applied set_property IO_BUFFER_TYPE = NONE for vout00_v_p. (constraint file  c:/Users/exam2/Day_4/Day_4.gen/sources_1/bd/design_1/ip/design_1_usp_rf_data_converter_0_0/design_1_usp_rf_data_converter_0_0/design_1_usp_rf_data_converter_0_0_in_context.xdc, line 21).
Applied set_property CLOCK_BUFFER_TYPE = NONE for vout00_v_p. (constraint file  c:/Users/exam2/Day_4/Day_4.gen/sources_1/bd/design_1/ip/design_1_usp_rf_data_converter_0_0/design_1_usp_rf_data_converter_0_0/design_1_usp_rf_data_converter_0_0_in_context.xdc, line 22).
Applied set_property KEEP_HIERARCHY = SOFT for design_1_i. (constraint file  auto generated constraint).
Applied set_property KEEP_HIERARCHY = SOFT for design_1_i/zynq_ultra_ps_e_0. (constraint file  auto generated constraint).
Applied set_property KEEP_HIERARCHY = SOFT for design_1_i/usp_rf_data_converter_0. (constraint file  auto generated constraint).
Applied set_property KEEP_HIERARCHY = SOFT for design_1_i/axi_dma_0. (constraint file  auto generated constraint).
Applied set_property KEEP_HIERARCHY = SOFT for design_1_i/ps8_0_axi_periph/xbar. (constraint file  auto generated constraint).
Applied set_property KEEP_HIERARCHY = SOFT for design_1_i/ps8_0_axi_periph/s00_couplers/auto_ds. (constraint file  auto generated constraint).
Applied set_property KEEP_HIERARCHY = SOFT for design_1_i/ps8_0_axi_periph/s00_couplers/auto_pc. (constraint file  auto generated constraint).
Applied set_property KEEP_HIERARCHY = SOFT for design_1_i/ps8_0_axi_periph. (constraint file  auto generated constraint).
Applied set_property KEEP_HIERARCHY = SOFT for design_1_i/rst_ps8_0_99M. (constraint file  auto generated constraint).
Applied set_property KEEP_HIERARCHY = SOFT for design_1_i/axi_smc. (constraint file  auto generated constraint).
Applied set_property KEEP_HIERARCHY = SOFT for design_1_i/rst_usp_rf_data_converter_0_307M. (constraint file  auto generated constraint).
Applied set_property KEEP_HIERARCHY = SOFT for design_1_i/axi_dma_1. (constraint file  auto generated constraint).
Applied set_property KEEP_HIERARCHY = SOFT for design_1_i/axi_dma_2. (constraint file  auto generated constraint).
Applied set_property KEEP_HIERARCHY = SOFT for design_1_i/packet_generator_0. (constraint file  auto generated constraint).
Applied set_property KEEP_HIERARCHY = SOFT for design_1_i/ps8_0_axi_periph_1/s00_couplers/auto_ds. (constraint file  auto generated constraint).
Applied set_property KEEP_HIERARCHY = SOFT for design_1_i/ps8_0_axi_periph_1/s00_couplers/auto_pc. (constraint file  auto generated constraint).
Applied set_property KEEP_HIERARCHY = SOFT for design_1_i/ps8_0_axi_periph_1. (constraint file  auto generated constraint).
Applied set_property KEEP_HIERARCHY = SOFT for design_1_i/rst_usp_rf_data_converter_0_307M_1. (constraint file  auto generated constraint).
Applied set_property KEEP_HIERARCHY = SOFT for design_1_i/axi_smc_1. (constraint file  auto generated constraint).
---------------------------------------------------------------------------------
Finished applying 'set_property' XDC Constraints : Time (s): cpu = 00:00:08 ; elapsed = 00:00:09 . Memory (MB): peak = 1959.141 ; gain = 402.977
---------------------------------------------------------------------------------
---------------------------------------------------------------------------------
Finished RTL Optimization Phase 2 : Time (s): cpu = 00:00:09 ; elapsed = 00:00:09 . Memory (MB): peak = 1959.141 ; gain = 402.977
---------------------------------------------------------------------------------
---------------------------------------------------------------------------------
Start RTL Component Statistics 
---------------------------------------------------------------------------------
Detailed RTL Component Info : 
---------------------------------------------------------------------------------
Finished RTL Component Statistics 
---------------------------------------------------------------------------------
---------------------------------------------------------------------------------
Start Part Resource Summary
---------------------------------------------------------------------------------
Part Resources:
DSPs: 4272 (col length:192)
BRAMs: 2160 (col length: RAMB18 192 RAMB36 96)
---------------------------------------------------------------------------------
Finished Part Resource Summary
---------------------------------------------------------------------------------
---------------------------------------------------------------------------------
Start Cross Boundary and Area Optimization
---------------------------------------------------------------------------------
WARNING: [Synth 8-7080] Parallel synthesis criteria is not met
WARNING: [Synth 8-7129] Port ACLK in module design_1_ps8_0_axi_periph_1_0 is either unconnected or has no load
WARNING: [Synth 8-7129] Port ARESETN in module design_1_ps8_0_axi_periph_1_0 is either unconnected or has no load
WARNING: [Synth 8-7129] Port M00_ACLK in module design_1_ps8_0_axi_periph_1_0 is either unconnected or has no load
WARNING: [Synth 8-7129] Port M00_ARESETN in module design_1_ps8_0_axi_periph_1_0 is either unconnected or has no load
WARNING: [Synth 8-7129] Port M00_ACLK in module design_1_ps8_0_axi_periph_0 is either unconnected or has no load
WARNING: [Synth 8-7129] Port M00_ARESETN in module design_1_ps8_0_axi_periph_0 is either unconnected or has no load
WARNING: [Synth 8-7129] Port M01_ACLK in module design_1_ps8_0_axi_periph_0 is either unconnected or has no load
WARNING: [Synth 8-7129] Port M01_ARESETN in module design_1_ps8_0_axi_periph_0 is either unconnected or has no load
WARNING: [Synth 8-7129] Port M02_ACLK in module design_1_ps8_0_axi_periph_0 is either unconnected or has no load
WARNING: [Synth 8-7129] Port M02_ARESETN in module design_1_ps8_0_axi_periph_0 is either unconnected or has no load
WARNING: [Synth 8-7129] Port M03_ACLK in module design_1_ps8_0_axi_periph_0 is either unconnected or has no load
WARNING: [Synth 8-7129] Port M03_ARESETN in module design_1_ps8_0_axi_periph_0 is either unconnected or has no load
WARNING: [Synth 8-7129] Port S00_ACLK in module design_1_ps8_0_axi_periph_0 is either unconnected or has no load
WARNING: [Synth 8-7129] Port S00_ARESETN in module design_1_ps8_0_axi_periph_0 is either unconnected or has no load
---------------------------------------------------------------------------------
Finished Cross Boundary and Area Optimization : Time (s): cpu = 00:00:09 ; elapsed = 00:00:10 . Memory (MB): peak = 1959.141 ; gain = 402.977
---------------------------------------------------------------------------------
---------------------------------------------------------------------------------
Start Applying XDC Timing Constraints
---------------------------------------------------------------------------------
---------------------------------------------------------------------------------
Finished Applying XDC Timing Constraints : Time (s): cpu = 00:00:15 ; elapsed = 00:00:16 . Memory (MB): peak = 2403.883 ; gain = 847.719
---------------------------------------------------------------------------------
---------------------------------------------------------------------------------
Start Timing Optimization
---------------------------------------------------------------------------------
---------------------------------------------------------------------------------
Finished Timing Optimization : Time (s): cpu = 00:00:15 ; elapsed = 00:00:16 . Memory (MB): peak = 2404.781 ; gain = 848.617
---------------------------------------------------------------------------------
---------------------------------------------------------------------------------
Start Technology Mapping
---------------------------------------------------------------------------------
---------------------------------------------------------------------------------
Finished Technology Mapping : Time (s): cpu = 00:00:15 ; elapsed = 00:00:16 . Memory (MB): peak = 2425.309 ; gain = 869.145
---------------------------------------------------------------------------------
---------------------------------------------------------------------------------
Start IO Insertion
---------------------------------------------------------------------------------
---------------------------------------------------------------------------------
Start Flattening Before IO Insertion
---------------------------------------------------------------------------------
---------------------------------------------------------------------------------
Finished Flattening Before IO Insertion
---------------------------------------------------------------------------------
---------------------------------------------------------------------------------
Start Final Netlist Cleanup
---------------------------------------------------------------------------------
---------------------------------------------------------------------------------
Finished Final Netlist Cleanup
---------------------------------------------------------------------------------
---------------------------------------------------------------------------------
Finished IO Insertion : Time (s): cpu = 00:00:16 ; elapsed = 00:00:17 . Memory (MB): peak = 2429.152 ; gain = 872.988
---------------------------------------------------------------------------------
---------------------------------------------------------------------------------
Start Renaming Generated Instances
---------------------------------------------------------------------------------
---------------------------------------------------------------------------------
Finished Renaming Generated Instances : Time (s): cpu = 00:00:16 ; elapsed = 00:00:17 . Memory (MB): peak = 2429.152 ; gain = 872.988
---------------------------------------------------------------------------------
---------------------------------------------------------------------------------
Start Rebuilding User Hierarchy
---------------------------------------------------------------------------------
---------------------------------------------------------------------------------
Finished Rebuilding User Hierarchy : Time (s): cpu = 00:00:16 ; elapsed = 00:00:17 . Memory (MB): peak = 2429.152 ; gain = 872.988
---------------------------------------------------------------------------------
---------------------------------------------------------------------------------
Start Renaming Generated Ports
---------------------------------------------------------------------------------
---------------------------------------------------------------------------------
Finished Renaming Generated Ports : Time (s): cpu = 00:00:16 ; elapsed = 00:00:17 . Memory (MB): peak = 2429.152 ; gain = 872.988
---------------------------------------------------------------------------------
---------------------------------------------------------------------------------
Start Handling Custom Attributes
---------------------------------------------------------------------------------
---------------------------------------------------------------------------------
Finished Handling Custom Attributes : Time (s): cpu = 00:00:16 ; elapsed = 00:00:17 . Memory (MB): peak = 2429.152 ; gain = 872.988
---------------------------------------------------------------------------------
---------------------------------------------------------------------------------
Start Renaming Generated Nets
---------------------------------------------------------------------------------
---------------------------------------------------------------------------------
Finished Renaming Generated Nets : Time (s): cpu = 00:00:16 ; elapsed = 00:00:17 . Memory (MB): peak = 2429.152 ; gain = 872.988
---------------------------------------------------------------------------------
---------------------------------------------------------------------------------
Start Writing Synthesis Report
---------------------------------------------------------------------------------

Report BlackBoxes: 
+------+----------------------------------------------+----------+
|      |BlackBox name                                 |Instances |
+------+----------------------------------------------+----------+
|1     |design_1_xbar_0                               |         1|
|2     |design_1_auto_ds_0                            |         1|
|3     |design_1_auto_pc_0                            |         1|
|4     |design_1_auto_ds_1                            |         1|
|5     |design_1_auto_pc_1                            |         1|
|6     |design_1_axi_dma_0_0                          |         1|
|7     |design_1_axi_dma_1_0                          |         1|
|8     |design_1_axi_dma_1_1                          |         1|
|9     |design_1_axi_smc_0                            |         1|
|10    |design_1_axi_smc_1_0                          |         1|
|11    |design_1_packet_generator_0_0                 |         1|
|12    |design_1_rst_ps8_0_99M_0                      |         1|
|13    |design_1_rst_usp_rf_data_converter_0_307M_0   |         1|
|14    |design_1_rst_usp_rf_data_converter_0_307M_1_0 |         1|
|15    |design_1_usp_rf_data_converter_0_0            |         1|
|16    |design_1_zynq_ultra_ps_e_0_0                  |         1|
+------+----------------------------------------------+----------+

Report Cell Usage: 
+------+--------------------------------------------+------+
|      |Cell                                        |Count |
+------+--------------------------------------------+------+
|1     |design_1_auto_ds                            |     2|
|3     |design_1_auto_pc                            |     2|
|5     |design_1_axi_dma_0                          |     1|
|6     |design_1_axi_dma_1                          |     2|
|8     |design_1_axi_smc                            |     1|
|9     |design_1_axi_smc_1                          |     1|
|10    |design_1_packet_generator_0                 |     1|
|11    |design_1_rst_ps8_0_99M                      |     1|
|12    |design_1_rst_usp_rf_data_converter_0_307M   |     1|
|13    |design_1_rst_usp_rf_data_converter_0_307M_1 |     1|
|14    |design_1_usp_rf_data_converter_0            |     1|
|15    |design_1_xbar                               |     1|
|16    |design_1_zynq_ultra_ps_e_0                  |     1|
+------+--------------------------------------------+------+
---------------------------------------------------------------------------------
Finished Writing Synthesis Report : Time (s): cpu = 00:00:16 ; elapsed = 00:00:17 . Memory (MB): peak = 2429.152 ; gain = 872.988
---------------------------------------------------------------------------------
Synthesis finished with 0 errors, 0 critical warnings and 15 warnings.
Synthesis Optimization Runtime : Time (s): cpu = 00:00:10 ; elapsed = 00:00:13 . Memory (MB): peak = 2429.152 ; gain = 833.598
Synthesis Optimization Complete : Time (s): cpu = 00:00:16 ; elapsed = 00:00:17 . Memory (MB): peak = 2429.152 ; gain = 872.988
INFO: [Project 1-571] Translating synthesized netlist
Netlist sorting complete. Time (s): cpu = 00:00:00 ; elapsed = 00:00:00.023 . Memory (MB): peak = 2429.152 ; gain = 0.000
INFO: [Project 1-570] Preparing netlist for logic optimization
INFO: [Opt 31-138] Pushed 0 inverter(s) to 0 load pin(s).
Netlist sorting complete. Time (s): cpu = 00:00:00 ; elapsed = 00:00:00 . Memory (MB): peak = 2494.797 ; gain = 0.000
INFO: [Project 1-111] Unisim Transformation Summary:
No Unisim elements were transformed.

Synth Design complete, checksum: 19c351b8
INFO: [Common 17-83] Releasing license: Synthesis
69 Infos, 97 Warnings, 0 Critical Warnings and 0 Errors encountered.
synth_design completed successfully
synth_design: Time (s): cpu = 00:00:21 ; elapsed = 00:00:36 . Memory (MB): peak = 2500.801 ; gain = 1191.906
INFO: [Common 17-1381] The checkpoint 'C:/Users/exam2/Day_4/Day_4.runs/synth_1/design_1_wrapper.dcp' has been generated.
INFO: [runtcl-4] Executing : report_utilization -file design_1_wrapper_utilization_synth.rpt -pb design_1_wrapper_utilization_synth.pb
INFO: [Common 17-206] Exiting Vivado at Wed Dec 24 16:21:01 2025...
