

================================================================
== Vitis HLS Report for 'conv2_Pipeline_loadWin1_VITIS_LOOP_50_1'
================================================================
* Date:           Thu Dec 25 15:19:29 2025

* Version:        2022.1 (Build 3526262 on Mon Apr 18 15:48:16 MDT 2022)
* Project:        Day_5_final_boss
* Solution:       sol5 (Vivado IP Flow Target)
* Product family: zynq
* Target device:  xc7z020-clg400-1


================================================================
== Performance Estimates
================================================================
+ Timing: 
    * Summary: 
    +--------+----------+----------+------------+
    |  Clock |  Target  | Estimated| Uncertainty|
    +--------+----------+----------+------------+
    |ap_clk  |  10.00 ns|  7.038 ns|     2.70 ns|
    +--------+----------+----------+------------+

+ Latency: 
    * Summary: 
    +---------+---------+----------+----------+-----+-----+---------+
    |  Latency (cycles) |  Latency (absolute) |  Interval | Pipeline|
    |   min   |   max   |    min   |    max   | min | max |   Type  |
    +---------+---------+----------+----------+-----+-----+---------+
    |       14|       14|  0.140 us|  0.140 us|   14|   14|       no|
    +---------+---------+----------+----------+-----+-----+---------+

    + Detail: 
        * Instance: 
        N/A

        * Loop: 
        +----------------------------+---------+---------+----------+-----------+-----------+------+----------+
        |                            |  Latency (cycles) | Iteration|  Initiation Interval  | Trip |          |
        |          Loop Name         |   min   |   max   |  Latency |  achieved |   target  | Count| Pipelined|
        +----------------------------+---------+---------+----------+-----------+-----------+------+----------+
        |- loadWin1_VITIS_LOOP_50_1  |       12|       12|         5|          1|          1|     9|       yes|
        +----------------------------+---------+---------+----------+-----------+-----------+------+----------+

============================================================
+ Verbose Summary: Synthesis Manager
============================================================
InlineROM: 1
ExposeGlobal: 0
============================================================
+ Verbose Summary: CDFG Model
============================================================
IsTopModel: 0
ResetActiveHigh: 1
IsCombinational: 0
IsDatapathOnly: 0
HasWiredReturn: 1
HasMFsm: 2
HasVarLatency: 1
IsPipeline: 0
IsRtlPipelined: 0
IsInstanceOverlapped: 0
IsDontTouch: 0
HasImplIP: 0
IsGatedGlobalClock: 0

+ Individual pipeline summary: 
  * Pipeline-0: initiation interval (II) = 1, depth = 5


============================================================
+ Verbose Summary: Schedule
============================================================
* Number of FSM states : 5
* Pipeline : 1
  Pipeline-0 : II = 1, D = 5, States = { 1 2 3 4 5 }
* Dataflow Pipeline: 0

* FSM state transitions: 
1 --> 2 
2 --> 3 
3 --> 4 
4 --> 5 
5 --> 

* FSM state operations: 

State 1 <SV = 0> <Delay = 7.03>
ST_1 : Operation 8 [1/1] (0.00ns)   --->   "%wj = alloca i32 1"   --->   Operation 8 'alloca' 'wj' <Predicate = true> <Delay = 0.00>
ST_1 : Operation 9 [1/1] (0.00ns)   --->   "%wi = alloca i32 1"   --->   Operation 9 'alloca' 'wi' <Predicate = true> <Delay = 0.00>
ST_1 : Operation 10 [1/1] (0.00ns)   --->   "%indvar_flatten150 = alloca i32 1"   --->   Operation 10 'alloca' 'indvar_flatten150' <Predicate = true> <Delay = 0.00>
ST_1 : Operation 11 [1/1] (0.00ns)   --->   "%empty = alloca i32 1"   --->   Operation 11 'alloca' 'empty' <Predicate = true> <Delay = 0.00>
ST_1 : Operation 12 [1/1] (0.00ns)   --->   "%empty_80 = alloca i32 1"   --->   Operation 12 'alloca' 'empty_80' <Predicate = true> <Delay = 0.00>
ST_1 : Operation 13 [1/1] (0.00ns)   --->   "%empty_81 = alloca i32 1"   --->   Operation 13 'alloca' 'empty_81' <Predicate = true> <Delay = 0.00>
ST_1 : Operation 14 [1/1] (0.00ns)   --->   "%empty_82 = alloca i32 1"   --->   Operation 14 'alloca' 'empty_82' <Predicate = true> <Delay = 0.00>
ST_1 : Operation 15 [1/1] (0.00ns)   --->   "%empty_83 = alloca i32 1"   --->   Operation 15 'alloca' 'empty_83' <Predicate = true> <Delay = 0.00>
ST_1 : Operation 16 [1/1] (0.00ns)   --->   "%empty_84 = alloca i32 1"   --->   Operation 16 'alloca' 'empty_84' <Predicate = true> <Delay = 0.00>
ST_1 : Operation 17 [1/1] (0.00ns)   --->   "%empty_85 = alloca i32 1"   --->   Operation 17 'alloca' 'empty_85' <Predicate = true> <Delay = 0.00>
ST_1 : Operation 18 [1/1] (0.00ns)   --->   "%empty_86 = alloca i32 1"   --->   Operation 18 'alloca' 'empty_86' <Predicate = true> <Delay = 0.00>
ST_1 : Operation 19 [1/1] (0.00ns)   --->   "%empty_87 = alloca i32 1"   --->   Operation 19 'alloca' 'empty_87' <Predicate = true> <Delay = 0.00>
ST_1 : Operation 20 [1/1] (0.00ns)   --->   "%select_ln150_read = read i5 @_ssdm_op_Read.ap_auto.i5, i5 %select_ln150"   --->   Operation 20 'read' 'select_ln150_read' <Predicate = true> <Delay = 0.00>
ST_1 : Operation 21 [1/1] (0.00ns)   --->   "%mul_ln52_read = read i8 @_ssdm_op_Read.ap_auto.i8, i8 %mul_ln52"   --->   Operation 21 'read' 'mul_ln52_read' <Predicate = true> <Delay = 0.00>
ST_1 : Operation 22 [1/1] (0.00ns)   --->   "%select_ln150_5_read = read i5 @_ssdm_op_Read.ap_auto.i5, i5 %select_ln150_5"   --->   Operation 22 'read' 'select_ln150_5_read' <Predicate = true> <Delay = 0.00>
ST_1 : Operation 23 [1/1] (0.00ns)   --->   "%window_i_1_1_promoted154_read = read i32 @_ssdm_op_Read.ap_auto.float, i32 %window_i_1_1_promoted154"   --->   Operation 23 'read' 'window_i_1_1_promoted154_read' <Predicate = true> <Delay = 0.00>
ST_1 : Operation 24 [1/1] (0.00ns)   --->   "%window_i_1_0_promoted156_read = read i32 @_ssdm_op_Read.ap_auto.float, i32 %window_i_1_0_promoted156"   --->   Operation 24 'read' 'window_i_1_0_promoted156_read' <Predicate = true> <Delay = 0.00>
ST_1 : Operation 25 [1/1] (0.00ns)   --->   "%window_i_1_2_promoted158_read = read i32 @_ssdm_op_Read.ap_auto.float, i32 %window_i_1_2_promoted158"   --->   Operation 25 'read' 'window_i_1_2_promoted158_read' <Predicate = true> <Delay = 0.00>
ST_1 : Operation 26 [1/1] (0.00ns)   --->   "%window_i_0_1_promoted160_read = read i32 @_ssdm_op_Read.ap_auto.float, i32 %window_i_0_1_promoted160"   --->   Operation 26 'read' 'window_i_0_1_promoted160_read' <Predicate = true> <Delay = 0.00>
ST_1 : Operation 27 [1/1] (0.00ns)   --->   "%window_i_0_0_promoted162_read = read i32 @_ssdm_op_Read.ap_auto.float, i32 %window_i_0_0_promoted162"   --->   Operation 27 'read' 'window_i_0_0_promoted162_read' <Predicate = true> <Delay = 0.00>
ST_1 : Operation 28 [1/1] (0.00ns)   --->   "%window_i_0_2_promoted164_read = read i32 @_ssdm_op_Read.ap_auto.float, i32 %window_i_0_2_promoted164"   --->   Operation 28 'read' 'window_i_0_2_promoted164_read' <Predicate = true> <Delay = 0.00>
ST_1 : Operation 29 [1/1] (0.00ns)   --->   "%window_i_2_1_promoted166_read = read i32 @_ssdm_op_Read.ap_auto.float, i32 %window_i_2_1_promoted166"   --->   Operation 29 'read' 'window_i_2_1_promoted166_read' <Predicate = true> <Delay = 0.00>
ST_1 : Operation 30 [1/1] (0.00ns)   --->   "%window_i_2_0_promoted168_read = read i32 @_ssdm_op_Read.ap_auto.float, i32 %window_i_2_0_promoted168"   --->   Operation 30 'read' 'window_i_2_0_promoted168_read' <Predicate = true> <Delay = 0.00>
ST_1 : Operation 31 [1/1] (0.00ns)   --->   "%window_i_2_2_promoted170_read = read i32 @_ssdm_op_Read.ap_auto.float, i32 %window_i_2_2_promoted170"   --->   Operation 31 'read' 'window_i_2_2_promoted170_read' <Predicate = true> <Delay = 0.00>
ST_1 : Operation 32 [1/1] (1.58ns)   --->   "%store_ln0 = store i32 %window_i_2_2_promoted170_read, i32 %empty_87"   --->   Operation 32 'store' 'store_ln0' <Predicate = true> <Delay = 1.58>
ST_1 : Operation 33 [1/1] (1.58ns)   --->   "%store_ln0 = store i32 %window_i_2_0_promoted168_read, i32 %empty_86"   --->   Operation 33 'store' 'store_ln0' <Predicate = true> <Delay = 1.58>
ST_1 : Operation 34 [1/1] (1.58ns)   --->   "%store_ln0 = store i32 %window_i_2_1_promoted166_read, i32 %empty_85"   --->   Operation 34 'store' 'store_ln0' <Predicate = true> <Delay = 1.58>
ST_1 : Operation 35 [1/1] (1.58ns)   --->   "%store_ln0 = store i32 %window_i_0_2_promoted164_read, i32 %empty_84"   --->   Operation 35 'store' 'store_ln0' <Predicate = true> <Delay = 1.58>
ST_1 : Operation 36 [1/1] (1.58ns)   --->   "%store_ln0 = store i32 %window_i_0_0_promoted162_read, i32 %empty_83"   --->   Operation 36 'store' 'store_ln0' <Predicate = true> <Delay = 1.58>
ST_1 : Operation 37 [1/1] (1.58ns)   --->   "%store_ln0 = store i32 %window_i_0_1_promoted160_read, i32 %empty_82"   --->   Operation 37 'store' 'store_ln0' <Predicate = true> <Delay = 1.58>
ST_1 : Operation 38 [1/1] (1.58ns)   --->   "%store_ln0 = store i32 %window_i_1_2_promoted158_read, i32 %empty_81"   --->   Operation 38 'store' 'store_ln0' <Predicate = true> <Delay = 1.58>
ST_1 : Operation 39 [1/1] (1.58ns)   --->   "%store_ln0 = store i32 %window_i_1_0_promoted156_read, i32 %empty_80"   --->   Operation 39 'store' 'store_ln0' <Predicate = true> <Delay = 1.58>
ST_1 : Operation 40 [1/1] (1.58ns)   --->   "%store_ln0 = store i32 %window_i_1_1_promoted154_read, i32 %empty"   --->   Operation 40 'store' 'store_ln0' <Predicate = true> <Delay = 1.58>
ST_1 : Operation 41 [1/1] (1.58ns)   --->   "%store_ln0 = store i4 0, i4 %indvar_flatten150"   --->   Operation 41 'store' 'store_ln0' <Predicate = true> <Delay = 1.58>
ST_1 : Operation 42 [1/1] (1.58ns)   --->   "%store_ln0 = store i2 0, i2 %wi"   --->   Operation 42 'store' 'store_ln0' <Predicate = true> <Delay = 1.58>
ST_1 : Operation 43 [1/1] (1.58ns)   --->   "%store_ln0 = store i2 0, i2 %wj"   --->   Operation 43 'store' 'store_ln0' <Predicate = true> <Delay = 1.58>
ST_1 : Operation 44 [1/1] (0.00ns)   --->   "%br_ln0 = br void %for.inc.i20.i"   --->   Operation 44 'br' 'br_ln0' <Predicate = true> <Delay = 0.00>
ST_1 : Operation 45 [1/1] (0.00ns)   --->   "%indvar_flatten150_load = load i4 %indvar_flatten150" [codes_lab5/HLS_sources_final/templatedFuncs.h:49]   --->   Operation 45 'load' 'indvar_flatten150_load' <Predicate = true> <Delay = 0.00>
ST_1 : Operation 46 [1/1] (1.30ns)   --->   "%icmp_ln49 = icmp_eq  i4 %indvar_flatten150_load, i4 9" [codes_lab5/HLS_sources_final/templatedFuncs.h:49]   --->   Operation 46 'icmp' 'icmp_ln49' <Predicate = true> <Delay = 1.30> <CoreInst = "Cmp">   --->   Core 9 'Cmp' <Latency = 0> <II = 1> <Delay = 1.30> <FuncUnit> <Opcode : 'icmp'> <InPorts = 2> <OutPorts = 1>
ST_1 : Operation 47 [1/1] (1.73ns)   --->   "%add_ln49_4 = add i4 %indvar_flatten150_load, i4 1" [codes_lab5/HLS_sources_final/templatedFuncs.h:49]   --->   Operation 47 'add' 'add_ln49_4' <Predicate = true> <Delay = 1.73> <CoreInst = "Adder">   --->   Core 1 'Adder' <Latency = 0> <II = 1> <Delay = 1.73> <FuncUnit> <Opcode : 'add' 'sub'> <InPorts = 2> <OutPorts = 1>
ST_1 : Operation 48 [1/1] (0.00ns)   --->   "%br_ln49 = br i1 %icmp_ln49, void %for.inc14.i.i, void %_Z17load_input_windowILi4ELi26EEvPA3_fPAT0__AT0__fiii.exit.i_ifconv.exitStub" [codes_lab5/HLS_sources_final/templatedFuncs.h:49]   --->   Operation 48 'br' 'br_ln49' <Predicate = true> <Delay = 0.00>
ST_1 : Operation 49 [1/1] (0.00ns)   --->   "%wj_load = load i2 %wj" [codes_lab5/HLS_sources_final/templatedFuncs.h:50]   --->   Operation 49 'load' 'wj_load' <Predicate = (!icmp_ln49)> <Delay = 0.00>
ST_1 : Operation 50 [1/1] (0.00ns)   --->   "%wi_load = load i2 %wi" [codes_lab5/HLS_sources_final/templatedFuncs.h:49]   --->   Operation 50 'load' 'wi_load' <Predicate = (!icmp_ln49)> <Delay = 0.00>
ST_1 : Operation 51 [1/1] (1.56ns)   --->   "%add_ln49 = add i2 %wi_load, i2 1" [codes_lab5/HLS_sources_final/templatedFuncs.h:49]   --->   Operation 51 'add' 'add_ln49' <Predicate = (!icmp_ln49)> <Delay = 1.56> <CoreInst = "Adder">   --->   Core 1 'Adder' <Latency = 0> <II = 1> <Delay = 1.56> <FuncUnit> <Opcode : 'add' 'sub'> <InPorts = 2> <OutPorts = 1>
ST_1 : Operation 52 [1/1] (0.95ns)   --->   "%icmp_ln50 = icmp_eq  i2 %wj_load, i2 3" [codes_lab5/HLS_sources_final/templatedFuncs.h:50]   --->   Operation 52 'icmp' 'icmp_ln50' <Predicate = (!icmp_ln49)> <Delay = 0.95> <CoreInst = "Cmp">   --->   Core 9 'Cmp' <Latency = 0> <II = 1> <Delay = 0.95> <FuncUnit> <Opcode : 'icmp'> <InPorts = 2> <OutPorts = 1>
ST_1 : Operation 53 [1/1] (0.99ns)   --->   "%select_ln49 = select i1 %icmp_ln50, i2 0, i2 %wj_load" [codes_lab5/HLS_sources_final/templatedFuncs.h:49]   --->   Operation 53 'select' 'select_ln49' <Predicate = (!icmp_ln49)> <Delay = 0.99> <CoreInst = "Sel">   --->   Core 73 'Sel' <Latency = 0> <II = 1> <Delay = 0.99> <FuncUnit> <Opcode : 'select'> <InPorts = 3> <OutPorts = 1>
ST_1 : Operation 54 [1/1] (0.99ns)   --->   "%select_ln49_2 = select i1 %icmp_ln50, i2 %add_ln49, i2 %wi_load" [codes_lab5/HLS_sources_final/templatedFuncs.h:49]   --->   Operation 54 'select' 'select_ln49_2' <Predicate = (!icmp_ln49)> <Delay = 0.99> <CoreInst = "Sel">   --->   Core 73 'Sel' <Latency = 0> <II = 1> <Delay = 0.99> <FuncUnit> <Opcode : 'select'> <InPorts = 3> <OutPorts = 1>
ST_1 : Operation 55 [1/1] (0.00ns)   --->   "%zext_ln49 = zext i2 %select_ln49_2" [codes_lab5/HLS_sources_final/templatedFuncs.h:49]   --->   Operation 55 'zext' 'zext_ln49' <Predicate = (!icmp_ln49)> <Delay = 0.00>
ST_1 : Operation 56 [1/1] (1.78ns)   --->   "%add_ln49_3 = add i5 %select_ln150_5_read, i5 %zext_ln49" [codes_lab5/HLS_sources_final/templatedFuncs.h:49]   --->   Operation 56 'add' 'add_ln49_3' <Predicate = (!icmp_ln49)> <Delay = 1.78> <CoreInst = "Adder">   --->   Core 1 'Adder' <Latency = 0> <II = 1> <Delay = 1.78> <FuncUnit> <Opcode : 'add' 'sub'> <InPorts = 2> <OutPorts = 1>
ST_1 : Operation 57 [1/1] (0.00ns)   --->   "%zext_ln52 = zext i5 %add_ln49_3" [codes_lab5/HLS_sources_final/templatedFuncs.h:52]   --->   Operation 57 'zext' 'zext_ln52' <Predicate = (!icmp_ln49)> <Delay = 0.00>
ST_1 : Operation 58 [1/1] (1.65ns) (grouped into DSP with root node add_ln52_4)   --->   "%add_ln52_3 = add i8 %mul_ln52_read, i8 %zext_ln52" [codes_lab5/HLS_sources_final/templatedFuncs.h:52]   --->   Operation 58 'add' 'add_ln52_3' <Predicate = (!icmp_ln49)> <Delay = 1.65> <CoreInst = "DSP48">   --->   Core 119 'DSP48' <Latency = 3> <II = 1> <Delay = 2.15> <IPBlock> <Opcode : 'mul' 'add' 'sub' 'select'> <InPorts = 0> <OutPorts = 1> <Sync> <CReg>
ST_1 : Operation 59 [1/1] (0.00ns) (grouped into DSP with root node add_ln52_4)   --->   "%zext_ln50_1 = zext i8 %add_ln52_3" [codes_lab5/HLS_sources_final/templatedFuncs.h:50]   --->   Operation 59 'zext' 'zext_ln50_1' <Predicate = (!icmp_ln49)> <Delay = 0.00>
ST_1 : Operation 60 [3/3] (1.05ns) (grouped into DSP with root node add_ln52_4)   --->   "%mul_ln50 = mul i12 %zext_ln50_1, i12 26" [codes_lab5/HLS_sources_final/templatedFuncs.h:50]   --->   Operation 60 'mul' 'mul_ln50' <Predicate = (!icmp_ln49)> <Delay = 1.05> <CoreInst = "DSP48">   --->   Core 119 'DSP48' <Latency = 3> <II = 1> <Delay = 2.15> <IPBlock> <Opcode : 'mul' 'add' 'sub' 'select'> <InPorts = 0> <OutPorts = 1> <Sync> <CReg>
ST_1 : Operation 61 [1/1] (0.95ns)   --->   "%switch_ln52 = switch i2 %select_ln49_2, void %arrayidx133.i.i3.case.2, i2 0, void %arrayidx133.i.i3.case.0, i2 1, void %arrayidx133.i.i3.case.1" [codes_lab5/HLS_sources_final/templatedFuncs.h:52]   --->   Operation 61 'switch' 'switch_ln52' <Predicate = (!icmp_ln49)> <Delay = 0.95>
ST_1 : Operation 62 [1/1] (0.95ns)   --->   "%switch_ln52 = switch i2 %select_ln49, void %arrayidx133.i.i3.case.292, i2 0, void %arrayidx133.i.i3.case.1.arrayidx133.i.i3.exit_crit_edge, i2 1, void %arrayidx133.i.i3.case.1.arrayidx133.i.i3.exit_crit_edge27" [codes_lab5/HLS_sources_final/templatedFuncs.h:52]   --->   Operation 62 'switch' 'switch_ln52' <Predicate = (!icmp_ln49 & select_ln49_2 == 1)> <Delay = 0.95>
ST_1 : Operation 63 [1/1] (0.95ns)   --->   "%switch_ln52 = switch i2 %select_ln49, void %arrayidx133.i.i3.case.287, i2 0, void %arrayidx133.i.i3.case.0.arrayidx133.i.i3.exit_crit_edge, i2 1, void %arrayidx133.i.i3.case.0.arrayidx133.i.i3.exit_crit_edge23" [codes_lab5/HLS_sources_final/templatedFuncs.h:52]   --->   Operation 63 'switch' 'switch_ln52' <Predicate = (!icmp_ln49 & select_ln49_2 == 0)> <Delay = 0.95>
ST_1 : Operation 64 [1/1] (0.95ns)   --->   "%switch_ln52 = switch i2 %select_ln49, void %arrayidx133.i.i3.case.297, i2 0, void %arrayidx133.i.i3.case.2.arrayidx133.i.i3.exit_crit_edge, i2 1, void %arrayidx133.i.i3.case.2.arrayidx133.i.i3.exit_crit_edge19" [codes_lab5/HLS_sources_final/templatedFuncs.h:52]   --->   Operation 64 'switch' 'switch_ln52' <Predicate = (!icmp_ln49 & select_ln49_2 != 0 & select_ln49_2 != 1)> <Delay = 0.95>
ST_1 : Operation 65 [1/1] (1.56ns)   --->   "%add_ln50 = add i2 %select_ln49, i2 1" [codes_lab5/HLS_sources_final/templatedFuncs.h:50]   --->   Operation 65 'add' 'add_ln50' <Predicate = (!icmp_ln49)> <Delay = 1.56> <CoreInst = "Adder">   --->   Core 1 'Adder' <Latency = 0> <II = 1> <Delay = 1.56> <FuncUnit> <Opcode : 'add' 'sub'> <InPorts = 2> <OutPorts = 1>
ST_1 : Operation 66 [1/1] (1.58ns)   --->   "%store_ln50 = store i4 %add_ln49_4, i4 %indvar_flatten150" [codes_lab5/HLS_sources_final/templatedFuncs.h:50]   --->   Operation 66 'store' 'store_ln50' <Predicate = (!icmp_ln49)> <Delay = 1.58>
ST_1 : Operation 67 [1/1] (1.58ns)   --->   "%store_ln50 = store i2 %select_ln49_2, i2 %wi" [codes_lab5/HLS_sources_final/templatedFuncs.h:50]   --->   Operation 67 'store' 'store_ln50' <Predicate = (!icmp_ln49)> <Delay = 1.58>
ST_1 : Operation 68 [1/1] (1.58ns)   --->   "%store_ln50 = store i2 %add_ln50, i2 %wj" [codes_lab5/HLS_sources_final/templatedFuncs.h:50]   --->   Operation 68 'store' 'store_ln50' <Predicate = (!icmp_ln49)> <Delay = 1.58>
ST_1 : Operation 69 [1/1] (0.00ns)   --->   "%br_ln50 = br void %for.inc.i20.i" [codes_lab5/HLS_sources_final/templatedFuncs.h:50]   --->   Operation 69 'br' 'br_ln50' <Predicate = (!icmp_ln49)> <Delay = 0.00>

State 2 <SV = 1> <Delay = 1.05>
ST_2 : Operation 70 [2/3] (1.05ns) (grouped into DSP with root node add_ln52_4)   --->   "%mul_ln50 = mul i12 %zext_ln50_1, i12 26" [codes_lab5/HLS_sources_final/templatedFuncs.h:50]   --->   Operation 70 'mul' 'mul_ln50' <Predicate = true> <Delay = 1.05> <CoreInst = "DSP48">   --->   Core 119 'DSP48' <Latency = 3> <II = 1> <Delay = 2.15> <IPBlock> <Opcode : 'mul' 'add' 'sub' 'select'> <InPorts = 0> <OutPorts = 1> <Sync> <CReg>

State 3 <SV = 2> <Delay = 3.88>
ST_3 : Operation 71 [1/3] (0.00ns) (grouped into DSP with root node add_ln52_4)   --->   "%mul_ln50 = mul i12 %zext_ln50_1, i12 26" [codes_lab5/HLS_sources_final/templatedFuncs.h:50]   --->   Operation 71 'mul' 'mul_ln50' <Predicate = true> <Delay = 0.00> <CoreInst = "DSP48">   --->   Core 119 'DSP48' <Latency = 3> <II = 1> <Delay = 2.15> <IPBlock> <Opcode : 'mul' 'add' 'sub' 'select'> <InPorts = 0> <OutPorts = 1> <Sync> <CReg>
ST_3 : Operation 72 [1/1] (0.00ns)   --->   "%zext_ln50 = zext i2 %select_ln49" [codes_lab5/HLS_sources_final/templatedFuncs.h:50]   --->   Operation 72 'zext' 'zext_ln50' <Predicate = true> <Delay = 0.00>
ST_3 : Operation 73 [1/1] (1.78ns)   --->   "%add_ln52 = add i5 %select_ln150_read, i5 %zext_ln50" [codes_lab5/HLS_sources_final/templatedFuncs.h:52]   --->   Operation 73 'add' 'add_ln52' <Predicate = true> <Delay = 1.78> <CoreInst = "Adder">   --->   Core 1 'Adder' <Latency = 0> <II = 1> <Delay = 1.78> <FuncUnit> <Opcode : 'add' 'sub'> <InPorts = 2> <OutPorts = 1>
ST_3 : Operation 74 [1/1] (0.00ns)   --->   "%zext_ln52_4 = zext i5 %add_ln52" [codes_lab5/HLS_sources_final/templatedFuncs.h:52]   --->   Operation 74 'zext' 'zext_ln52_4' <Predicate = true> <Delay = 0.00>
ST_3 : Operation 75 [2/2] (2.10ns) (root node of the DSP)   --->   "%add_ln52_4 = add i12 %mul_ln50, i12 %zext_ln52_4" [codes_lab5/HLS_sources_final/templatedFuncs.h:52]   --->   Operation 75 'add' 'add_ln52_4' <Predicate = true> <Delay = 2.10> <CoreInst = "DSP48">   --->   Core 119 'DSP48' <Latency = 3> <II = 1> <Delay = 2.15> <IPBlock> <Opcode : 'mul' 'add' 'sub' 'select'> <InPorts = 0> <OutPorts = 1> <Sync> <CReg>

State 4 <SV = 3> <Delay = 5.35>
ST_4 : Operation 76 [1/2] (2.10ns) (root node of the DSP)   --->   "%add_ln52_4 = add i12 %mul_ln50, i12 %zext_ln52_4" [codes_lab5/HLS_sources_final/templatedFuncs.h:52]   --->   Operation 76 'add' 'add_ln52_4' <Predicate = true> <Delay = 2.10> <CoreInst = "DSP48">   --->   Core 119 'DSP48' <Latency = 3> <II = 1> <Delay = 2.15> <IPBlock> <Opcode : 'mul' 'add' 'sub' 'select'> <InPorts = 0> <OutPorts = 1> <Sync> <CReg>
ST_4 : Operation 77 [1/1] (0.00ns)   --->   "%zext_ln52_5 = zext i12 %add_ln52_4" [codes_lab5/HLS_sources_final/templatedFuncs.h:52]   --->   Operation 77 'zext' 'zext_ln52_5' <Predicate = true> <Delay = 0.00>
ST_4 : Operation 78 [1/1] (0.00ns)   --->   "%mem_2_addr = getelementptr i32 %mem_2, i64 0, i64 %zext_ln52_5" [codes_lab5/HLS_sources_final/templatedFuncs.h:52]   --->   Operation 78 'getelementptr' 'mem_2_addr' <Predicate = true> <Delay = 0.00>
ST_4 : Operation 79 [2/2] (3.25ns)   --->   "%mem_2_load = load i12 %mem_2_addr" [codes_lab5/HLS_sources_final/templatedFuncs.h:52]   --->   Operation 79 'load' 'mem_2_load' <Predicate = true> <Delay = 3.25> <CoreInst = "RAM">   --->   Core 82 'RAM' <Latency = 1> <II = 1> <Delay = 3.25> <Storage> <Opcode : 'load' 'store'> <Ports = 2> <Width = 32> <Depth = 2704> <RAM>
ST_4 : Operation 103 [1/1] (0.00ns)   --->   "%p_load28 = load i32 %empty"   --->   Operation 103 'load' 'p_load28' <Predicate = (icmp_ln49)> <Delay = 0.00>
ST_4 : Operation 104 [1/1] (0.00ns)   --->   "%p_load26 = load i32 %empty_80"   --->   Operation 104 'load' 'p_load26' <Predicate = (icmp_ln49)> <Delay = 0.00>
ST_4 : Operation 105 [1/1] (0.00ns)   --->   "%p_load25 = load i32 %empty_81"   --->   Operation 105 'load' 'p_load25' <Predicate = (icmp_ln49)> <Delay = 0.00>
ST_4 : Operation 106 [1/1] (0.00ns)   --->   "%p_load24 = load i32 %empty_82"   --->   Operation 106 'load' 'p_load24' <Predicate = (icmp_ln49)> <Delay = 0.00>
ST_4 : Operation 107 [1/1] (0.00ns)   --->   "%p_load22 = load i32 %empty_83"   --->   Operation 107 'load' 'p_load22' <Predicate = (icmp_ln49)> <Delay = 0.00>
ST_4 : Operation 108 [1/1] (0.00ns)   --->   "%p_load21 = load i32 %empty_84"   --->   Operation 108 'load' 'p_load21' <Predicate = (icmp_ln49)> <Delay = 0.00>
ST_4 : Operation 109 [1/1] (0.00ns)   --->   "%p_load20 = load i32 %empty_85"   --->   Operation 109 'load' 'p_load20' <Predicate = (icmp_ln49)> <Delay = 0.00>
ST_4 : Operation 110 [1/1] (0.00ns)   --->   "%p_load18 = load i32 %empty_86"   --->   Operation 110 'load' 'p_load18' <Predicate = (icmp_ln49)> <Delay = 0.00>
ST_4 : Operation 111 [1/1] (0.00ns)   --->   "%p_load = load i32 %empty_87"   --->   Operation 111 'load' 'p_load' <Predicate = (icmp_ln49)> <Delay = 0.00>
ST_4 : Operation 112 [1/1] (0.00ns)   --->   "%write_ln0 = write void @_ssdm_op_Write.ap_auto.floatP0A, i32 %p_out, i32 %p_load"   --->   Operation 112 'write' 'write_ln0' <Predicate = (icmp_ln49)> <Delay = 0.00>
ST_4 : Operation 113 [1/1] (0.00ns)   --->   "%write_ln0 = write void @_ssdm_op_Write.ap_auto.floatP0A, i32 %p_out1, i32 %p_load18"   --->   Operation 113 'write' 'write_ln0' <Predicate = (icmp_ln49)> <Delay = 0.00>
ST_4 : Operation 114 [1/1] (0.00ns)   --->   "%write_ln0 = write void @_ssdm_op_Write.ap_auto.floatP0A, i32 %p_out2, i32 %p_load20"   --->   Operation 114 'write' 'write_ln0' <Predicate = (icmp_ln49)> <Delay = 0.00>
ST_4 : Operation 115 [1/1] (0.00ns)   --->   "%write_ln0 = write void @_ssdm_op_Write.ap_auto.floatP0A, i32 %p_out3, i32 %p_load21"   --->   Operation 115 'write' 'write_ln0' <Predicate = (icmp_ln49)> <Delay = 0.00>
ST_4 : Operation 116 [1/1] (0.00ns)   --->   "%write_ln0 = write void @_ssdm_op_Write.ap_auto.floatP0A, i32 %p_out4, i32 %p_load22"   --->   Operation 116 'write' 'write_ln0' <Predicate = (icmp_ln49)> <Delay = 0.00>
ST_4 : Operation 117 [1/1] (0.00ns)   --->   "%write_ln0 = write void @_ssdm_op_Write.ap_auto.floatP0A, i32 %p_out5, i32 %p_load24"   --->   Operation 117 'write' 'write_ln0' <Predicate = (icmp_ln49)> <Delay = 0.00>
ST_4 : Operation 118 [1/1] (0.00ns)   --->   "%write_ln0 = write void @_ssdm_op_Write.ap_auto.floatP0A, i32 %p_out6, i32 %p_load25"   --->   Operation 118 'write' 'write_ln0' <Predicate = (icmp_ln49)> <Delay = 0.00>
ST_4 : Operation 119 [1/1] (0.00ns)   --->   "%write_ln0 = write void @_ssdm_op_Write.ap_auto.floatP0A, i32 %p_out7, i32 %p_load26"   --->   Operation 119 'write' 'write_ln0' <Predicate = (icmp_ln49)> <Delay = 0.00>
ST_4 : Operation 120 [1/1] (0.00ns)   --->   "%write_ln0 = write void @_ssdm_op_Write.ap_auto.floatP0A, i32 %p_out8, i32 %p_load28"   --->   Operation 120 'write' 'write_ln0' <Predicate = (icmp_ln49)> <Delay = 0.00>
ST_4 : Operation 121 [1/1] (0.00ns)   --->   "%ret_ln0 = ret"   --->   Operation 121 'ret' 'ret_ln0' <Predicate = (icmp_ln49)> <Delay = 0.00>

State 5 <SV = 4> <Delay = 4.84>
ST_5 : Operation 80 [1/1] (0.00ns)   --->   "%specloopname_ln0 = specloopname void @_ssdm_op_SpecLoopName, void @loadWin1_VITIS_LOOP_50_1_str"   --->   Operation 80 'specloopname' 'specloopname_ln0' <Predicate = true> <Delay = 0.00>
ST_5 : Operation 81 [1/1] (0.00ns)   --->   "%empty_88 = speclooptripcount i32 @_ssdm_op_SpecLoopTripCount, i64 9, i64 9, i64 9"   --->   Operation 81 'speclooptripcount' 'empty_88' <Predicate = true> <Delay = 0.00>
ST_5 : Operation 82 [1/1] (0.00ns)   --->   "%specpipeline_ln51 = specpipeline void @_ssdm_op_SpecPipeline, i32 4294967295, i32 0, i32 0, i32 0, void @empty" [codes_lab5/HLS_sources_final/templatedFuncs.h:51]   --->   Operation 82 'specpipeline' 'specpipeline_ln51' <Predicate = true> <Delay = 0.00>
ST_5 : Operation 83 [1/1] (0.00ns)   --->   "%specloopname_ln50 = specloopname void @_ssdm_op_SpecLoopName, void @empty_9" [codes_lab5/HLS_sources_final/templatedFuncs.h:50]   --->   Operation 83 'specloopname' 'specloopname_ln50' <Predicate = true> <Delay = 0.00>
ST_5 : Operation 84 [1/2] (3.25ns)   --->   "%mem_2_load = load i12 %mem_2_addr" [codes_lab5/HLS_sources_final/templatedFuncs.h:52]   --->   Operation 84 'load' 'mem_2_load' <Predicate = true> <Delay = 3.25> <CoreInst = "RAM">   --->   Core 82 'RAM' <Latency = 1> <II = 1> <Delay = 3.25> <Storage> <Opcode : 'load' 'store'> <Ports = 2> <Width = 32> <Depth = 2704> <RAM>
ST_5 : Operation 85 [1/1] (1.58ns)   --->   "%store_ln52 = store i32 %mem_2_load, i32 %empty" [codes_lab5/HLS_sources_final/templatedFuncs.h:52]   --->   Operation 85 'store' 'store_ln52' <Predicate = (select_ln49_2 == 1 & select_ln49 == 1)> <Delay = 1.58>
ST_5 : Operation 86 [1/1] (0.00ns)   --->   "%br_ln52 = br void %arrayidx133.i.i3.exit" [codes_lab5/HLS_sources_final/templatedFuncs.h:52]   --->   Operation 86 'br' 'br_ln52' <Predicate = (select_ln49_2 == 1 & select_ln49 == 1)> <Delay = 0.00>
ST_5 : Operation 87 [1/1] (1.58ns)   --->   "%store_ln52 = store i32 %mem_2_load, i32 %empty_80" [codes_lab5/HLS_sources_final/templatedFuncs.h:52]   --->   Operation 87 'store' 'store_ln52' <Predicate = (select_ln49_2 == 1 & select_ln49 == 0)> <Delay = 1.58>
ST_5 : Operation 88 [1/1] (0.00ns)   --->   "%br_ln52 = br void %arrayidx133.i.i3.exit" [codes_lab5/HLS_sources_final/templatedFuncs.h:52]   --->   Operation 88 'br' 'br_ln52' <Predicate = (select_ln49_2 == 1 & select_ln49 == 0)> <Delay = 0.00>
ST_5 : Operation 89 [1/1] (1.58ns)   --->   "%store_ln52 = store i32 %mem_2_load, i32 %empty_81" [codes_lab5/HLS_sources_final/templatedFuncs.h:52]   --->   Operation 89 'store' 'store_ln52' <Predicate = (select_ln49_2 == 1 & select_ln49 != 0 & select_ln49 != 1)> <Delay = 1.58>
ST_5 : Operation 90 [1/1] (0.00ns)   --->   "%br_ln52 = br void %arrayidx133.i.i3.exit" [codes_lab5/HLS_sources_final/templatedFuncs.h:52]   --->   Operation 90 'br' 'br_ln52' <Predicate = (select_ln49_2 == 1 & select_ln49 != 0 & select_ln49 != 1)> <Delay = 0.00>
ST_5 : Operation 91 [1/1] (1.58ns)   --->   "%store_ln52 = store i32 %mem_2_load, i32 %empty_82" [codes_lab5/HLS_sources_final/templatedFuncs.h:52]   --->   Operation 91 'store' 'store_ln52' <Predicate = (select_ln49_2 == 0 & select_ln49 == 1)> <Delay = 1.58>
ST_5 : Operation 92 [1/1] (0.00ns)   --->   "%br_ln52 = br void %arrayidx133.i.i3.exit" [codes_lab5/HLS_sources_final/templatedFuncs.h:52]   --->   Operation 92 'br' 'br_ln52' <Predicate = (select_ln49_2 == 0 & select_ln49 == 1)> <Delay = 0.00>
ST_5 : Operation 93 [1/1] (1.58ns)   --->   "%store_ln52 = store i32 %mem_2_load, i32 %empty_83" [codes_lab5/HLS_sources_final/templatedFuncs.h:52]   --->   Operation 93 'store' 'store_ln52' <Predicate = (select_ln49_2 == 0 & select_ln49 == 0)> <Delay = 1.58>
ST_5 : Operation 94 [1/1] (0.00ns)   --->   "%br_ln52 = br void %arrayidx133.i.i3.exit" [codes_lab5/HLS_sources_final/templatedFuncs.h:52]   --->   Operation 94 'br' 'br_ln52' <Predicate = (select_ln49_2 == 0 & select_ln49 == 0)> <Delay = 0.00>
ST_5 : Operation 95 [1/1] (1.58ns)   --->   "%store_ln52 = store i32 %mem_2_load, i32 %empty_84" [codes_lab5/HLS_sources_final/templatedFuncs.h:52]   --->   Operation 95 'store' 'store_ln52' <Predicate = (select_ln49_2 == 0 & select_ln49 != 0 & select_ln49 != 1)> <Delay = 1.58>
ST_5 : Operation 96 [1/1] (0.00ns)   --->   "%br_ln52 = br void %arrayidx133.i.i3.exit" [codes_lab5/HLS_sources_final/templatedFuncs.h:52]   --->   Operation 96 'br' 'br_ln52' <Predicate = (select_ln49_2 == 0 & select_ln49 != 0 & select_ln49 != 1)> <Delay = 0.00>
ST_5 : Operation 97 [1/1] (1.58ns)   --->   "%store_ln52 = store i32 %mem_2_load, i32 %empty_85" [codes_lab5/HLS_sources_final/templatedFuncs.h:52]   --->   Operation 97 'store' 'store_ln52' <Predicate = (select_ln49_2 != 0 & select_ln49_2 != 1 & select_ln49 == 1)> <Delay = 1.58>
ST_5 : Operation 98 [1/1] (0.00ns)   --->   "%br_ln52 = br void %arrayidx133.i.i3.exit" [codes_lab5/HLS_sources_final/templatedFuncs.h:52]   --->   Operation 98 'br' 'br_ln52' <Predicate = (select_ln49_2 != 0 & select_ln49_2 != 1 & select_ln49 == 1)> <Delay = 0.00>
ST_5 : Operation 99 [1/1] (1.58ns)   --->   "%store_ln52 = store i32 %mem_2_load, i32 %empty_86" [codes_lab5/HLS_sources_final/templatedFuncs.h:52]   --->   Operation 99 'store' 'store_ln52' <Predicate = (select_ln49_2 != 0 & select_ln49_2 != 1 & select_ln49 == 0)> <Delay = 1.58>
ST_5 : Operation 100 [1/1] (0.00ns)   --->   "%br_ln52 = br void %arrayidx133.i.i3.exit" [codes_lab5/HLS_sources_final/templatedFuncs.h:52]   --->   Operation 100 'br' 'br_ln52' <Predicate = (select_ln49_2 != 0 & select_ln49_2 != 1 & select_ln49 == 0)> <Delay = 0.00>
ST_5 : Operation 101 [1/1] (1.58ns)   --->   "%store_ln52 = store i32 %mem_2_load, i32 %empty_87" [codes_lab5/HLS_sources_final/templatedFuncs.h:52]   --->   Operation 101 'store' 'store_ln52' <Predicate = (select_ln49_2 != 0 & select_ln49_2 != 1 & select_ln49 != 0 & select_ln49 != 1)> <Delay = 1.58>
ST_5 : Operation 102 [1/1] (0.00ns)   --->   "%br_ln52 = br void %arrayidx133.i.i3.exit" [codes_lab5/HLS_sources_final/templatedFuncs.h:52]   --->   Operation 102 'br' 'br_ln52' <Predicate = (select_ln49_2 != 0 & select_ln49_2 != 1 & select_ln49 != 0 & select_ln49 != 1)> <Delay = 0.00>


============================================================
+ Verbose Summary: Timing violations
============================================================
Target clock period: 10ns, clock uncertainty: 2.7ns.

 <State 1>: 7.04ns
The critical path consists of the following:
	'alloca' operation ('wi') [24]  (0 ns)
	'load' operation ('wi_load', codes_lab5/HLS_sources_final/templatedFuncs.h:49) on local variable 'wi' [67]  (0 ns)
	'add' operation ('add_ln49', codes_lab5/HLS_sources_final/templatedFuncs.h:49) [68]  (1.56 ns)
	'select' operation ('select_ln49_2', codes_lab5/HLS_sources_final/templatedFuncs.h:49) [73]  (0.993 ns)
	'add' operation ('add_ln49_3', codes_lab5/HLS_sources_final/templatedFuncs.h:49) [75]  (1.78 ns)
	'add' operation of DSP[85] ('add_ln52_3', codes_lab5/HLS_sources_final/templatedFuncs.h:52) [77]  (1.65 ns)
	'mul' operation of DSP[85] ('mul_ln50', codes_lab5/HLS_sources_final/templatedFuncs.h:50) [79]  (1.05 ns)

 <State 2>: 1.05ns
The critical path consists of the following:
	'mul' operation of DSP[85] ('mul_ln50', codes_lab5/HLS_sources_final/templatedFuncs.h:50) [79]  (1.05 ns)

 <State 3>: 3.88ns
The critical path consists of the following:
	'add' operation ('add_ln52', codes_lab5/HLS_sources_final/templatedFuncs.h:52) [83]  (1.78 ns)
	'add' operation of DSP[85] ('add_ln52_4', codes_lab5/HLS_sources_final/templatedFuncs.h:52) [85]  (2.1 ns)

 <State 4>: 5.35ns
The critical path consists of the following:
	'add' operation of DSP[85] ('add_ln52_4', codes_lab5/HLS_sources_final/templatedFuncs.h:52) [85]  (2.1 ns)
	'getelementptr' operation ('mem_2_addr', codes_lab5/HLS_sources_final/templatedFuncs.h:52) [87]  (0 ns)
	'load' operation ('mem_2_load', codes_lab5/HLS_sources_final/templatedFuncs.h:52) on array 'mem_2' [88]  (3.25 ns)

 <State 5>: 4.84ns
The critical path consists of the following:
	'load' operation ('mem_2_load', codes_lab5/HLS_sources_final/templatedFuncs.h:52) on array 'mem_2' [88]  (3.25 ns)
	'store' operation ('store_ln52', codes_lab5/HLS_sources_final/templatedFuncs.h:52) of variable 'mem_2_load', codes_lab5/HLS_sources_final/templatedFuncs.h:52 on local variable 'empty_84' [110]  (1.59 ns)


============================================================
+ Verbose Summary: Binding
============================================================
N/A
* FSMD analyzer results:
  - Output states:
 - Input state : 
  - Chain level:
	State 1
	State 2
	State 3
	State 4
	State 5


============================================================
+ Verbose Summary: Datapath Resource usage 
============================================================
N/A
