

================================================================
== Vitis HLS Report for 'conv2D_4_s'
================================================================
* Date:           Thu Dec 25 15:19:30 2025

* Version:        2022.1 (Build 3526262 on Mon Apr 18 15:48:16 MDT 2022)
* Project:        Day_5_final_boss
* Solution:       sol5 (Vivado IP Flow Target)
* Product family: zynq
* Target device:  xc7z020-clg400-1


================================================================
== Performance Estimates
================================================================
+ Timing: 
    * Summary: 
    +--------+----------+----------+------------+
    |  Clock |  Target  | Estimated| Uncertainty|
    +--------+----------+----------+------------+
    |ap_clk  |  10.00 ns|  7.256 ns|     2.70 ns|
    +--------+----------+----------+------------+

+ Latency: 
    * Summary: 
    +---------+---------+----------+----------+-----+-----+---------+
    |  Latency (cycles) |  Latency (absolute) |  Interval | Pipeline|
    |   min   |   max   |    min   |    max   | min | max |   Type  |
    +---------+---------+----------+----------+-----+-----+---------+
    |       24|       24|  0.240 us|  0.240 us|    1|    1|      yes|
    +---------+---------+----------+----------+-----+-----+---------+

    + Detail: 
        * Instance: 
        N/A

        * Loop: 
        N/A

============================================================
+ Verbose Summary: Synthesis Manager
============================================================
InlineROM: 1
ExposeGlobal: 0
============================================================
+ Verbose Summary: CDFG Model
============================================================
IsTopModel: 0
ResetActiveHigh: 1
IsCombinational: 0
IsDatapathOnly: 0
HasWiredReturn: 1
HasMFsm: 2
HasVarLatency: 0
IsPipeline: 1
IsRtlPipelined: 1
IsInstanceOverlapped: 0
IsDontTouch: 0
HasImplIP: 0
IsGatedGlobalClock: 0

+ Individual pipeline summary: 
  * Pipeline-0: initiation interval (II) = 1, depth = 25


============================================================
+ Verbose Summary: Schedule
============================================================
* Number of FSM states : 25
* Pipeline : 1
  Pipeline-0 : II = 1, D = 25, States = { 1 2 3 4 5 6 7 8 9 10 11 12 13 14 15 16 17 18 19 20 21 22 23 24 25 }
* Dataflow Pipeline: 0

* FSM state transitions: 
1 --> 2 
2 --> 3 
3 --> 4 
4 --> 5 
5 --> 6 
6 --> 7 
7 --> 8 
8 --> 9 
9 --> 10 
10 --> 11 
11 --> 12 
12 --> 13 
13 --> 14 
14 --> 15 
15 --> 16 
16 --> 17 
17 --> 18 
18 --> 19 
19 --> 20 
20 --> 21 
21 --> 22 
22 --> 23 
23 --> 24 
24 --> 25 
25 --> 

* FSM state operations: 

State 1 <SV = 0> <Delay = 1.82>
ST_1 : Operation 26 [1/1] (0.00ns)   --->   "%prev_sum_read = read i32 @_ssdm_op_Read.ap_auto.float, i32 %prev_sum" [codes_lab5/HLS_sources_final/templatedFuncs.h:95]   --->   Operation 26 'read' 'prev_sum_read' <Predicate = true> <Delay = 0.00>
ST_1 : Operation 27 [1/1] (0.00ns)   --->   "%p_read_16 = read i32 @_ssdm_op_Read.ap_auto.float, i32 %p_read44" [codes_lab5/HLS_sources_final/templatedFuncs.h:95]   --->   Operation 27 'read' 'p_read_16' <Predicate = true> <Delay = 0.00>
ST_1 : Operation 28 [1/1] (0.00ns)   --->   "%p_read_17 = read i32 @_ssdm_op_Read.ap_auto.float, i32 %p_read43" [codes_lab5/HLS_sources_final/templatedFuncs.h:95]   --->   Operation 28 'read' 'p_read_17' <Predicate = true> <Delay = 0.00>
ST_1 : Operation 29 [1/1] (0.00ns)   --->   "%p_read_18 = read i32 @_ssdm_op_Read.ap_auto.float, i32 %p_read42" [codes_lab5/HLS_sources_final/templatedFuncs.h:95]   --->   Operation 29 'read' 'p_read_18' <Predicate = true> <Delay = 0.00>
ST_1 : Operation 30 [1/1] (0.00ns)   --->   "%p_read_19 = read i32 @_ssdm_op_Read.ap_auto.float, i32 %p_read41" [codes_lab5/HLS_sources_final/templatedFuncs.h:95]   --->   Operation 30 'read' 'p_read_19' <Predicate = true> <Delay = 0.00>
ST_1 : Operation 31 [1/1] (0.00ns)   --->   "%p_read_20 = read i32 @_ssdm_op_Read.ap_auto.float, i32 %p_read40" [codes_lab5/HLS_sources_final/templatedFuncs.h:95]   --->   Operation 31 'read' 'p_read_20' <Predicate = true> <Delay = 0.00>
ST_1 : Operation 32 [1/1] (0.00ns)   --->   "%p_read_21 = read i32 @_ssdm_op_Read.ap_auto.float, i32 %p_read39" [codes_lab5/HLS_sources_final/templatedFuncs.h:95]   --->   Operation 32 'read' 'p_read_21' <Predicate = true> <Delay = 0.00>
ST_1 : Operation 33 [1/1] (0.00ns)   --->   "%p_read_22 = read i32 @_ssdm_op_Read.ap_auto.float, i32 %p_read38" [codes_lab5/HLS_sources_final/templatedFuncs.h:95]   --->   Operation 33 'read' 'p_read_22' <Predicate = true> <Delay = 0.00>
ST_1 : Operation 34 [1/1] (0.00ns)   --->   "%p_read_23 = read i32 @_ssdm_op_Read.ap_auto.float, i32 %p_read37" [codes_lab5/HLS_sources_final/templatedFuncs.h:95]   --->   Operation 34 'read' 'p_read_23' <Predicate = true> <Delay = 0.00>
ST_1 : Operation 35 [1/1] (0.00ns)   --->   "%p_read_24 = read i32 @_ssdm_op_Read.ap_auto.float, i32 %p_read36" [codes_lab5/HLS_sources_final/templatedFuncs.h:95]   --->   Operation 35 'read' 'p_read_24' <Predicate = true> <Delay = 0.00>
ST_1 : Operation 36 [1/1] (0.00ns)   --->   "%p_read_25 = read i32 @_ssdm_op_Read.ap_auto.float, i32 %p_read35" [codes_lab5/HLS_sources_final/templatedFuncs.h:95]   --->   Operation 36 'read' 'p_read_25' <Predicate = true> <Delay = 0.00>
ST_1 : Operation 37 [1/1] (0.00ns)   --->   "%p_read_26 = read i32 @_ssdm_op_Read.ap_auto.float, i32 %p_read34" [codes_lab5/HLS_sources_final/templatedFuncs.h:95]   --->   Operation 37 'read' 'p_read_26' <Predicate = true> <Delay = 0.00>
ST_1 : Operation 38 [1/1] (0.00ns)   --->   "%p_read_27 = read i32 @_ssdm_op_Read.ap_auto.float, i32 %p_read33" [codes_lab5/HLS_sources_final/templatedFuncs.h:95]   --->   Operation 38 'read' 'p_read_27' <Predicate = true> <Delay = 0.00>
ST_1 : Operation 39 [1/1] (0.00ns)   --->   "%p_read_28 = read i32 @_ssdm_op_Read.ap_auto.float, i32 %p_read32" [codes_lab5/HLS_sources_final/templatedFuncs.h:95]   --->   Operation 39 'read' 'p_read_28' <Predicate = true> <Delay = 0.00>
ST_1 : Operation 40 [1/1] (0.00ns)   --->   "%p_read_29 = read i32 @_ssdm_op_Read.ap_auto.float, i32 %p_read31" [codes_lab5/HLS_sources_final/templatedFuncs.h:95]   --->   Operation 40 'read' 'p_read_29' <Predicate = true> <Delay = 0.00>
ST_1 : Operation 41 [1/1] (0.00ns)   --->   "%p_read_30 = read i32 @_ssdm_op_Read.ap_auto.float, i32 %p_read30" [codes_lab5/HLS_sources_final/templatedFuncs.h:95]   --->   Operation 41 'read' 'p_read_30' <Predicate = true> <Delay = 0.00>
ST_1 : Operation 42 [1/1] (0.00ns)   --->   "%p_read_31 = read i32 @_ssdm_op_Read.ap_auto.float, i32 %p_read29" [codes_lab5/HLS_sources_final/templatedFuncs.h:95]   --->   Operation 42 'read' 'p_read_31' <Predicate = true> <Delay = 0.00>
ST_1 : Operation 43 [1/1] (0.00ns)   --->   "%p_read_32 = read i32 @_ssdm_op_Read.ap_auto.float, i32 %p_read28" [codes_lab5/HLS_sources_final/templatedFuncs.h:95]   --->   Operation 43 'read' 'p_read_32' <Predicate = true> <Delay = 0.00>
ST_1 : Operation 44 [1/1] (0.00ns)   --->   "%p_read_33 = read i32 @_ssdm_op_Read.ap_auto.float, i32 %p_read27" [codes_lab5/HLS_sources_final/templatedFuncs.h:95]   --->   Operation 44 'read' 'p_read_33' <Predicate = true> <Delay = 0.00>
ST_1 : Operation 45 [1/1] (0.00ns)   --->   "%p_read_34 = read i32 @_ssdm_op_Read.ap_auto.float, i32 %p_read26" [codes_lab5/HLS_sources_final/templatedFuncs.h:95]   --->   Operation 45 'read' 'p_read_34' <Predicate = true> <Delay = 0.00>
ST_1 : Operation 46 [1/1] (0.00ns)   --->   "%p_read_35 = read i32 @_ssdm_op_Read.ap_auto.float, i32 %p_read25" [codes_lab5/HLS_sources_final/templatedFuncs.h:95]   --->   Operation 46 'read' 'p_read_35' <Predicate = true> <Delay = 0.00>
ST_1 : Operation 47 [1/1] (0.00ns)   --->   "%p_read_36 = read i32 @_ssdm_op_Read.ap_auto.float, i32 %p_read24" [codes_lab5/HLS_sources_final/templatedFuncs.h:95]   --->   Operation 47 'read' 'p_read_36' <Predicate = true> <Delay = 0.00>
ST_1 : Operation 48 [1/1] (0.00ns)   --->   "%p_read_37 = read i32 @_ssdm_op_Read.ap_auto.float, i32 %p_read23" [codes_lab5/HLS_sources_final/templatedFuncs.h:95]   --->   Operation 48 'read' 'p_read_37' <Predicate = true> <Delay = 0.00>
ST_1 : Operation 49 [1/1] (0.00ns)   --->   "%p_read_38 = read i32 @_ssdm_op_Read.ap_auto.float, i32 %p_read22" [codes_lab5/HLS_sources_final/templatedFuncs.h:95]   --->   Operation 49 'read' 'p_read_38' <Predicate = true> <Delay = 0.00>
ST_1 : Operation 50 [1/1] (0.00ns)   --->   "%p_read_39 = read i32 @_ssdm_op_Read.ap_auto.float, i32 %p_read21" [codes_lab5/HLS_sources_final/templatedFuncs.h:95]   --->   Operation 50 'read' 'p_read_39' <Predicate = true> <Delay = 0.00>
ST_1 : Operation 51 [1/1] (0.00ns)   --->   "%p_read_40 = read i32 @_ssdm_op_Read.ap_auto.float, i32 %p_read20" [codes_lab5/HLS_sources_final/templatedFuncs.h:95]   --->   Operation 51 'read' 'p_read_40' <Predicate = true> <Delay = 0.00>
ST_1 : Operation 52 [1/1] (0.00ns)   --->   "%p_read_41 = read i32 @_ssdm_op_Read.ap_auto.float, i32 %p_read19" [codes_lab5/HLS_sources_final/templatedFuncs.h:95]   --->   Operation 52 'read' 'p_read_41' <Predicate = true> <Delay = 0.00>
ST_1 : Operation 53 [1/1] (0.00ns)   --->   "%p_read_42 = read i32 @_ssdm_op_Read.ap_auto.float, i32 %p_read18" [codes_lab5/HLS_sources_final/templatedFuncs.h:95]   --->   Operation 53 'read' 'p_read_42' <Predicate = true> <Delay = 0.00>
ST_1 : Operation 54 [1/1] (0.00ns)   --->   "%p_read_43 = read i32 @_ssdm_op_Read.ap_auto.float, i32 %p_read17" [codes_lab5/HLS_sources_final/templatedFuncs.h:95]   --->   Operation 54 'read' 'p_read_43' <Predicate = true> <Delay = 0.00>
ST_1 : Operation 55 [1/1] (0.00ns)   --->   "%p_read_44 = read i32 @_ssdm_op_Read.ap_auto.float, i32 %p_read16" [codes_lab5/HLS_sources_final/templatedFuncs.h:95]   --->   Operation 55 'read' 'p_read_44' <Predicate = true> <Delay = 0.00>
ST_1 : Operation 56 [1/1] (0.00ns)   --->   "%p_read_45 = read i32 @_ssdm_op_Read.ap_auto.float, i32 %p_read15" [codes_lab5/HLS_sources_final/templatedFuncs.h:95]   --->   Operation 56 'read' 'p_read_45' <Predicate = true> <Delay = 0.00>
ST_1 : Operation 57 [1/1] (0.00ns)   --->   "%p_read_46 = read i32 @_ssdm_op_Read.ap_auto.float, i32 %p_read14" [codes_lab5/HLS_sources_final/templatedFuncs.h:95]   --->   Operation 57 'read' 'p_read_46' <Predicate = true> <Delay = 0.00>
ST_1 : Operation 58 [1/1] (0.00ns)   --->   "%p_read_47 = read i32 @_ssdm_op_Read.ap_auto.float, i32 %p_read13" [codes_lab5/HLS_sources_final/templatedFuncs.h:95]   --->   Operation 58 'read' 'p_read_47' <Predicate = true> <Delay = 0.00>
ST_1 : Operation 59 [1/1] (0.00ns)   --->   "%p_read_48 = read i32 @_ssdm_op_Read.ap_auto.float, i32 %p_read12" [codes_lab5/HLS_sources_final/templatedFuncs.h:95]   --->   Operation 59 'read' 'p_read_48' <Predicate = true> <Delay = 0.00>
ST_1 : Operation 60 [1/1] (0.00ns)   --->   "%p_read_49 = read i32 @_ssdm_op_Read.ap_auto.float, i32 %p_read11" [codes_lab5/HLS_sources_final/templatedFuncs.h:95]   --->   Operation 60 'read' 'p_read_49' <Predicate = true> <Delay = 0.00>
ST_1 : Operation 61 [1/1] (0.00ns)   --->   "%p_read_50 = read i32 @_ssdm_op_Read.ap_auto.float, i32 %p_read10" [codes_lab5/HLS_sources_final/templatedFuncs.h:95]   --->   Operation 61 'read' 'p_read_50' <Predicate = true> <Delay = 0.00>
ST_1 : Operation 62 [1/1] (0.00ns)   --->   "%p_read_51 = read i32 @_ssdm_op_Read.ap_auto.float, i32 %p_read9" [codes_lab5/HLS_sources_final/templatedFuncs.h:95]   --->   Operation 62 'read' 'p_read_51' <Predicate = true> <Delay = 0.00>
ST_1 : Operation 63 [1/1] (0.00ns)   --->   "%p_read_52 = read i32 @_ssdm_op_Read.ap_auto.float, i32 %p_read8" [codes_lab5/HLS_sources_final/templatedFuncs.h:95]   --->   Operation 63 'read' 'p_read_52' <Predicate = true> <Delay = 0.00>
ST_1 : Operation 64 [1/1] (0.00ns)   --->   "%p_read752 = read i32 @_ssdm_op_Read.ap_auto.float, i32 %p_read7" [codes_lab5/HLS_sources_final/templatedFuncs.h:95]   --->   Operation 64 'read' 'p_read752' <Predicate = true> <Delay = 0.00>
ST_1 : Operation 65 [1/1] (0.00ns)   --->   "%p_read651 = read i32 @_ssdm_op_Read.ap_auto.float, i32 %p_read6" [codes_lab5/HLS_sources_final/templatedFuncs.h:95]   --->   Operation 65 'read' 'p_read651' <Predicate = true> <Delay = 0.00>
ST_1 : Operation 66 [1/1] (0.00ns)   --->   "%p_read550 = read i32 @_ssdm_op_Read.ap_auto.float, i32 %p_read5" [codes_lab5/HLS_sources_final/templatedFuncs.h:95]   --->   Operation 66 'read' 'p_read550' <Predicate = true> <Delay = 0.00>
ST_1 : Operation 67 [1/1] (0.00ns)   --->   "%p_read449 = read i32 @_ssdm_op_Read.ap_auto.float, i32 %p_read4" [codes_lab5/HLS_sources_final/templatedFuncs.h:95]   --->   Operation 67 'read' 'p_read449' <Predicate = true> <Delay = 0.00>
ST_1 : Operation 68 [1/1] (0.00ns)   --->   "%p_read348 = read i32 @_ssdm_op_Read.ap_auto.float, i32 %p_read3" [codes_lab5/HLS_sources_final/templatedFuncs.h:95]   --->   Operation 68 'read' 'p_read348' <Predicate = true> <Delay = 0.00>
ST_1 : Operation 69 [1/1] (0.00ns)   --->   "%p_read247 = read i32 @_ssdm_op_Read.ap_auto.float, i32 %p_read2" [codes_lab5/HLS_sources_final/templatedFuncs.h:95]   --->   Operation 69 'read' 'p_read247' <Predicate = true> <Delay = 0.00>
ST_1 : Operation 70 [1/1] (0.00ns)   --->   "%p_read146 = read i32 @_ssdm_op_Read.ap_auto.float, i32 %p_read1" [codes_lab5/HLS_sources_final/templatedFuncs.h:95]   --->   Operation 70 'read' 'p_read146' <Predicate = true> <Delay = 0.00>
ST_1 : Operation 71 [1/1] (0.00ns)   --->   "%p_read45 = read i32 @_ssdm_op_Read.ap_auto.float, i32 %p_read" [codes_lab5/HLS_sources_final/templatedFuncs.h:95]   --->   Operation 71 'read' 'p_read45' <Predicate = true> <Delay = 0.00>
ST_1 : Operation 72 [1/1] (0.00ns)   --->   "%kch_read = read i2 @_ssdm_op_Read.ap_auto.i2, i2 %kch" [codes_lab5/HLS_sources_final/templatedFuncs.h:95]   --->   Operation 72 'read' 'kch_read' <Predicate = true> <Delay = 0.00>
ST_1 : Operation 73 [1/1] (1.82ns)   --->   "%tmp = mux i32 @_ssdm_op_Mux.ap_auto.4float.i2, i32 %p_read45, i32 %p_read_51, i32 %p_read_42, i32 %p_read_33, i2 %kch_read" [codes_lab5/HLS_sources_final/templatedFuncs.h:95]   --->   Operation 73 'mux' 'tmp' <Predicate = true> <Delay = 1.82> <CoreInst = "Multiplexer">   --->   Core 76 'Multiplexer' <Latency = 0> <II = 1> <Delay = 1.82> <FuncUnit> <Opcode : 'mux'> <InPorts = 2> <OutPorts = 1>
ST_1 : Operation 74 [1/1] (1.82ns)   --->   "%tmp_8 = mux i32 @_ssdm_op_Mux.ap_auto.4float.i2, i32 %p_read146, i32 %p_read_50, i32 %p_read_41, i32 %p_read_32, i2 %kch_read" [codes_lab5/HLS_sources_final/templatedFuncs.h:95]   --->   Operation 74 'mux' 'tmp_8' <Predicate = true> <Delay = 1.82> <CoreInst = "Multiplexer">   --->   Core 76 'Multiplexer' <Latency = 0> <II = 1> <Delay = 1.82> <FuncUnit> <Opcode : 'mux'> <InPorts = 2> <OutPorts = 1>
ST_1 : Operation 75 [1/1] (1.82ns)   --->   "%tmp_9 = mux i32 @_ssdm_op_Mux.ap_auto.4float.i2, i32 %p_read247, i32 %p_read_49, i32 %p_read_40, i32 %p_read_31, i2 %kch_read" [codes_lab5/HLS_sources_final/templatedFuncs.h:95]   --->   Operation 75 'mux' 'tmp_9' <Predicate = true> <Delay = 1.82> <CoreInst = "Multiplexer">   --->   Core 76 'Multiplexer' <Latency = 0> <II = 1> <Delay = 1.82> <FuncUnit> <Opcode : 'mux'> <InPorts = 2> <OutPorts = 1>
ST_1 : Operation 76 [1/1] (1.82ns)   --->   "%tmp_s = mux i32 @_ssdm_op_Mux.ap_auto.4float.i2, i32 %p_read348, i32 %p_read_48, i32 %p_read_39, i32 %p_read_30, i2 %kch_read" [codes_lab5/HLS_sources_final/templatedFuncs.h:95]   --->   Operation 76 'mux' 'tmp_s' <Predicate = true> <Delay = 1.82> <CoreInst = "Multiplexer">   --->   Core 76 'Multiplexer' <Latency = 0> <II = 1> <Delay = 1.82> <FuncUnit> <Opcode : 'mux'> <InPorts = 2> <OutPorts = 1>
ST_1 : Operation 77 [1/1] (1.82ns)   --->   "%tmp_1 = mux i32 @_ssdm_op_Mux.ap_auto.4float.i2, i32 %p_read449, i32 %p_read_47, i32 %p_read_38, i32 %p_read_29, i2 %kch_read" [codes_lab5/HLS_sources_final/templatedFuncs.h:95]   --->   Operation 77 'mux' 'tmp_1' <Predicate = true> <Delay = 1.82> <CoreInst = "Multiplexer">   --->   Core 76 'Multiplexer' <Latency = 0> <II = 1> <Delay = 1.82> <FuncUnit> <Opcode : 'mux'> <InPorts = 2> <OutPorts = 1>
ST_1 : Operation 78 [1/1] (1.82ns)   --->   "%tmp_2 = mux i32 @_ssdm_op_Mux.ap_auto.4float.i2, i32 %p_read550, i32 %p_read_46, i32 %p_read_37, i32 %p_read_28, i2 %kch_read" [codes_lab5/HLS_sources_final/templatedFuncs.h:95]   --->   Operation 78 'mux' 'tmp_2' <Predicate = true> <Delay = 1.82> <CoreInst = "Multiplexer">   --->   Core 76 'Multiplexer' <Latency = 0> <II = 1> <Delay = 1.82> <FuncUnit> <Opcode : 'mux'> <InPorts = 2> <OutPorts = 1>
ST_1 : Operation 79 [1/1] (1.82ns)   --->   "%tmp_3 = mux i32 @_ssdm_op_Mux.ap_auto.4float.i2, i32 %p_read651, i32 %p_read_45, i32 %p_read_36, i32 %p_read_27, i2 %kch_read" [codes_lab5/HLS_sources_final/templatedFuncs.h:95]   --->   Operation 79 'mux' 'tmp_3' <Predicate = true> <Delay = 1.82> <CoreInst = "Multiplexer">   --->   Core 76 'Multiplexer' <Latency = 0> <II = 1> <Delay = 1.82> <FuncUnit> <Opcode : 'mux'> <InPorts = 2> <OutPorts = 1>
ST_1 : Operation 80 [1/1] (1.82ns)   --->   "%tmp_4 = mux i32 @_ssdm_op_Mux.ap_auto.4float.i2, i32 %p_read752, i32 %p_read_44, i32 %p_read_35, i32 %p_read_26, i2 %kch_read" [codes_lab5/HLS_sources_final/templatedFuncs.h:95]   --->   Operation 80 'mux' 'tmp_4' <Predicate = true> <Delay = 1.82> <CoreInst = "Multiplexer">   --->   Core 76 'Multiplexer' <Latency = 0> <II = 1> <Delay = 1.82> <FuncUnit> <Opcode : 'mux'> <InPorts = 2> <OutPorts = 1>
ST_1 : Operation 81 [1/1] (1.82ns)   --->   "%tmp_5 = mux i32 @_ssdm_op_Mux.ap_auto.4float.i2, i32 %p_read_52, i32 %p_read_43, i32 %p_read_34, i32 %p_read_25, i2 %kch_read" [codes_lab5/HLS_sources_final/templatedFuncs.h:95]   --->   Operation 81 'mux' 'tmp_5' <Predicate = true> <Delay = 1.82> <CoreInst = "Multiplexer">   --->   Core 76 'Multiplexer' <Latency = 0> <II = 1> <Delay = 1.82> <FuncUnit> <Opcode : 'mux'> <InPorts = 2> <OutPorts = 1>

State 2 <SV = 1> <Delay = 5.70>
ST_2 : Operation 82 [4/4] (5.70ns)   --->   "%mul = fmul i32 %tmp, i32 %p_read_24" [codes_lab5/HLS_sources_final/templatedFuncs.h:94]   --->   Operation 82 'fmul' 'mul' <Predicate = true> <Delay = 5.70> <CoreInst = "FMul_maxdsp">   --->   Core 30 'FMul_maxdsp' <Latency = 3> <II = 1> <Delay = 5.70> <FuncUnit> <Opcode : 'fmul'> <InPorts = 2> <OutPorts = 1>
ST_2 : Operation 83 [4/4] (5.70ns)   --->   "%mul_s = fmul i32 %tmp_8, i32 %p_read_23" [codes_lab5/HLS_sources_final/templatedFuncs.h:94]   --->   Operation 83 'fmul' 'mul_s' <Predicate = true> <Delay = 5.70> <CoreInst = "FMul_maxdsp">   --->   Core 30 'FMul_maxdsp' <Latency = 3> <II = 1> <Delay = 5.70> <FuncUnit> <Opcode : 'fmul'> <InPorts = 2> <OutPorts = 1>
ST_2 : Operation 84 [4/4] (5.70ns)   --->   "%mul_3 = fmul i32 %tmp_9, i32 %p_read_22" [codes_lab5/HLS_sources_final/templatedFuncs.h:94]   --->   Operation 84 'fmul' 'mul_3' <Predicate = true> <Delay = 5.70> <CoreInst = "FMul_maxdsp">   --->   Core 30 'FMul_maxdsp' <Latency = 3> <II = 1> <Delay = 5.70> <FuncUnit> <Opcode : 'fmul'> <InPorts = 2> <OutPorts = 1>
ST_2 : Operation 85 [4/4] (5.70ns)   --->   "%mul_1 = fmul i32 %tmp_s, i32 %p_read_21" [codes_lab5/HLS_sources_final/templatedFuncs.h:94]   --->   Operation 85 'fmul' 'mul_1' <Predicate = true> <Delay = 5.70> <CoreInst = "FMul_maxdsp">   --->   Core 30 'FMul_maxdsp' <Latency = 3> <II = 1> <Delay = 5.70> <FuncUnit> <Opcode : 'fmul'> <InPorts = 2> <OutPorts = 1>
ST_2 : Operation 86 [4/4] (5.70ns)   --->   "%mul_1_1 = fmul i32 %tmp_1, i32 %p_read_20" [codes_lab5/HLS_sources_final/templatedFuncs.h:94]   --->   Operation 86 'fmul' 'mul_1_1' <Predicate = true> <Delay = 5.70> <CoreInst = "FMul_maxdsp">   --->   Core 30 'FMul_maxdsp' <Latency = 3> <II = 1> <Delay = 5.70> <FuncUnit> <Opcode : 'fmul'> <InPorts = 2> <OutPorts = 1>
ST_2 : Operation 87 [4/4] (5.70ns)   --->   "%mul_1_2 = fmul i32 %tmp_2, i32 %p_read_19" [codes_lab5/HLS_sources_final/templatedFuncs.h:94]   --->   Operation 87 'fmul' 'mul_1_2' <Predicate = true> <Delay = 5.70> <CoreInst = "FMul_maxdsp">   --->   Core 30 'FMul_maxdsp' <Latency = 3> <II = 1> <Delay = 5.70> <FuncUnit> <Opcode : 'fmul'> <InPorts = 2> <OutPorts = 1>
ST_2 : Operation 88 [4/4] (5.70ns)   --->   "%mul_2 = fmul i32 %tmp_3, i32 %p_read_18" [codes_lab5/HLS_sources_final/templatedFuncs.h:94]   --->   Operation 88 'fmul' 'mul_2' <Predicate = true> <Delay = 5.70> <CoreInst = "FMul_maxdsp">   --->   Core 30 'FMul_maxdsp' <Latency = 3> <II = 1> <Delay = 5.70> <FuncUnit> <Opcode : 'fmul'> <InPorts = 2> <OutPorts = 1>
ST_2 : Operation 89 [4/4] (5.70ns)   --->   "%mul_2_1 = fmul i32 %tmp_4, i32 %p_read_17" [codes_lab5/HLS_sources_final/templatedFuncs.h:94]   --->   Operation 89 'fmul' 'mul_2_1' <Predicate = true> <Delay = 5.70> <CoreInst = "FMul_maxdsp">   --->   Core 30 'FMul_maxdsp' <Latency = 3> <II = 1> <Delay = 5.70> <FuncUnit> <Opcode : 'fmul'> <InPorts = 2> <OutPorts = 1>
ST_2 : Operation 90 [4/4] (5.70ns)   --->   "%mul_2_2 = fmul i32 %tmp_5, i32 %p_read_16" [codes_lab5/HLS_sources_final/templatedFuncs.h:94]   --->   Operation 90 'fmul' 'mul_2_2' <Predicate = true> <Delay = 5.70> <CoreInst = "FMul_maxdsp">   --->   Core 30 'FMul_maxdsp' <Latency = 3> <II = 1> <Delay = 5.70> <FuncUnit> <Opcode : 'fmul'> <InPorts = 2> <OutPorts = 1>

State 3 <SV = 2> <Delay = 5.70>
ST_3 : Operation 91 [3/4] (5.70ns)   --->   "%mul = fmul i32 %tmp, i32 %p_read_24" [codes_lab5/HLS_sources_final/templatedFuncs.h:94]   --->   Operation 91 'fmul' 'mul' <Predicate = true> <Delay = 5.70> <CoreInst = "FMul_maxdsp">   --->   Core 30 'FMul_maxdsp' <Latency = 3> <II = 1> <Delay = 5.70> <FuncUnit> <Opcode : 'fmul'> <InPorts = 2> <OutPorts = 1>
ST_3 : Operation 92 [3/4] (5.70ns)   --->   "%mul_s = fmul i32 %tmp_8, i32 %p_read_23" [codes_lab5/HLS_sources_final/templatedFuncs.h:94]   --->   Operation 92 'fmul' 'mul_s' <Predicate = true> <Delay = 5.70> <CoreInst = "FMul_maxdsp">   --->   Core 30 'FMul_maxdsp' <Latency = 3> <II = 1> <Delay = 5.70> <FuncUnit> <Opcode : 'fmul'> <InPorts = 2> <OutPorts = 1>
ST_3 : Operation 93 [3/4] (5.70ns)   --->   "%mul_3 = fmul i32 %tmp_9, i32 %p_read_22" [codes_lab5/HLS_sources_final/templatedFuncs.h:94]   --->   Operation 93 'fmul' 'mul_3' <Predicate = true> <Delay = 5.70> <CoreInst = "FMul_maxdsp">   --->   Core 30 'FMul_maxdsp' <Latency = 3> <II = 1> <Delay = 5.70> <FuncUnit> <Opcode : 'fmul'> <InPorts = 2> <OutPorts = 1>
ST_3 : Operation 94 [3/4] (5.70ns)   --->   "%mul_1 = fmul i32 %tmp_s, i32 %p_read_21" [codes_lab5/HLS_sources_final/templatedFuncs.h:94]   --->   Operation 94 'fmul' 'mul_1' <Predicate = true> <Delay = 5.70> <CoreInst = "FMul_maxdsp">   --->   Core 30 'FMul_maxdsp' <Latency = 3> <II = 1> <Delay = 5.70> <FuncUnit> <Opcode : 'fmul'> <InPorts = 2> <OutPorts = 1>
ST_3 : Operation 95 [3/4] (5.70ns)   --->   "%mul_1_1 = fmul i32 %tmp_1, i32 %p_read_20" [codes_lab5/HLS_sources_final/templatedFuncs.h:94]   --->   Operation 95 'fmul' 'mul_1_1' <Predicate = true> <Delay = 5.70> <CoreInst = "FMul_maxdsp">   --->   Core 30 'FMul_maxdsp' <Latency = 3> <II = 1> <Delay = 5.70> <FuncUnit> <Opcode : 'fmul'> <InPorts = 2> <OutPorts = 1>
ST_3 : Operation 96 [3/4] (5.70ns)   --->   "%mul_1_2 = fmul i32 %tmp_2, i32 %p_read_19" [codes_lab5/HLS_sources_final/templatedFuncs.h:94]   --->   Operation 96 'fmul' 'mul_1_2' <Predicate = true> <Delay = 5.70> <CoreInst = "FMul_maxdsp">   --->   Core 30 'FMul_maxdsp' <Latency = 3> <II = 1> <Delay = 5.70> <FuncUnit> <Opcode : 'fmul'> <InPorts = 2> <OutPorts = 1>
ST_3 : Operation 97 [3/4] (5.70ns)   --->   "%mul_2 = fmul i32 %tmp_3, i32 %p_read_18" [codes_lab5/HLS_sources_final/templatedFuncs.h:94]   --->   Operation 97 'fmul' 'mul_2' <Predicate = true> <Delay = 5.70> <CoreInst = "FMul_maxdsp">   --->   Core 30 'FMul_maxdsp' <Latency = 3> <II = 1> <Delay = 5.70> <FuncUnit> <Opcode : 'fmul'> <InPorts = 2> <OutPorts = 1>
ST_3 : Operation 98 [3/4] (5.70ns)   --->   "%mul_2_1 = fmul i32 %tmp_4, i32 %p_read_17" [codes_lab5/HLS_sources_final/templatedFuncs.h:94]   --->   Operation 98 'fmul' 'mul_2_1' <Predicate = true> <Delay = 5.70> <CoreInst = "FMul_maxdsp">   --->   Core 30 'FMul_maxdsp' <Latency = 3> <II = 1> <Delay = 5.70> <FuncUnit> <Opcode : 'fmul'> <InPorts = 2> <OutPorts = 1>
ST_3 : Operation 99 [3/4] (5.70ns)   --->   "%mul_2_2 = fmul i32 %tmp_5, i32 %p_read_16" [codes_lab5/HLS_sources_final/templatedFuncs.h:94]   --->   Operation 99 'fmul' 'mul_2_2' <Predicate = true> <Delay = 5.70> <CoreInst = "FMul_maxdsp">   --->   Core 30 'FMul_maxdsp' <Latency = 3> <II = 1> <Delay = 5.70> <FuncUnit> <Opcode : 'fmul'> <InPorts = 2> <OutPorts = 1>

State 4 <SV = 3> <Delay = 5.70>
ST_4 : Operation 100 [2/4] (5.70ns)   --->   "%mul = fmul i32 %tmp, i32 %p_read_24" [codes_lab5/HLS_sources_final/templatedFuncs.h:94]   --->   Operation 100 'fmul' 'mul' <Predicate = true> <Delay = 5.70> <CoreInst = "FMul_maxdsp">   --->   Core 30 'FMul_maxdsp' <Latency = 3> <II = 1> <Delay = 5.70> <FuncUnit> <Opcode : 'fmul'> <InPorts = 2> <OutPorts = 1>
ST_4 : Operation 101 [2/4] (5.70ns)   --->   "%mul_s = fmul i32 %tmp_8, i32 %p_read_23" [codes_lab5/HLS_sources_final/templatedFuncs.h:94]   --->   Operation 101 'fmul' 'mul_s' <Predicate = true> <Delay = 5.70> <CoreInst = "FMul_maxdsp">   --->   Core 30 'FMul_maxdsp' <Latency = 3> <II = 1> <Delay = 5.70> <FuncUnit> <Opcode : 'fmul'> <InPorts = 2> <OutPorts = 1>
ST_4 : Operation 102 [2/4] (5.70ns)   --->   "%mul_3 = fmul i32 %tmp_9, i32 %p_read_22" [codes_lab5/HLS_sources_final/templatedFuncs.h:94]   --->   Operation 102 'fmul' 'mul_3' <Predicate = true> <Delay = 5.70> <CoreInst = "FMul_maxdsp">   --->   Core 30 'FMul_maxdsp' <Latency = 3> <II = 1> <Delay = 5.70> <FuncUnit> <Opcode : 'fmul'> <InPorts = 2> <OutPorts = 1>
ST_4 : Operation 103 [2/4] (5.70ns)   --->   "%mul_1 = fmul i32 %tmp_s, i32 %p_read_21" [codes_lab5/HLS_sources_final/templatedFuncs.h:94]   --->   Operation 103 'fmul' 'mul_1' <Predicate = true> <Delay = 5.70> <CoreInst = "FMul_maxdsp">   --->   Core 30 'FMul_maxdsp' <Latency = 3> <II = 1> <Delay = 5.70> <FuncUnit> <Opcode : 'fmul'> <InPorts = 2> <OutPorts = 1>
ST_4 : Operation 104 [2/4] (5.70ns)   --->   "%mul_1_1 = fmul i32 %tmp_1, i32 %p_read_20" [codes_lab5/HLS_sources_final/templatedFuncs.h:94]   --->   Operation 104 'fmul' 'mul_1_1' <Predicate = true> <Delay = 5.70> <CoreInst = "FMul_maxdsp">   --->   Core 30 'FMul_maxdsp' <Latency = 3> <II = 1> <Delay = 5.70> <FuncUnit> <Opcode : 'fmul'> <InPorts = 2> <OutPorts = 1>
ST_4 : Operation 105 [2/4] (5.70ns)   --->   "%mul_1_2 = fmul i32 %tmp_2, i32 %p_read_19" [codes_lab5/HLS_sources_final/templatedFuncs.h:94]   --->   Operation 105 'fmul' 'mul_1_2' <Predicate = true> <Delay = 5.70> <CoreInst = "FMul_maxdsp">   --->   Core 30 'FMul_maxdsp' <Latency = 3> <II = 1> <Delay = 5.70> <FuncUnit> <Opcode : 'fmul'> <InPorts = 2> <OutPorts = 1>
ST_4 : Operation 106 [2/4] (5.70ns)   --->   "%mul_2 = fmul i32 %tmp_3, i32 %p_read_18" [codes_lab5/HLS_sources_final/templatedFuncs.h:94]   --->   Operation 106 'fmul' 'mul_2' <Predicate = true> <Delay = 5.70> <CoreInst = "FMul_maxdsp">   --->   Core 30 'FMul_maxdsp' <Latency = 3> <II = 1> <Delay = 5.70> <FuncUnit> <Opcode : 'fmul'> <InPorts = 2> <OutPorts = 1>
ST_4 : Operation 107 [2/4] (5.70ns)   --->   "%mul_2_1 = fmul i32 %tmp_4, i32 %p_read_17" [codes_lab5/HLS_sources_final/templatedFuncs.h:94]   --->   Operation 107 'fmul' 'mul_2_1' <Predicate = true> <Delay = 5.70> <CoreInst = "FMul_maxdsp">   --->   Core 30 'FMul_maxdsp' <Latency = 3> <II = 1> <Delay = 5.70> <FuncUnit> <Opcode : 'fmul'> <InPorts = 2> <OutPorts = 1>
ST_4 : Operation 108 [2/4] (5.70ns)   --->   "%mul_2_2 = fmul i32 %tmp_5, i32 %p_read_16" [codes_lab5/HLS_sources_final/templatedFuncs.h:94]   --->   Operation 108 'fmul' 'mul_2_2' <Predicate = true> <Delay = 5.70> <CoreInst = "FMul_maxdsp">   --->   Core 30 'FMul_maxdsp' <Latency = 3> <II = 1> <Delay = 5.70> <FuncUnit> <Opcode : 'fmul'> <InPorts = 2> <OutPorts = 1>

State 5 <SV = 4> <Delay = 5.70>
ST_5 : Operation 109 [1/4] (5.70ns)   --->   "%mul = fmul i32 %tmp, i32 %p_read_24" [codes_lab5/HLS_sources_final/templatedFuncs.h:94]   --->   Operation 109 'fmul' 'mul' <Predicate = true> <Delay = 5.70> <CoreInst = "FMul_maxdsp">   --->   Core 30 'FMul_maxdsp' <Latency = 3> <II = 1> <Delay = 5.70> <FuncUnit> <Opcode : 'fmul'> <InPorts = 2> <OutPorts = 1>
ST_5 : Operation 110 [1/4] (5.70ns)   --->   "%mul_s = fmul i32 %tmp_8, i32 %p_read_23" [codes_lab5/HLS_sources_final/templatedFuncs.h:94]   --->   Operation 110 'fmul' 'mul_s' <Predicate = true> <Delay = 5.70> <CoreInst = "FMul_maxdsp">   --->   Core 30 'FMul_maxdsp' <Latency = 3> <II = 1> <Delay = 5.70> <FuncUnit> <Opcode : 'fmul'> <InPorts = 2> <OutPorts = 1>
ST_5 : Operation 111 [1/4] (5.70ns)   --->   "%mul_3 = fmul i32 %tmp_9, i32 %p_read_22" [codes_lab5/HLS_sources_final/templatedFuncs.h:94]   --->   Operation 111 'fmul' 'mul_3' <Predicate = true> <Delay = 5.70> <CoreInst = "FMul_maxdsp">   --->   Core 30 'FMul_maxdsp' <Latency = 3> <II = 1> <Delay = 5.70> <FuncUnit> <Opcode : 'fmul'> <InPorts = 2> <OutPorts = 1>
ST_5 : Operation 112 [1/4] (5.70ns)   --->   "%mul_1 = fmul i32 %tmp_s, i32 %p_read_21" [codes_lab5/HLS_sources_final/templatedFuncs.h:94]   --->   Operation 112 'fmul' 'mul_1' <Predicate = true> <Delay = 5.70> <CoreInst = "FMul_maxdsp">   --->   Core 30 'FMul_maxdsp' <Latency = 3> <II = 1> <Delay = 5.70> <FuncUnit> <Opcode : 'fmul'> <InPorts = 2> <OutPorts = 1>
ST_5 : Operation 113 [1/4] (5.70ns)   --->   "%mul_1_1 = fmul i32 %tmp_1, i32 %p_read_20" [codes_lab5/HLS_sources_final/templatedFuncs.h:94]   --->   Operation 113 'fmul' 'mul_1_1' <Predicate = true> <Delay = 5.70> <CoreInst = "FMul_maxdsp">   --->   Core 30 'FMul_maxdsp' <Latency = 3> <II = 1> <Delay = 5.70> <FuncUnit> <Opcode : 'fmul'> <InPorts = 2> <OutPorts = 1>
ST_5 : Operation 114 [1/4] (5.70ns)   --->   "%mul_1_2 = fmul i32 %tmp_2, i32 %p_read_19" [codes_lab5/HLS_sources_final/templatedFuncs.h:94]   --->   Operation 114 'fmul' 'mul_1_2' <Predicate = true> <Delay = 5.70> <CoreInst = "FMul_maxdsp">   --->   Core 30 'FMul_maxdsp' <Latency = 3> <II = 1> <Delay = 5.70> <FuncUnit> <Opcode : 'fmul'> <InPorts = 2> <OutPorts = 1>
ST_5 : Operation 115 [1/4] (5.70ns)   --->   "%mul_2 = fmul i32 %tmp_3, i32 %p_read_18" [codes_lab5/HLS_sources_final/templatedFuncs.h:94]   --->   Operation 115 'fmul' 'mul_2' <Predicate = true> <Delay = 5.70> <CoreInst = "FMul_maxdsp">   --->   Core 30 'FMul_maxdsp' <Latency = 3> <II = 1> <Delay = 5.70> <FuncUnit> <Opcode : 'fmul'> <InPorts = 2> <OutPorts = 1>
ST_5 : Operation 116 [1/4] (5.70ns)   --->   "%mul_2_1 = fmul i32 %tmp_4, i32 %p_read_17" [codes_lab5/HLS_sources_final/templatedFuncs.h:94]   --->   Operation 116 'fmul' 'mul_2_1' <Predicate = true> <Delay = 5.70> <CoreInst = "FMul_maxdsp">   --->   Core 30 'FMul_maxdsp' <Latency = 3> <II = 1> <Delay = 5.70> <FuncUnit> <Opcode : 'fmul'> <InPorts = 2> <OutPorts = 1>
ST_5 : Operation 117 [1/4] (5.70ns)   --->   "%mul_2_2 = fmul i32 %tmp_5, i32 %p_read_16" [codes_lab5/HLS_sources_final/templatedFuncs.h:94]   --->   Operation 117 'fmul' 'mul_2_2' <Predicate = true> <Delay = 5.70> <CoreInst = "FMul_maxdsp">   --->   Core 30 'FMul_maxdsp' <Latency = 3> <II = 1> <Delay = 5.70> <FuncUnit> <Opcode : 'fmul'> <InPorts = 2> <OutPorts = 1>

State 6 <SV = 5> <Delay = 7.25>
ST_6 : Operation 118 [5/5] (7.25ns)   --->   "%s0 = fadd i32 %mul, i32 %mul_s" [codes_lab5/HLS_sources_final/templatedFuncs.h:99]   --->   Operation 118 'fadd' 's0' <Predicate = true> <Delay = 7.25> <CoreInst = "FAddSub_fulldsp">   --->   Core 18 'FAddSub_fulldsp' <Latency = 4> <II = 1> <Delay = 7.25> <FuncUnit> <Opcode : 'fadd' 'fsub'> <InPorts = 2> <OutPorts = 1>
ST_6 : Operation 119 [5/5] (7.25ns)   --->   "%s1 = fadd i32 %mul_3, i32 %mul_1" [codes_lab5/HLS_sources_final/templatedFuncs.h:100]   --->   Operation 119 'fadd' 's1' <Predicate = true> <Delay = 7.25> <CoreInst = "FAddSub_fulldsp">   --->   Core 18 'FAddSub_fulldsp' <Latency = 4> <II = 1> <Delay = 7.25> <FuncUnit> <Opcode : 'fadd' 'fsub'> <InPorts = 2> <OutPorts = 1>
ST_6 : Operation 120 [5/5] (7.25ns)   --->   "%s2 = fadd i32 %mul_1_1, i32 %mul_1_2" [codes_lab5/HLS_sources_final/templatedFuncs.h:101]   --->   Operation 120 'fadd' 's2' <Predicate = true> <Delay = 7.25> <CoreInst = "FAddSub_fulldsp">   --->   Core 18 'FAddSub_fulldsp' <Latency = 4> <II = 1> <Delay = 7.25> <FuncUnit> <Opcode : 'fadd' 'fsub'> <InPorts = 2> <OutPorts = 1>
ST_6 : Operation 121 [5/5] (7.25ns)   --->   "%s3 = fadd i32 %mul_2, i32 %mul_2_1" [codes_lab5/HLS_sources_final/templatedFuncs.h:102]   --->   Operation 121 'fadd' 's3' <Predicate = true> <Delay = 7.25> <CoreInst = "FAddSub_fulldsp">   --->   Core 18 'FAddSub_fulldsp' <Latency = 4> <II = 1> <Delay = 7.25> <FuncUnit> <Opcode : 'fadd' 'fsub'> <InPorts = 2> <OutPorts = 1>
ST_6 : Operation 122 [5/5] (7.25ns)   --->   "%s4 = fadd i32 %mul_2_2, i32 %prev_sum_read" [codes_lab5/HLS_sources_final/templatedFuncs.h:104]   --->   Operation 122 'fadd' 's4' <Predicate = true> <Delay = 7.25> <CoreInst = "FAddSub_fulldsp">   --->   Core 18 'FAddSub_fulldsp' <Latency = 4> <II = 1> <Delay = 7.25> <FuncUnit> <Opcode : 'fadd' 'fsub'> <InPorts = 2> <OutPorts = 1>

State 7 <SV = 6> <Delay = 7.25>
ST_7 : Operation 123 [4/5] (7.25ns)   --->   "%s0 = fadd i32 %mul, i32 %mul_s" [codes_lab5/HLS_sources_final/templatedFuncs.h:99]   --->   Operation 123 'fadd' 's0' <Predicate = true> <Delay = 7.25> <CoreInst = "FAddSub_fulldsp">   --->   Core 18 'FAddSub_fulldsp' <Latency = 4> <II = 1> <Delay = 7.25> <FuncUnit> <Opcode : 'fadd' 'fsub'> <InPorts = 2> <OutPorts = 1>
ST_7 : Operation 124 [4/5] (7.25ns)   --->   "%s1 = fadd i32 %mul_3, i32 %mul_1" [codes_lab5/HLS_sources_final/templatedFuncs.h:100]   --->   Operation 124 'fadd' 's1' <Predicate = true> <Delay = 7.25> <CoreInst = "FAddSub_fulldsp">   --->   Core 18 'FAddSub_fulldsp' <Latency = 4> <II = 1> <Delay = 7.25> <FuncUnit> <Opcode : 'fadd' 'fsub'> <InPorts = 2> <OutPorts = 1>
ST_7 : Operation 125 [4/5] (7.25ns)   --->   "%s2 = fadd i32 %mul_1_1, i32 %mul_1_2" [codes_lab5/HLS_sources_final/templatedFuncs.h:101]   --->   Operation 125 'fadd' 's2' <Predicate = true> <Delay = 7.25> <CoreInst = "FAddSub_fulldsp">   --->   Core 18 'FAddSub_fulldsp' <Latency = 4> <II = 1> <Delay = 7.25> <FuncUnit> <Opcode : 'fadd' 'fsub'> <InPorts = 2> <OutPorts = 1>
ST_7 : Operation 126 [4/5] (7.25ns)   --->   "%s3 = fadd i32 %mul_2, i32 %mul_2_1" [codes_lab5/HLS_sources_final/templatedFuncs.h:102]   --->   Operation 126 'fadd' 's3' <Predicate = true> <Delay = 7.25> <CoreInst = "FAddSub_fulldsp">   --->   Core 18 'FAddSub_fulldsp' <Latency = 4> <II = 1> <Delay = 7.25> <FuncUnit> <Opcode : 'fadd' 'fsub'> <InPorts = 2> <OutPorts = 1>
ST_7 : Operation 127 [4/5] (7.25ns)   --->   "%s4 = fadd i32 %mul_2_2, i32 %prev_sum_read" [codes_lab5/HLS_sources_final/templatedFuncs.h:104]   --->   Operation 127 'fadd' 's4' <Predicate = true> <Delay = 7.25> <CoreInst = "FAddSub_fulldsp">   --->   Core 18 'FAddSub_fulldsp' <Latency = 4> <II = 1> <Delay = 7.25> <FuncUnit> <Opcode : 'fadd' 'fsub'> <InPorts = 2> <OutPorts = 1>

State 8 <SV = 7> <Delay = 7.25>
ST_8 : Operation 128 [3/5] (7.25ns)   --->   "%s0 = fadd i32 %mul, i32 %mul_s" [codes_lab5/HLS_sources_final/templatedFuncs.h:99]   --->   Operation 128 'fadd' 's0' <Predicate = true> <Delay = 7.25> <CoreInst = "FAddSub_fulldsp">   --->   Core 18 'FAddSub_fulldsp' <Latency = 4> <II = 1> <Delay = 7.25> <FuncUnit> <Opcode : 'fadd' 'fsub'> <InPorts = 2> <OutPorts = 1>
ST_8 : Operation 129 [3/5] (7.25ns)   --->   "%s1 = fadd i32 %mul_3, i32 %mul_1" [codes_lab5/HLS_sources_final/templatedFuncs.h:100]   --->   Operation 129 'fadd' 's1' <Predicate = true> <Delay = 7.25> <CoreInst = "FAddSub_fulldsp">   --->   Core 18 'FAddSub_fulldsp' <Latency = 4> <II = 1> <Delay = 7.25> <FuncUnit> <Opcode : 'fadd' 'fsub'> <InPorts = 2> <OutPorts = 1>
ST_8 : Operation 130 [3/5] (7.25ns)   --->   "%s2 = fadd i32 %mul_1_1, i32 %mul_1_2" [codes_lab5/HLS_sources_final/templatedFuncs.h:101]   --->   Operation 130 'fadd' 's2' <Predicate = true> <Delay = 7.25> <CoreInst = "FAddSub_fulldsp">   --->   Core 18 'FAddSub_fulldsp' <Latency = 4> <II = 1> <Delay = 7.25> <FuncUnit> <Opcode : 'fadd' 'fsub'> <InPorts = 2> <OutPorts = 1>
ST_8 : Operation 131 [3/5] (7.25ns)   --->   "%s3 = fadd i32 %mul_2, i32 %mul_2_1" [codes_lab5/HLS_sources_final/templatedFuncs.h:102]   --->   Operation 131 'fadd' 's3' <Predicate = true> <Delay = 7.25> <CoreInst = "FAddSub_fulldsp">   --->   Core 18 'FAddSub_fulldsp' <Latency = 4> <II = 1> <Delay = 7.25> <FuncUnit> <Opcode : 'fadd' 'fsub'> <InPorts = 2> <OutPorts = 1>
ST_8 : Operation 132 [3/5] (7.25ns)   --->   "%s4 = fadd i32 %mul_2_2, i32 %prev_sum_read" [codes_lab5/HLS_sources_final/templatedFuncs.h:104]   --->   Operation 132 'fadd' 's4' <Predicate = true> <Delay = 7.25> <CoreInst = "FAddSub_fulldsp">   --->   Core 18 'FAddSub_fulldsp' <Latency = 4> <II = 1> <Delay = 7.25> <FuncUnit> <Opcode : 'fadd' 'fsub'> <InPorts = 2> <OutPorts = 1>

State 9 <SV = 8> <Delay = 7.25>
ST_9 : Operation 133 [2/5] (7.25ns)   --->   "%s0 = fadd i32 %mul, i32 %mul_s" [codes_lab5/HLS_sources_final/templatedFuncs.h:99]   --->   Operation 133 'fadd' 's0' <Predicate = true> <Delay = 7.25> <CoreInst = "FAddSub_fulldsp">   --->   Core 18 'FAddSub_fulldsp' <Latency = 4> <II = 1> <Delay = 7.25> <FuncUnit> <Opcode : 'fadd' 'fsub'> <InPorts = 2> <OutPorts = 1>
ST_9 : Operation 134 [2/5] (7.25ns)   --->   "%s1 = fadd i32 %mul_3, i32 %mul_1" [codes_lab5/HLS_sources_final/templatedFuncs.h:100]   --->   Operation 134 'fadd' 's1' <Predicate = true> <Delay = 7.25> <CoreInst = "FAddSub_fulldsp">   --->   Core 18 'FAddSub_fulldsp' <Latency = 4> <II = 1> <Delay = 7.25> <FuncUnit> <Opcode : 'fadd' 'fsub'> <InPorts = 2> <OutPorts = 1>
ST_9 : Operation 135 [2/5] (7.25ns)   --->   "%s2 = fadd i32 %mul_1_1, i32 %mul_1_2" [codes_lab5/HLS_sources_final/templatedFuncs.h:101]   --->   Operation 135 'fadd' 's2' <Predicate = true> <Delay = 7.25> <CoreInst = "FAddSub_fulldsp">   --->   Core 18 'FAddSub_fulldsp' <Latency = 4> <II = 1> <Delay = 7.25> <FuncUnit> <Opcode : 'fadd' 'fsub'> <InPorts = 2> <OutPorts = 1>
ST_9 : Operation 136 [2/5] (7.25ns)   --->   "%s3 = fadd i32 %mul_2, i32 %mul_2_1" [codes_lab5/HLS_sources_final/templatedFuncs.h:102]   --->   Operation 136 'fadd' 's3' <Predicate = true> <Delay = 7.25> <CoreInst = "FAddSub_fulldsp">   --->   Core 18 'FAddSub_fulldsp' <Latency = 4> <II = 1> <Delay = 7.25> <FuncUnit> <Opcode : 'fadd' 'fsub'> <InPorts = 2> <OutPorts = 1>
ST_9 : Operation 137 [2/5] (7.25ns)   --->   "%s4 = fadd i32 %mul_2_2, i32 %prev_sum_read" [codes_lab5/HLS_sources_final/templatedFuncs.h:104]   --->   Operation 137 'fadd' 's4' <Predicate = true> <Delay = 7.25> <CoreInst = "FAddSub_fulldsp">   --->   Core 18 'FAddSub_fulldsp' <Latency = 4> <II = 1> <Delay = 7.25> <FuncUnit> <Opcode : 'fadd' 'fsub'> <InPorts = 2> <OutPorts = 1>

State 10 <SV = 9> <Delay = 7.25>
ST_10 : Operation 138 [1/5] (7.25ns)   --->   "%s0 = fadd i32 %mul, i32 %mul_s" [codes_lab5/HLS_sources_final/templatedFuncs.h:99]   --->   Operation 138 'fadd' 's0' <Predicate = true> <Delay = 7.25> <CoreInst = "FAddSub_fulldsp">   --->   Core 18 'FAddSub_fulldsp' <Latency = 4> <II = 1> <Delay = 7.25> <FuncUnit> <Opcode : 'fadd' 'fsub'> <InPorts = 2> <OutPorts = 1>
ST_10 : Operation 139 [1/5] (7.25ns)   --->   "%s1 = fadd i32 %mul_3, i32 %mul_1" [codes_lab5/HLS_sources_final/templatedFuncs.h:100]   --->   Operation 139 'fadd' 's1' <Predicate = true> <Delay = 7.25> <CoreInst = "FAddSub_fulldsp">   --->   Core 18 'FAddSub_fulldsp' <Latency = 4> <II = 1> <Delay = 7.25> <FuncUnit> <Opcode : 'fadd' 'fsub'> <InPorts = 2> <OutPorts = 1>
ST_10 : Operation 140 [1/5] (7.25ns)   --->   "%s2 = fadd i32 %mul_1_1, i32 %mul_1_2" [codes_lab5/HLS_sources_final/templatedFuncs.h:101]   --->   Operation 140 'fadd' 's2' <Predicate = true> <Delay = 7.25> <CoreInst = "FAddSub_fulldsp">   --->   Core 18 'FAddSub_fulldsp' <Latency = 4> <II = 1> <Delay = 7.25> <FuncUnit> <Opcode : 'fadd' 'fsub'> <InPorts = 2> <OutPorts = 1>
ST_10 : Operation 141 [1/5] (7.25ns)   --->   "%s3 = fadd i32 %mul_2, i32 %mul_2_1" [codes_lab5/HLS_sources_final/templatedFuncs.h:102]   --->   Operation 141 'fadd' 's3' <Predicate = true> <Delay = 7.25> <CoreInst = "FAddSub_fulldsp">   --->   Core 18 'FAddSub_fulldsp' <Latency = 4> <II = 1> <Delay = 7.25> <FuncUnit> <Opcode : 'fadd' 'fsub'> <InPorts = 2> <OutPorts = 1>
ST_10 : Operation 142 [1/5] (7.25ns)   --->   "%s4 = fadd i32 %mul_2_2, i32 %prev_sum_read" [codes_lab5/HLS_sources_final/templatedFuncs.h:104]   --->   Operation 142 'fadd' 's4' <Predicate = true> <Delay = 7.25> <CoreInst = "FAddSub_fulldsp">   --->   Core 18 'FAddSub_fulldsp' <Latency = 4> <II = 1> <Delay = 7.25> <FuncUnit> <Opcode : 'fadd' 'fsub'> <InPorts = 2> <OutPorts = 1>

State 11 <SV = 10> <Delay = 7.25>
ST_11 : Operation 143 [5/5] (7.25ns)   --->   "%s5 = fadd i32 %s0, i32 %s1" [codes_lab5/HLS_sources_final/templatedFuncs.h:106]   --->   Operation 143 'fadd' 's5' <Predicate = true> <Delay = 7.25> <CoreInst = "FAddSub_fulldsp">   --->   Core 18 'FAddSub_fulldsp' <Latency = 4> <II = 1> <Delay = 7.25> <FuncUnit> <Opcode : 'fadd' 'fsub'> <InPorts = 2> <OutPorts = 1>
ST_11 : Operation 144 [5/5] (7.25ns)   --->   "%s6 = fadd i32 %s2, i32 %s3" [codes_lab5/HLS_sources_final/templatedFuncs.h:107]   --->   Operation 144 'fadd' 's6' <Predicate = true> <Delay = 7.25> <CoreInst = "FAddSub_fulldsp">   --->   Core 18 'FAddSub_fulldsp' <Latency = 4> <II = 1> <Delay = 7.25> <FuncUnit> <Opcode : 'fadd' 'fsub'> <InPorts = 2> <OutPorts = 1>

State 12 <SV = 11> <Delay = 7.25>
ST_12 : Operation 145 [4/5] (7.25ns)   --->   "%s5 = fadd i32 %s0, i32 %s1" [codes_lab5/HLS_sources_final/templatedFuncs.h:106]   --->   Operation 145 'fadd' 's5' <Predicate = true> <Delay = 7.25> <CoreInst = "FAddSub_fulldsp">   --->   Core 18 'FAddSub_fulldsp' <Latency = 4> <II = 1> <Delay = 7.25> <FuncUnit> <Opcode : 'fadd' 'fsub'> <InPorts = 2> <OutPorts = 1>
ST_12 : Operation 146 [4/5] (7.25ns)   --->   "%s6 = fadd i32 %s2, i32 %s3" [codes_lab5/HLS_sources_final/templatedFuncs.h:107]   --->   Operation 146 'fadd' 's6' <Predicate = true> <Delay = 7.25> <CoreInst = "FAddSub_fulldsp">   --->   Core 18 'FAddSub_fulldsp' <Latency = 4> <II = 1> <Delay = 7.25> <FuncUnit> <Opcode : 'fadd' 'fsub'> <InPorts = 2> <OutPorts = 1>

State 13 <SV = 12> <Delay = 7.25>
ST_13 : Operation 147 [3/5] (7.25ns)   --->   "%s5 = fadd i32 %s0, i32 %s1" [codes_lab5/HLS_sources_final/templatedFuncs.h:106]   --->   Operation 147 'fadd' 's5' <Predicate = true> <Delay = 7.25> <CoreInst = "FAddSub_fulldsp">   --->   Core 18 'FAddSub_fulldsp' <Latency = 4> <II = 1> <Delay = 7.25> <FuncUnit> <Opcode : 'fadd' 'fsub'> <InPorts = 2> <OutPorts = 1>
ST_13 : Operation 148 [3/5] (7.25ns)   --->   "%s6 = fadd i32 %s2, i32 %s3" [codes_lab5/HLS_sources_final/templatedFuncs.h:107]   --->   Operation 148 'fadd' 's6' <Predicate = true> <Delay = 7.25> <CoreInst = "FAddSub_fulldsp">   --->   Core 18 'FAddSub_fulldsp' <Latency = 4> <II = 1> <Delay = 7.25> <FuncUnit> <Opcode : 'fadd' 'fsub'> <InPorts = 2> <OutPorts = 1>

State 14 <SV = 13> <Delay = 7.25>
ST_14 : Operation 149 [2/5] (7.25ns)   --->   "%s5 = fadd i32 %s0, i32 %s1" [codes_lab5/HLS_sources_final/templatedFuncs.h:106]   --->   Operation 149 'fadd' 's5' <Predicate = true> <Delay = 7.25> <CoreInst = "FAddSub_fulldsp">   --->   Core 18 'FAddSub_fulldsp' <Latency = 4> <II = 1> <Delay = 7.25> <FuncUnit> <Opcode : 'fadd' 'fsub'> <InPorts = 2> <OutPorts = 1>
ST_14 : Operation 150 [2/5] (7.25ns)   --->   "%s6 = fadd i32 %s2, i32 %s3" [codes_lab5/HLS_sources_final/templatedFuncs.h:107]   --->   Operation 150 'fadd' 's6' <Predicate = true> <Delay = 7.25> <CoreInst = "FAddSub_fulldsp">   --->   Core 18 'FAddSub_fulldsp' <Latency = 4> <II = 1> <Delay = 7.25> <FuncUnit> <Opcode : 'fadd' 'fsub'> <InPorts = 2> <OutPorts = 1>

State 15 <SV = 14> <Delay = 7.25>
ST_15 : Operation 151 [1/5] (7.25ns)   --->   "%s5 = fadd i32 %s0, i32 %s1" [codes_lab5/HLS_sources_final/templatedFuncs.h:106]   --->   Operation 151 'fadd' 's5' <Predicate = true> <Delay = 7.25> <CoreInst = "FAddSub_fulldsp">   --->   Core 18 'FAddSub_fulldsp' <Latency = 4> <II = 1> <Delay = 7.25> <FuncUnit> <Opcode : 'fadd' 'fsub'> <InPorts = 2> <OutPorts = 1>
ST_15 : Operation 152 [1/5] (7.25ns)   --->   "%s6 = fadd i32 %s2, i32 %s3" [codes_lab5/HLS_sources_final/templatedFuncs.h:107]   --->   Operation 152 'fadd' 's6' <Predicate = true> <Delay = 7.25> <CoreInst = "FAddSub_fulldsp">   --->   Core 18 'FAddSub_fulldsp' <Latency = 4> <II = 1> <Delay = 7.25> <FuncUnit> <Opcode : 'fadd' 'fsub'> <InPorts = 2> <OutPorts = 1>

State 16 <SV = 15> <Delay = 7.25>
ST_16 : Operation 153 [5/5] (7.25ns)   --->   "%s7 = fadd i32 %s5, i32 %s6" [codes_lab5/HLS_sources_final/templatedFuncs.h:109]   --->   Operation 153 'fadd' 's7' <Predicate = true> <Delay = 7.25> <CoreInst = "FAddSub_fulldsp">   --->   Core 18 'FAddSub_fulldsp' <Latency = 4> <II = 1> <Delay = 7.25> <FuncUnit> <Opcode : 'fadd' 'fsub'> <InPorts = 2> <OutPorts = 1>

State 17 <SV = 16> <Delay = 7.25>
ST_17 : Operation 154 [4/5] (7.25ns)   --->   "%s7 = fadd i32 %s5, i32 %s6" [codes_lab5/HLS_sources_final/templatedFuncs.h:109]   --->   Operation 154 'fadd' 's7' <Predicate = true> <Delay = 7.25> <CoreInst = "FAddSub_fulldsp">   --->   Core 18 'FAddSub_fulldsp' <Latency = 4> <II = 1> <Delay = 7.25> <FuncUnit> <Opcode : 'fadd' 'fsub'> <InPorts = 2> <OutPorts = 1>

State 18 <SV = 17> <Delay = 7.25>
ST_18 : Operation 155 [3/5] (7.25ns)   --->   "%s7 = fadd i32 %s5, i32 %s6" [codes_lab5/HLS_sources_final/templatedFuncs.h:109]   --->   Operation 155 'fadd' 's7' <Predicate = true> <Delay = 7.25> <CoreInst = "FAddSub_fulldsp">   --->   Core 18 'FAddSub_fulldsp' <Latency = 4> <II = 1> <Delay = 7.25> <FuncUnit> <Opcode : 'fadd' 'fsub'> <InPorts = 2> <OutPorts = 1>

State 19 <SV = 18> <Delay = 7.25>
ST_19 : Operation 156 [2/5] (7.25ns)   --->   "%s7 = fadd i32 %s5, i32 %s6" [codes_lab5/HLS_sources_final/templatedFuncs.h:109]   --->   Operation 156 'fadd' 's7' <Predicate = true> <Delay = 7.25> <CoreInst = "FAddSub_fulldsp">   --->   Core 18 'FAddSub_fulldsp' <Latency = 4> <II = 1> <Delay = 7.25> <FuncUnit> <Opcode : 'fadd' 'fsub'> <InPorts = 2> <OutPorts = 1>

State 20 <SV = 19> <Delay = 7.25>
ST_20 : Operation 157 [1/5] (7.25ns)   --->   "%s7 = fadd i32 %s5, i32 %s6" [codes_lab5/HLS_sources_final/templatedFuncs.h:109]   --->   Operation 157 'fadd' 's7' <Predicate = true> <Delay = 7.25> <CoreInst = "FAddSub_fulldsp">   --->   Core 18 'FAddSub_fulldsp' <Latency = 4> <II = 1> <Delay = 7.25> <FuncUnit> <Opcode : 'fadd' 'fsub'> <InPorts = 2> <OutPorts = 1>

State 21 <SV = 20> <Delay = 7.25>
ST_21 : Operation 158 [5/5] (7.25ns)   --->   "%sum = fadd i32 %s7, i32 %s4" [codes_lab5/HLS_sources_final/templatedFuncs.h:110]   --->   Operation 158 'fadd' 'sum' <Predicate = true> <Delay = 7.25> <CoreInst = "FAddSub_fulldsp">   --->   Core 18 'FAddSub_fulldsp' <Latency = 4> <II = 1> <Delay = 7.25> <FuncUnit> <Opcode : 'fadd' 'fsub'> <InPorts = 2> <OutPorts = 1>

State 22 <SV = 21> <Delay = 7.25>
ST_22 : Operation 159 [4/5] (7.25ns)   --->   "%sum = fadd i32 %s7, i32 %s4" [codes_lab5/HLS_sources_final/templatedFuncs.h:110]   --->   Operation 159 'fadd' 'sum' <Predicate = true> <Delay = 7.25> <CoreInst = "FAddSub_fulldsp">   --->   Core 18 'FAddSub_fulldsp' <Latency = 4> <II = 1> <Delay = 7.25> <FuncUnit> <Opcode : 'fadd' 'fsub'> <InPorts = 2> <OutPorts = 1>

State 23 <SV = 22> <Delay = 7.25>
ST_23 : Operation 160 [3/5] (7.25ns)   --->   "%sum = fadd i32 %s7, i32 %s4" [codes_lab5/HLS_sources_final/templatedFuncs.h:110]   --->   Operation 160 'fadd' 'sum' <Predicate = true> <Delay = 7.25> <CoreInst = "FAddSub_fulldsp">   --->   Core 18 'FAddSub_fulldsp' <Latency = 4> <II = 1> <Delay = 7.25> <FuncUnit> <Opcode : 'fadd' 'fsub'> <InPorts = 2> <OutPorts = 1>

State 24 <SV = 23> <Delay = 7.25>
ST_24 : Operation 161 [2/5] (7.25ns)   --->   "%sum = fadd i32 %s7, i32 %s4" [codes_lab5/HLS_sources_final/templatedFuncs.h:110]   --->   Operation 161 'fadd' 'sum' <Predicate = true> <Delay = 7.25> <CoreInst = "FAddSub_fulldsp">   --->   Core 18 'FAddSub_fulldsp' <Latency = 4> <II = 1> <Delay = 7.25> <FuncUnit> <Opcode : 'fadd' 'fsub'> <InPorts = 2> <OutPorts = 1>

State 25 <SV = 24> <Delay = 7.25>
ST_25 : Operation 162 [1/1] (0.00ns)   --->   "%specpipeline_ln76 = specpipeline void @_ssdm_op_SpecPipeline, i32 4294967295, i32 0, i32 0, i32 0, void @empty" [codes_lab5/HLS_sources_final/templatedFuncs.h:76]   --->   Operation 162 'specpipeline' 'specpipeline_ln76' <Predicate = true> <Delay = 0.00>
ST_25 : Operation 163 [1/5] (7.25ns)   --->   "%sum = fadd i32 %s7, i32 %s4" [codes_lab5/HLS_sources_final/templatedFuncs.h:110]   --->   Operation 163 'fadd' 'sum' <Predicate = true> <Delay = 7.25> <CoreInst = "FAddSub_fulldsp">   --->   Core 18 'FAddSub_fulldsp' <Latency = 4> <II = 1> <Delay = 7.25> <FuncUnit> <Opcode : 'fadd' 'fsub'> <InPorts = 2> <OutPorts = 1>
ST_25 : Operation 164 [1/1] (0.00ns)   --->   "%ret_ln112 = ret i32 %sum" [codes_lab5/HLS_sources_final/templatedFuncs.h:112]   --->   Operation 164 'ret' 'ret_ln112' <Predicate = true> <Delay = 0.00>


============================================================
+ Verbose Summary: Timing violations
============================================================
Target clock period: 10ns, clock uncertainty: 2.7ns.

 <State 1>: 1.83ns
The critical path consists of the following:
	wire read operation ('p_read_33', codes_lab5/HLS_sources_final/templatedFuncs.h:95) on port 'p_read27' (codes_lab5/HLS_sources_final/templatedFuncs.h:95) [67]  (0 ns)
	'mux' operation ('tmp', codes_lab5/HLS_sources_final/templatedFuncs.h:95) [96]  (1.83 ns)

 <State 2>: 5.7ns
The critical path consists of the following:
	'fmul' operation ('mul', codes_lab5/HLS_sources_final/templatedFuncs.h:94) [97]  (5.7 ns)

 <State 3>: 5.7ns
The critical path consists of the following:
	'fmul' operation ('mul', codes_lab5/HLS_sources_final/templatedFuncs.h:94) [97]  (5.7 ns)

 <State 4>: 5.7ns
The critical path consists of the following:
	'fmul' operation ('mul', codes_lab5/HLS_sources_final/templatedFuncs.h:94) [97]  (5.7 ns)

 <State 5>: 5.7ns
The critical path consists of the following:
	'fmul' operation ('mul', codes_lab5/HLS_sources_final/templatedFuncs.h:94) [97]  (5.7 ns)

 <State 6>: 7.26ns
The critical path consists of the following:
	'fadd' operation ('s0', codes_lab5/HLS_sources_final/templatedFuncs.h:99) [114]  (7.26 ns)

 <State 7>: 7.26ns
The critical path consists of the following:
	'fadd' operation ('s0', codes_lab5/HLS_sources_final/templatedFuncs.h:99) [114]  (7.26 ns)

 <State 8>: 7.26ns
The critical path consists of the following:
	'fadd' operation ('s0', codes_lab5/HLS_sources_final/templatedFuncs.h:99) [114]  (7.26 ns)

 <State 9>: 7.26ns
The critical path consists of the following:
	'fadd' operation ('s0', codes_lab5/HLS_sources_final/templatedFuncs.h:99) [114]  (7.26 ns)

 <State 10>: 7.26ns
The critical path consists of the following:
	'fadd' operation ('s0', codes_lab5/HLS_sources_final/templatedFuncs.h:99) [114]  (7.26 ns)

 <State 11>: 7.26ns
The critical path consists of the following:
	'fadd' operation ('s5', codes_lab5/HLS_sources_final/templatedFuncs.h:106) [119]  (7.26 ns)

 <State 12>: 7.26ns
The critical path consists of the following:
	'fadd' operation ('s5', codes_lab5/HLS_sources_final/templatedFuncs.h:106) [119]  (7.26 ns)

 <State 13>: 7.26ns
The critical path consists of the following:
	'fadd' operation ('s5', codes_lab5/HLS_sources_final/templatedFuncs.h:106) [119]  (7.26 ns)

 <State 14>: 7.26ns
The critical path consists of the following:
	'fadd' operation ('s5', codes_lab5/HLS_sources_final/templatedFuncs.h:106) [119]  (7.26 ns)

 <State 15>: 7.26ns
The critical path consists of the following:
	'fadd' operation ('s5', codes_lab5/HLS_sources_final/templatedFuncs.h:106) [119]  (7.26 ns)

 <State 16>: 7.26ns
The critical path consists of the following:
	'fadd' operation ('s7', codes_lab5/HLS_sources_final/templatedFuncs.h:109) [121]  (7.26 ns)

 <State 17>: 7.26ns
The critical path consists of the following:
	'fadd' operation ('s7', codes_lab5/HLS_sources_final/templatedFuncs.h:109) [121]  (7.26 ns)

 <State 18>: 7.26ns
The critical path consists of the following:
	'fadd' operation ('s7', codes_lab5/HLS_sources_final/templatedFuncs.h:109) [121]  (7.26 ns)

 <State 19>: 7.26ns
The critical path consists of the following:
	'fadd' operation ('s7', codes_lab5/HLS_sources_final/templatedFuncs.h:109) [121]  (7.26 ns)

 <State 20>: 7.26ns
The critical path consists of the following:
	'fadd' operation ('s7', codes_lab5/HLS_sources_final/templatedFuncs.h:109) [121]  (7.26 ns)

 <State 21>: 7.26ns
The critical path consists of the following:
	'fadd' operation ('sum', codes_lab5/HLS_sources_final/templatedFuncs.h:110) [122]  (7.26 ns)

 <State 22>: 7.26ns
The critical path consists of the following:
	'fadd' operation ('sum', codes_lab5/HLS_sources_final/templatedFuncs.h:110) [122]  (7.26 ns)

 <State 23>: 7.26ns
The critical path consists of the following:
	'fadd' operation ('sum', codes_lab5/HLS_sources_final/templatedFuncs.h:110) [122]  (7.26 ns)

 <State 24>: 7.26ns
The critical path consists of the following:
	'fadd' operation ('sum', codes_lab5/HLS_sources_final/templatedFuncs.h:110) [122]  (7.26 ns)

 <State 25>: 7.26ns
The critical path consists of the following:
	'fadd' operation ('sum', codes_lab5/HLS_sources_final/templatedFuncs.h:110) [122]  (7.26 ns)


============================================================
+ Verbose Summary: Binding
============================================================
N/A
* FSMD analyzer results:
  - Output states:
 - Input state : 
  - Chain level:
	State 1
	State 2
	State 3
	State 4
	State 5
	State 6
	State 7
	State 8
	State 9
	State 10
	State 11
	State 12
	State 13
	State 14
	State 15
	State 16
	State 17
	State 18
	State 19
	State 20
	State 21
	State 22
	State 23
	State 24
	State 25


============================================================
+ Verbose Summary: Datapath Resource usage 
============================================================
N/A
