

================================================================
== Vitis HLS Report for 'conv1'
================================================================
* Date:           Thu Dec 25 15:19:29 2025

* Version:        2022.1 (Build 3526262 on Mon Apr 18 15:48:16 MDT 2022)
* Project:        Day_5_final_boss
* Solution:       sol5 (Vivado IP Flow Target)
* Product family: zynq
* Target device:  xc7z020-clg400-1


================================================================
== Performance Estimates
================================================================
+ Timing: 
    * Summary: 
    +--------+----------+----------+------------+
    |  Clock |  Target  | Estimated| Uncertainty|
    +--------+----------+----------+------------+
    |ap_clk  |  10.00 ns|  7.256 ns|     2.70 ns|
    +--------+----------+----------+------------+

+ Latency: 
    * Summary: 
    +---------+---------+----------+----------+--------+--------+---------+
    |  Latency (cycles) |  Latency (absolute) |     Interval    | Pipeline|
    |   min   |   max   |    min   |    max   |   min  |   max  |   Type  |
    +---------+---------+----------+----------+--------+--------+---------+
    |   113633|   113633|  1.136 ms|  1.136 ms|  113633|  113633|       no|
    +---------+---------+----------+----------+--------+--------+---------+

    + Detail: 
        * Instance: 
        N/A

        * Loop: 
        +---------------+---------+---------+----------+-----------+-----------+------+----------+
        |               |  Latency (cycles) | Iteration|  Initiation Interval  | Trip |          |
        |   Loop Name   |   min   |   max   |  Latency |  achieved |   target  | Count| Pipelined|
        +---------------+---------+---------+----------+-----------+-----------+------+----------+
        |- C1_fil_load  |   113632|   113632|     28408|          -|          -|     4|        no|
        | + VS_HS       |    28392|    28392|        42|          -|          -|   676|        no|
        +---------------+---------+---------+----------+-----------+-----------+------+----------+

============================================================
+ Verbose Summary: Synthesis Manager
============================================================
InlineROM: 1
ExposeGlobal: 0
============================================================
+ Verbose Summary: CDFG Model
============================================================
IsTopModel: 0
ResetActiveHigh: 1
IsCombinational: 2
IsDatapathOnly: 0
HasWiredReturn: 1
HasMFsm: 0
HasVarLatency: 1
IsPipeline: 0
IsRtlPipelined: 0
IsInstanceOverlapped: 0
IsDontTouch: 0
HasImplIP: 0
IsGatedGlobalClock: 0


============================================================
+ Verbose Summary: Schedule
============================================================
* Number of FSM states : 34
* Pipeline : 0
* Dataflow Pipeline: 0

* FSM state transitions: 
1 --> 2 
2 --> 3 
3 --> 4 
4 --> 5 
5 --> 6 2 
6 --> 7 
7 --> 8 
8 --> 9 
9 --> 10 
10 --> 11 
11 --> 12 
12 --> 13 
13 --> 14 
14 --> 15 
15 --> 16 
16 --> 17 
17 --> 18 
18 --> 19 
19 --> 20 
20 --> 21 
21 --> 22 
22 --> 23 
23 --> 24 
24 --> 25 
25 --> 26 
26 --> 27 
27 --> 28 
28 --> 29 
29 --> 30 
30 --> 31 
31 --> 32 
32 --> 33 
33 --> 34 
34 --> 5 

* FSM state operations: 

State 1 <SV = 0> <Delay = 1.58>
ST_1 : Operation 35 [1/1] (0.00ns)   --->   "%phi_mul = alloca i32 1"   --->   Operation 35 'alloca' 'phi_mul' <Predicate = true> <Delay = 0.00>
ST_1 : Operation 36 [1/1] (0.00ns)   --->   "%n_f = alloca i32 1"   --->   Operation 36 'alloca' 'n_f' <Predicate = true> <Delay = 0.00>
ST_1 : Operation 37 [1/1] (0.00ns)   --->   "%kernel_i_1_1_promoted74 = alloca i32 1"   --->   Operation 37 'alloca' 'kernel_i_1_1_promoted74' <Predicate = true> <Delay = 0.00>
ST_1 : Operation 38 [1/1] (0.00ns)   --->   "%kernel_i_1_0_promoted76 = alloca i32 1"   --->   Operation 38 'alloca' 'kernel_i_1_0_promoted76' <Predicate = true> <Delay = 0.00>
ST_1 : Operation 39 [1/1] (0.00ns)   --->   "%kernel_i_1_2_promoted78 = alloca i32 1"   --->   Operation 39 'alloca' 'kernel_i_1_2_promoted78' <Predicate = true> <Delay = 0.00>
ST_1 : Operation 40 [1/1] (0.00ns)   --->   "%kernel_i_0_1_promoted80 = alloca i32 1"   --->   Operation 40 'alloca' 'kernel_i_0_1_promoted80' <Predicate = true> <Delay = 0.00>
ST_1 : Operation 41 [1/1] (0.00ns)   --->   "%kernel_i_0_0_promoted82 = alloca i32 1"   --->   Operation 41 'alloca' 'kernel_i_0_0_promoted82' <Predicate = true> <Delay = 0.00>
ST_1 : Operation 42 [1/1] (0.00ns)   --->   "%kernel_i_0_2_promoted84 = alloca i32 1"   --->   Operation 42 'alloca' 'kernel_i_0_2_promoted84' <Predicate = true> <Delay = 0.00>
ST_1 : Operation 43 [1/1] (0.00ns)   --->   "%kernel_i_2_1_promoted86 = alloca i32 1"   --->   Operation 43 'alloca' 'kernel_i_2_1_promoted86' <Predicate = true> <Delay = 0.00>
ST_1 : Operation 44 [1/1] (0.00ns)   --->   "%kernel_i_2_0_promoted88 = alloca i32 1"   --->   Operation 44 'alloca' 'kernel_i_2_0_promoted88' <Predicate = true> <Delay = 0.00>
ST_1 : Operation 45 [1/1] (0.00ns)   --->   "%kernel_i_2_2_promoted90 = alloca i32 1"   --->   Operation 45 'alloca' 'kernel_i_2_2_promoted90' <Predicate = true> <Delay = 0.00>
ST_1 : Operation 46 [1/1] (0.00ns)   --->   "%window_i_1_1_promoted101128 = alloca i32 1"   --->   Operation 46 'alloca' 'window_i_1_1_promoted101128' <Predicate = true> <Delay = 0.00>
ST_1 : Operation 47 [1/1] (0.00ns)   --->   "%window_i_1_0_promoted103131 = alloca i32 1"   --->   Operation 47 'alloca' 'window_i_1_0_promoted103131' <Predicate = true> <Delay = 0.00>
ST_1 : Operation 48 [1/1] (0.00ns)   --->   "%window_i_1_2_promoted105134 = alloca i32 1"   --->   Operation 48 'alloca' 'window_i_1_2_promoted105134' <Predicate = true> <Delay = 0.00>
ST_1 : Operation 49 [1/1] (0.00ns)   --->   "%window_i_0_1_promoted107137 = alloca i32 1"   --->   Operation 49 'alloca' 'window_i_0_1_promoted107137' <Predicate = true> <Delay = 0.00>
ST_1 : Operation 50 [1/1] (0.00ns)   --->   "%window_i_0_0_promoted109140 = alloca i32 1"   --->   Operation 50 'alloca' 'window_i_0_0_promoted109140' <Predicate = true> <Delay = 0.00>
ST_1 : Operation 51 [1/1] (0.00ns)   --->   "%window_i_0_2_promoted111143 = alloca i32 1"   --->   Operation 51 'alloca' 'window_i_0_2_promoted111143' <Predicate = true> <Delay = 0.00>
ST_1 : Operation 52 [1/1] (0.00ns)   --->   "%window_i_2_1_promoted113146 = alloca i32 1"   --->   Operation 52 'alloca' 'window_i_2_1_promoted113146' <Predicate = true> <Delay = 0.00>
ST_1 : Operation 53 [1/1] (0.00ns)   --->   "%window_i_2_0_promoted115149 = alloca i32 1"   --->   Operation 53 'alloca' 'window_i_2_0_promoted115149' <Predicate = true> <Delay = 0.00>
ST_1 : Operation 54 [1/1] (0.00ns)   --->   "%window_i_2_2_promoted117152 = alloca i32 1"   --->   Operation 54 'alloca' 'window_i_2_2_promoted117152' <Predicate = true> <Delay = 0.00>
ST_1 : Operation 55 [1/1] (0.00ns)   --->   "%p_loc53 = alloca i64 1"   --->   Operation 55 'alloca' 'p_loc53' <Predicate = true> <Delay = 0.00>
ST_1 : Operation 56 [1/1] (0.00ns)   --->   "%p_loc52 = alloca i64 1"   --->   Operation 56 'alloca' 'p_loc52' <Predicate = true> <Delay = 0.00>
ST_1 : Operation 57 [1/1] (0.00ns)   --->   "%p_loc51 = alloca i64 1"   --->   Operation 57 'alloca' 'p_loc51' <Predicate = true> <Delay = 0.00>
ST_1 : Operation 58 [1/1] (0.00ns)   --->   "%p_loc50 = alloca i64 1"   --->   Operation 58 'alloca' 'p_loc50' <Predicate = true> <Delay = 0.00>
ST_1 : Operation 59 [1/1] (0.00ns)   --->   "%p_loc49 = alloca i64 1"   --->   Operation 59 'alloca' 'p_loc49' <Predicate = true> <Delay = 0.00>
ST_1 : Operation 60 [1/1] (0.00ns)   --->   "%p_loc48 = alloca i64 1"   --->   Operation 60 'alloca' 'p_loc48' <Predicate = true> <Delay = 0.00>
ST_1 : Operation 61 [1/1] (0.00ns)   --->   "%p_loc47 = alloca i64 1"   --->   Operation 61 'alloca' 'p_loc47' <Predicate = true> <Delay = 0.00>
ST_1 : Operation 62 [1/1] (0.00ns)   --->   "%p_loc46 = alloca i64 1"   --->   Operation 62 'alloca' 'p_loc46' <Predicate = true> <Delay = 0.00>
ST_1 : Operation 63 [1/1] (0.00ns)   --->   "%p_loc45 = alloca i64 1"   --->   Operation 63 'alloca' 'p_loc45' <Predicate = true> <Delay = 0.00>
ST_1 : Operation 64 [1/1] (0.00ns)   --->   "%p_loc35 = alloca i64 1"   --->   Operation 64 'alloca' 'p_loc35' <Predicate = true> <Delay = 0.00>
ST_1 : Operation 65 [1/1] (0.00ns)   --->   "%p_loc34 = alloca i64 1"   --->   Operation 65 'alloca' 'p_loc34' <Predicate = true> <Delay = 0.00>
ST_1 : Operation 66 [1/1] (0.00ns)   --->   "%p_loc33 = alloca i64 1"   --->   Operation 66 'alloca' 'p_loc33' <Predicate = true> <Delay = 0.00>
ST_1 : Operation 67 [1/1] (0.00ns)   --->   "%p_loc32 = alloca i64 1"   --->   Operation 67 'alloca' 'p_loc32' <Predicate = true> <Delay = 0.00>
ST_1 : Operation 68 [1/1] (0.00ns)   --->   "%p_loc31 = alloca i64 1"   --->   Operation 68 'alloca' 'p_loc31' <Predicate = true> <Delay = 0.00>
ST_1 : Operation 69 [1/1] (0.00ns)   --->   "%p_loc30 = alloca i64 1"   --->   Operation 69 'alloca' 'p_loc30' <Predicate = true> <Delay = 0.00>
ST_1 : Operation 70 [1/1] (0.00ns)   --->   "%p_loc29 = alloca i64 1"   --->   Operation 70 'alloca' 'p_loc29' <Predicate = true> <Delay = 0.00>
ST_1 : Operation 71 [1/1] (0.00ns)   --->   "%p_loc28 = alloca i64 1"   --->   Operation 71 'alloca' 'p_loc28' <Predicate = true> <Delay = 0.00>
ST_1 : Operation 72 [1/1] (0.00ns)   --->   "%p_loc = alloca i64 1"   --->   Operation 72 'alloca' 'p_loc' <Predicate = true> <Delay = 0.00>
ST_1 : Operation 73 [1/1] (1.58ns)   --->   "%store_ln144 = store i3 0, i3 %n_f" [codes_lab5/HLS_sources_final/templatedFuncs.h:144]   --->   Operation 73 'store' 'store_ln144' <Predicate = true> <Delay = 1.58>
ST_1 : Operation 74 [1/1] (1.58ns)   --->   "%store_ln144 = store i7 0, i7 %phi_mul" [codes_lab5/HLS_sources_final/templatedFuncs.h:144]   --->   Operation 74 'store' 'store_ln144' <Predicate = true> <Delay = 1.58>
ST_1 : Operation 75 [1/1] (0.00ns)   --->   "%br_ln144 = br void %inCh.i" [codes_lab5/HLS_sources_final/templatedFuncs.h:144]   --->   Operation 75 'br' 'br_ln144' <Predicate = true> <Delay = 0.00>

State 2 <SV = 1> <Delay = 2.95>
ST_2 : Operation 76 [1/1] (0.00ns)   --->   "%phi_mul_load = load i7 %phi_mul" [codes_lab5/HLS_sources_final/templatedFuncs.h:160]   --->   Operation 76 'load' 'phi_mul_load' <Predicate = true> <Delay = 0.00>
ST_2 : Operation 77 [1/1] (0.00ns)   --->   "%n_f_3 = load i3 %n_f" [codes_lab5/HLS_sources_final/templatedFuncs.h:144]   --->   Operation 77 'load' 'n_f_3' <Predicate = true> <Delay = 0.00>
ST_2 : Operation 78 [1/1] (1.87ns)   --->   "%add_ln144_1 = add i7 %phi_mul_load, i7 26" [codes_lab5/HLS_sources_final/templatedFuncs.h:144]   --->   Operation 78 'add' 'add_ln144_1' <Predicate = true> <Delay = 1.87> <CoreInst = "Adder">   --->   Core 1 'Adder' <Latency = 0> <II = 1> <Delay = 1.87> <FuncUnit> <Opcode : 'add' 'sub'> <InPorts = 2> <OutPorts = 1>
ST_2 : Operation 79 [1/1] (1.13ns)   --->   "%icmp_ln144 = icmp_eq  i3 %n_f_3, i3 4" [codes_lab5/HLS_sources_final/templatedFuncs.h:144]   --->   Operation 79 'icmp' 'icmp_ln144' <Predicate = true> <Delay = 1.13> <CoreInst = "Cmp">   --->   Core 9 'Cmp' <Latency = 0> <II = 1> <Delay = 1.13> <FuncUnit> <Opcode : 'icmp'> <InPorts = 2> <OutPorts = 1>
ST_2 : Operation 80 [1/1] (0.00ns)   --->   "%empty = speclooptripcount i32 @_ssdm_op_SpecLoopTripCount, i64 4, i64 4, i64 4"   --->   Operation 80 'speclooptripcount' 'empty' <Predicate = true> <Delay = 0.00>
ST_2 : Operation 81 [1/1] (1.65ns)   --->   "%add_ln144 = add i3 %n_f_3, i3 1" [codes_lab5/HLS_sources_final/templatedFuncs.h:144]   --->   Operation 81 'add' 'add_ln144' <Predicate = true> <Delay = 1.65> <CoreInst = "Adder">   --->   Core 1 'Adder' <Latency = 0> <II = 1> <Delay = 1.65> <FuncUnit> <Opcode : 'add' 'sub'> <InPorts = 2> <OutPorts = 1>
ST_2 : Operation 82 [1/1] (0.00ns)   --->   "%br_ln144 = br i1 %icmp_ln144, void %inCh.i.split, void %_Z9Conv_funcILi1ELi28ELi4ELi26EEvPAT0__AT0__fPAT2__AT2__fPAmlmlT_Li3ELi3E_KfPS6_.exit" [codes_lab5/HLS_sources_final/templatedFuncs.h:144]   --->   Operation 82 'br' 'br_ln144' <Predicate = true> <Delay = 0.00>
ST_2 : Operation 83 [1/1] (0.00ns)   --->   "%kernel_i_1_1_promoted74_load = load i32 %kernel_i_1_1_promoted74"   --->   Operation 83 'load' 'kernel_i_1_1_promoted74_load' <Predicate = (!icmp_ln144)> <Delay = 0.00>
ST_2 : Operation 84 [1/1] (0.00ns)   --->   "%kernel_i_1_0_promoted76_load = load i32 %kernel_i_1_0_promoted76"   --->   Operation 84 'load' 'kernel_i_1_0_promoted76_load' <Predicate = (!icmp_ln144)> <Delay = 0.00>
ST_2 : Operation 85 [1/1] (0.00ns)   --->   "%kernel_i_1_2_promoted78_load = load i32 %kernel_i_1_2_promoted78"   --->   Operation 85 'load' 'kernel_i_1_2_promoted78_load' <Predicate = (!icmp_ln144)> <Delay = 0.00>
ST_2 : Operation 86 [1/1] (0.00ns)   --->   "%kernel_i_0_1_promoted80_load = load i32 %kernel_i_0_1_promoted80"   --->   Operation 86 'load' 'kernel_i_0_1_promoted80_load' <Predicate = (!icmp_ln144)> <Delay = 0.00>
ST_2 : Operation 87 [1/1] (0.00ns)   --->   "%kernel_i_0_0_promoted82_load = load i32 %kernel_i_0_0_promoted82"   --->   Operation 87 'load' 'kernel_i_0_0_promoted82_load' <Predicate = (!icmp_ln144)> <Delay = 0.00>
ST_2 : Operation 88 [1/1] (0.00ns)   --->   "%kernel_i_0_2_promoted84_load = load i32 %kernel_i_0_2_promoted84"   --->   Operation 88 'load' 'kernel_i_0_2_promoted84_load' <Predicate = (!icmp_ln144)> <Delay = 0.00>
ST_2 : Operation 89 [1/1] (0.00ns)   --->   "%kernel_i_2_1_promoted86_load = load i32 %kernel_i_2_1_promoted86"   --->   Operation 89 'load' 'kernel_i_2_1_promoted86_load' <Predicate = (!icmp_ln144)> <Delay = 0.00>
ST_2 : Operation 90 [1/1] (0.00ns)   --->   "%kernel_i_2_0_promoted88_load = load i32 %kernel_i_2_0_promoted88"   --->   Operation 90 'load' 'kernel_i_2_0_promoted88_load' <Predicate = (!icmp_ln144)> <Delay = 0.00>
ST_2 : Operation 91 [1/1] (0.00ns)   --->   "%kernel_i_2_2_promoted90_load = load i32 %kernel_i_2_2_promoted90"   --->   Operation 91 'load' 'kernel_i_2_2_promoted90_load' <Predicate = (!icmp_ln144)> <Delay = 0.00>
ST_2 : Operation 92 [1/1] (0.00ns)   --->   "%or_ln = bitconcatenate i6 @_ssdm_op_BitConcatenate.i6.i3.i3, i3 %n_f_3, i3 %n_f_3" [codes_lab5/HLS_sources_final/templatedFuncs.h:30]   --->   Operation 92 'bitconcatenate' 'or_ln' <Predicate = (!icmp_ln144)> <Delay = 0.00>
ST_2 : Operation 93 [2/2] (1.82ns)   --->   "%call_ln30 = call void @conv1_Pipeline_Fil_load_r_Fil_load_c, i32 %kernel_i_2_2_promoted90_load, i32 %kernel_i_2_0_promoted88_load, i32 %kernel_i_2_1_promoted86_load, i32 %kernel_i_0_2_promoted84_load, i32 %kernel_i_0_0_promoted82_load, i32 %kernel_i_0_1_promoted80_load, i32 %kernel_i_1_2_promoted78_load, i32 %kernel_i_1_0_promoted76_load, i32 %kernel_i_1_1_promoted74_load, i6 %or_ln, i32 %p_loc, i32 %p_loc28, i32 %p_loc29, i32 %p_loc30, i32 %p_loc31, i32 %p_loc32, i32 %p_loc33, i32 %p_loc34, i32 %p_loc35, i32 %conv1_weight" [codes_lab5/HLS_sources_final/templatedFuncs.h:30]   --->   Operation 93 'call' 'call_ln30' <Predicate = (!icmp_ln144)> <Delay = 1.82> <CoreType = "Generic">   --->   Core 0 '' <Latency = 0> <II = 1> <Delay = 1.00> <Generic> <Opcode : >
ST_2 : Operation 94 [1/1] (0.00ns)   --->   "%ret_ln30 = ret" [codes_lab5/HLS_sources_final/design.cpp:30]   --->   Operation 94 'ret' 'ret_ln30' <Predicate = (icmp_ln144)> <Delay = 0.00>

State 3 <SV = 2> <Delay = 2.32>
ST_3 : Operation 95 [1/1] (0.00ns)   --->   "%zext_ln144 = zext i3 %n_f_3" [codes_lab5/HLS_sources_final/templatedFuncs.h:144]   --->   Operation 95 'zext' 'zext_ln144' <Predicate = true> <Delay = 0.00>
ST_3 : Operation 96 [1/2] (0.00ns)   --->   "%call_ln30 = call void @conv1_Pipeline_Fil_load_r_Fil_load_c, i32 %kernel_i_2_2_promoted90_load, i32 %kernel_i_2_0_promoted88_load, i32 %kernel_i_2_1_promoted86_load, i32 %kernel_i_0_2_promoted84_load, i32 %kernel_i_0_0_promoted82_load, i32 %kernel_i_0_1_promoted80_load, i32 %kernel_i_1_2_promoted78_load, i32 %kernel_i_1_0_promoted76_load, i32 %kernel_i_1_1_promoted74_load, i6 %or_ln, i32 %p_loc, i32 %p_loc28, i32 %p_loc29, i32 %p_loc30, i32 %p_loc31, i32 %p_loc32, i32 %p_loc33, i32 %p_loc34, i32 %p_loc35, i32 %conv1_weight" [codes_lab5/HLS_sources_final/templatedFuncs.h:30]   --->   Operation 96 'call' 'call_ln30' <Predicate = true> <Delay = 0.00> <CoreType = "Generic">   --->   Core 0 '' <Latency = 0> <II = 1> <Delay = 1.00> <Generic> <Opcode : >
ST_3 : Operation 97 [1/1] (0.00ns)   --->   "%conv1_bias_addr = getelementptr i32 %conv1_bias, i64 0, i64 %zext_ln144" [codes_lab5/HLS_sources_final/templatedFuncs.h:144]   --->   Operation 97 'getelementptr' 'conv1_bias_addr' <Predicate = true> <Delay = 0.00>
ST_3 : Operation 98 [2/2] (2.32ns)   --->   "%prev_sum = load i2 %conv1_bias_addr" [codes_lab5/HLS_sources_final/templatedFuncs.h:156]   --->   Operation 98 'load' 'prev_sum' <Predicate = true> <Delay = 2.32> <CoreInst = "ROM">   --->   Core 95 'ROM' <Latency = 1> <II = 1> <Delay = 2.32> <Storage> <Opcode : 'load'> <Ports = 0> <Width = 32> <Depth = 4> <ROM>

State 4 <SV = 3> <Delay = 2.32>
ST_4 : Operation 99 [1/1] (0.00ns)   --->   "%specloopname_ln144 = specloopname void @_ssdm_op_SpecLoopName, void @empty_7" [codes_lab5/HLS_sources_final/templatedFuncs.h:144]   --->   Operation 99 'specloopname' 'specloopname_ln144' <Predicate = true> <Delay = 0.00>
ST_4 : Operation 100 [1/1] (0.00ns)   --->   "%p_loc_load = load i32 %p_loc"   --->   Operation 100 'load' 'p_loc_load' <Predicate = true> <Delay = 0.00>
ST_4 : Operation 101 [1/1] (0.00ns)   --->   "%p_loc28_load = load i32 %p_loc28"   --->   Operation 101 'load' 'p_loc28_load' <Predicate = true> <Delay = 0.00>
ST_4 : Operation 102 [1/1] (0.00ns)   --->   "%p_loc29_load = load i32 %p_loc29"   --->   Operation 102 'load' 'p_loc29_load' <Predicate = true> <Delay = 0.00>
ST_4 : Operation 103 [1/1] (0.00ns)   --->   "%p_loc30_load = load i32 %p_loc30"   --->   Operation 103 'load' 'p_loc30_load' <Predicate = true> <Delay = 0.00>
ST_4 : Operation 104 [1/1] (0.00ns)   --->   "%p_loc31_load = load i32 %p_loc31"   --->   Operation 104 'load' 'p_loc31_load' <Predicate = true> <Delay = 0.00>
ST_4 : Operation 105 [1/1] (0.00ns)   --->   "%p_loc32_load = load i32 %p_loc32"   --->   Operation 105 'load' 'p_loc32_load' <Predicate = true> <Delay = 0.00>
ST_4 : Operation 106 [1/1] (0.00ns)   --->   "%p_loc33_load = load i32 %p_loc33"   --->   Operation 106 'load' 'p_loc33_load' <Predicate = true> <Delay = 0.00>
ST_4 : Operation 107 [1/1] (0.00ns)   --->   "%p_loc34_load = load i32 %p_loc34"   --->   Operation 107 'load' 'p_loc34_load' <Predicate = true> <Delay = 0.00>
ST_4 : Operation 108 [1/1] (0.00ns)   --->   "%p_loc35_load = load i32 %p_loc35"   --->   Operation 108 'load' 'p_loc35_load' <Predicate = true> <Delay = 0.00>
ST_4 : Operation 109 [1/2] (2.32ns)   --->   "%prev_sum = load i2 %conv1_bias_addr" [codes_lab5/HLS_sources_final/templatedFuncs.h:156]   --->   Operation 109 'load' 'prev_sum' <Predicate = true> <Delay = 2.32> <CoreInst = "ROM">   --->   Core 95 'ROM' <Latency = 1> <II = 1> <Delay = 2.32> <Storage> <Opcode : 'load'> <Ports = 0> <Width = 32> <Depth = 4> <ROM>
ST_4 : Operation 110 [1/1] (1.58ns)   --->   "%br_ln150 = br void %for.body13.i" [codes_lab5/HLS_sources_final/templatedFuncs.h:150]   --->   Operation 110 'br' 'br_ln150' <Predicate = true> <Delay = 1.58>

State 5 <SV = 4> <Delay = 5.69>
ST_5 : Operation 111 [1/1] (0.00ns)   --->   "%indvar_flatten34 = phi i10 0, void %inCh.i.split, i10 %add_ln150_3, void %for.inc42.i" [codes_lab5/HLS_sources_final/templatedFuncs.h:150]   --->   Operation 111 'phi' 'indvar_flatten34' <Predicate = true> <Delay = 0.00>
ST_5 : Operation 112 [1/1] (0.00ns)   --->   "%oh = phi i5 0, void %inCh.i.split, i5 %select_ln150_5, void %for.inc42.i" [codes_lab5/HLS_sources_final/templatedFuncs.h:150]   --->   Operation 112 'phi' 'oh' <Predicate = true> <Delay = 0.00>
ST_5 : Operation 113 [1/1] (0.00ns)   --->   "%ow = phi i5 0, void %inCh.i.split, i5 %add_ln152, void %for.inc42.i" [codes_lab5/HLS_sources_final/templatedFuncs.h:152]   --->   Operation 113 'phi' 'ow' <Predicate = true> <Delay = 0.00>
ST_5 : Operation 114 [1/1] (1.77ns)   --->   "%icmp_ln150 = icmp_eq  i10 %indvar_flatten34, i10 676" [codes_lab5/HLS_sources_final/templatedFuncs.h:150]   --->   Operation 114 'icmp' 'icmp_ln150' <Predicate = true> <Delay = 1.77> <CoreInst = "Cmp">   --->   Core 9 'Cmp' <Latency = 0> <II = 1> <Delay = 1.77> <FuncUnit> <Opcode : 'icmp'> <InPorts = 2> <OutPorts = 1>
ST_5 : Operation 115 [1/1] (1.73ns)   --->   "%add_ln150_3 = add i10 %indvar_flatten34, i10 1" [codes_lab5/HLS_sources_final/templatedFuncs.h:150]   --->   Operation 115 'add' 'add_ln150_3' <Predicate = true> <Delay = 1.73> <CoreInst = "Adder">   --->   Core 1 'Adder' <Latency = 0> <II = 1> <Delay = 1.73> <FuncUnit> <Opcode : 'add' 'sub'> <InPorts = 2> <OutPorts = 1>
ST_5 : Operation 116 [1/1] (0.00ns)   --->   "%br_ln150 = br i1 %icmp_ln150, void %for.inc42.i, void %for.inc48.i" [codes_lab5/HLS_sources_final/templatedFuncs.h:150]   --->   Operation 116 'br' 'br_ln150' <Predicate = true> <Delay = 0.00>
ST_5 : Operation 117 [1/1] (0.00ns)   --->   "%window_i_1_1_promoted101128_load = load i32 %window_i_1_1_promoted101128"   --->   Operation 117 'load' 'window_i_1_1_promoted101128_load' <Predicate = (!icmp_ln150)> <Delay = 0.00>
ST_5 : Operation 118 [1/1] (0.00ns)   --->   "%window_i_1_0_promoted103131_load = load i32 %window_i_1_0_promoted103131"   --->   Operation 118 'load' 'window_i_1_0_promoted103131_load' <Predicate = (!icmp_ln150)> <Delay = 0.00>
ST_5 : Operation 119 [1/1] (0.00ns)   --->   "%window_i_1_2_promoted105134_load = load i32 %window_i_1_2_promoted105134"   --->   Operation 119 'load' 'window_i_1_2_promoted105134_load' <Predicate = (!icmp_ln150)> <Delay = 0.00>
ST_5 : Operation 120 [1/1] (0.00ns)   --->   "%window_i_0_1_promoted107137_load = load i32 %window_i_0_1_promoted107137"   --->   Operation 120 'load' 'window_i_0_1_promoted107137_load' <Predicate = (!icmp_ln150)> <Delay = 0.00>
ST_5 : Operation 121 [1/1] (0.00ns)   --->   "%window_i_0_0_promoted109140_load = load i32 %window_i_0_0_promoted109140"   --->   Operation 121 'load' 'window_i_0_0_promoted109140_load' <Predicate = (!icmp_ln150)> <Delay = 0.00>
ST_5 : Operation 122 [1/1] (0.00ns)   --->   "%window_i_0_2_promoted111143_load = load i32 %window_i_0_2_promoted111143"   --->   Operation 122 'load' 'window_i_0_2_promoted111143_load' <Predicate = (!icmp_ln150)> <Delay = 0.00>
ST_5 : Operation 123 [1/1] (0.00ns)   --->   "%window_i_2_1_promoted113146_load = load i32 %window_i_2_1_promoted113146"   --->   Operation 123 'load' 'window_i_2_1_promoted113146_load' <Predicate = (!icmp_ln150)> <Delay = 0.00>
ST_5 : Operation 124 [1/1] (0.00ns)   --->   "%window_i_2_0_promoted115149_load = load i32 %window_i_2_0_promoted115149"   --->   Operation 124 'load' 'window_i_2_0_promoted115149_load' <Predicate = (!icmp_ln150)> <Delay = 0.00>
ST_5 : Operation 125 [1/1] (0.00ns)   --->   "%window_i_2_2_promoted117152_load = load i32 %window_i_2_2_promoted117152"   --->   Operation 125 'load' 'window_i_2_2_promoted117152_load' <Predicate = (!icmp_ln150)> <Delay = 0.00>
ST_5 : Operation 126 [1/1] (1.78ns)   --->   "%add_ln150 = add i5 %oh, i5 1" [codes_lab5/HLS_sources_final/templatedFuncs.h:150]   --->   Operation 126 'add' 'add_ln150' <Predicate = (!icmp_ln150)> <Delay = 1.78> <CoreInst = "Adder">   --->   Core 1 'Adder' <Latency = 0> <II = 1> <Delay = 1.78> <FuncUnit> <Opcode : 'add' 'sub'> <InPorts = 2> <OutPorts = 1>
ST_5 : Operation 127 [1/1] (1.36ns)   --->   "%icmp_ln152 = icmp_eq  i5 %ow, i5 26" [codes_lab5/HLS_sources_final/templatedFuncs.h:152]   --->   Operation 127 'icmp' 'icmp_ln152' <Predicate = (!icmp_ln150)> <Delay = 1.36> <CoreInst = "Cmp">   --->   Core 9 'Cmp' <Latency = 0> <II = 1> <Delay = 1.36> <FuncUnit> <Opcode : 'icmp'> <InPorts = 2> <OutPorts = 1>
ST_5 : Operation 128 [1/1] (1.21ns)   --->   "%select_ln150 = select i1 %icmp_ln152, i5 0, i5 %ow" [codes_lab5/HLS_sources_final/templatedFuncs.h:150]   --->   Operation 128 'select' 'select_ln150' <Predicate = (!icmp_ln150)> <Delay = 1.21> <CoreInst = "Sel">   --->   Core 73 'Sel' <Latency = 0> <II = 1> <Delay = 1.21> <FuncUnit> <Opcode : 'select'> <InPorts = 3> <OutPorts = 1>
ST_5 : Operation 129 [1/1] (1.21ns)   --->   "%select_ln150_5 = select i1 %icmp_ln152, i5 %add_ln150, i5 %oh" [codes_lab5/HLS_sources_final/templatedFuncs.h:150]   --->   Operation 129 'select' 'select_ln150_5' <Predicate = (!icmp_ln150)> <Delay = 1.21> <CoreInst = "Sel">   --->   Core 73 'Sel' <Latency = 0> <II = 1> <Delay = 1.21> <FuncUnit> <Opcode : 'select'> <InPorts = 3> <OutPorts = 1>
ST_5 : Operation 130 [1/1] (0.00ns)   --->   "%zext_ln160 = zext i5 %select_ln150_5" [codes_lab5/HLS_sources_final/templatedFuncs.h:160]   --->   Operation 130 'zext' 'zext_ln160' <Predicate = (!icmp_ln150)> <Delay = 0.00>
ST_5 : Operation 131 [1/1] (1.65ns) (grouped into DSP with root node add_ln160_1)   --->   "%add_ln160 = add i7 %phi_mul_load, i7 %zext_ln160" [codes_lab5/HLS_sources_final/templatedFuncs.h:160]   --->   Operation 131 'add' 'add_ln160' <Predicate = (!icmp_ln150)> <Delay = 1.65> <CoreInst = "DSP48">   --->   Core 119 'DSP48' <Latency = 3> <II = 1> <Delay = 2.15> <IPBlock> <Opcode : 'mul' 'add' 'sub' 'select'> <InPorts = 0> <OutPorts = 1> <Sync> <CReg>
ST_5 : Operation 132 [1/1] (0.00ns) (grouped into DSP with root node add_ln160_1)   --->   "%zext_ln160_1 = zext i7 %add_ln160" [codes_lab5/HLS_sources_final/templatedFuncs.h:160]   --->   Operation 132 'zext' 'zext_ln160_1' <Predicate = (!icmp_ln150)> <Delay = 0.00>
ST_5 : Operation 133 [3/3] (1.05ns) (grouped into DSP with root node add_ln160_1)   --->   "%mul_ln160 = mul i12 %zext_ln160_1, i12 26" [codes_lab5/HLS_sources_final/templatedFuncs.h:160]   --->   Operation 133 'mul' 'mul_ln160' <Predicate = (!icmp_ln150)> <Delay = 1.05> <CoreInst = "DSP48">   --->   Core 119 'DSP48' <Latency = 3> <II = 1> <Delay = 2.15> <IPBlock> <Opcode : 'mul' 'add' 'sub' 'select'> <InPorts = 0> <OutPorts = 1> <Sync> <CReg>
ST_5 : Operation 134 [2/2] (1.78ns)   --->   "%call_ln150 = call void @conv1_Pipeline_loadWin1_VITIS_LOOP_50_1, i32 %window_i_2_2_promoted117152_load, i32 %window_i_2_0_promoted115149_load, i32 %window_i_2_1_promoted113146_load, i32 %window_i_0_2_promoted111143_load, i32 %window_i_0_0_promoted109140_load, i32 %window_i_0_1_promoted107137_load, i32 %window_i_1_2_promoted105134_load, i32 %window_i_1_0_promoted103131_load, i32 %window_i_1_1_promoted101128_load, i5 %select_ln150_5, i5 %select_ln150, i32 %mem_1_0, i32 %p_loc45, i32 %p_loc46, i32 %p_loc47, i32 %p_loc48, i32 %p_loc49, i32 %p_loc50, i32 %p_loc51, i32 %p_loc52, i32 %p_loc53" [codes_lab5/HLS_sources_final/templatedFuncs.h:150]   --->   Operation 134 'call' 'call_ln150' <Predicate = (!icmp_ln150)> <Delay = 1.78> <CoreType = "Generic">   --->   Core 0 '' <Latency = 0> <II = 1> <Delay = 1.00> <Generic> <Opcode : >
ST_5 : Operation 135 [1/1] (1.78ns)   --->   "%add_ln152 = add i5 %select_ln150, i5 1" [codes_lab5/HLS_sources_final/templatedFuncs.h:152]   --->   Operation 135 'add' 'add_ln152' <Predicate = (!icmp_ln150)> <Delay = 1.78> <CoreInst = "Adder">   --->   Core 1 'Adder' <Latency = 0> <II = 1> <Delay = 1.78> <FuncUnit> <Opcode : 'add' 'sub'> <InPorts = 2> <OutPorts = 1>
ST_5 : Operation 136 [1/1] (0.00ns)   --->   "%store_ln144 = store i32 %p_loc_load, i32 %kernel_i_2_2_promoted90" [codes_lab5/HLS_sources_final/templatedFuncs.h:144]   --->   Operation 136 'store' 'store_ln144' <Predicate = (icmp_ln150)> <Delay = 0.00>
ST_5 : Operation 137 [1/1] (0.00ns)   --->   "%store_ln144 = store i32 %p_loc28_load, i32 %kernel_i_2_0_promoted88" [codes_lab5/HLS_sources_final/templatedFuncs.h:144]   --->   Operation 137 'store' 'store_ln144' <Predicate = (icmp_ln150)> <Delay = 0.00>
ST_5 : Operation 138 [1/1] (0.00ns)   --->   "%store_ln144 = store i32 %p_loc29_load, i32 %kernel_i_2_1_promoted86" [codes_lab5/HLS_sources_final/templatedFuncs.h:144]   --->   Operation 138 'store' 'store_ln144' <Predicate = (icmp_ln150)> <Delay = 0.00>
ST_5 : Operation 139 [1/1] (0.00ns)   --->   "%store_ln144 = store i32 %p_loc30_load, i32 %kernel_i_0_2_promoted84" [codes_lab5/HLS_sources_final/templatedFuncs.h:144]   --->   Operation 139 'store' 'store_ln144' <Predicate = (icmp_ln150)> <Delay = 0.00>
ST_5 : Operation 140 [1/1] (0.00ns)   --->   "%store_ln144 = store i32 %p_loc31_load, i32 %kernel_i_0_0_promoted82" [codes_lab5/HLS_sources_final/templatedFuncs.h:144]   --->   Operation 140 'store' 'store_ln144' <Predicate = (icmp_ln150)> <Delay = 0.00>
ST_5 : Operation 141 [1/1] (0.00ns)   --->   "%store_ln144 = store i32 %p_loc32_load, i32 %kernel_i_0_1_promoted80" [codes_lab5/HLS_sources_final/templatedFuncs.h:144]   --->   Operation 141 'store' 'store_ln144' <Predicate = (icmp_ln150)> <Delay = 0.00>
ST_5 : Operation 142 [1/1] (0.00ns)   --->   "%store_ln144 = store i32 %p_loc33_load, i32 %kernel_i_1_2_promoted78" [codes_lab5/HLS_sources_final/templatedFuncs.h:144]   --->   Operation 142 'store' 'store_ln144' <Predicate = (icmp_ln150)> <Delay = 0.00>
ST_5 : Operation 143 [1/1] (0.00ns)   --->   "%store_ln144 = store i32 %p_loc34_load, i32 %kernel_i_1_0_promoted76" [codes_lab5/HLS_sources_final/templatedFuncs.h:144]   --->   Operation 143 'store' 'store_ln144' <Predicate = (icmp_ln150)> <Delay = 0.00>
ST_5 : Operation 144 [1/1] (0.00ns)   --->   "%store_ln144 = store i32 %p_loc35_load, i32 %kernel_i_1_1_promoted74" [codes_lab5/HLS_sources_final/templatedFuncs.h:144]   --->   Operation 144 'store' 'store_ln144' <Predicate = (icmp_ln150)> <Delay = 0.00>
ST_5 : Operation 145 [1/1] (1.58ns)   --->   "%store_ln144 = store i3 %add_ln144, i3 %n_f" [codes_lab5/HLS_sources_final/templatedFuncs.h:144]   --->   Operation 145 'store' 'store_ln144' <Predicate = (icmp_ln150)> <Delay = 1.58>
ST_5 : Operation 146 [1/1] (1.58ns)   --->   "%store_ln144 = store i7 %add_ln144_1, i7 %phi_mul" [codes_lab5/HLS_sources_final/templatedFuncs.h:144]   --->   Operation 146 'store' 'store_ln144' <Predicate = (icmp_ln150)> <Delay = 1.58>
ST_5 : Operation 147 [1/1] (0.00ns)   --->   "%br_ln144 = br void %inCh.i" [codes_lab5/HLS_sources_final/templatedFuncs.h:144]   --->   Operation 147 'br' 'br_ln144' <Predicate = (icmp_ln150)> <Delay = 0.00>

State 6 <SV = 5> <Delay = 1.05>
ST_6 : Operation 148 [2/3] (1.05ns) (grouped into DSP with root node add_ln160_1)   --->   "%mul_ln160 = mul i12 %zext_ln160_1, i12 26" [codes_lab5/HLS_sources_final/templatedFuncs.h:160]   --->   Operation 148 'mul' 'mul_ln160' <Predicate = true> <Delay = 1.05> <CoreInst = "DSP48">   --->   Core 119 'DSP48' <Latency = 3> <II = 1> <Delay = 2.15> <IPBlock> <Opcode : 'mul' 'add' 'sub' 'select'> <InPorts = 0> <OutPorts = 1> <Sync> <CReg>
ST_6 : Operation 149 [1/2] (0.00ns)   --->   "%call_ln150 = call void @conv1_Pipeline_loadWin1_VITIS_LOOP_50_1, i32 %window_i_2_2_promoted117152_load, i32 %window_i_2_0_promoted115149_load, i32 %window_i_2_1_promoted113146_load, i32 %window_i_0_2_promoted111143_load, i32 %window_i_0_0_promoted109140_load, i32 %window_i_0_1_promoted107137_load, i32 %window_i_1_2_promoted105134_load, i32 %window_i_1_0_promoted103131_load, i32 %window_i_1_1_promoted101128_load, i5 %select_ln150_5, i5 %select_ln150, i32 %mem_1_0, i32 %p_loc45, i32 %p_loc46, i32 %p_loc47, i32 %p_loc48, i32 %p_loc49, i32 %p_loc50, i32 %p_loc51, i32 %p_loc52, i32 %p_loc53" [codes_lab5/HLS_sources_final/templatedFuncs.h:150]   --->   Operation 149 'call' 'call_ln150' <Predicate = true> <Delay = 0.00> <CoreType = "Generic">   --->   Core 0 '' <Latency = 0> <II = 1> <Delay = 1.00> <Generic> <Opcode : >

State 7 <SV = 6> <Delay = 5.70>
ST_7 : Operation 150 [1/3] (0.00ns) (grouped into DSP with root node add_ln160_1)   --->   "%mul_ln160 = mul i12 %zext_ln160_1, i12 26" [codes_lab5/HLS_sources_final/templatedFuncs.h:160]   --->   Operation 150 'mul' 'mul_ln160' <Predicate = true> <Delay = 0.00> <CoreInst = "DSP48">   --->   Core 119 'DSP48' <Latency = 3> <II = 1> <Delay = 2.15> <IPBlock> <Opcode : 'mul' 'add' 'sub' 'select'> <InPorts = 0> <OutPorts = 1> <Sync> <CReg>
ST_7 : Operation 151 [1/1] (0.00ns)   --->   "%zext_ln160_2 = zext i5 %select_ln150" [codes_lab5/HLS_sources_final/templatedFuncs.h:160]   --->   Operation 151 'zext' 'zext_ln160_2' <Predicate = true> <Delay = 0.00>
ST_7 : Operation 152 [2/2] (2.10ns) (root node of the DSP)   --->   "%add_ln160_1 = add i12 %mul_ln160, i12 %zext_ln160_2" [codes_lab5/HLS_sources_final/templatedFuncs.h:160]   --->   Operation 152 'add' 'add_ln160_1' <Predicate = true> <Delay = 2.10> <CoreInst = "DSP48">   --->   Core 119 'DSP48' <Latency = 3> <II = 1> <Delay = 2.15> <IPBlock> <Opcode : 'mul' 'add' 'sub' 'select'> <InPorts = 0> <OutPorts = 1> <Sync> <CReg>
ST_7 : Operation 153 [1/1] (0.00ns)   --->   "%p_loc45_load = load i32 %p_loc45"   --->   Operation 153 'load' 'p_loc45_load' <Predicate = true> <Delay = 0.00>
ST_7 : Operation 154 [1/1] (0.00ns)   --->   "%p_loc46_load = load i32 %p_loc46"   --->   Operation 154 'load' 'p_loc46_load' <Predicate = true> <Delay = 0.00>
ST_7 : Operation 155 [1/1] (0.00ns)   --->   "%p_loc47_load = load i32 %p_loc47"   --->   Operation 155 'load' 'p_loc47_load' <Predicate = true> <Delay = 0.00>
ST_7 : Operation 156 [1/1] (0.00ns)   --->   "%p_loc48_load = load i32 %p_loc48"   --->   Operation 156 'load' 'p_loc48_load' <Predicate = true> <Delay = 0.00>
ST_7 : Operation 157 [1/1] (0.00ns)   --->   "%p_loc49_load = load i32 %p_loc49"   --->   Operation 157 'load' 'p_loc49_load' <Predicate = true> <Delay = 0.00>
ST_7 : Operation 158 [1/1] (0.00ns)   --->   "%p_loc50_load = load i32 %p_loc50"   --->   Operation 158 'load' 'p_loc50_load' <Predicate = true> <Delay = 0.00>
ST_7 : Operation 159 [1/1] (0.00ns)   --->   "%p_loc51_load = load i32 %p_loc51"   --->   Operation 159 'load' 'p_loc51_load' <Predicate = true> <Delay = 0.00>
ST_7 : Operation 160 [1/1] (0.00ns)   --->   "%p_loc52_load = load i32 %p_loc52"   --->   Operation 160 'load' 'p_loc52_load' <Predicate = true> <Delay = 0.00>
ST_7 : Operation 161 [1/1] (0.00ns)   --->   "%p_loc53_load = load i32 %p_loc53"   --->   Operation 161 'load' 'p_loc53_load' <Predicate = true> <Delay = 0.00>
ST_7 : Operation 162 [25/25] (5.70ns)   --->   "%sum = call i32 @conv2D<1>, i32 %p_loc31_load, i32 %p_loc32_load, i32 %p_loc30_load, i32 %p_loc34_load, i32 %p_loc35_load, i32 %p_loc33_load, i32 %p_loc28_load, i32 %p_loc29_load, i32 %p_loc_load, i32 %p_loc49_load, i32 %p_loc50_load, i32 %p_loc48_load, i32 %p_loc52_load, i32 %p_loc53_load, i32 %p_loc51_load, i32 %p_loc46_load, i32 %p_loc47_load, i32 %p_loc45_load, i32 %prev_sum" [codes_lab5/HLS_sources_final/templatedFuncs.h:157]   --->   Operation 162 'call' 'sum' <Predicate = true> <Delay = 5.70> <CoreType = "Generic">   --->   Core 0 '' <Latency = 0> <II = 1> <Delay = 1.00> <Generic> <Opcode : >
ST_7 : Operation 163 [1/1] (0.00ns)   --->   "%store_ln152 = store i32 %p_loc45_load, i32 %window_i_2_2_promoted117152" [codes_lab5/HLS_sources_final/templatedFuncs.h:152]   --->   Operation 163 'store' 'store_ln152' <Predicate = true> <Delay = 0.00>
ST_7 : Operation 164 [1/1] (0.00ns)   --->   "%store_ln152 = store i32 %p_loc46_load, i32 %window_i_2_0_promoted115149" [codes_lab5/HLS_sources_final/templatedFuncs.h:152]   --->   Operation 164 'store' 'store_ln152' <Predicate = true> <Delay = 0.00>
ST_7 : Operation 165 [1/1] (0.00ns)   --->   "%store_ln152 = store i32 %p_loc47_load, i32 %window_i_2_1_promoted113146" [codes_lab5/HLS_sources_final/templatedFuncs.h:152]   --->   Operation 165 'store' 'store_ln152' <Predicate = true> <Delay = 0.00>
ST_7 : Operation 166 [1/1] (0.00ns)   --->   "%store_ln152 = store i32 %p_loc48_load, i32 %window_i_0_2_promoted111143" [codes_lab5/HLS_sources_final/templatedFuncs.h:152]   --->   Operation 166 'store' 'store_ln152' <Predicate = true> <Delay = 0.00>
ST_7 : Operation 167 [1/1] (0.00ns)   --->   "%store_ln152 = store i32 %p_loc49_load, i32 %window_i_0_0_promoted109140" [codes_lab5/HLS_sources_final/templatedFuncs.h:152]   --->   Operation 167 'store' 'store_ln152' <Predicate = true> <Delay = 0.00>
ST_7 : Operation 168 [1/1] (0.00ns)   --->   "%store_ln152 = store i32 %p_loc50_load, i32 %window_i_0_1_promoted107137" [codes_lab5/HLS_sources_final/templatedFuncs.h:152]   --->   Operation 168 'store' 'store_ln152' <Predicate = true> <Delay = 0.00>
ST_7 : Operation 169 [1/1] (0.00ns)   --->   "%store_ln152 = store i32 %p_loc51_load, i32 %window_i_1_2_promoted105134" [codes_lab5/HLS_sources_final/templatedFuncs.h:152]   --->   Operation 169 'store' 'store_ln152' <Predicate = true> <Delay = 0.00>
ST_7 : Operation 170 [1/1] (0.00ns)   --->   "%store_ln152 = store i32 %p_loc52_load, i32 %window_i_1_0_promoted103131" [codes_lab5/HLS_sources_final/templatedFuncs.h:152]   --->   Operation 170 'store' 'store_ln152' <Predicate = true> <Delay = 0.00>
ST_7 : Operation 171 [1/1] (0.00ns)   --->   "%store_ln152 = store i32 %p_loc53_load, i32 %window_i_1_1_promoted101128" [codes_lab5/HLS_sources_final/templatedFuncs.h:152]   --->   Operation 171 'store' 'store_ln152' <Predicate = true> <Delay = 0.00>

State 8 <SV = 7> <Delay = 7.25>
ST_8 : Operation 172 [1/2] (2.10ns) (root node of the DSP)   --->   "%add_ln160_1 = add i12 %mul_ln160, i12 %zext_ln160_2" [codes_lab5/HLS_sources_final/templatedFuncs.h:160]   --->   Operation 172 'add' 'add_ln160_1' <Predicate = true> <Delay = 2.10> <CoreInst = "DSP48">   --->   Core 119 'DSP48' <Latency = 3> <II = 1> <Delay = 2.15> <IPBlock> <Opcode : 'mul' 'add' 'sub' 'select'> <InPorts = 0> <OutPorts = 1> <Sync> <CReg>
ST_8 : Operation 173 [24/25] (7.25ns)   --->   "%sum = call i32 @conv2D<1>, i32 %p_loc31_load, i32 %p_loc32_load, i32 %p_loc30_load, i32 %p_loc34_load, i32 %p_loc35_load, i32 %p_loc33_load, i32 %p_loc28_load, i32 %p_loc29_load, i32 %p_loc_load, i32 %p_loc49_load, i32 %p_loc50_load, i32 %p_loc48_load, i32 %p_loc52_load, i32 %p_loc53_load, i32 %p_loc51_load, i32 %p_loc46_load, i32 %p_loc47_load, i32 %p_loc45_load, i32 %prev_sum" [codes_lab5/HLS_sources_final/templatedFuncs.h:157]   --->   Operation 173 'call' 'sum' <Predicate = true> <Delay = 7.25> <CoreType = "Generic">   --->   Core 0 '' <Latency = 0> <II = 1> <Delay = 1.00> <Generic> <Opcode : >

State 9 <SV = 8> <Delay = 7.25>
ST_9 : Operation 174 [23/25] (7.25ns)   --->   "%sum = call i32 @conv2D<1>, i32 %p_loc31_load, i32 %p_loc32_load, i32 %p_loc30_load, i32 %p_loc34_load, i32 %p_loc35_load, i32 %p_loc33_load, i32 %p_loc28_load, i32 %p_loc29_load, i32 %p_loc_load, i32 %p_loc49_load, i32 %p_loc50_load, i32 %p_loc48_load, i32 %p_loc52_load, i32 %p_loc53_load, i32 %p_loc51_load, i32 %p_loc46_load, i32 %p_loc47_load, i32 %p_loc45_load, i32 %prev_sum" [codes_lab5/HLS_sources_final/templatedFuncs.h:157]   --->   Operation 174 'call' 'sum' <Predicate = true> <Delay = 7.25> <CoreType = "Generic">   --->   Core 0 '' <Latency = 0> <II = 1> <Delay = 1.00> <Generic> <Opcode : >

State 10 <SV = 9> <Delay = 7.25>
ST_10 : Operation 175 [22/25] (7.25ns)   --->   "%sum = call i32 @conv2D<1>, i32 %p_loc31_load, i32 %p_loc32_load, i32 %p_loc30_load, i32 %p_loc34_load, i32 %p_loc35_load, i32 %p_loc33_load, i32 %p_loc28_load, i32 %p_loc29_load, i32 %p_loc_load, i32 %p_loc49_load, i32 %p_loc50_load, i32 %p_loc48_load, i32 %p_loc52_load, i32 %p_loc53_load, i32 %p_loc51_load, i32 %p_loc46_load, i32 %p_loc47_load, i32 %p_loc45_load, i32 %prev_sum" [codes_lab5/HLS_sources_final/templatedFuncs.h:157]   --->   Operation 175 'call' 'sum' <Predicate = true> <Delay = 7.25> <CoreType = "Generic">   --->   Core 0 '' <Latency = 0> <II = 1> <Delay = 1.00> <Generic> <Opcode : >

State 11 <SV = 10> <Delay = 7.25>
ST_11 : Operation 176 [21/25] (7.25ns)   --->   "%sum = call i32 @conv2D<1>, i32 %p_loc31_load, i32 %p_loc32_load, i32 %p_loc30_load, i32 %p_loc34_load, i32 %p_loc35_load, i32 %p_loc33_load, i32 %p_loc28_load, i32 %p_loc29_load, i32 %p_loc_load, i32 %p_loc49_load, i32 %p_loc50_load, i32 %p_loc48_load, i32 %p_loc52_load, i32 %p_loc53_load, i32 %p_loc51_load, i32 %p_loc46_load, i32 %p_loc47_load, i32 %p_loc45_load, i32 %prev_sum" [codes_lab5/HLS_sources_final/templatedFuncs.h:157]   --->   Operation 176 'call' 'sum' <Predicate = true> <Delay = 7.25> <CoreType = "Generic">   --->   Core 0 '' <Latency = 0> <II = 1> <Delay = 1.00> <Generic> <Opcode : >

State 12 <SV = 11> <Delay = 7.25>
ST_12 : Operation 177 [20/25] (7.25ns)   --->   "%sum = call i32 @conv2D<1>, i32 %p_loc31_load, i32 %p_loc32_load, i32 %p_loc30_load, i32 %p_loc34_load, i32 %p_loc35_load, i32 %p_loc33_load, i32 %p_loc28_load, i32 %p_loc29_load, i32 %p_loc_load, i32 %p_loc49_load, i32 %p_loc50_load, i32 %p_loc48_load, i32 %p_loc52_load, i32 %p_loc53_load, i32 %p_loc51_load, i32 %p_loc46_load, i32 %p_loc47_load, i32 %p_loc45_load, i32 %prev_sum" [codes_lab5/HLS_sources_final/templatedFuncs.h:157]   --->   Operation 177 'call' 'sum' <Predicate = true> <Delay = 7.25> <CoreType = "Generic">   --->   Core 0 '' <Latency = 0> <II = 1> <Delay = 1.00> <Generic> <Opcode : >

State 13 <SV = 12> <Delay = 7.25>
ST_13 : Operation 178 [19/25] (7.25ns)   --->   "%sum = call i32 @conv2D<1>, i32 %p_loc31_load, i32 %p_loc32_load, i32 %p_loc30_load, i32 %p_loc34_load, i32 %p_loc35_load, i32 %p_loc33_load, i32 %p_loc28_load, i32 %p_loc29_load, i32 %p_loc_load, i32 %p_loc49_load, i32 %p_loc50_load, i32 %p_loc48_load, i32 %p_loc52_load, i32 %p_loc53_load, i32 %p_loc51_load, i32 %p_loc46_load, i32 %p_loc47_load, i32 %p_loc45_load, i32 %prev_sum" [codes_lab5/HLS_sources_final/templatedFuncs.h:157]   --->   Operation 178 'call' 'sum' <Predicate = true> <Delay = 7.25> <CoreType = "Generic">   --->   Core 0 '' <Latency = 0> <II = 1> <Delay = 1.00> <Generic> <Opcode : >

State 14 <SV = 13> <Delay = 7.25>
ST_14 : Operation 179 [18/25] (7.25ns)   --->   "%sum = call i32 @conv2D<1>, i32 %p_loc31_load, i32 %p_loc32_load, i32 %p_loc30_load, i32 %p_loc34_load, i32 %p_loc35_load, i32 %p_loc33_load, i32 %p_loc28_load, i32 %p_loc29_load, i32 %p_loc_load, i32 %p_loc49_load, i32 %p_loc50_load, i32 %p_loc48_load, i32 %p_loc52_load, i32 %p_loc53_load, i32 %p_loc51_load, i32 %p_loc46_load, i32 %p_loc47_load, i32 %p_loc45_load, i32 %prev_sum" [codes_lab5/HLS_sources_final/templatedFuncs.h:157]   --->   Operation 179 'call' 'sum' <Predicate = true> <Delay = 7.25> <CoreType = "Generic">   --->   Core 0 '' <Latency = 0> <II = 1> <Delay = 1.00> <Generic> <Opcode : >

State 15 <SV = 14> <Delay = 7.25>
ST_15 : Operation 180 [17/25] (7.25ns)   --->   "%sum = call i32 @conv2D<1>, i32 %p_loc31_load, i32 %p_loc32_load, i32 %p_loc30_load, i32 %p_loc34_load, i32 %p_loc35_load, i32 %p_loc33_load, i32 %p_loc28_load, i32 %p_loc29_load, i32 %p_loc_load, i32 %p_loc49_load, i32 %p_loc50_load, i32 %p_loc48_load, i32 %p_loc52_load, i32 %p_loc53_load, i32 %p_loc51_load, i32 %p_loc46_load, i32 %p_loc47_load, i32 %p_loc45_load, i32 %prev_sum" [codes_lab5/HLS_sources_final/templatedFuncs.h:157]   --->   Operation 180 'call' 'sum' <Predicate = true> <Delay = 7.25> <CoreType = "Generic">   --->   Core 0 '' <Latency = 0> <II = 1> <Delay = 1.00> <Generic> <Opcode : >

State 16 <SV = 15> <Delay = 7.25>
ST_16 : Operation 181 [16/25] (7.25ns)   --->   "%sum = call i32 @conv2D<1>, i32 %p_loc31_load, i32 %p_loc32_load, i32 %p_loc30_load, i32 %p_loc34_load, i32 %p_loc35_load, i32 %p_loc33_load, i32 %p_loc28_load, i32 %p_loc29_load, i32 %p_loc_load, i32 %p_loc49_load, i32 %p_loc50_load, i32 %p_loc48_load, i32 %p_loc52_load, i32 %p_loc53_load, i32 %p_loc51_load, i32 %p_loc46_load, i32 %p_loc47_load, i32 %p_loc45_load, i32 %prev_sum" [codes_lab5/HLS_sources_final/templatedFuncs.h:157]   --->   Operation 181 'call' 'sum' <Predicate = true> <Delay = 7.25> <CoreType = "Generic">   --->   Core 0 '' <Latency = 0> <II = 1> <Delay = 1.00> <Generic> <Opcode : >

State 17 <SV = 16> <Delay = 7.25>
ST_17 : Operation 182 [15/25] (7.25ns)   --->   "%sum = call i32 @conv2D<1>, i32 %p_loc31_load, i32 %p_loc32_load, i32 %p_loc30_load, i32 %p_loc34_load, i32 %p_loc35_load, i32 %p_loc33_load, i32 %p_loc28_load, i32 %p_loc29_load, i32 %p_loc_load, i32 %p_loc49_load, i32 %p_loc50_load, i32 %p_loc48_load, i32 %p_loc52_load, i32 %p_loc53_load, i32 %p_loc51_load, i32 %p_loc46_load, i32 %p_loc47_load, i32 %p_loc45_load, i32 %prev_sum" [codes_lab5/HLS_sources_final/templatedFuncs.h:157]   --->   Operation 182 'call' 'sum' <Predicate = true> <Delay = 7.25> <CoreType = "Generic">   --->   Core 0 '' <Latency = 0> <II = 1> <Delay = 1.00> <Generic> <Opcode : >

State 18 <SV = 17> <Delay = 7.25>
ST_18 : Operation 183 [14/25] (7.25ns)   --->   "%sum = call i32 @conv2D<1>, i32 %p_loc31_load, i32 %p_loc32_load, i32 %p_loc30_load, i32 %p_loc34_load, i32 %p_loc35_load, i32 %p_loc33_load, i32 %p_loc28_load, i32 %p_loc29_load, i32 %p_loc_load, i32 %p_loc49_load, i32 %p_loc50_load, i32 %p_loc48_load, i32 %p_loc52_load, i32 %p_loc53_load, i32 %p_loc51_load, i32 %p_loc46_load, i32 %p_loc47_load, i32 %p_loc45_load, i32 %prev_sum" [codes_lab5/HLS_sources_final/templatedFuncs.h:157]   --->   Operation 183 'call' 'sum' <Predicate = true> <Delay = 7.25> <CoreType = "Generic">   --->   Core 0 '' <Latency = 0> <II = 1> <Delay = 1.00> <Generic> <Opcode : >

State 19 <SV = 18> <Delay = 7.25>
ST_19 : Operation 184 [13/25] (7.25ns)   --->   "%sum = call i32 @conv2D<1>, i32 %p_loc31_load, i32 %p_loc32_load, i32 %p_loc30_load, i32 %p_loc34_load, i32 %p_loc35_load, i32 %p_loc33_load, i32 %p_loc28_load, i32 %p_loc29_load, i32 %p_loc_load, i32 %p_loc49_load, i32 %p_loc50_load, i32 %p_loc48_load, i32 %p_loc52_load, i32 %p_loc53_load, i32 %p_loc51_load, i32 %p_loc46_load, i32 %p_loc47_load, i32 %p_loc45_load, i32 %prev_sum" [codes_lab5/HLS_sources_final/templatedFuncs.h:157]   --->   Operation 184 'call' 'sum' <Predicate = true> <Delay = 7.25> <CoreType = "Generic">   --->   Core 0 '' <Latency = 0> <II = 1> <Delay = 1.00> <Generic> <Opcode : >

State 20 <SV = 19> <Delay = 7.25>
ST_20 : Operation 185 [12/25] (7.25ns)   --->   "%sum = call i32 @conv2D<1>, i32 %p_loc31_load, i32 %p_loc32_load, i32 %p_loc30_load, i32 %p_loc34_load, i32 %p_loc35_load, i32 %p_loc33_load, i32 %p_loc28_load, i32 %p_loc29_load, i32 %p_loc_load, i32 %p_loc49_load, i32 %p_loc50_load, i32 %p_loc48_load, i32 %p_loc52_load, i32 %p_loc53_load, i32 %p_loc51_load, i32 %p_loc46_load, i32 %p_loc47_load, i32 %p_loc45_load, i32 %prev_sum" [codes_lab5/HLS_sources_final/templatedFuncs.h:157]   --->   Operation 185 'call' 'sum' <Predicate = true> <Delay = 7.25> <CoreType = "Generic">   --->   Core 0 '' <Latency = 0> <II = 1> <Delay = 1.00> <Generic> <Opcode : >

State 21 <SV = 20> <Delay = 7.25>
ST_21 : Operation 186 [11/25] (7.25ns)   --->   "%sum = call i32 @conv2D<1>, i32 %p_loc31_load, i32 %p_loc32_load, i32 %p_loc30_load, i32 %p_loc34_load, i32 %p_loc35_load, i32 %p_loc33_load, i32 %p_loc28_load, i32 %p_loc29_load, i32 %p_loc_load, i32 %p_loc49_load, i32 %p_loc50_load, i32 %p_loc48_load, i32 %p_loc52_load, i32 %p_loc53_load, i32 %p_loc51_load, i32 %p_loc46_load, i32 %p_loc47_load, i32 %p_loc45_load, i32 %prev_sum" [codes_lab5/HLS_sources_final/templatedFuncs.h:157]   --->   Operation 186 'call' 'sum' <Predicate = true> <Delay = 7.25> <CoreType = "Generic">   --->   Core 0 '' <Latency = 0> <II = 1> <Delay = 1.00> <Generic> <Opcode : >

State 22 <SV = 21> <Delay = 7.25>
ST_22 : Operation 187 [10/25] (7.25ns)   --->   "%sum = call i32 @conv2D<1>, i32 %p_loc31_load, i32 %p_loc32_load, i32 %p_loc30_load, i32 %p_loc34_load, i32 %p_loc35_load, i32 %p_loc33_load, i32 %p_loc28_load, i32 %p_loc29_load, i32 %p_loc_load, i32 %p_loc49_load, i32 %p_loc50_load, i32 %p_loc48_load, i32 %p_loc52_load, i32 %p_loc53_load, i32 %p_loc51_load, i32 %p_loc46_load, i32 %p_loc47_load, i32 %p_loc45_load, i32 %prev_sum" [codes_lab5/HLS_sources_final/templatedFuncs.h:157]   --->   Operation 187 'call' 'sum' <Predicate = true> <Delay = 7.25> <CoreType = "Generic">   --->   Core 0 '' <Latency = 0> <II = 1> <Delay = 1.00> <Generic> <Opcode : >

State 23 <SV = 22> <Delay = 7.25>
ST_23 : Operation 188 [9/25] (7.25ns)   --->   "%sum = call i32 @conv2D<1>, i32 %p_loc31_load, i32 %p_loc32_load, i32 %p_loc30_load, i32 %p_loc34_load, i32 %p_loc35_load, i32 %p_loc33_load, i32 %p_loc28_load, i32 %p_loc29_load, i32 %p_loc_load, i32 %p_loc49_load, i32 %p_loc50_load, i32 %p_loc48_load, i32 %p_loc52_load, i32 %p_loc53_load, i32 %p_loc51_load, i32 %p_loc46_load, i32 %p_loc47_load, i32 %p_loc45_load, i32 %prev_sum" [codes_lab5/HLS_sources_final/templatedFuncs.h:157]   --->   Operation 188 'call' 'sum' <Predicate = true> <Delay = 7.25> <CoreType = "Generic">   --->   Core 0 '' <Latency = 0> <II = 1> <Delay = 1.00> <Generic> <Opcode : >

State 24 <SV = 23> <Delay = 7.25>
ST_24 : Operation 189 [8/25] (7.25ns)   --->   "%sum = call i32 @conv2D<1>, i32 %p_loc31_load, i32 %p_loc32_load, i32 %p_loc30_load, i32 %p_loc34_load, i32 %p_loc35_load, i32 %p_loc33_load, i32 %p_loc28_load, i32 %p_loc29_load, i32 %p_loc_load, i32 %p_loc49_load, i32 %p_loc50_load, i32 %p_loc48_load, i32 %p_loc52_load, i32 %p_loc53_load, i32 %p_loc51_load, i32 %p_loc46_load, i32 %p_loc47_load, i32 %p_loc45_load, i32 %prev_sum" [codes_lab5/HLS_sources_final/templatedFuncs.h:157]   --->   Operation 189 'call' 'sum' <Predicate = true> <Delay = 7.25> <CoreType = "Generic">   --->   Core 0 '' <Latency = 0> <II = 1> <Delay = 1.00> <Generic> <Opcode : >

State 25 <SV = 24> <Delay = 7.25>
ST_25 : Operation 190 [7/25] (7.25ns)   --->   "%sum = call i32 @conv2D<1>, i32 %p_loc31_load, i32 %p_loc32_load, i32 %p_loc30_load, i32 %p_loc34_load, i32 %p_loc35_load, i32 %p_loc33_load, i32 %p_loc28_load, i32 %p_loc29_load, i32 %p_loc_load, i32 %p_loc49_load, i32 %p_loc50_load, i32 %p_loc48_load, i32 %p_loc52_load, i32 %p_loc53_load, i32 %p_loc51_load, i32 %p_loc46_load, i32 %p_loc47_load, i32 %p_loc45_load, i32 %prev_sum" [codes_lab5/HLS_sources_final/templatedFuncs.h:157]   --->   Operation 190 'call' 'sum' <Predicate = true> <Delay = 7.25> <CoreType = "Generic">   --->   Core 0 '' <Latency = 0> <II = 1> <Delay = 1.00> <Generic> <Opcode : >

State 26 <SV = 25> <Delay = 7.25>
ST_26 : Operation 191 [6/25] (7.25ns)   --->   "%sum = call i32 @conv2D<1>, i32 %p_loc31_load, i32 %p_loc32_load, i32 %p_loc30_load, i32 %p_loc34_load, i32 %p_loc35_load, i32 %p_loc33_load, i32 %p_loc28_load, i32 %p_loc29_load, i32 %p_loc_load, i32 %p_loc49_load, i32 %p_loc50_load, i32 %p_loc48_load, i32 %p_loc52_load, i32 %p_loc53_load, i32 %p_loc51_load, i32 %p_loc46_load, i32 %p_loc47_load, i32 %p_loc45_load, i32 %prev_sum" [codes_lab5/HLS_sources_final/templatedFuncs.h:157]   --->   Operation 191 'call' 'sum' <Predicate = true> <Delay = 7.25> <CoreType = "Generic">   --->   Core 0 '' <Latency = 0> <II = 1> <Delay = 1.00> <Generic> <Opcode : >

State 27 <SV = 26> <Delay = 7.25>
ST_27 : Operation 192 [5/25] (7.25ns)   --->   "%sum = call i32 @conv2D<1>, i32 %p_loc31_load, i32 %p_loc32_load, i32 %p_loc30_load, i32 %p_loc34_load, i32 %p_loc35_load, i32 %p_loc33_load, i32 %p_loc28_load, i32 %p_loc29_load, i32 %p_loc_load, i32 %p_loc49_load, i32 %p_loc50_load, i32 %p_loc48_load, i32 %p_loc52_load, i32 %p_loc53_load, i32 %p_loc51_load, i32 %p_loc46_load, i32 %p_loc47_load, i32 %p_loc45_load, i32 %prev_sum" [codes_lab5/HLS_sources_final/templatedFuncs.h:157]   --->   Operation 192 'call' 'sum' <Predicate = true> <Delay = 7.25> <CoreType = "Generic">   --->   Core 0 '' <Latency = 0> <II = 1> <Delay = 1.00> <Generic> <Opcode : >

State 28 <SV = 27> <Delay = 7.25>
ST_28 : Operation 193 [4/25] (7.25ns)   --->   "%sum = call i32 @conv2D<1>, i32 %p_loc31_load, i32 %p_loc32_load, i32 %p_loc30_load, i32 %p_loc34_load, i32 %p_loc35_load, i32 %p_loc33_load, i32 %p_loc28_load, i32 %p_loc29_load, i32 %p_loc_load, i32 %p_loc49_load, i32 %p_loc50_load, i32 %p_loc48_load, i32 %p_loc52_load, i32 %p_loc53_load, i32 %p_loc51_load, i32 %p_loc46_load, i32 %p_loc47_load, i32 %p_loc45_load, i32 %prev_sum" [codes_lab5/HLS_sources_final/templatedFuncs.h:157]   --->   Operation 193 'call' 'sum' <Predicate = true> <Delay = 7.25> <CoreType = "Generic">   --->   Core 0 '' <Latency = 0> <II = 1> <Delay = 1.00> <Generic> <Opcode : >

State 29 <SV = 28> <Delay = 7.25>
ST_29 : Operation 194 [3/25] (7.25ns)   --->   "%sum = call i32 @conv2D<1>, i32 %p_loc31_load, i32 %p_loc32_load, i32 %p_loc30_load, i32 %p_loc34_load, i32 %p_loc35_load, i32 %p_loc33_load, i32 %p_loc28_load, i32 %p_loc29_load, i32 %p_loc_load, i32 %p_loc49_load, i32 %p_loc50_load, i32 %p_loc48_load, i32 %p_loc52_load, i32 %p_loc53_load, i32 %p_loc51_load, i32 %p_loc46_load, i32 %p_loc47_load, i32 %p_loc45_load, i32 %prev_sum" [codes_lab5/HLS_sources_final/templatedFuncs.h:157]   --->   Operation 194 'call' 'sum' <Predicate = true> <Delay = 7.25> <CoreType = "Generic">   --->   Core 0 '' <Latency = 0> <II = 1> <Delay = 1.00> <Generic> <Opcode : >

State 30 <SV = 29> <Delay = 7.25>
ST_30 : Operation 195 [2/25] (7.25ns)   --->   "%sum = call i32 @conv2D<1>, i32 %p_loc31_load, i32 %p_loc32_load, i32 %p_loc30_load, i32 %p_loc34_load, i32 %p_loc35_load, i32 %p_loc33_load, i32 %p_loc28_load, i32 %p_loc29_load, i32 %p_loc_load, i32 %p_loc49_load, i32 %p_loc50_load, i32 %p_loc48_load, i32 %p_loc52_load, i32 %p_loc53_load, i32 %p_loc51_load, i32 %p_loc46_load, i32 %p_loc47_load, i32 %p_loc45_load, i32 %prev_sum" [codes_lab5/HLS_sources_final/templatedFuncs.h:157]   --->   Operation 195 'call' 'sum' <Predicate = true> <Delay = 7.25> <CoreType = "Generic">   --->   Core 0 '' <Latency = 0> <II = 1> <Delay = 1.00> <Generic> <Opcode : >

State 31 <SV = 30> <Delay = 7.25>
ST_31 : Operation 196 [1/25] (7.25ns)   --->   "%sum = call i32 @conv2D<1>, i32 %p_loc31_load, i32 %p_loc32_load, i32 %p_loc30_load, i32 %p_loc34_load, i32 %p_loc35_load, i32 %p_loc33_load, i32 %p_loc28_load, i32 %p_loc29_load, i32 %p_loc_load, i32 %p_loc49_load, i32 %p_loc50_load, i32 %p_loc48_load, i32 %p_loc52_load, i32 %p_loc53_load, i32 %p_loc51_load, i32 %p_loc46_load, i32 %p_loc47_load, i32 %p_loc45_load, i32 %prev_sum" [codes_lab5/HLS_sources_final/templatedFuncs.h:157]   --->   Operation 196 'call' 'sum' <Predicate = true> <Delay = 7.25> <CoreType = "Generic">   --->   Core 0 '' <Latency = 0> <II = 1> <Delay = 1.00> <Generic> <Opcode : >

State 32 <SV = 31> <Delay = 5.43>
ST_32 : Operation 197 [2/2] (5.43ns)   --->   "%tmp_s = fcmp_olt  i32 %sum, i32 0" [codes_lab5/HLS_sources_final/templatedFuncs.h:61]   --->   Operation 197 'fcmp' 'tmp_s' <Predicate = true> <Delay = 5.43> <CoreInst = "FCompare">   --->   Core 19 'FCompare' <Latency = 1> <II = 1> <Delay = 5.43> <FuncUnit> <Opcode : 'fcmp'> <InPorts = 2> <OutPorts = 1>

State 33 <SV = 32> <Delay = 6.40>
ST_33 : Operation 198 [1/1] (0.00ns)   --->   "%bitcast_ln61 = bitcast i32 %sum" [codes_lab5/HLS_sources_final/templatedFuncs.h:61]   --->   Operation 198 'bitcast' 'bitcast_ln61' <Predicate = true> <Delay = 0.00>
ST_33 : Operation 199 [1/1] (0.00ns)   --->   "%tmp = partselect i8 @_ssdm_op_PartSelect.i8.i32.i32.i32, i32 %bitcast_ln61, i32 23, i32 30" [codes_lab5/HLS_sources_final/templatedFuncs.h:61]   --->   Operation 199 'partselect' 'tmp' <Predicate = true> <Delay = 0.00>
ST_33 : Operation 200 [1/1] (0.00ns)   --->   "%trunc_ln61 = trunc i32 %bitcast_ln61" [codes_lab5/HLS_sources_final/templatedFuncs.h:61]   --->   Operation 200 'trunc' 'trunc_ln61' <Predicate = true> <Delay = 0.00>
ST_33 : Operation 201 [1/1] (1.55ns)   --->   "%icmp_ln61 = icmp_ne  i8 %tmp, i8 255" [codes_lab5/HLS_sources_final/templatedFuncs.h:61]   --->   Operation 201 'icmp' 'icmp_ln61' <Predicate = true> <Delay = 1.55> <CoreInst = "Cmp">   --->   Core 9 'Cmp' <Latency = 0> <II = 1> <Delay = 1.55> <FuncUnit> <Opcode : 'icmp'> <InPorts = 2> <OutPorts = 1>
ST_33 : Operation 202 [1/1] (2.44ns)   --->   "%icmp_ln61_3 = icmp_eq  i23 %trunc_ln61, i23 0" [codes_lab5/HLS_sources_final/templatedFuncs.h:61]   --->   Operation 202 'icmp' 'icmp_ln61_3' <Predicate = true> <Delay = 2.44> <CoreInst = "Cmp">   --->   Core 9 'Cmp' <Latency = 0> <II = 1> <Delay = 2.44> <FuncUnit> <Opcode : 'icmp'> <InPorts = 2> <OutPorts = 1>
ST_33 : Operation 203 [1/1] (0.00ns) (grouped into LUT with out node select_ln61)   --->   "%or_ln61 = or i1 %icmp_ln61_3, i1 %icmp_ln61" [codes_lab5/HLS_sources_final/templatedFuncs.h:61]   --->   Operation 203 'or' 'or_ln61' <Predicate = true> <Delay = 0.00> <CoreInst = "LogicGate">   --->   Core 74 'LogicGate' <Latency = 0> <II = 1> <Delay = 0.97> <FuncUnit> <Opcode : 'and' 'or' 'xor'> <InPorts = 2> <OutPorts = 1>
ST_33 : Operation 204 [1/2] (5.43ns)   --->   "%tmp_s = fcmp_olt  i32 %sum, i32 0" [codes_lab5/HLS_sources_final/templatedFuncs.h:61]   --->   Operation 204 'fcmp' 'tmp_s' <Predicate = true> <Delay = 5.43> <CoreInst = "FCompare">   --->   Core 19 'FCompare' <Latency = 1> <II = 1> <Delay = 5.43> <FuncUnit> <Opcode : 'fcmp'> <InPorts = 2> <OutPorts = 1>
ST_33 : Operation 205 [1/1] (0.00ns) (grouped into LUT with out node select_ln61)   --->   "%and_ln61 = and i1 %or_ln61, i1 %tmp_s" [codes_lab5/HLS_sources_final/templatedFuncs.h:61]   --->   Operation 205 'and' 'and_ln61' <Predicate = true> <Delay = 0.00> <CoreInst = "LogicGate">   --->   Core 74 'LogicGate' <Latency = 0> <II = 1> <Delay = 0.97> <FuncUnit> <Opcode : 'and' 'or' 'xor'> <InPorts = 2> <OutPorts = 1>
ST_33 : Operation 206 [1/1] (0.97ns) (out node of the LUT)   --->   "%select_ln61 = select i1 %and_ln61, i32 0, i32 %sum" [codes_lab5/HLS_sources_final/templatedFuncs.h:61]   --->   Operation 206 'select' 'select_ln61' <Predicate = true> <Delay = 0.97> <CoreInst = "Sel">   --->   Core 73 'Sel' <Latency = 0> <II = 1> <Delay = 0.69> <FuncUnit> <Opcode : 'select'> <InPorts = 3> <OutPorts = 1>

State 34 <SV = 33> <Delay = 3.25>
ST_34 : Operation 207 [1/1] (0.00ns)   --->   "%specloopname_ln0 = specloopname void @_ssdm_op_SpecLoopName, void @VS_HS_str"   --->   Operation 207 'specloopname' 'specloopname_ln0' <Predicate = true> <Delay = 0.00>
ST_34 : Operation 208 [1/1] (0.00ns)   --->   "%empty_148 = speclooptripcount i32 @_ssdm_op_SpecLoopTripCount, i64 676, i64 676, i64 676"   --->   Operation 208 'speclooptripcount' 'empty_148' <Predicate = true> <Delay = 0.00>
ST_34 : Operation 209 [1/1] (0.00ns)   --->   "%zext_ln160_3 = zext i12 %add_ln160_1" [codes_lab5/HLS_sources_final/templatedFuncs.h:160]   --->   Operation 209 'zext' 'zext_ln160_3' <Predicate = true> <Delay = 0.00>
ST_34 : Operation 210 [1/1] (0.00ns)   --->   "%mem_2_addr = getelementptr i32 %mem_2, i64 0, i64 %zext_ln160_3" [codes_lab5/HLS_sources_final/templatedFuncs.h:160]   --->   Operation 210 'getelementptr' 'mem_2_addr' <Predicate = true> <Delay = 0.00>
ST_34 : Operation 211 [1/1] (0.00ns)   --->   "%specloopname_ln152 = specloopname void @_ssdm_op_SpecLoopName, void @empty_8" [codes_lab5/HLS_sources_final/templatedFuncs.h:152]   --->   Operation 211 'specloopname' 'specloopname_ln152' <Predicate = true> <Delay = 0.00>
ST_34 : Operation 212 [1/1] (3.25ns)   --->   "%store_ln160 = store i32 %select_ln61, i12 %mem_2_addr" [codes_lab5/HLS_sources_final/templatedFuncs.h:160]   --->   Operation 212 'store' 'store_ln160' <Predicate = true> <Delay = 3.25> <CoreInst = "RAM">   --->   Core 82 'RAM' <Latency = 1> <II = 1> <Delay = 3.25> <Storage> <Opcode : 'load' 'store'> <Ports = 2> <Width = 32> <Depth = 2704> <RAM>
ST_34 : Operation 213 [1/1] (0.00ns)   --->   "%br_ln152 = br void %for.body13.i" [codes_lab5/HLS_sources_final/templatedFuncs.h:152]   --->   Operation 213 'br' 'br_ln152' <Predicate = true> <Delay = 0.00>


============================================================
+ Verbose Summary: Timing violations
============================================================
Target clock period: 10ns, clock uncertainty: 2.7ns.

 <State 1>: 1.59ns
The critical path consists of the following:
	'alloca' operation ('n_f') [6]  (0 ns)
	'store' operation ('store_ln144', codes_lab5/HLS_sources_final/templatedFuncs.h:144) of constant 0 on local variable 'n_f' [43]  (1.59 ns)

 <State 2>: 2.96ns
The critical path consists of the following:
	'load' operation ('phi_mul_load', codes_lab5/HLS_sources_final/templatedFuncs.h:160) on local variable 'phi_mul' [47]  (0 ns)
	'add' operation ('add_ln144_1', codes_lab5/HLS_sources_final/templatedFuncs.h:144) [49]  (1.87 ns)
	blocking operation 1.09 ns on control path)

 <State 3>: 2.32ns
The critical path consists of the following:
	'getelementptr' operation ('conv1_bias_addr', codes_lab5/HLS_sources_final/templatedFuncs.h:144) [77]  (0 ns)
	'load' operation ('prev_sum', codes_lab5/HLS_sources_final/templatedFuncs.h:156) on array 'conv1_bias' [78]  (2.32 ns)

 <State 4>: 2.32ns
The critical path consists of the following:
	'load' operation ('prev_sum', codes_lab5/HLS_sources_final/templatedFuncs.h:156) on array 'conv1_bias' [78]  (2.32 ns)

 <State 5>: 5.69ns
The critical path consists of the following:
	'phi' operation ('oh', codes_lab5/HLS_sources_final/templatedFuncs.h:150) with incoming values : ('select_ln150_5', codes_lab5/HLS_sources_final/templatedFuncs.h:150) [82]  (0 ns)
	'add' operation ('add_ln150', codes_lab5/HLS_sources_final/templatedFuncs.h:150) [97]  (1.78 ns)
	'select' operation ('select_ln150_5', codes_lab5/HLS_sources_final/templatedFuncs.h:150) [102]  (1.22 ns)
	'add' operation of DSP[108] ('add_ln160', codes_lab5/HLS_sources_final/templatedFuncs.h:160) [104]  (1.65 ns)
	'mul' operation of DSP[108] ('mul_ln160', codes_lab5/HLS_sources_final/templatedFuncs.h:160) [106]  (1.05 ns)

 <State 6>: 1.05ns
The critical path consists of the following:
	'mul' operation of DSP[108] ('mul_ln160', codes_lab5/HLS_sources_final/templatedFuncs.h:160) [106]  (1.05 ns)

 <State 7>: 5.7ns
The critical path consists of the following:
	'load' operation ('p_loc45_load') on local variable 'p_loc45' [113]  (0 ns)
	'call' operation ('sum', codes_lab5/HLS_sources_final/templatedFuncs.h:157) to 'conv2D<1>' [122]  (5.7 ns)

 <State 8>: 7.26ns
The critical path consists of the following:
	'call' operation ('sum', codes_lab5/HLS_sources_final/templatedFuncs.h:157) to 'conv2D<1>' [122]  (7.26 ns)

 <State 9>: 7.26ns
The critical path consists of the following:
	'call' operation ('sum', codes_lab5/HLS_sources_final/templatedFuncs.h:157) to 'conv2D<1>' [122]  (7.26 ns)

 <State 10>: 7.26ns
The critical path consists of the following:
	'call' operation ('sum', codes_lab5/HLS_sources_final/templatedFuncs.h:157) to 'conv2D<1>' [122]  (7.26 ns)

 <State 11>: 7.26ns
The critical path consists of the following:
	'call' operation ('sum', codes_lab5/HLS_sources_final/templatedFuncs.h:157) to 'conv2D<1>' [122]  (7.26 ns)

 <State 12>: 7.26ns
The critical path consists of the following:
	'call' operation ('sum', codes_lab5/HLS_sources_final/templatedFuncs.h:157) to 'conv2D<1>' [122]  (7.26 ns)

 <State 13>: 7.26ns
The critical path consists of the following:
	'call' operation ('sum', codes_lab5/HLS_sources_final/templatedFuncs.h:157) to 'conv2D<1>' [122]  (7.26 ns)

 <State 14>: 7.26ns
The critical path consists of the following:
	'call' operation ('sum', codes_lab5/HLS_sources_final/templatedFuncs.h:157) to 'conv2D<1>' [122]  (7.26 ns)

 <State 15>: 7.26ns
The critical path consists of the following:
	'call' operation ('sum', codes_lab5/HLS_sources_final/templatedFuncs.h:157) to 'conv2D<1>' [122]  (7.26 ns)

 <State 16>: 7.26ns
The critical path consists of the following:
	'call' operation ('sum', codes_lab5/HLS_sources_final/templatedFuncs.h:157) to 'conv2D<1>' [122]  (7.26 ns)

 <State 17>: 7.26ns
The critical path consists of the following:
	'call' operation ('sum', codes_lab5/HLS_sources_final/templatedFuncs.h:157) to 'conv2D<1>' [122]  (7.26 ns)

 <State 18>: 7.26ns
The critical path consists of the following:
	'call' operation ('sum', codes_lab5/HLS_sources_final/templatedFuncs.h:157) to 'conv2D<1>' [122]  (7.26 ns)

 <State 19>: 7.26ns
The critical path consists of the following:
	'call' operation ('sum', codes_lab5/HLS_sources_final/templatedFuncs.h:157) to 'conv2D<1>' [122]  (7.26 ns)

 <State 20>: 7.26ns
The critical path consists of the following:
	'call' operation ('sum', codes_lab5/HLS_sources_final/templatedFuncs.h:157) to 'conv2D<1>' [122]  (7.26 ns)

 <State 21>: 7.26ns
The critical path consists of the following:
	'call' operation ('sum', codes_lab5/HLS_sources_final/templatedFuncs.h:157) to 'conv2D<1>' [122]  (7.26 ns)

 <State 22>: 7.26ns
The critical path consists of the following:
	'call' operation ('sum', codes_lab5/HLS_sources_final/templatedFuncs.h:157) to 'conv2D<1>' [122]  (7.26 ns)

 <State 23>: 7.26ns
The critical path consists of the following:
	'call' operation ('sum', codes_lab5/HLS_sources_final/templatedFuncs.h:157) to 'conv2D<1>' [122]  (7.26 ns)

 <State 24>: 7.26ns
The critical path consists of the following:
	'call' operation ('sum', codes_lab5/HLS_sources_final/templatedFuncs.h:157) to 'conv2D<1>' [122]  (7.26 ns)

 <State 25>: 7.26ns
The critical path consists of the following:
	'call' operation ('sum', codes_lab5/HLS_sources_final/templatedFuncs.h:157) to 'conv2D<1>' [122]  (7.26 ns)

 <State 26>: 7.26ns
The critical path consists of the following:
	'call' operation ('sum', codes_lab5/HLS_sources_final/templatedFuncs.h:157) to 'conv2D<1>' [122]  (7.26 ns)

 <State 27>: 7.26ns
The critical path consists of the following:
	'call' operation ('sum', codes_lab5/HLS_sources_final/templatedFuncs.h:157) to 'conv2D<1>' [122]  (7.26 ns)

 <State 28>: 7.26ns
The critical path consists of the following:
	'call' operation ('sum', codes_lab5/HLS_sources_final/templatedFuncs.h:157) to 'conv2D<1>' [122]  (7.26 ns)

 <State 29>: 7.26ns
The critical path consists of the following:
	'call' operation ('sum', codes_lab5/HLS_sources_final/templatedFuncs.h:157) to 'conv2D<1>' [122]  (7.26 ns)

 <State 30>: 7.26ns
The critical path consists of the following:
	'call' operation ('sum', codes_lab5/HLS_sources_final/templatedFuncs.h:157) to 'conv2D<1>' [122]  (7.26 ns)

 <State 31>: 7.26ns
The critical path consists of the following:
	'call' operation ('sum', codes_lab5/HLS_sources_final/templatedFuncs.h:157) to 'conv2D<1>' [122]  (7.26 ns)

 <State 32>: 5.43ns
The critical path consists of the following:
	'fcmp' operation ('tmp_s', codes_lab5/HLS_sources_final/templatedFuncs.h:61) [129]  (5.43 ns)

 <State 33>: 6.41ns
The critical path consists of the following:
	'fcmp' operation ('tmp_s', codes_lab5/HLS_sources_final/templatedFuncs.h:61) [129]  (5.43 ns)
	'and' operation ('and_ln61', codes_lab5/HLS_sources_final/templatedFuncs.h:61) [130]  (0 ns)
	'select' operation ('select_ln61', codes_lab5/HLS_sources_final/templatedFuncs.h:61) [131]  (0.978 ns)

 <State 34>: 3.25ns
The critical path consists of the following:
	'getelementptr' operation ('mem_2_addr', codes_lab5/HLS_sources_final/templatedFuncs.h:160) [110]  (0 ns)
	'store' operation ('store_ln160', codes_lab5/HLS_sources_final/templatedFuncs.h:160) of variable 'select_ln61', codes_lab5/HLS_sources_final/templatedFuncs.h:61 on array 'mem_2' [132]  (3.25 ns)


============================================================
+ Verbose Summary: Binding
============================================================
N/A
* FSMD analyzer results:
  - Output states:
 - Input state : 
  - Chain level:
	State 1
	State 2
	State 3
	State 4
	State 5
	State 6
	State 7
	State 8
	State 9
	State 10
	State 11
	State 12
	State 13
	State 14
	State 15
	State 16
	State 17
	State 18
	State 19
	State 20
	State 21
	State 22
	State 23
	State 24
	State 25
	State 26
	State 27
	State 28
	State 29
	State 30
	State 31
	State 32
	State 33
	State 34


============================================================
+ Verbose Summary: Datapath Resource usage 
============================================================
N/A
