

================================================================
== Vitis HLS Report for 'conv1_Pipeline_loadWin1_VITIS_LOOP_50_1'
================================================================
* Date:           Thu Dec 25 15:19:28 2025

* Version:        2022.1 (Build 3526262 on Mon Apr 18 15:48:16 MDT 2022)
* Project:        Day_5_final_boss
* Solution:       sol5 (Vivado IP Flow Target)
* Product family: zynq
* Target device:  xc7z020-clg400-1


================================================================
== Performance Estimates
================================================================
+ Timing: 
    * Summary: 
    +--------+----------+----------+------------+
    |  Clock |  Target  | Estimated| Uncertainty|
    +--------+----------+----------+------------+
    |ap_clk  |  10.00 ns|  6.982 ns|     2.70 ns|
    +--------+----------+----------+------------+

+ Latency: 
    * Summary: 
    +---------+---------+----------+----------+-----+-----+---------+
    |  Latency (cycles) |  Latency (absolute) |  Interval | Pipeline|
    |   min   |   max   |    min   |    max   | min | max |   Type  |
    +---------+---------+----------+----------+-----+-----+---------+
    |       12|       12|  0.120 us|  0.120 us|   12|   12|       no|
    +---------+---------+----------+----------+-----+-----+---------+

    + Detail: 
        * Instance: 
        N/A

        * Loop: 
        +----------------------------+---------+---------+----------+-----------+-----------+------+----------+
        |                            |  Latency (cycles) | Iteration|  Initiation Interval  | Trip |          |
        |          Loop Name         |   min   |   max   |  Latency |  achieved |   target  | Count| Pipelined|
        +----------------------------+---------+---------+----------+-----------+-----------+------+----------+
        |- loadWin1_VITIS_LOOP_50_1  |       10|       10|         3|          1|          1|     9|       yes|
        +----------------------------+---------+---------+----------+-----------+-----------+------+----------+

============================================================
+ Verbose Summary: Synthesis Manager
============================================================
InlineROM: 1
ExposeGlobal: 0
============================================================
+ Verbose Summary: CDFG Model
============================================================
IsTopModel: 0
ResetActiveHigh: 1
IsCombinational: 0
IsDatapathOnly: 0
HasWiredReturn: 1
HasMFsm: 2
HasVarLatency: 1
IsPipeline: 0
IsRtlPipelined: 0
IsInstanceOverlapped: 0
IsDontTouch: 0
HasImplIP: 0
IsGatedGlobalClock: 0

+ Individual pipeline summary: 
  * Pipeline-0: initiation interval (II) = 1, depth = 3


============================================================
+ Verbose Summary: Schedule
============================================================
* Number of FSM states : 3
* Pipeline : 1
  Pipeline-0 : II = 1, D = 3, States = { 1 2 3 }
* Dataflow Pipeline: 0

* FSM state transitions: 
1 --> 2 
2 --> 3 
3 --> 

* FSM state operations: 

State 1 <SV = 0> <Delay = 5.10>
ST_1 : Operation 6 [1/1] (0.00ns)   --->   "%wj = alloca i32 1"   --->   Operation 6 'alloca' 'wj' <Predicate = true> <Delay = 0.00>
ST_1 : Operation 7 [1/1] (0.00ns)   --->   "%wi = alloca i32 1"   --->   Operation 7 'alloca' 'wi' <Predicate = true> <Delay = 0.00>
ST_1 : Operation 8 [1/1] (0.00ns)   --->   "%indvar_flatten27 = alloca i32 1"   --->   Operation 8 'alloca' 'indvar_flatten27' <Predicate = true> <Delay = 0.00>
ST_1 : Operation 9 [1/1] (0.00ns)   --->   "%empty = alloca i32 1"   --->   Operation 9 'alloca' 'empty' <Predicate = true> <Delay = 0.00>
ST_1 : Operation 10 [1/1] (0.00ns)   --->   "%empty_129 = alloca i32 1"   --->   Operation 10 'alloca' 'empty_129' <Predicate = true> <Delay = 0.00>
ST_1 : Operation 11 [1/1] (0.00ns)   --->   "%empty_130 = alloca i32 1"   --->   Operation 11 'alloca' 'empty_130' <Predicate = true> <Delay = 0.00>
ST_1 : Operation 12 [1/1] (0.00ns)   --->   "%empty_131 = alloca i32 1"   --->   Operation 12 'alloca' 'empty_131' <Predicate = true> <Delay = 0.00>
ST_1 : Operation 13 [1/1] (0.00ns)   --->   "%empty_132 = alloca i32 1"   --->   Operation 13 'alloca' 'empty_132' <Predicate = true> <Delay = 0.00>
ST_1 : Operation 14 [1/1] (0.00ns)   --->   "%empty_133 = alloca i32 1"   --->   Operation 14 'alloca' 'empty_133' <Predicate = true> <Delay = 0.00>
ST_1 : Operation 15 [1/1] (0.00ns)   --->   "%empty_134 = alloca i32 1"   --->   Operation 15 'alloca' 'empty_134' <Predicate = true> <Delay = 0.00>
ST_1 : Operation 16 [1/1] (0.00ns)   --->   "%empty_135 = alloca i32 1"   --->   Operation 16 'alloca' 'empty_135' <Predicate = true> <Delay = 0.00>
ST_1 : Operation 17 [1/1] (0.00ns)   --->   "%empty_136 = alloca i32 1"   --->   Operation 17 'alloca' 'empty_136' <Predicate = true> <Delay = 0.00>
ST_1 : Operation 18 [1/1] (0.00ns)   --->   "%select_ln150_read = read i5 @_ssdm_op_Read.ap_auto.i5, i5 %select_ln150"   --->   Operation 18 'read' 'select_ln150_read' <Predicate = true> <Delay = 0.00>
ST_1 : Operation 19 [1/1] (0.00ns)   --->   "%select_ln150_7_read = read i5 @_ssdm_op_Read.ap_auto.i5, i5 %select_ln150_7"   --->   Operation 19 'read' 'select_ln150_7_read' <Predicate = true> <Delay = 0.00>
ST_1 : Operation 20 [1/1] (0.00ns)   --->   "%window_i_1_1_promoted101_read = read i32 @_ssdm_op_Read.ap_auto.float, i32 %window_i_1_1_promoted101"   --->   Operation 20 'read' 'window_i_1_1_promoted101_read' <Predicate = true> <Delay = 0.00>
ST_1 : Operation 21 [1/1] (0.00ns)   --->   "%window_i_1_0_promoted103_read = read i32 @_ssdm_op_Read.ap_auto.float, i32 %window_i_1_0_promoted103"   --->   Operation 21 'read' 'window_i_1_0_promoted103_read' <Predicate = true> <Delay = 0.00>
ST_1 : Operation 22 [1/1] (0.00ns)   --->   "%window_i_1_2_promoted105_read = read i32 @_ssdm_op_Read.ap_auto.float, i32 %window_i_1_2_promoted105"   --->   Operation 22 'read' 'window_i_1_2_promoted105_read' <Predicate = true> <Delay = 0.00>
ST_1 : Operation 23 [1/1] (0.00ns)   --->   "%window_i_0_1_promoted107_read = read i32 @_ssdm_op_Read.ap_auto.float, i32 %window_i_0_1_promoted107"   --->   Operation 23 'read' 'window_i_0_1_promoted107_read' <Predicate = true> <Delay = 0.00>
ST_1 : Operation 24 [1/1] (0.00ns)   --->   "%window_i_0_0_promoted109_read = read i32 @_ssdm_op_Read.ap_auto.float, i32 %window_i_0_0_promoted109"   --->   Operation 24 'read' 'window_i_0_0_promoted109_read' <Predicate = true> <Delay = 0.00>
ST_1 : Operation 25 [1/1] (0.00ns)   --->   "%window_i_0_2_promoted111_read = read i32 @_ssdm_op_Read.ap_auto.float, i32 %window_i_0_2_promoted111"   --->   Operation 25 'read' 'window_i_0_2_promoted111_read' <Predicate = true> <Delay = 0.00>
ST_1 : Operation 26 [1/1] (0.00ns)   --->   "%window_i_2_1_promoted113_read = read i32 @_ssdm_op_Read.ap_auto.float, i32 %window_i_2_1_promoted113"   --->   Operation 26 'read' 'window_i_2_1_promoted113_read' <Predicate = true> <Delay = 0.00>
ST_1 : Operation 27 [1/1] (0.00ns)   --->   "%window_i_2_0_promoted115_read = read i32 @_ssdm_op_Read.ap_auto.float, i32 %window_i_2_0_promoted115"   --->   Operation 27 'read' 'window_i_2_0_promoted115_read' <Predicate = true> <Delay = 0.00>
ST_1 : Operation 28 [1/1] (0.00ns)   --->   "%window_i_2_2_promoted117_read = read i32 @_ssdm_op_Read.ap_auto.float, i32 %window_i_2_2_promoted117"   --->   Operation 28 'read' 'window_i_2_2_promoted117_read' <Predicate = true> <Delay = 0.00>
ST_1 : Operation 29 [1/1] (1.58ns)   --->   "%store_ln0 = store i32 %window_i_2_2_promoted117_read, i32 %empty_136"   --->   Operation 29 'store' 'store_ln0' <Predicate = true> <Delay = 1.58>
ST_1 : Operation 30 [1/1] (1.58ns)   --->   "%store_ln0 = store i32 %window_i_2_0_promoted115_read, i32 %empty_135"   --->   Operation 30 'store' 'store_ln0' <Predicate = true> <Delay = 1.58>
ST_1 : Operation 31 [1/1] (1.58ns)   --->   "%store_ln0 = store i32 %window_i_2_1_promoted113_read, i32 %empty_134"   --->   Operation 31 'store' 'store_ln0' <Predicate = true> <Delay = 1.58>
ST_1 : Operation 32 [1/1] (1.58ns)   --->   "%store_ln0 = store i32 %window_i_0_2_promoted111_read, i32 %empty_133"   --->   Operation 32 'store' 'store_ln0' <Predicate = true> <Delay = 1.58>
ST_1 : Operation 33 [1/1] (1.58ns)   --->   "%store_ln0 = store i32 %window_i_0_0_promoted109_read, i32 %empty_132"   --->   Operation 33 'store' 'store_ln0' <Predicate = true> <Delay = 1.58>
ST_1 : Operation 34 [1/1] (1.58ns)   --->   "%store_ln0 = store i32 %window_i_0_1_promoted107_read, i32 %empty_131"   --->   Operation 34 'store' 'store_ln0' <Predicate = true> <Delay = 1.58>
ST_1 : Operation 35 [1/1] (1.58ns)   --->   "%store_ln0 = store i32 %window_i_1_2_promoted105_read, i32 %empty_130"   --->   Operation 35 'store' 'store_ln0' <Predicate = true> <Delay = 1.58>
ST_1 : Operation 36 [1/1] (1.58ns)   --->   "%store_ln0 = store i32 %window_i_1_0_promoted103_read, i32 %empty_129"   --->   Operation 36 'store' 'store_ln0' <Predicate = true> <Delay = 1.58>
ST_1 : Operation 37 [1/1] (1.58ns)   --->   "%store_ln0 = store i32 %window_i_1_1_promoted101_read, i32 %empty"   --->   Operation 37 'store' 'store_ln0' <Predicate = true> <Delay = 1.58>
ST_1 : Operation 38 [1/1] (1.58ns)   --->   "%store_ln0 = store i4 0, i4 %indvar_flatten27"   --->   Operation 38 'store' 'store_ln0' <Predicate = true> <Delay = 1.58>
ST_1 : Operation 39 [1/1] (1.58ns)   --->   "%store_ln0 = store i2 0, i2 %wi"   --->   Operation 39 'store' 'store_ln0' <Predicate = true> <Delay = 1.58>
ST_1 : Operation 40 [1/1] (1.58ns)   --->   "%store_ln0 = store i2 0, i2 %wj"   --->   Operation 40 'store' 'store_ln0' <Predicate = true> <Delay = 1.58>
ST_1 : Operation 41 [1/1] (0.00ns)   --->   "%br_ln0 = br void %for.inc.i17.i"   --->   Operation 41 'br' 'br_ln0' <Predicate = true> <Delay = 0.00>
ST_1 : Operation 42 [1/1] (0.00ns)   --->   "%indvar_flatten27_load = load i4 %indvar_flatten27" [codes_lab5/HLS_sources_final/templatedFuncs.h:49]   --->   Operation 42 'load' 'indvar_flatten27_load' <Predicate = true> <Delay = 0.00>
ST_1 : Operation 43 [1/1] (1.30ns)   --->   "%icmp_ln49 = icmp_eq  i4 %indvar_flatten27_load, i4 9" [codes_lab5/HLS_sources_final/templatedFuncs.h:49]   --->   Operation 43 'icmp' 'icmp_ln49' <Predicate = true> <Delay = 1.30> <CoreInst = "Cmp">   --->   Core 9 'Cmp' <Latency = 0> <II = 1> <Delay = 1.30> <FuncUnit> <Opcode : 'icmp'> <InPorts = 2> <OutPorts = 1>
ST_1 : Operation 44 [1/1] (1.73ns)   --->   "%add_ln49_6 = add i4 %indvar_flatten27_load, i4 1" [codes_lab5/HLS_sources_final/templatedFuncs.h:49]   --->   Operation 44 'add' 'add_ln49_6' <Predicate = true> <Delay = 1.73> <CoreInst = "Adder">   --->   Core 1 'Adder' <Latency = 0> <II = 1> <Delay = 1.73> <FuncUnit> <Opcode : 'add' 'sub'> <InPorts = 2> <OutPorts = 1>
ST_1 : Operation 45 [1/1] (0.00ns)   --->   "%br_ln49 = br i1 %icmp_ln49, void %for.inc14.i.i, void %_Z17load_input_windowILi1ELi28EEvPA3_fPAT0__AT0__fiii.exit.i.exitStub" [codes_lab5/HLS_sources_final/templatedFuncs.h:49]   --->   Operation 45 'br' 'br_ln49' <Predicate = true> <Delay = 0.00>
ST_1 : Operation 46 [1/1] (0.00ns)   --->   "%wj_load = load i2 %wj" [codes_lab5/HLS_sources_final/templatedFuncs.h:50]   --->   Operation 46 'load' 'wj_load' <Predicate = (!icmp_ln49)> <Delay = 0.00>
ST_1 : Operation 47 [1/1] (0.00ns)   --->   "%wi_load = load i2 %wi" [codes_lab5/HLS_sources_final/templatedFuncs.h:49]   --->   Operation 47 'load' 'wi_load' <Predicate = (!icmp_ln49)> <Delay = 0.00>
ST_1 : Operation 48 [1/1] (1.56ns)   --->   "%add_ln49 = add i2 %wi_load, i2 1" [codes_lab5/HLS_sources_final/templatedFuncs.h:49]   --->   Operation 48 'add' 'add_ln49' <Predicate = (!icmp_ln49)> <Delay = 1.56> <CoreInst = "Adder">   --->   Core 1 'Adder' <Latency = 0> <II = 1> <Delay = 1.56> <FuncUnit> <Opcode : 'add' 'sub'> <InPorts = 2> <OutPorts = 1>
ST_1 : Operation 49 [1/1] (0.95ns)   --->   "%icmp_ln50 = icmp_eq  i2 %wj_load, i2 3" [codes_lab5/HLS_sources_final/templatedFuncs.h:50]   --->   Operation 49 'icmp' 'icmp_ln50' <Predicate = (!icmp_ln49)> <Delay = 0.95> <CoreInst = "Cmp">   --->   Core 9 'Cmp' <Latency = 0> <II = 1> <Delay = 0.95> <FuncUnit> <Opcode : 'icmp'> <InPorts = 2> <OutPorts = 1>
ST_1 : Operation 50 [1/1] (0.99ns)   --->   "%select_ln49 = select i1 %icmp_ln50, i2 0, i2 %wj_load" [codes_lab5/HLS_sources_final/templatedFuncs.h:49]   --->   Operation 50 'select' 'select_ln49' <Predicate = (!icmp_ln49)> <Delay = 0.99> <CoreInst = "Sel">   --->   Core 73 'Sel' <Latency = 0> <II = 1> <Delay = 0.99> <FuncUnit> <Opcode : 'select'> <InPorts = 3> <OutPorts = 1>
ST_1 : Operation 51 [1/1] (0.99ns)   --->   "%select_ln49_3 = select i1 %icmp_ln50, i2 %add_ln49, i2 %wi_load" [codes_lab5/HLS_sources_final/templatedFuncs.h:49]   --->   Operation 51 'select' 'select_ln49_3' <Predicate = (!icmp_ln49)> <Delay = 0.99> <CoreInst = "Sel">   --->   Core 73 'Sel' <Latency = 0> <II = 1> <Delay = 0.99> <FuncUnit> <Opcode : 'select'> <InPorts = 3> <OutPorts = 1>
ST_1 : Operation 52 [1/1] (0.00ns)   --->   "%zext_ln49 = zext i2 %select_ln49_3" [codes_lab5/HLS_sources_final/templatedFuncs.h:49]   --->   Operation 52 'zext' 'zext_ln49' <Predicate = (!icmp_ln49)> <Delay = 0.00>
ST_1 : Operation 53 [1/1] (1.78ns)   --->   "%add_ln49_5 = add i5 %select_ln150_7_read, i5 %zext_ln49" [codes_lab5/HLS_sources_final/templatedFuncs.h:49]   --->   Operation 53 'add' 'add_ln49_5' <Predicate = (!icmp_ln49)> <Delay = 1.78> <CoreInst = "Adder">   --->   Core 1 'Adder' <Latency = 0> <II = 1> <Delay = 1.78> <FuncUnit> <Opcode : 'add' 'sub'> <InPorts = 2> <OutPorts = 1>
ST_1 : Operation 54 [1/1] (0.00ns)   --->   "%zext_ln50 = zext i2 %select_ln49" [codes_lab5/HLS_sources_final/templatedFuncs.h:50]   --->   Operation 54 'zext' 'zext_ln50' <Predicate = (!icmp_ln49)> <Delay = 0.00>
ST_1 : Operation 55 [1/1] (1.78ns)   --->   "%add_ln52 = add i5 %select_ln150_read, i5 %zext_ln50" [codes_lab5/HLS_sources_final/templatedFuncs.h:52]   --->   Operation 55 'add' 'add_ln52' <Predicate = (!icmp_ln49)> <Delay = 1.78> <CoreInst = "Adder">   --->   Core 1 'Adder' <Latency = 0> <II = 1> <Delay = 1.78> <FuncUnit> <Opcode : 'add' 'sub'> <InPorts = 2> <OutPorts = 1>
ST_1 : Operation 56 [1/1] (0.95ns)   --->   "%switch_ln52 = switch i2 %select_ln49_3, void %arrayidx133.i.i3.case.2, i2 0, void %arrayidx133.i.i3.case.0, i2 1, void %arrayidx133.i.i3.case.1" [codes_lab5/HLS_sources_final/templatedFuncs.h:52]   --->   Operation 56 'switch' 'switch_ln52' <Predicate = (!icmp_ln49)> <Delay = 0.95>
ST_1 : Operation 57 [1/1] (0.95ns)   --->   "%switch_ln52 = switch i2 %select_ln49, void %arrayidx133.i.i3.case.259, i2 0, void %arrayidx133.i.i3.case.1.arrayidx133.i.i3.exit_crit_edge, i2 1, void %arrayidx133.i.i3.case.1.arrayidx133.i.i3.exit_crit_edge32" [codes_lab5/HLS_sources_final/templatedFuncs.h:52]   --->   Operation 57 'switch' 'switch_ln52' <Predicate = (!icmp_ln49 & select_ln49_3 == 1)> <Delay = 0.95>
ST_1 : Operation 58 [1/1] (0.95ns)   --->   "%switch_ln52 = switch i2 %select_ln49, void %arrayidx133.i.i3.case.254, i2 0, void %arrayidx133.i.i3.case.0.arrayidx133.i.i3.exit_crit_edge, i2 1, void %arrayidx133.i.i3.case.0.arrayidx133.i.i3.exit_crit_edge28" [codes_lab5/HLS_sources_final/templatedFuncs.h:52]   --->   Operation 58 'switch' 'switch_ln52' <Predicate = (!icmp_ln49 & select_ln49_3 == 0)> <Delay = 0.95>
ST_1 : Operation 59 [1/1] (0.95ns)   --->   "%switch_ln52 = switch i2 %select_ln49, void %arrayidx133.i.i3.case.264, i2 0, void %arrayidx133.i.i3.case.2.arrayidx133.i.i3.exit_crit_edge, i2 1, void %arrayidx133.i.i3.case.2.arrayidx133.i.i3.exit_crit_edge24" [codes_lab5/HLS_sources_final/templatedFuncs.h:52]   --->   Operation 59 'switch' 'switch_ln52' <Predicate = (!icmp_ln49 & select_ln49_3 != 0 & select_ln49_3 != 1)> <Delay = 0.95>
ST_1 : Operation 60 [1/1] (1.56ns)   --->   "%add_ln50 = add i2 %select_ln49, i2 1" [codes_lab5/HLS_sources_final/templatedFuncs.h:50]   --->   Operation 60 'add' 'add_ln50' <Predicate = (!icmp_ln49)> <Delay = 1.56> <CoreInst = "Adder">   --->   Core 1 'Adder' <Latency = 0> <II = 1> <Delay = 1.56> <FuncUnit> <Opcode : 'add' 'sub'> <InPorts = 2> <OutPorts = 1>
ST_1 : Operation 61 [1/1] (1.58ns)   --->   "%store_ln50 = store i4 %add_ln49_6, i4 %indvar_flatten27" [codes_lab5/HLS_sources_final/templatedFuncs.h:50]   --->   Operation 61 'store' 'store_ln50' <Predicate = (!icmp_ln49)> <Delay = 1.58>
ST_1 : Operation 62 [1/1] (1.58ns)   --->   "%store_ln50 = store i2 %select_ln49_3, i2 %wi" [codes_lab5/HLS_sources_final/templatedFuncs.h:50]   --->   Operation 62 'store' 'store_ln50' <Predicate = (!icmp_ln49)> <Delay = 1.58>
ST_1 : Operation 63 [1/1] (1.58ns)   --->   "%store_ln50 = store i2 %add_ln50, i2 %wj" [codes_lab5/HLS_sources_final/templatedFuncs.h:50]   --->   Operation 63 'store' 'store_ln50' <Predicate = (!icmp_ln49)> <Delay = 1.58>
ST_1 : Operation 64 [1/1] (0.00ns)   --->   "%br_ln50 = br void %for.inc.i17.i" [codes_lab5/HLS_sources_final/templatedFuncs.h:50]   --->   Operation 64 'br' 'br_ln50' <Predicate = (!icmp_ln49)> <Delay = 0.00>

State 2 <SV = 1> <Delay = 6.98>
ST_2 : Operation 65 [1/1] (0.00ns)   --->   "%tmp_s = bitconcatenate i10 @_ssdm_op_BitConcatenate.i10.i5.i5, i5 %add_ln49_5, i5 0" [codes_lab5/HLS_sources_final/templatedFuncs.h:52]   --->   Operation 65 'bitconcatenate' 'tmp_s' <Predicate = true> <Delay = 0.00>
ST_2 : Operation 66 [1/1] (0.00ns)   --->   "%tmp_26 = bitconcatenate i7 @_ssdm_op_BitConcatenate.i7.i5.i2, i5 %add_ln49_5, i2 0" [codes_lab5/HLS_sources_final/templatedFuncs.h:52]   --->   Operation 66 'bitconcatenate' 'tmp_26' <Predicate = true> <Delay = 0.00>
ST_2 : Operation 67 [1/1] (0.00ns)   --->   "%zext_ln52 = zext i7 %tmp_26" [codes_lab5/HLS_sources_final/templatedFuncs.h:52]   --->   Operation 67 'zext' 'zext_ln52' <Predicate = true> <Delay = 0.00>
ST_2 : Operation 68 [1/1] (0.00ns) (grouped into TernaryAdder)   --->   "%sub_ln52 = sub i10 %tmp_s, i10 %zext_ln52" [codes_lab5/HLS_sources_final/templatedFuncs.h:52]   --->   Operation 68 'sub' 'sub_ln52' <Predicate = true> <Delay = 0.00> <CoreInst = "TAddSub">   --->   Core 10 'TAddSub' <Latency = 0> <II = 1> <Delay = 1.86> <IPBlock> <Opcode : 'add' 'sub'> <InPorts = 3> <OutPorts = 1> <Sync> <CReg>
ST_2 : Operation 69 [1/1] (0.00ns)   --->   "%zext_ln52_6 = zext i5 %add_ln52" [codes_lab5/HLS_sources_final/templatedFuncs.h:52]   --->   Operation 69 'zext' 'zext_ln52_6' <Predicate = true> <Delay = 0.00>
ST_2 : Operation 70 [1/1] (3.72ns) (root node of TernaryAdder)   --->   "%add_ln52_5 = add i10 %sub_ln52, i10 %zext_ln52_6" [codes_lab5/HLS_sources_final/templatedFuncs.h:52]   --->   Operation 70 'add' 'add_ln52_5' <Predicate = true> <Delay = 3.72> <CoreInst = "TAddSub">   --->   Core 10 'TAddSub' <Latency = 0> <II = 1> <Delay = 1.86> <IPBlock> <Opcode : 'add' 'sub'> <InPorts = 3> <OutPorts = 1> <Sync> <CReg>
ST_2 : Operation 71 [1/1] (0.00ns)   --->   "%zext_ln52_7 = zext i10 %add_ln52_5" [codes_lab5/HLS_sources_final/templatedFuncs.h:52]   --->   Operation 71 'zext' 'zext_ln52_7' <Predicate = true> <Delay = 0.00>
ST_2 : Operation 72 [1/1] (0.00ns)   --->   "%mem_1_0_addr = getelementptr i32 %mem_1_0, i64 0, i64 %zext_ln52_7" [codes_lab5/HLS_sources_final/templatedFuncs.h:52]   --->   Operation 72 'getelementptr' 'mem_1_0_addr' <Predicate = true> <Delay = 0.00>
ST_2 : Operation 73 [2/2] (3.25ns)   --->   "%mem_1_0_load = load i10 %mem_1_0_addr" [codes_lab5/HLS_sources_final/templatedFuncs.h:52]   --->   Operation 73 'load' 'mem_1_0_load' <Predicate = true> <Delay = 3.25> <CoreInst = "RAM">   --->   Core 82 'RAM' <Latency = 1> <II = 1> <Delay = 3.25> <Storage> <Opcode : 'load' 'store'> <Ports = 2> <Width = 32> <Depth = 784> <RAM>
ST_2 : Operation 97 [1/1] (0.00ns)   --->   "%p_load33 = load i32 %empty"   --->   Operation 97 'load' 'p_load33' <Predicate = (icmp_ln49)> <Delay = 0.00>
ST_2 : Operation 98 [1/1] (0.00ns)   --->   "%p_load31 = load i32 %empty_129"   --->   Operation 98 'load' 'p_load31' <Predicate = (icmp_ln49)> <Delay = 0.00>
ST_2 : Operation 99 [1/1] (0.00ns)   --->   "%p_load30 = load i32 %empty_130"   --->   Operation 99 'load' 'p_load30' <Predicate = (icmp_ln49)> <Delay = 0.00>
ST_2 : Operation 100 [1/1] (0.00ns)   --->   "%p_load29 = load i32 %empty_131"   --->   Operation 100 'load' 'p_load29' <Predicate = (icmp_ln49)> <Delay = 0.00>
ST_2 : Operation 101 [1/1] (0.00ns)   --->   "%p_load27 = load i32 %empty_132"   --->   Operation 101 'load' 'p_load27' <Predicate = (icmp_ln49)> <Delay = 0.00>
ST_2 : Operation 102 [1/1] (0.00ns)   --->   "%p_load26 = load i32 %empty_133"   --->   Operation 102 'load' 'p_load26' <Predicate = (icmp_ln49)> <Delay = 0.00>
ST_2 : Operation 103 [1/1] (0.00ns)   --->   "%p_load25 = load i32 %empty_134"   --->   Operation 103 'load' 'p_load25' <Predicate = (icmp_ln49)> <Delay = 0.00>
ST_2 : Operation 104 [1/1] (0.00ns)   --->   "%p_load23 = load i32 %empty_135"   --->   Operation 104 'load' 'p_load23' <Predicate = (icmp_ln49)> <Delay = 0.00>
ST_2 : Operation 105 [1/1] (0.00ns)   --->   "%p_load = load i32 %empty_136"   --->   Operation 105 'load' 'p_load' <Predicate = (icmp_ln49)> <Delay = 0.00>
ST_2 : Operation 106 [1/1] (0.00ns)   --->   "%write_ln0 = write void @_ssdm_op_Write.ap_auto.floatP0A, i32 %p_out, i32 %p_load"   --->   Operation 106 'write' 'write_ln0' <Predicate = (icmp_ln49)> <Delay = 0.00>
ST_2 : Operation 107 [1/1] (0.00ns)   --->   "%write_ln0 = write void @_ssdm_op_Write.ap_auto.floatP0A, i32 %p_out1, i32 %p_load23"   --->   Operation 107 'write' 'write_ln0' <Predicate = (icmp_ln49)> <Delay = 0.00>
ST_2 : Operation 108 [1/1] (0.00ns)   --->   "%write_ln0 = write void @_ssdm_op_Write.ap_auto.floatP0A, i32 %p_out2, i32 %p_load25"   --->   Operation 108 'write' 'write_ln0' <Predicate = (icmp_ln49)> <Delay = 0.00>
ST_2 : Operation 109 [1/1] (0.00ns)   --->   "%write_ln0 = write void @_ssdm_op_Write.ap_auto.floatP0A, i32 %p_out3, i32 %p_load26"   --->   Operation 109 'write' 'write_ln0' <Predicate = (icmp_ln49)> <Delay = 0.00>
ST_2 : Operation 110 [1/1] (0.00ns)   --->   "%write_ln0 = write void @_ssdm_op_Write.ap_auto.floatP0A, i32 %p_out4, i32 %p_load27"   --->   Operation 110 'write' 'write_ln0' <Predicate = (icmp_ln49)> <Delay = 0.00>
ST_2 : Operation 111 [1/1] (0.00ns)   --->   "%write_ln0 = write void @_ssdm_op_Write.ap_auto.floatP0A, i32 %p_out5, i32 %p_load29"   --->   Operation 111 'write' 'write_ln0' <Predicate = (icmp_ln49)> <Delay = 0.00>
ST_2 : Operation 112 [1/1] (0.00ns)   --->   "%write_ln0 = write void @_ssdm_op_Write.ap_auto.floatP0A, i32 %p_out6, i32 %p_load30"   --->   Operation 112 'write' 'write_ln0' <Predicate = (icmp_ln49)> <Delay = 0.00>
ST_2 : Operation 113 [1/1] (0.00ns)   --->   "%write_ln0 = write void @_ssdm_op_Write.ap_auto.floatP0A, i32 %p_out7, i32 %p_load31"   --->   Operation 113 'write' 'write_ln0' <Predicate = (icmp_ln49)> <Delay = 0.00>
ST_2 : Operation 114 [1/1] (0.00ns)   --->   "%write_ln0 = write void @_ssdm_op_Write.ap_auto.floatP0A, i32 %p_out8, i32 %p_load33"   --->   Operation 114 'write' 'write_ln0' <Predicate = (icmp_ln49)> <Delay = 0.00>
ST_2 : Operation 115 [1/1] (0.00ns)   --->   "%ret_ln0 = ret"   --->   Operation 115 'ret' 'ret_ln0' <Predicate = (icmp_ln49)> <Delay = 0.00>

State 3 <SV = 2> <Delay = 4.84>
ST_3 : Operation 74 [1/1] (0.00ns)   --->   "%specloopname_ln0 = specloopname void @_ssdm_op_SpecLoopName, void @loadWin1_VITIS_LOOP_50_1_str"   --->   Operation 74 'specloopname' 'specloopname_ln0' <Predicate = true> <Delay = 0.00>
ST_3 : Operation 75 [1/1] (0.00ns)   --->   "%empty_137 = speclooptripcount i32 @_ssdm_op_SpecLoopTripCount, i64 9, i64 9, i64 9"   --->   Operation 75 'speclooptripcount' 'empty_137' <Predicate = true> <Delay = 0.00>
ST_3 : Operation 76 [1/1] (0.00ns)   --->   "%specpipeline_ln51 = specpipeline void @_ssdm_op_SpecPipeline, i32 4294967295, i32 0, i32 0, i32 0, void @empty" [codes_lab5/HLS_sources_final/templatedFuncs.h:51]   --->   Operation 76 'specpipeline' 'specpipeline_ln51' <Predicate = true> <Delay = 0.00>
ST_3 : Operation 77 [1/1] (0.00ns)   --->   "%specloopname_ln50 = specloopname void @_ssdm_op_SpecLoopName, void @empty_9" [codes_lab5/HLS_sources_final/templatedFuncs.h:50]   --->   Operation 77 'specloopname' 'specloopname_ln50' <Predicate = true> <Delay = 0.00>
ST_3 : Operation 78 [1/2] (3.25ns)   --->   "%mem_1_0_load = load i10 %mem_1_0_addr" [codes_lab5/HLS_sources_final/templatedFuncs.h:52]   --->   Operation 78 'load' 'mem_1_0_load' <Predicate = true> <Delay = 3.25> <CoreInst = "RAM">   --->   Core 82 'RAM' <Latency = 1> <II = 1> <Delay = 3.25> <Storage> <Opcode : 'load' 'store'> <Ports = 2> <Width = 32> <Depth = 784> <RAM>
ST_3 : Operation 79 [1/1] (1.58ns)   --->   "%store_ln52 = store i32 %mem_1_0_load, i32 %empty" [codes_lab5/HLS_sources_final/templatedFuncs.h:52]   --->   Operation 79 'store' 'store_ln52' <Predicate = (select_ln49_3 == 1 & select_ln49 == 1)> <Delay = 1.58>
ST_3 : Operation 80 [1/1] (0.00ns)   --->   "%br_ln52 = br void %arrayidx133.i.i3.exit" [codes_lab5/HLS_sources_final/templatedFuncs.h:52]   --->   Operation 80 'br' 'br_ln52' <Predicate = (select_ln49_3 == 1 & select_ln49 == 1)> <Delay = 0.00>
ST_3 : Operation 81 [1/1] (1.58ns)   --->   "%store_ln52 = store i32 %mem_1_0_load, i32 %empty_129" [codes_lab5/HLS_sources_final/templatedFuncs.h:52]   --->   Operation 81 'store' 'store_ln52' <Predicate = (select_ln49_3 == 1 & select_ln49 == 0)> <Delay = 1.58>
ST_3 : Operation 82 [1/1] (0.00ns)   --->   "%br_ln52 = br void %arrayidx133.i.i3.exit" [codes_lab5/HLS_sources_final/templatedFuncs.h:52]   --->   Operation 82 'br' 'br_ln52' <Predicate = (select_ln49_3 == 1 & select_ln49 == 0)> <Delay = 0.00>
ST_3 : Operation 83 [1/1] (1.58ns)   --->   "%store_ln52 = store i32 %mem_1_0_load, i32 %empty_130" [codes_lab5/HLS_sources_final/templatedFuncs.h:52]   --->   Operation 83 'store' 'store_ln52' <Predicate = (select_ln49_3 == 1 & select_ln49 != 0 & select_ln49 != 1)> <Delay = 1.58>
ST_3 : Operation 84 [1/1] (0.00ns)   --->   "%br_ln52 = br void %arrayidx133.i.i3.exit" [codes_lab5/HLS_sources_final/templatedFuncs.h:52]   --->   Operation 84 'br' 'br_ln52' <Predicate = (select_ln49_3 == 1 & select_ln49 != 0 & select_ln49 != 1)> <Delay = 0.00>
ST_3 : Operation 85 [1/1] (1.58ns)   --->   "%store_ln52 = store i32 %mem_1_0_load, i32 %empty_131" [codes_lab5/HLS_sources_final/templatedFuncs.h:52]   --->   Operation 85 'store' 'store_ln52' <Predicate = (select_ln49_3 == 0 & select_ln49 == 1)> <Delay = 1.58>
ST_3 : Operation 86 [1/1] (0.00ns)   --->   "%br_ln52 = br void %arrayidx133.i.i3.exit" [codes_lab5/HLS_sources_final/templatedFuncs.h:52]   --->   Operation 86 'br' 'br_ln52' <Predicate = (select_ln49_3 == 0 & select_ln49 == 1)> <Delay = 0.00>
ST_3 : Operation 87 [1/1] (1.58ns)   --->   "%store_ln52 = store i32 %mem_1_0_load, i32 %empty_132" [codes_lab5/HLS_sources_final/templatedFuncs.h:52]   --->   Operation 87 'store' 'store_ln52' <Predicate = (select_ln49_3 == 0 & select_ln49 == 0)> <Delay = 1.58>
ST_3 : Operation 88 [1/1] (0.00ns)   --->   "%br_ln52 = br void %arrayidx133.i.i3.exit" [codes_lab5/HLS_sources_final/templatedFuncs.h:52]   --->   Operation 88 'br' 'br_ln52' <Predicate = (select_ln49_3 == 0 & select_ln49 == 0)> <Delay = 0.00>
ST_3 : Operation 89 [1/1] (1.58ns)   --->   "%store_ln52 = store i32 %mem_1_0_load, i32 %empty_133" [codes_lab5/HLS_sources_final/templatedFuncs.h:52]   --->   Operation 89 'store' 'store_ln52' <Predicate = (select_ln49_3 == 0 & select_ln49 != 0 & select_ln49 != 1)> <Delay = 1.58>
ST_3 : Operation 90 [1/1] (0.00ns)   --->   "%br_ln52 = br void %arrayidx133.i.i3.exit" [codes_lab5/HLS_sources_final/templatedFuncs.h:52]   --->   Operation 90 'br' 'br_ln52' <Predicate = (select_ln49_3 == 0 & select_ln49 != 0 & select_ln49 != 1)> <Delay = 0.00>
ST_3 : Operation 91 [1/1] (1.58ns)   --->   "%store_ln52 = store i32 %mem_1_0_load, i32 %empty_134" [codes_lab5/HLS_sources_final/templatedFuncs.h:52]   --->   Operation 91 'store' 'store_ln52' <Predicate = (select_ln49_3 != 0 & select_ln49_3 != 1 & select_ln49 == 1)> <Delay = 1.58>
ST_3 : Operation 92 [1/1] (0.00ns)   --->   "%br_ln52 = br void %arrayidx133.i.i3.exit" [codes_lab5/HLS_sources_final/templatedFuncs.h:52]   --->   Operation 92 'br' 'br_ln52' <Predicate = (select_ln49_3 != 0 & select_ln49_3 != 1 & select_ln49 == 1)> <Delay = 0.00>
ST_3 : Operation 93 [1/1] (1.58ns)   --->   "%store_ln52 = store i32 %mem_1_0_load, i32 %empty_135" [codes_lab5/HLS_sources_final/templatedFuncs.h:52]   --->   Operation 93 'store' 'store_ln52' <Predicate = (select_ln49_3 != 0 & select_ln49_3 != 1 & select_ln49 == 0)> <Delay = 1.58>
ST_3 : Operation 94 [1/1] (0.00ns)   --->   "%br_ln52 = br void %arrayidx133.i.i3.exit" [codes_lab5/HLS_sources_final/templatedFuncs.h:52]   --->   Operation 94 'br' 'br_ln52' <Predicate = (select_ln49_3 != 0 & select_ln49_3 != 1 & select_ln49 == 0)> <Delay = 0.00>
ST_3 : Operation 95 [1/1] (1.58ns)   --->   "%store_ln52 = store i32 %mem_1_0_load, i32 %empty_136" [codes_lab5/HLS_sources_final/templatedFuncs.h:52]   --->   Operation 95 'store' 'store_ln52' <Predicate = (select_ln49_3 != 0 & select_ln49_3 != 1 & select_ln49 != 0 & select_ln49 != 1)> <Delay = 1.58>
ST_3 : Operation 96 [1/1] (0.00ns)   --->   "%br_ln52 = br void %arrayidx133.i.i3.exit" [codes_lab5/HLS_sources_final/templatedFuncs.h:52]   --->   Operation 96 'br' 'br_ln52' <Predicate = (select_ln49_3 != 0 & select_ln49_3 != 1 & select_ln49 != 0 & select_ln49 != 1)> <Delay = 0.00>


============================================================
+ Verbose Summary: Timing violations
============================================================
Target clock period: 10ns, clock uncertainty: 2.7ns.

 <State 1>: 5.11ns
The critical path consists of the following:
	'alloca' operation ('wj') [22]  (0 ns)
	'load' operation ('wj_load', codes_lab5/HLS_sources_final/templatedFuncs.h:50) on local variable 'wj' [64]  (0 ns)
	'icmp' operation ('icmp_ln50', codes_lab5/HLS_sources_final/templatedFuncs.h:50) [69]  (0.959 ns)
	'select' operation ('select_ln49', codes_lab5/HLS_sources_final/templatedFuncs.h:49) [70]  (0.993 ns)
	'add' operation ('add_ln50', codes_lab5/HLS_sources_final/templatedFuncs.h:50) [122]  (1.56 ns)
	'store' operation ('store_ln50', codes_lab5/HLS_sources_final/templatedFuncs.h:50) of variable 'add_ln50', codes_lab5/HLS_sources_final/templatedFuncs.h:50 on local variable 'wj' [125]  (1.59 ns)

 <State 2>: 6.98ns
The critical path consists of the following:
	'sub' operation ('sub_ln52', codes_lab5/HLS_sources_final/templatedFuncs.h:52) [77]  (0 ns)
	'add' operation ('add_ln52_5', codes_lab5/HLS_sources_final/templatedFuncs.h:52) [83]  (3.73 ns)
	'getelementptr' operation ('mem_1_0_addr', codes_lab5/HLS_sources_final/templatedFuncs.h:52) [85]  (0 ns)
	'load' operation ('mem_1_0_load', codes_lab5/HLS_sources_final/templatedFuncs.h:52) on array 'mem_1_0' [86]  (3.25 ns)

 <State 3>: 4.84ns
The critical path consists of the following:
	'load' operation ('mem_1_0_load', codes_lab5/HLS_sources_final/templatedFuncs.h:52) on array 'mem_1_0' [86]  (3.25 ns)
	'store' operation ('store_ln52', codes_lab5/HLS_sources_final/templatedFuncs.h:52) of variable 'mem_1_0_load', codes_lab5/HLS_sources_final/templatedFuncs.h:52 on local variable 'empty_135' [116]  (1.59 ns)


============================================================
+ Verbose Summary: Binding
============================================================
N/A
* FSMD analyzer results:
  - Output states:
 - Input state : 
  - Chain level:
	State 1
	State 2
	State 3


============================================================
+ Verbose Summary: Datapath Resource usage 
============================================================
N/A
