

================================================================
== Vitis HLS Report for 'conv2D_1_s'
================================================================
* Date:           Thu Dec 25 15:19:35 2025

* Version:        2022.1 (Build 3526262 on Mon Apr 18 15:48:16 MDT 2022)
* Project:        Day_5_final_boss
* Solution:       sol5 (Vivado IP Flow Target)
* Product family: zynq
* Target device:  xc7z020-clg400-1


================================================================
== Performance Estimates
================================================================
+ Timing: 
    * Summary: 
    +--------+----------+----------+------------+
    |  Clock |  Target  | Estimated| Uncertainty|
    +--------+----------+----------+------------+
    |ap_clk  |  10.00 ns|  7.256 ns|     2.70 ns|
    +--------+----------+----------+------------+

+ Latency: 
    * Summary: 
    +---------+---------+----------+----------+-----+-----+---------+
    |  Latency (cycles) |  Latency (absolute) |  Interval | Pipeline|
    |   min   |   max   |    min   |    max   | min | max |   Type  |
    +---------+---------+----------+----------+-----+-----+---------+
    |       23|       23|  0.230 us|  0.230 us|    1|    1|      yes|
    +---------+---------+----------+----------+-----+-----+---------+

    + Detail: 
        * Instance: 
        N/A

        * Loop: 
        N/A



================================================================
== Utilization Estimates
================================================================
* Summary: 
+-----------------+---------+-----+--------+-------+-----+
|       Name      | BRAM_18K| DSP |   FF   |  LUT  | URAM|
+-----------------+---------+-----+--------+-------+-----+
|DSP              |        -|    -|       -|      -|    -|
|Expression       |        -|    -|       -|      -|    -|
|FIFO             |        -|    -|       -|      -|    -|
|Instance         |        -|   45|    3132|   6399|    -|
|Memory           |        -|    -|       -|      -|    -|
|Multiplexer      |        -|    -|       -|      -|    -|
|Register         |        -|    -|    1312|     64|    -|
+-----------------+---------+-----+--------+-------+-----+
|Total            |        0|   45|    4444|   6463|    0|
+-----------------+---------+-----+--------+-------+-----+
|Available        |      280|  220|  106400|  53200|    0|
+-----------------+---------+-----+--------+-------+-----+
|Utilization (%)  |        0|   20|       4|     12|    0|
+-----------------+---------+-----+--------+-------+-----+

+ Detail: 
    * Instance: 
    +------------------------------------+--------------------------------+---------+----+-----+-----+-----+
    |              Instance              |             Module             | BRAM_18K| DSP|  FF | LUT | URAM|
    +------------------------------------+--------------------------------+---------+----+-----+-----+-----+
    |fadd_32ns_32ns_32_5_full_dsp_1_U51  |fadd_32ns_32ns_32_5_full_dsp_1  |        0|   2|  205|  390|    0|
    |fadd_32ns_32ns_32_5_full_dsp_1_U52  |fadd_32ns_32ns_32_5_full_dsp_1  |        0|   2|  205|  390|    0|
    |fadd_32ns_32ns_32_5_full_dsp_1_U53  |fadd_32ns_32ns_32_5_full_dsp_1  |        0|   2|  205|  390|    0|
    |fadd_32ns_32ns_32_5_full_dsp_1_U54  |fadd_32ns_32ns_32_5_full_dsp_1  |        0|   2|  205|  390|    0|
    |fadd_32ns_32ns_32_5_full_dsp_1_U55  |fadd_32ns_32ns_32_5_full_dsp_1  |        0|   2|  205|  390|    0|
    |fadd_32ns_32ns_32_5_full_dsp_1_U56  |fadd_32ns_32ns_32_5_full_dsp_1  |        0|   2|  205|  390|    0|
    |fadd_32ns_32ns_32_5_full_dsp_1_U57  |fadd_32ns_32ns_32_5_full_dsp_1  |        0|   2|  205|  390|    0|
    |fadd_32ns_32ns_32_5_full_dsp_1_U58  |fadd_32ns_32ns_32_5_full_dsp_1  |        0|   2|  205|  390|    0|
    |fadd_32ns_32ns_32_5_full_dsp_1_U59  |fadd_32ns_32ns_32_5_full_dsp_1  |        0|   2|  205|  390|    0|
    |fmul_32ns_32ns_32_4_max_dsp_1_U60   |fmul_32ns_32ns_32_4_max_dsp_1   |        0|   3|  143|  321|    0|
    |fmul_32ns_32ns_32_4_max_dsp_1_U61   |fmul_32ns_32ns_32_4_max_dsp_1   |        0|   3|  143|  321|    0|
    |fmul_32ns_32ns_32_4_max_dsp_1_U62   |fmul_32ns_32ns_32_4_max_dsp_1   |        0|   3|  143|  321|    0|
    |fmul_32ns_32ns_32_4_max_dsp_1_U63   |fmul_32ns_32ns_32_4_max_dsp_1   |        0|   3|  143|  321|    0|
    |fmul_32ns_32ns_32_4_max_dsp_1_U64   |fmul_32ns_32ns_32_4_max_dsp_1   |        0|   3|  143|  321|    0|
    |fmul_32ns_32ns_32_4_max_dsp_1_U65   |fmul_32ns_32ns_32_4_max_dsp_1   |        0|   3|  143|  321|    0|
    |fmul_32ns_32ns_32_4_max_dsp_1_U66   |fmul_32ns_32ns_32_4_max_dsp_1   |        0|   3|  143|  321|    0|
    |fmul_32ns_32ns_32_4_max_dsp_1_U67   |fmul_32ns_32ns_32_4_max_dsp_1   |        0|   3|  143|  321|    0|
    |fmul_32ns_32ns_32_4_max_dsp_1_U68   |fmul_32ns_32ns_32_4_max_dsp_1   |        0|   3|  143|  321|    0|
    +------------------------------------+--------------------------------+---------+----+-----+-----+-----+
    |Total                               |                                |        0|  45| 3132| 6399|    0|
    +------------------------------------+--------------------------------+---------+----+-----+-----+-----+

    * DSP: 
    N/A

    * Memory: 
    N/A

    * FIFO: 
    N/A

    * Expression: 
    N/A

    * Multiplexer: 
    N/A

    * Register: 
    +-----------------------+----+----+-----+-----------+
    |          Name         | FF | LUT| Bits| Const Bits|
    +-----------------------+----+----+-----+-----------+
    |mul_1_1_reg_367        |  32|   0|   32|          0|
    |mul_1_2_reg_372        |  32|   0|   32|          0|
    |mul_1_reg_362          |  32|   0|   32|          0|
    |mul_2_1_reg_382        |  32|   0|   32|          0|
    |mul_2_2_reg_387        |  32|   0|   32|          0|
    |mul_2_reg_377          |  32|   0|   32|          0|
    |mul_4_reg_357          |  32|   0|   32|          0|
    |mul_reg_347            |  32|   0|   32|          0|
    |mul_s_reg_352          |  32|   0|   32|          0|
    |p_read10_int_reg       |  32|   0|   32|          0|
    |p_read11_int_reg       |  32|   0|   32|          0|
    |p_read12_int_reg       |  32|   0|   32|          0|
    |p_read13_int_reg       |  32|   0|   32|          0|
    |p_read14_int_reg       |  32|   0|   32|          0|
    |p_read15_int_reg       |  32|   0|   32|          0|
    |p_read16_int_reg       |  32|   0|   32|          0|
    |p_read17_int_reg       |  32|   0|   32|          0|
    |p_read1_int_reg        |  32|   0|   32|          0|
    |p_read2_int_reg        |  32|   0|   32|          0|
    |p_read3_int_reg        |  32|   0|   32|          0|
    |p_read4_int_reg        |  32|   0|   32|          0|
    |p_read5_int_reg        |  32|   0|   32|          0|
    |p_read6_int_reg        |  32|   0|   32|          0|
    |p_read7_int_reg        |  32|   0|   32|          0|
    |p_read8_int_reg        |  32|   0|   32|          0|
    |p_read9_int_reg        |  32|   0|   32|          0|
    |p_read_int_reg         |  32|   0|   32|          0|
    |prev_sum_int_reg       |  32|   0|   32|          0|
    |prev_sum_read_reg_252  |  32|   0|   32|          0|
    |s0_reg_392             |  32|   0|   32|          0|
    |s1_reg_397             |  32|   0|   32|          0|
    |s2_reg_402             |  32|   0|   32|          0|
    |s3_reg_407             |  32|   0|   32|          0|
    |s4_reg_412             |  32|   0|   32|          0|
    |s5_reg_417             |  32|   0|   32|          0|
    |s6_reg_422             |  32|   0|   32|          0|
    |s7_reg_427             |  32|   0|   32|          0|
    |prev_sum_read_reg_252  |  64|  32|   32|          0|
    |s4_reg_412             |  64|  32|   32|          0|
    +-----------------------+----+----+-----+-----------+
    |Total                  |1312|  64| 1248|          0|
    +-----------------------+----+----+-----+-----------+



================================================================
== Interface
================================================================
* Summary: 
+-----------+-----+-----+------------+--------------+--------------+
| RTL Ports | Dir | Bits|  Protocol  | Source Object|    C Type    |
+-----------+-----+-----+------------+--------------+--------------+
|ap_clk     |   in|    1|  ap_ctrl_hs|     conv2D<1>|  return value|
|ap_rst     |   in|    1|  ap_ctrl_hs|     conv2D<1>|  return value|
|ap_return  |  out|   32|  ap_ctrl_hs|     conv2D<1>|  return value|
|p_read     |   in|   32|     ap_none|        p_read|        scalar|
|p_read1    |   in|   32|     ap_none|       p_read1|        scalar|
|p_read2    |   in|   32|     ap_none|       p_read2|        scalar|
|p_read3    |   in|   32|     ap_none|       p_read3|        scalar|
|p_read4    |   in|   32|     ap_none|       p_read4|        scalar|
|p_read5    |   in|   32|     ap_none|       p_read5|        scalar|
|p_read6    |   in|   32|     ap_none|       p_read6|        scalar|
|p_read7    |   in|   32|     ap_none|       p_read7|        scalar|
|p_read8    |   in|   32|     ap_none|       p_read8|        scalar|
|p_read9    |   in|   32|     ap_none|       p_read9|        scalar|
|p_read10   |   in|   32|     ap_none|      p_read10|        scalar|
|p_read11   |   in|   32|     ap_none|      p_read11|        scalar|
|p_read12   |   in|   32|     ap_none|      p_read12|        scalar|
|p_read13   |   in|   32|     ap_none|      p_read13|        scalar|
|p_read14   |   in|   32|     ap_none|      p_read14|        scalar|
|p_read15   |   in|   32|     ap_none|      p_read15|        scalar|
|p_read16   |   in|   32|     ap_none|      p_read16|        scalar|
|p_read17   |   in|   32|     ap_none|      p_read17|        scalar|
|prev_sum   |   in|   32|     ap_none|      prev_sum|        scalar|
+-----------+-----+-----+------------+--------------+--------------+

============================================================
+ Verbose Summary: Synthesis Manager
============================================================
InlineROM: 1
ExposeGlobal: 0
============================================================
+ Verbose Summary: CDFG Model
============================================================
IsTopModel: 0
ResetActiveHigh: 1
IsCombinational: 2
IsDatapathOnly: 1
HasWiredReturn: 1
HasMFsm: 2
HasVarLatency: 0
IsPipeline: 1
IsRtlPipelined: 1
IsInstanceOverlapped: 0
IsDontTouch: 0
HasImplIP: 0
IsGatedGlobalClock: 0

+ Individual pipeline summary: 
  * Pipeline-0: initiation interval (II) = 1, depth = 24


============================================================
+ Verbose Summary: Schedule
============================================================
* Number of FSM states : 24
* Pipeline : 1
  Pipeline-0 : II = 1, D = 24, States = { 1 2 3 4 5 6 7 8 9 10 11 12 13 14 15 16 17 18 19 20 21 22 23 24 }
* Dataflow Pipeline: 0

* FSM state transitions: 
1 --> 2 
2 --> 3 
3 --> 4 
4 --> 5 
5 --> 6 
6 --> 7 
7 --> 8 
8 --> 9 
9 --> 10 
10 --> 11 
11 --> 12 
12 --> 13 
13 --> 14 
14 --> 15 
15 --> 16 
16 --> 17 
17 --> 18 
18 --> 19 
19 --> 20 
20 --> 21 
21 --> 22 
22 --> 23 
23 --> 24 
24 --> 

* FSM state operations: 

State 1 <SV = 0> <Delay = 5.70>
ST_1 : Operation 25 [1/1] (0.00ns)   --->   "%prev_sum_read = read i32 @_ssdm_op_Read.ap_auto.float, i32 %prev_sum" [codes_lab5/HLS_sources_final/templatedFuncs.h:94]   --->   Operation 25 'read' 'prev_sum_read' <Predicate = true> <Delay = 0.00>
ST_1 : Operation 26 [1/1] (0.00ns)   --->   "%p_read_53 = read i32 @_ssdm_op_Read.ap_auto.float, i32 %p_read17" [codes_lab5/HLS_sources_final/templatedFuncs.h:94]   --->   Operation 26 'read' 'p_read_53' <Predicate = true> <Delay = 0.00>
ST_1 : Operation 27 [1/1] (0.00ns)   --->   "%p_read_54 = read i32 @_ssdm_op_Read.ap_auto.float, i32 %p_read16" [codes_lab5/HLS_sources_final/templatedFuncs.h:94]   --->   Operation 27 'read' 'p_read_54' <Predicate = true> <Delay = 0.00>
ST_1 : Operation 28 [1/1] (0.00ns)   --->   "%p_read_55 = read i32 @_ssdm_op_Read.ap_auto.float, i32 %p_read15" [codes_lab5/HLS_sources_final/templatedFuncs.h:94]   --->   Operation 28 'read' 'p_read_55' <Predicate = true> <Delay = 0.00>
ST_1 : Operation 29 [1/1] (0.00ns)   --->   "%p_read_56 = read i32 @_ssdm_op_Read.ap_auto.float, i32 %p_read14" [codes_lab5/HLS_sources_final/templatedFuncs.h:94]   --->   Operation 29 'read' 'p_read_56' <Predicate = true> <Delay = 0.00>
ST_1 : Operation 30 [1/1] (0.00ns)   --->   "%p_read_57 = read i32 @_ssdm_op_Read.ap_auto.float, i32 %p_read13" [codes_lab5/HLS_sources_final/templatedFuncs.h:94]   --->   Operation 30 'read' 'p_read_57' <Predicate = true> <Delay = 0.00>
ST_1 : Operation 31 [1/1] (0.00ns)   --->   "%p_read_58 = read i32 @_ssdm_op_Read.ap_auto.float, i32 %p_read12" [codes_lab5/HLS_sources_final/templatedFuncs.h:94]   --->   Operation 31 'read' 'p_read_58' <Predicate = true> <Delay = 0.00>
ST_1 : Operation 32 [1/1] (0.00ns)   --->   "%p_read_59 = read i32 @_ssdm_op_Read.ap_auto.float, i32 %p_read11" [codes_lab5/HLS_sources_final/templatedFuncs.h:94]   --->   Operation 32 'read' 'p_read_59' <Predicate = true> <Delay = 0.00>
ST_1 : Operation 33 [1/1] (0.00ns)   --->   "%p_read1028 = read i32 @_ssdm_op_Read.ap_auto.float, i32 %p_read10" [codes_lab5/HLS_sources_final/templatedFuncs.h:94]   --->   Operation 33 'read' 'p_read1028' <Predicate = true> <Delay = 0.00>
ST_1 : Operation 34 [1/1] (0.00ns)   --->   "%p_read927 = read i32 @_ssdm_op_Read.ap_auto.float, i32 %p_read9" [codes_lab5/HLS_sources_final/templatedFuncs.h:94]   --->   Operation 34 'read' 'p_read927' <Predicate = true> <Delay = 0.00>
ST_1 : Operation 35 [1/1] (0.00ns)   --->   "%p_read826 = read i32 @_ssdm_op_Read.ap_auto.float, i32 %p_read8" [codes_lab5/HLS_sources_final/templatedFuncs.h:94]   --->   Operation 35 'read' 'p_read826' <Predicate = true> <Delay = 0.00>
ST_1 : Operation 36 [1/1] (0.00ns)   --->   "%p_read725 = read i32 @_ssdm_op_Read.ap_auto.float, i32 %p_read7" [codes_lab5/HLS_sources_final/templatedFuncs.h:94]   --->   Operation 36 'read' 'p_read725' <Predicate = true> <Delay = 0.00>
ST_1 : Operation 37 [1/1] (0.00ns)   --->   "%p_read624 = read i32 @_ssdm_op_Read.ap_auto.float, i32 %p_read6" [codes_lab5/HLS_sources_final/templatedFuncs.h:94]   --->   Operation 37 'read' 'p_read624' <Predicate = true> <Delay = 0.00>
ST_1 : Operation 38 [1/1] (0.00ns)   --->   "%p_read523 = read i32 @_ssdm_op_Read.ap_auto.float, i32 %p_read5" [codes_lab5/HLS_sources_final/templatedFuncs.h:94]   --->   Operation 38 'read' 'p_read523' <Predicate = true> <Delay = 0.00>
ST_1 : Operation 39 [1/1] (0.00ns)   --->   "%p_read422 = read i32 @_ssdm_op_Read.ap_auto.float, i32 %p_read4" [codes_lab5/HLS_sources_final/templatedFuncs.h:94]   --->   Operation 39 'read' 'p_read422' <Predicate = true> <Delay = 0.00>
ST_1 : Operation 40 [1/1] (0.00ns)   --->   "%p_read321 = read i32 @_ssdm_op_Read.ap_auto.float, i32 %p_read3" [codes_lab5/HLS_sources_final/templatedFuncs.h:94]   --->   Operation 40 'read' 'p_read321' <Predicate = true> <Delay = 0.00>
ST_1 : Operation 41 [1/1] (0.00ns)   --->   "%p_read220 = read i32 @_ssdm_op_Read.ap_auto.float, i32 %p_read2" [codes_lab5/HLS_sources_final/templatedFuncs.h:94]   --->   Operation 41 'read' 'p_read220' <Predicate = true> <Delay = 0.00>
ST_1 : Operation 42 [1/1] (0.00ns)   --->   "%p_read119 = read i32 @_ssdm_op_Read.ap_auto.float, i32 %p_read1" [codes_lab5/HLS_sources_final/templatedFuncs.h:94]   --->   Operation 42 'read' 'p_read119' <Predicate = true> <Delay = 0.00>
ST_1 : Operation 43 [1/1] (0.00ns)   --->   "%p_read18 = read i32 @_ssdm_op_Read.ap_auto.float, i32 %p_read" [codes_lab5/HLS_sources_final/templatedFuncs.h:94]   --->   Operation 43 'read' 'p_read18' <Predicate = true> <Delay = 0.00>
ST_1 : Operation 44 [4/4] (5.70ns)   --->   "%mul = fmul i32 %p_read927, i32 %p_read18" [codes_lab5/HLS_sources_final/templatedFuncs.h:94]   --->   Operation 44 'fmul' 'mul' <Predicate = true> <Delay = 5.70> <CoreInst = "FMul_maxdsp">   --->   Core 30 'FMul_maxdsp' <Latency = 3> <II = 1> <Delay = 5.70> <FuncUnit> <Opcode : 'fmul'> <InPorts = 2> <OutPorts = 1>
ST_1 : Operation 45 [4/4] (5.70ns)   --->   "%mul_s = fmul i32 %p_read1028, i32 %p_read119" [codes_lab5/HLS_sources_final/templatedFuncs.h:94]   --->   Operation 45 'fmul' 'mul_s' <Predicate = true> <Delay = 5.70> <CoreInst = "FMul_maxdsp">   --->   Core 30 'FMul_maxdsp' <Latency = 3> <II = 1> <Delay = 5.70> <FuncUnit> <Opcode : 'fmul'> <InPorts = 2> <OutPorts = 1>
ST_1 : Operation 46 [4/4] (5.70ns)   --->   "%mul_4 = fmul i32 %p_read_59, i32 %p_read220" [codes_lab5/HLS_sources_final/templatedFuncs.h:94]   --->   Operation 46 'fmul' 'mul_4' <Predicate = true> <Delay = 5.70> <CoreInst = "FMul_maxdsp">   --->   Core 30 'FMul_maxdsp' <Latency = 3> <II = 1> <Delay = 5.70> <FuncUnit> <Opcode : 'fmul'> <InPorts = 2> <OutPorts = 1>
ST_1 : Operation 47 [4/4] (5.70ns)   --->   "%mul_1 = fmul i32 %p_read_58, i32 %p_read321" [codes_lab5/HLS_sources_final/templatedFuncs.h:94]   --->   Operation 47 'fmul' 'mul_1' <Predicate = true> <Delay = 5.70> <CoreInst = "FMul_maxdsp">   --->   Core 30 'FMul_maxdsp' <Latency = 3> <II = 1> <Delay = 5.70> <FuncUnit> <Opcode : 'fmul'> <InPorts = 2> <OutPorts = 1>
ST_1 : Operation 48 [4/4] (5.70ns)   --->   "%mul_1_1 = fmul i32 %p_read_57, i32 %p_read422" [codes_lab5/HLS_sources_final/templatedFuncs.h:94]   --->   Operation 48 'fmul' 'mul_1_1' <Predicate = true> <Delay = 5.70> <CoreInst = "FMul_maxdsp">   --->   Core 30 'FMul_maxdsp' <Latency = 3> <II = 1> <Delay = 5.70> <FuncUnit> <Opcode : 'fmul'> <InPorts = 2> <OutPorts = 1>
ST_1 : Operation 49 [4/4] (5.70ns)   --->   "%mul_1_2 = fmul i32 %p_read_56, i32 %p_read523" [codes_lab5/HLS_sources_final/templatedFuncs.h:94]   --->   Operation 49 'fmul' 'mul_1_2' <Predicate = true> <Delay = 5.70> <CoreInst = "FMul_maxdsp">   --->   Core 30 'FMul_maxdsp' <Latency = 3> <II = 1> <Delay = 5.70> <FuncUnit> <Opcode : 'fmul'> <InPorts = 2> <OutPorts = 1>
ST_1 : Operation 50 [4/4] (5.70ns)   --->   "%mul_2 = fmul i32 %p_read_55, i32 %p_read624" [codes_lab5/HLS_sources_final/templatedFuncs.h:94]   --->   Operation 50 'fmul' 'mul_2' <Predicate = true> <Delay = 5.70> <CoreInst = "FMul_maxdsp">   --->   Core 30 'FMul_maxdsp' <Latency = 3> <II = 1> <Delay = 5.70> <FuncUnit> <Opcode : 'fmul'> <InPorts = 2> <OutPorts = 1>
ST_1 : Operation 51 [4/4] (5.70ns)   --->   "%mul_2_1 = fmul i32 %p_read_54, i32 %p_read725" [codes_lab5/HLS_sources_final/templatedFuncs.h:94]   --->   Operation 51 'fmul' 'mul_2_1' <Predicate = true> <Delay = 5.70> <CoreInst = "FMul_maxdsp">   --->   Core 30 'FMul_maxdsp' <Latency = 3> <II = 1> <Delay = 5.70> <FuncUnit> <Opcode : 'fmul'> <InPorts = 2> <OutPorts = 1>
ST_1 : Operation 52 [4/4] (5.70ns)   --->   "%mul_2_2 = fmul i32 %p_read_53, i32 %p_read826" [codes_lab5/HLS_sources_final/templatedFuncs.h:94]   --->   Operation 52 'fmul' 'mul_2_2' <Predicate = true> <Delay = 5.70> <CoreInst = "FMul_maxdsp">   --->   Core 30 'FMul_maxdsp' <Latency = 3> <II = 1> <Delay = 5.70> <FuncUnit> <Opcode : 'fmul'> <InPorts = 2> <OutPorts = 1>

State 2 <SV = 1> <Delay = 5.70>
ST_2 : Operation 53 [3/4] (5.70ns)   --->   "%mul = fmul i32 %p_read927, i32 %p_read18" [codes_lab5/HLS_sources_final/templatedFuncs.h:94]   --->   Operation 53 'fmul' 'mul' <Predicate = true> <Delay = 5.70> <CoreInst = "FMul_maxdsp">   --->   Core 30 'FMul_maxdsp' <Latency = 3> <II = 1> <Delay = 5.70> <FuncUnit> <Opcode : 'fmul'> <InPorts = 2> <OutPorts = 1>
ST_2 : Operation 54 [3/4] (5.70ns)   --->   "%mul_s = fmul i32 %p_read1028, i32 %p_read119" [codes_lab5/HLS_sources_final/templatedFuncs.h:94]   --->   Operation 54 'fmul' 'mul_s' <Predicate = true> <Delay = 5.70> <CoreInst = "FMul_maxdsp">   --->   Core 30 'FMul_maxdsp' <Latency = 3> <II = 1> <Delay = 5.70> <FuncUnit> <Opcode : 'fmul'> <InPorts = 2> <OutPorts = 1>
ST_2 : Operation 55 [3/4] (5.70ns)   --->   "%mul_4 = fmul i32 %p_read_59, i32 %p_read220" [codes_lab5/HLS_sources_final/templatedFuncs.h:94]   --->   Operation 55 'fmul' 'mul_4' <Predicate = true> <Delay = 5.70> <CoreInst = "FMul_maxdsp">   --->   Core 30 'FMul_maxdsp' <Latency = 3> <II = 1> <Delay = 5.70> <FuncUnit> <Opcode : 'fmul'> <InPorts = 2> <OutPorts = 1>
ST_2 : Operation 56 [3/4] (5.70ns)   --->   "%mul_1 = fmul i32 %p_read_58, i32 %p_read321" [codes_lab5/HLS_sources_final/templatedFuncs.h:94]   --->   Operation 56 'fmul' 'mul_1' <Predicate = true> <Delay = 5.70> <CoreInst = "FMul_maxdsp">   --->   Core 30 'FMul_maxdsp' <Latency = 3> <II = 1> <Delay = 5.70> <FuncUnit> <Opcode : 'fmul'> <InPorts = 2> <OutPorts = 1>
ST_2 : Operation 57 [3/4] (5.70ns)   --->   "%mul_1_1 = fmul i32 %p_read_57, i32 %p_read422" [codes_lab5/HLS_sources_final/templatedFuncs.h:94]   --->   Operation 57 'fmul' 'mul_1_1' <Predicate = true> <Delay = 5.70> <CoreInst = "FMul_maxdsp">   --->   Core 30 'FMul_maxdsp' <Latency = 3> <II = 1> <Delay = 5.70> <FuncUnit> <Opcode : 'fmul'> <InPorts = 2> <OutPorts = 1>
ST_2 : Operation 58 [3/4] (5.70ns)   --->   "%mul_1_2 = fmul i32 %p_read_56, i32 %p_read523" [codes_lab5/HLS_sources_final/templatedFuncs.h:94]   --->   Operation 58 'fmul' 'mul_1_2' <Predicate = true> <Delay = 5.70> <CoreInst = "FMul_maxdsp">   --->   Core 30 'FMul_maxdsp' <Latency = 3> <II = 1> <Delay = 5.70> <FuncUnit> <Opcode : 'fmul'> <InPorts = 2> <OutPorts = 1>
ST_2 : Operation 59 [3/4] (5.70ns)   --->   "%mul_2 = fmul i32 %p_read_55, i32 %p_read624" [codes_lab5/HLS_sources_final/templatedFuncs.h:94]   --->   Operation 59 'fmul' 'mul_2' <Predicate = true> <Delay = 5.70> <CoreInst = "FMul_maxdsp">   --->   Core 30 'FMul_maxdsp' <Latency = 3> <II = 1> <Delay = 5.70> <FuncUnit> <Opcode : 'fmul'> <InPorts = 2> <OutPorts = 1>
ST_2 : Operation 60 [3/4] (5.70ns)   --->   "%mul_2_1 = fmul i32 %p_read_54, i32 %p_read725" [codes_lab5/HLS_sources_final/templatedFuncs.h:94]   --->   Operation 60 'fmul' 'mul_2_1' <Predicate = true> <Delay = 5.70> <CoreInst = "FMul_maxdsp">   --->   Core 30 'FMul_maxdsp' <Latency = 3> <II = 1> <Delay = 5.70> <FuncUnit> <Opcode : 'fmul'> <InPorts = 2> <OutPorts = 1>
ST_2 : Operation 61 [3/4] (5.70ns)   --->   "%mul_2_2 = fmul i32 %p_read_53, i32 %p_read826" [codes_lab5/HLS_sources_final/templatedFuncs.h:94]   --->   Operation 61 'fmul' 'mul_2_2' <Predicate = true> <Delay = 5.70> <CoreInst = "FMul_maxdsp">   --->   Core 30 'FMul_maxdsp' <Latency = 3> <II = 1> <Delay = 5.70> <FuncUnit> <Opcode : 'fmul'> <InPorts = 2> <OutPorts = 1>

State 3 <SV = 2> <Delay = 5.70>
ST_3 : Operation 62 [2/4] (5.70ns)   --->   "%mul = fmul i32 %p_read927, i32 %p_read18" [codes_lab5/HLS_sources_final/templatedFuncs.h:94]   --->   Operation 62 'fmul' 'mul' <Predicate = true> <Delay = 5.70> <CoreInst = "FMul_maxdsp">   --->   Core 30 'FMul_maxdsp' <Latency = 3> <II = 1> <Delay = 5.70> <FuncUnit> <Opcode : 'fmul'> <InPorts = 2> <OutPorts = 1>
ST_3 : Operation 63 [2/4] (5.70ns)   --->   "%mul_s = fmul i32 %p_read1028, i32 %p_read119" [codes_lab5/HLS_sources_final/templatedFuncs.h:94]   --->   Operation 63 'fmul' 'mul_s' <Predicate = true> <Delay = 5.70> <CoreInst = "FMul_maxdsp">   --->   Core 30 'FMul_maxdsp' <Latency = 3> <II = 1> <Delay = 5.70> <FuncUnit> <Opcode : 'fmul'> <InPorts = 2> <OutPorts = 1>
ST_3 : Operation 64 [2/4] (5.70ns)   --->   "%mul_4 = fmul i32 %p_read_59, i32 %p_read220" [codes_lab5/HLS_sources_final/templatedFuncs.h:94]   --->   Operation 64 'fmul' 'mul_4' <Predicate = true> <Delay = 5.70> <CoreInst = "FMul_maxdsp">   --->   Core 30 'FMul_maxdsp' <Latency = 3> <II = 1> <Delay = 5.70> <FuncUnit> <Opcode : 'fmul'> <InPorts = 2> <OutPorts = 1>
ST_3 : Operation 65 [2/4] (5.70ns)   --->   "%mul_1 = fmul i32 %p_read_58, i32 %p_read321" [codes_lab5/HLS_sources_final/templatedFuncs.h:94]   --->   Operation 65 'fmul' 'mul_1' <Predicate = true> <Delay = 5.70> <CoreInst = "FMul_maxdsp">   --->   Core 30 'FMul_maxdsp' <Latency = 3> <II = 1> <Delay = 5.70> <FuncUnit> <Opcode : 'fmul'> <InPorts = 2> <OutPorts = 1>
ST_3 : Operation 66 [2/4] (5.70ns)   --->   "%mul_1_1 = fmul i32 %p_read_57, i32 %p_read422" [codes_lab5/HLS_sources_final/templatedFuncs.h:94]   --->   Operation 66 'fmul' 'mul_1_1' <Predicate = true> <Delay = 5.70> <CoreInst = "FMul_maxdsp">   --->   Core 30 'FMul_maxdsp' <Latency = 3> <II = 1> <Delay = 5.70> <FuncUnit> <Opcode : 'fmul'> <InPorts = 2> <OutPorts = 1>
ST_3 : Operation 67 [2/4] (5.70ns)   --->   "%mul_1_2 = fmul i32 %p_read_56, i32 %p_read523" [codes_lab5/HLS_sources_final/templatedFuncs.h:94]   --->   Operation 67 'fmul' 'mul_1_2' <Predicate = true> <Delay = 5.70> <CoreInst = "FMul_maxdsp">   --->   Core 30 'FMul_maxdsp' <Latency = 3> <II = 1> <Delay = 5.70> <FuncUnit> <Opcode : 'fmul'> <InPorts = 2> <OutPorts = 1>
ST_3 : Operation 68 [2/4] (5.70ns)   --->   "%mul_2 = fmul i32 %p_read_55, i32 %p_read624" [codes_lab5/HLS_sources_final/templatedFuncs.h:94]   --->   Operation 68 'fmul' 'mul_2' <Predicate = true> <Delay = 5.70> <CoreInst = "FMul_maxdsp">   --->   Core 30 'FMul_maxdsp' <Latency = 3> <II = 1> <Delay = 5.70> <FuncUnit> <Opcode : 'fmul'> <InPorts = 2> <OutPorts = 1>
ST_3 : Operation 69 [2/4] (5.70ns)   --->   "%mul_2_1 = fmul i32 %p_read_54, i32 %p_read725" [codes_lab5/HLS_sources_final/templatedFuncs.h:94]   --->   Operation 69 'fmul' 'mul_2_1' <Predicate = true> <Delay = 5.70> <CoreInst = "FMul_maxdsp">   --->   Core 30 'FMul_maxdsp' <Latency = 3> <II = 1> <Delay = 5.70> <FuncUnit> <Opcode : 'fmul'> <InPorts = 2> <OutPorts = 1>
ST_3 : Operation 70 [2/4] (5.70ns)   --->   "%mul_2_2 = fmul i32 %p_read_53, i32 %p_read826" [codes_lab5/HLS_sources_final/templatedFuncs.h:94]   --->   Operation 70 'fmul' 'mul_2_2' <Predicate = true> <Delay = 5.70> <CoreInst = "FMul_maxdsp">   --->   Core 30 'FMul_maxdsp' <Latency = 3> <II = 1> <Delay = 5.70> <FuncUnit> <Opcode : 'fmul'> <InPorts = 2> <OutPorts = 1>

State 4 <SV = 3> <Delay = 5.70>
ST_4 : Operation 71 [1/4] (5.70ns)   --->   "%mul = fmul i32 %p_read927, i32 %p_read18" [codes_lab5/HLS_sources_final/templatedFuncs.h:94]   --->   Operation 71 'fmul' 'mul' <Predicate = true> <Delay = 5.70> <CoreInst = "FMul_maxdsp">   --->   Core 30 'FMul_maxdsp' <Latency = 3> <II = 1> <Delay = 5.70> <FuncUnit> <Opcode : 'fmul'> <InPorts = 2> <OutPorts = 1>
ST_4 : Operation 72 [1/4] (5.70ns)   --->   "%mul_s = fmul i32 %p_read1028, i32 %p_read119" [codes_lab5/HLS_sources_final/templatedFuncs.h:94]   --->   Operation 72 'fmul' 'mul_s' <Predicate = true> <Delay = 5.70> <CoreInst = "FMul_maxdsp">   --->   Core 30 'FMul_maxdsp' <Latency = 3> <II = 1> <Delay = 5.70> <FuncUnit> <Opcode : 'fmul'> <InPorts = 2> <OutPorts = 1>
ST_4 : Operation 73 [1/4] (5.70ns)   --->   "%mul_4 = fmul i32 %p_read_59, i32 %p_read220" [codes_lab5/HLS_sources_final/templatedFuncs.h:94]   --->   Operation 73 'fmul' 'mul_4' <Predicate = true> <Delay = 5.70> <CoreInst = "FMul_maxdsp">   --->   Core 30 'FMul_maxdsp' <Latency = 3> <II = 1> <Delay = 5.70> <FuncUnit> <Opcode : 'fmul'> <InPorts = 2> <OutPorts = 1>
ST_4 : Operation 74 [1/4] (5.70ns)   --->   "%mul_1 = fmul i32 %p_read_58, i32 %p_read321" [codes_lab5/HLS_sources_final/templatedFuncs.h:94]   --->   Operation 74 'fmul' 'mul_1' <Predicate = true> <Delay = 5.70> <CoreInst = "FMul_maxdsp">   --->   Core 30 'FMul_maxdsp' <Latency = 3> <II = 1> <Delay = 5.70> <FuncUnit> <Opcode : 'fmul'> <InPorts = 2> <OutPorts = 1>
ST_4 : Operation 75 [1/4] (5.70ns)   --->   "%mul_1_1 = fmul i32 %p_read_57, i32 %p_read422" [codes_lab5/HLS_sources_final/templatedFuncs.h:94]   --->   Operation 75 'fmul' 'mul_1_1' <Predicate = true> <Delay = 5.70> <CoreInst = "FMul_maxdsp">   --->   Core 30 'FMul_maxdsp' <Latency = 3> <II = 1> <Delay = 5.70> <FuncUnit> <Opcode : 'fmul'> <InPorts = 2> <OutPorts = 1>
ST_4 : Operation 76 [1/4] (5.70ns)   --->   "%mul_1_2 = fmul i32 %p_read_56, i32 %p_read523" [codes_lab5/HLS_sources_final/templatedFuncs.h:94]   --->   Operation 76 'fmul' 'mul_1_2' <Predicate = true> <Delay = 5.70> <CoreInst = "FMul_maxdsp">   --->   Core 30 'FMul_maxdsp' <Latency = 3> <II = 1> <Delay = 5.70> <FuncUnit> <Opcode : 'fmul'> <InPorts = 2> <OutPorts = 1>
ST_4 : Operation 77 [1/4] (5.70ns)   --->   "%mul_2 = fmul i32 %p_read_55, i32 %p_read624" [codes_lab5/HLS_sources_final/templatedFuncs.h:94]   --->   Operation 77 'fmul' 'mul_2' <Predicate = true> <Delay = 5.70> <CoreInst = "FMul_maxdsp">   --->   Core 30 'FMul_maxdsp' <Latency = 3> <II = 1> <Delay = 5.70> <FuncUnit> <Opcode : 'fmul'> <InPorts = 2> <OutPorts = 1>
ST_4 : Operation 78 [1/4] (5.70ns)   --->   "%mul_2_1 = fmul i32 %p_read_54, i32 %p_read725" [codes_lab5/HLS_sources_final/templatedFuncs.h:94]   --->   Operation 78 'fmul' 'mul_2_1' <Predicate = true> <Delay = 5.70> <CoreInst = "FMul_maxdsp">   --->   Core 30 'FMul_maxdsp' <Latency = 3> <II = 1> <Delay = 5.70> <FuncUnit> <Opcode : 'fmul'> <InPorts = 2> <OutPorts = 1>
ST_4 : Operation 79 [1/4] (5.70ns)   --->   "%mul_2_2 = fmul i32 %p_read_53, i32 %p_read826" [codes_lab5/HLS_sources_final/templatedFuncs.h:94]   --->   Operation 79 'fmul' 'mul_2_2' <Predicate = true> <Delay = 5.70> <CoreInst = "FMul_maxdsp">   --->   Core 30 'FMul_maxdsp' <Latency = 3> <II = 1> <Delay = 5.70> <FuncUnit> <Opcode : 'fmul'> <InPorts = 2> <OutPorts = 1>

State 5 <SV = 4> <Delay = 7.25>
ST_5 : Operation 80 [5/5] (7.25ns)   --->   "%s0 = fadd i32 %mul, i32 %mul_s" [codes_lab5/HLS_sources_final/templatedFuncs.h:99]   --->   Operation 80 'fadd' 's0' <Predicate = true> <Delay = 7.25> <CoreInst = "FAddSub_fulldsp">   --->   Core 18 'FAddSub_fulldsp' <Latency = 4> <II = 1> <Delay = 7.25> <FuncUnit> <Opcode : 'fadd' 'fsub'> <InPorts = 2> <OutPorts = 1>
ST_5 : Operation 81 [5/5] (7.25ns)   --->   "%s1 = fadd i32 %mul_4, i32 %mul_1" [codes_lab5/HLS_sources_final/templatedFuncs.h:100]   --->   Operation 81 'fadd' 's1' <Predicate = true> <Delay = 7.25> <CoreInst = "FAddSub_fulldsp">   --->   Core 18 'FAddSub_fulldsp' <Latency = 4> <II = 1> <Delay = 7.25> <FuncUnit> <Opcode : 'fadd' 'fsub'> <InPorts = 2> <OutPorts = 1>
ST_5 : Operation 82 [5/5] (7.25ns)   --->   "%s2 = fadd i32 %mul_1_1, i32 %mul_1_2" [codes_lab5/HLS_sources_final/templatedFuncs.h:101]   --->   Operation 82 'fadd' 's2' <Predicate = true> <Delay = 7.25> <CoreInst = "FAddSub_fulldsp">   --->   Core 18 'FAddSub_fulldsp' <Latency = 4> <II = 1> <Delay = 7.25> <FuncUnit> <Opcode : 'fadd' 'fsub'> <InPorts = 2> <OutPorts = 1>
ST_5 : Operation 83 [5/5] (7.25ns)   --->   "%s3 = fadd i32 %mul_2, i32 %mul_2_1" [codes_lab5/HLS_sources_final/templatedFuncs.h:102]   --->   Operation 83 'fadd' 's3' <Predicate = true> <Delay = 7.25> <CoreInst = "FAddSub_fulldsp">   --->   Core 18 'FAddSub_fulldsp' <Latency = 4> <II = 1> <Delay = 7.25> <FuncUnit> <Opcode : 'fadd' 'fsub'> <InPorts = 2> <OutPorts = 1>
ST_5 : Operation 84 [5/5] (7.25ns)   --->   "%s4 = fadd i32 %mul_2_2, i32 %prev_sum_read" [codes_lab5/HLS_sources_final/templatedFuncs.h:104]   --->   Operation 84 'fadd' 's4' <Predicate = true> <Delay = 7.25> <CoreInst = "FAddSub_fulldsp">   --->   Core 18 'FAddSub_fulldsp' <Latency = 4> <II = 1> <Delay = 7.25> <FuncUnit> <Opcode : 'fadd' 'fsub'> <InPorts = 2> <OutPorts = 1>

State 6 <SV = 5> <Delay = 7.25>
ST_6 : Operation 85 [4/5] (7.25ns)   --->   "%s0 = fadd i32 %mul, i32 %mul_s" [codes_lab5/HLS_sources_final/templatedFuncs.h:99]   --->   Operation 85 'fadd' 's0' <Predicate = true> <Delay = 7.25> <CoreInst = "FAddSub_fulldsp">   --->   Core 18 'FAddSub_fulldsp' <Latency = 4> <II = 1> <Delay = 7.25> <FuncUnit> <Opcode : 'fadd' 'fsub'> <InPorts = 2> <OutPorts = 1>
ST_6 : Operation 86 [4/5] (7.25ns)   --->   "%s1 = fadd i32 %mul_4, i32 %mul_1" [codes_lab5/HLS_sources_final/templatedFuncs.h:100]   --->   Operation 86 'fadd' 's1' <Predicate = true> <Delay = 7.25> <CoreInst = "FAddSub_fulldsp">   --->   Core 18 'FAddSub_fulldsp' <Latency = 4> <II = 1> <Delay = 7.25> <FuncUnit> <Opcode : 'fadd' 'fsub'> <InPorts = 2> <OutPorts = 1>
ST_6 : Operation 87 [4/5] (7.25ns)   --->   "%s2 = fadd i32 %mul_1_1, i32 %mul_1_2" [codes_lab5/HLS_sources_final/templatedFuncs.h:101]   --->   Operation 87 'fadd' 's2' <Predicate = true> <Delay = 7.25> <CoreInst = "FAddSub_fulldsp">   --->   Core 18 'FAddSub_fulldsp' <Latency = 4> <II = 1> <Delay = 7.25> <FuncUnit> <Opcode : 'fadd' 'fsub'> <InPorts = 2> <OutPorts = 1>
ST_6 : Operation 88 [4/5] (7.25ns)   --->   "%s3 = fadd i32 %mul_2, i32 %mul_2_1" [codes_lab5/HLS_sources_final/templatedFuncs.h:102]   --->   Operation 88 'fadd' 's3' <Predicate = true> <Delay = 7.25> <CoreInst = "FAddSub_fulldsp">   --->   Core 18 'FAddSub_fulldsp' <Latency = 4> <II = 1> <Delay = 7.25> <FuncUnit> <Opcode : 'fadd' 'fsub'> <InPorts = 2> <OutPorts = 1>
ST_6 : Operation 89 [4/5] (7.25ns)   --->   "%s4 = fadd i32 %mul_2_2, i32 %prev_sum_read" [codes_lab5/HLS_sources_final/templatedFuncs.h:104]   --->   Operation 89 'fadd' 's4' <Predicate = true> <Delay = 7.25> <CoreInst = "FAddSub_fulldsp">   --->   Core 18 'FAddSub_fulldsp' <Latency = 4> <II = 1> <Delay = 7.25> <FuncUnit> <Opcode : 'fadd' 'fsub'> <InPorts = 2> <OutPorts = 1>

State 7 <SV = 6> <Delay = 7.25>
ST_7 : Operation 90 [3/5] (7.25ns)   --->   "%s0 = fadd i32 %mul, i32 %mul_s" [codes_lab5/HLS_sources_final/templatedFuncs.h:99]   --->   Operation 90 'fadd' 's0' <Predicate = true> <Delay = 7.25> <CoreInst = "FAddSub_fulldsp">   --->   Core 18 'FAddSub_fulldsp' <Latency = 4> <II = 1> <Delay = 7.25> <FuncUnit> <Opcode : 'fadd' 'fsub'> <InPorts = 2> <OutPorts = 1>
ST_7 : Operation 91 [3/5] (7.25ns)   --->   "%s1 = fadd i32 %mul_4, i32 %mul_1" [codes_lab5/HLS_sources_final/templatedFuncs.h:100]   --->   Operation 91 'fadd' 's1' <Predicate = true> <Delay = 7.25> <CoreInst = "FAddSub_fulldsp">   --->   Core 18 'FAddSub_fulldsp' <Latency = 4> <II = 1> <Delay = 7.25> <FuncUnit> <Opcode : 'fadd' 'fsub'> <InPorts = 2> <OutPorts = 1>
ST_7 : Operation 92 [3/5] (7.25ns)   --->   "%s2 = fadd i32 %mul_1_1, i32 %mul_1_2" [codes_lab5/HLS_sources_final/templatedFuncs.h:101]   --->   Operation 92 'fadd' 's2' <Predicate = true> <Delay = 7.25> <CoreInst = "FAddSub_fulldsp">   --->   Core 18 'FAddSub_fulldsp' <Latency = 4> <II = 1> <Delay = 7.25> <FuncUnit> <Opcode : 'fadd' 'fsub'> <InPorts = 2> <OutPorts = 1>
ST_7 : Operation 93 [3/5] (7.25ns)   --->   "%s3 = fadd i32 %mul_2, i32 %mul_2_1" [codes_lab5/HLS_sources_final/templatedFuncs.h:102]   --->   Operation 93 'fadd' 's3' <Predicate = true> <Delay = 7.25> <CoreInst = "FAddSub_fulldsp">   --->   Core 18 'FAddSub_fulldsp' <Latency = 4> <II = 1> <Delay = 7.25> <FuncUnit> <Opcode : 'fadd' 'fsub'> <InPorts = 2> <OutPorts = 1>
ST_7 : Operation 94 [3/5] (7.25ns)   --->   "%s4 = fadd i32 %mul_2_2, i32 %prev_sum_read" [codes_lab5/HLS_sources_final/templatedFuncs.h:104]   --->   Operation 94 'fadd' 's4' <Predicate = true> <Delay = 7.25> <CoreInst = "FAddSub_fulldsp">   --->   Core 18 'FAddSub_fulldsp' <Latency = 4> <II = 1> <Delay = 7.25> <FuncUnit> <Opcode : 'fadd' 'fsub'> <InPorts = 2> <OutPorts = 1>

State 8 <SV = 7> <Delay = 7.25>
ST_8 : Operation 95 [2/5] (7.25ns)   --->   "%s0 = fadd i32 %mul, i32 %mul_s" [codes_lab5/HLS_sources_final/templatedFuncs.h:99]   --->   Operation 95 'fadd' 's0' <Predicate = true> <Delay = 7.25> <CoreInst = "FAddSub_fulldsp">   --->   Core 18 'FAddSub_fulldsp' <Latency = 4> <II = 1> <Delay = 7.25> <FuncUnit> <Opcode : 'fadd' 'fsub'> <InPorts = 2> <OutPorts = 1>
ST_8 : Operation 96 [2/5] (7.25ns)   --->   "%s1 = fadd i32 %mul_4, i32 %mul_1" [codes_lab5/HLS_sources_final/templatedFuncs.h:100]   --->   Operation 96 'fadd' 's1' <Predicate = true> <Delay = 7.25> <CoreInst = "FAddSub_fulldsp">   --->   Core 18 'FAddSub_fulldsp' <Latency = 4> <II = 1> <Delay = 7.25> <FuncUnit> <Opcode : 'fadd' 'fsub'> <InPorts = 2> <OutPorts = 1>
ST_8 : Operation 97 [2/5] (7.25ns)   --->   "%s2 = fadd i32 %mul_1_1, i32 %mul_1_2" [codes_lab5/HLS_sources_final/templatedFuncs.h:101]   --->   Operation 97 'fadd' 's2' <Predicate = true> <Delay = 7.25> <CoreInst = "FAddSub_fulldsp">   --->   Core 18 'FAddSub_fulldsp' <Latency = 4> <II = 1> <Delay = 7.25> <FuncUnit> <Opcode : 'fadd' 'fsub'> <InPorts = 2> <OutPorts = 1>
ST_8 : Operation 98 [2/5] (7.25ns)   --->   "%s3 = fadd i32 %mul_2, i32 %mul_2_1" [codes_lab5/HLS_sources_final/templatedFuncs.h:102]   --->   Operation 98 'fadd' 's3' <Predicate = true> <Delay = 7.25> <CoreInst = "FAddSub_fulldsp">   --->   Core 18 'FAddSub_fulldsp' <Latency = 4> <II = 1> <Delay = 7.25> <FuncUnit> <Opcode : 'fadd' 'fsub'> <InPorts = 2> <OutPorts = 1>
ST_8 : Operation 99 [2/5] (7.25ns)   --->   "%s4 = fadd i32 %mul_2_2, i32 %prev_sum_read" [codes_lab5/HLS_sources_final/templatedFuncs.h:104]   --->   Operation 99 'fadd' 's4' <Predicate = true> <Delay = 7.25> <CoreInst = "FAddSub_fulldsp">   --->   Core 18 'FAddSub_fulldsp' <Latency = 4> <II = 1> <Delay = 7.25> <FuncUnit> <Opcode : 'fadd' 'fsub'> <InPorts = 2> <OutPorts = 1>

State 9 <SV = 8> <Delay = 7.25>
ST_9 : Operation 100 [1/5] (7.25ns)   --->   "%s0 = fadd i32 %mul, i32 %mul_s" [codes_lab5/HLS_sources_final/templatedFuncs.h:99]   --->   Operation 100 'fadd' 's0' <Predicate = true> <Delay = 7.25> <CoreInst = "FAddSub_fulldsp">   --->   Core 18 'FAddSub_fulldsp' <Latency = 4> <II = 1> <Delay = 7.25> <FuncUnit> <Opcode : 'fadd' 'fsub'> <InPorts = 2> <OutPorts = 1>
ST_9 : Operation 101 [1/5] (7.25ns)   --->   "%s1 = fadd i32 %mul_4, i32 %mul_1" [codes_lab5/HLS_sources_final/templatedFuncs.h:100]   --->   Operation 101 'fadd' 's1' <Predicate = true> <Delay = 7.25> <CoreInst = "FAddSub_fulldsp">   --->   Core 18 'FAddSub_fulldsp' <Latency = 4> <II = 1> <Delay = 7.25> <FuncUnit> <Opcode : 'fadd' 'fsub'> <InPorts = 2> <OutPorts = 1>
ST_9 : Operation 102 [1/5] (7.25ns)   --->   "%s2 = fadd i32 %mul_1_1, i32 %mul_1_2" [codes_lab5/HLS_sources_final/templatedFuncs.h:101]   --->   Operation 102 'fadd' 's2' <Predicate = true> <Delay = 7.25> <CoreInst = "FAddSub_fulldsp">   --->   Core 18 'FAddSub_fulldsp' <Latency = 4> <II = 1> <Delay = 7.25> <FuncUnit> <Opcode : 'fadd' 'fsub'> <InPorts = 2> <OutPorts = 1>
ST_9 : Operation 103 [1/5] (7.25ns)   --->   "%s3 = fadd i32 %mul_2, i32 %mul_2_1" [codes_lab5/HLS_sources_final/templatedFuncs.h:102]   --->   Operation 103 'fadd' 's3' <Predicate = true> <Delay = 7.25> <CoreInst = "FAddSub_fulldsp">   --->   Core 18 'FAddSub_fulldsp' <Latency = 4> <II = 1> <Delay = 7.25> <FuncUnit> <Opcode : 'fadd' 'fsub'> <InPorts = 2> <OutPorts = 1>
ST_9 : Operation 104 [1/5] (7.25ns)   --->   "%s4 = fadd i32 %mul_2_2, i32 %prev_sum_read" [codes_lab5/HLS_sources_final/templatedFuncs.h:104]   --->   Operation 104 'fadd' 's4' <Predicate = true> <Delay = 7.25> <CoreInst = "FAddSub_fulldsp">   --->   Core 18 'FAddSub_fulldsp' <Latency = 4> <II = 1> <Delay = 7.25> <FuncUnit> <Opcode : 'fadd' 'fsub'> <InPorts = 2> <OutPorts = 1>

State 10 <SV = 9> <Delay = 7.25>
ST_10 : Operation 105 [5/5] (7.25ns)   --->   "%s5 = fadd i32 %s0, i32 %s1" [codes_lab5/HLS_sources_final/templatedFuncs.h:106]   --->   Operation 105 'fadd' 's5' <Predicate = true> <Delay = 7.25> <CoreInst = "FAddSub_fulldsp">   --->   Core 18 'FAddSub_fulldsp' <Latency = 4> <II = 1> <Delay = 7.25> <FuncUnit> <Opcode : 'fadd' 'fsub'> <InPorts = 2> <OutPorts = 1>
ST_10 : Operation 106 [5/5] (7.25ns)   --->   "%s6 = fadd i32 %s2, i32 %s3" [codes_lab5/HLS_sources_final/templatedFuncs.h:107]   --->   Operation 106 'fadd' 's6' <Predicate = true> <Delay = 7.25> <CoreInst = "FAddSub_fulldsp">   --->   Core 18 'FAddSub_fulldsp' <Latency = 4> <II = 1> <Delay = 7.25> <FuncUnit> <Opcode : 'fadd' 'fsub'> <InPorts = 2> <OutPorts = 1>

State 11 <SV = 10> <Delay = 7.25>
ST_11 : Operation 107 [4/5] (7.25ns)   --->   "%s5 = fadd i32 %s0, i32 %s1" [codes_lab5/HLS_sources_final/templatedFuncs.h:106]   --->   Operation 107 'fadd' 's5' <Predicate = true> <Delay = 7.25> <CoreInst = "FAddSub_fulldsp">   --->   Core 18 'FAddSub_fulldsp' <Latency = 4> <II = 1> <Delay = 7.25> <FuncUnit> <Opcode : 'fadd' 'fsub'> <InPorts = 2> <OutPorts = 1>
ST_11 : Operation 108 [4/5] (7.25ns)   --->   "%s6 = fadd i32 %s2, i32 %s3" [codes_lab5/HLS_sources_final/templatedFuncs.h:107]   --->   Operation 108 'fadd' 's6' <Predicate = true> <Delay = 7.25> <CoreInst = "FAddSub_fulldsp">   --->   Core 18 'FAddSub_fulldsp' <Latency = 4> <II = 1> <Delay = 7.25> <FuncUnit> <Opcode : 'fadd' 'fsub'> <InPorts = 2> <OutPorts = 1>

State 12 <SV = 11> <Delay = 7.25>
ST_12 : Operation 109 [3/5] (7.25ns)   --->   "%s5 = fadd i32 %s0, i32 %s1" [codes_lab5/HLS_sources_final/templatedFuncs.h:106]   --->   Operation 109 'fadd' 's5' <Predicate = true> <Delay = 7.25> <CoreInst = "FAddSub_fulldsp">   --->   Core 18 'FAddSub_fulldsp' <Latency = 4> <II = 1> <Delay = 7.25> <FuncUnit> <Opcode : 'fadd' 'fsub'> <InPorts = 2> <OutPorts = 1>
ST_12 : Operation 110 [3/5] (7.25ns)   --->   "%s6 = fadd i32 %s2, i32 %s3" [codes_lab5/HLS_sources_final/templatedFuncs.h:107]   --->   Operation 110 'fadd' 's6' <Predicate = true> <Delay = 7.25> <CoreInst = "FAddSub_fulldsp">   --->   Core 18 'FAddSub_fulldsp' <Latency = 4> <II = 1> <Delay = 7.25> <FuncUnit> <Opcode : 'fadd' 'fsub'> <InPorts = 2> <OutPorts = 1>

State 13 <SV = 12> <Delay = 7.25>
ST_13 : Operation 111 [2/5] (7.25ns)   --->   "%s5 = fadd i32 %s0, i32 %s1" [codes_lab5/HLS_sources_final/templatedFuncs.h:106]   --->   Operation 111 'fadd' 's5' <Predicate = true> <Delay = 7.25> <CoreInst = "FAddSub_fulldsp">   --->   Core 18 'FAddSub_fulldsp' <Latency = 4> <II = 1> <Delay = 7.25> <FuncUnit> <Opcode : 'fadd' 'fsub'> <InPorts = 2> <OutPorts = 1>
ST_13 : Operation 112 [2/5] (7.25ns)   --->   "%s6 = fadd i32 %s2, i32 %s3" [codes_lab5/HLS_sources_final/templatedFuncs.h:107]   --->   Operation 112 'fadd' 's6' <Predicate = true> <Delay = 7.25> <CoreInst = "FAddSub_fulldsp">   --->   Core 18 'FAddSub_fulldsp' <Latency = 4> <II = 1> <Delay = 7.25> <FuncUnit> <Opcode : 'fadd' 'fsub'> <InPorts = 2> <OutPorts = 1>

State 14 <SV = 13> <Delay = 7.25>
ST_14 : Operation 113 [1/5] (7.25ns)   --->   "%s5 = fadd i32 %s0, i32 %s1" [codes_lab5/HLS_sources_final/templatedFuncs.h:106]   --->   Operation 113 'fadd' 's5' <Predicate = true> <Delay = 7.25> <CoreInst = "FAddSub_fulldsp">   --->   Core 18 'FAddSub_fulldsp' <Latency = 4> <II = 1> <Delay = 7.25> <FuncUnit> <Opcode : 'fadd' 'fsub'> <InPorts = 2> <OutPorts = 1>
ST_14 : Operation 114 [1/5] (7.25ns)   --->   "%s6 = fadd i32 %s2, i32 %s3" [codes_lab5/HLS_sources_final/templatedFuncs.h:107]   --->   Operation 114 'fadd' 's6' <Predicate = true> <Delay = 7.25> <CoreInst = "FAddSub_fulldsp">   --->   Core 18 'FAddSub_fulldsp' <Latency = 4> <II = 1> <Delay = 7.25> <FuncUnit> <Opcode : 'fadd' 'fsub'> <InPorts = 2> <OutPorts = 1>

State 15 <SV = 14> <Delay = 7.25>
ST_15 : Operation 115 [5/5] (7.25ns)   --->   "%s7 = fadd i32 %s5, i32 %s6" [codes_lab5/HLS_sources_final/templatedFuncs.h:109]   --->   Operation 115 'fadd' 's7' <Predicate = true> <Delay = 7.25> <CoreInst = "FAddSub_fulldsp">   --->   Core 18 'FAddSub_fulldsp' <Latency = 4> <II = 1> <Delay = 7.25> <FuncUnit> <Opcode : 'fadd' 'fsub'> <InPorts = 2> <OutPorts = 1>

State 16 <SV = 15> <Delay = 7.25>
ST_16 : Operation 116 [4/5] (7.25ns)   --->   "%s7 = fadd i32 %s5, i32 %s6" [codes_lab5/HLS_sources_final/templatedFuncs.h:109]   --->   Operation 116 'fadd' 's7' <Predicate = true> <Delay = 7.25> <CoreInst = "FAddSub_fulldsp">   --->   Core 18 'FAddSub_fulldsp' <Latency = 4> <II = 1> <Delay = 7.25> <FuncUnit> <Opcode : 'fadd' 'fsub'> <InPorts = 2> <OutPorts = 1>

State 17 <SV = 16> <Delay = 7.25>
ST_17 : Operation 117 [3/5] (7.25ns)   --->   "%s7 = fadd i32 %s5, i32 %s6" [codes_lab5/HLS_sources_final/templatedFuncs.h:109]   --->   Operation 117 'fadd' 's7' <Predicate = true> <Delay = 7.25> <CoreInst = "FAddSub_fulldsp">   --->   Core 18 'FAddSub_fulldsp' <Latency = 4> <II = 1> <Delay = 7.25> <FuncUnit> <Opcode : 'fadd' 'fsub'> <InPorts = 2> <OutPorts = 1>

State 18 <SV = 17> <Delay = 7.25>
ST_18 : Operation 118 [2/5] (7.25ns)   --->   "%s7 = fadd i32 %s5, i32 %s6" [codes_lab5/HLS_sources_final/templatedFuncs.h:109]   --->   Operation 118 'fadd' 's7' <Predicate = true> <Delay = 7.25> <CoreInst = "FAddSub_fulldsp">   --->   Core 18 'FAddSub_fulldsp' <Latency = 4> <II = 1> <Delay = 7.25> <FuncUnit> <Opcode : 'fadd' 'fsub'> <InPorts = 2> <OutPorts = 1>

State 19 <SV = 18> <Delay = 7.25>
ST_19 : Operation 119 [1/5] (7.25ns)   --->   "%s7 = fadd i32 %s5, i32 %s6" [codes_lab5/HLS_sources_final/templatedFuncs.h:109]   --->   Operation 119 'fadd' 's7' <Predicate = true> <Delay = 7.25> <CoreInst = "FAddSub_fulldsp">   --->   Core 18 'FAddSub_fulldsp' <Latency = 4> <II = 1> <Delay = 7.25> <FuncUnit> <Opcode : 'fadd' 'fsub'> <InPorts = 2> <OutPorts = 1>

State 20 <SV = 19> <Delay = 7.25>
ST_20 : Operation 120 [5/5] (7.25ns)   --->   "%sum = fadd i32 %s7, i32 %s4" [codes_lab5/HLS_sources_final/templatedFuncs.h:110]   --->   Operation 120 'fadd' 'sum' <Predicate = true> <Delay = 7.25> <CoreInst = "FAddSub_fulldsp">   --->   Core 18 'FAddSub_fulldsp' <Latency = 4> <II = 1> <Delay = 7.25> <FuncUnit> <Opcode : 'fadd' 'fsub'> <InPorts = 2> <OutPorts = 1>

State 21 <SV = 20> <Delay = 7.25>
ST_21 : Operation 121 [4/5] (7.25ns)   --->   "%sum = fadd i32 %s7, i32 %s4" [codes_lab5/HLS_sources_final/templatedFuncs.h:110]   --->   Operation 121 'fadd' 'sum' <Predicate = true> <Delay = 7.25> <CoreInst = "FAddSub_fulldsp">   --->   Core 18 'FAddSub_fulldsp' <Latency = 4> <II = 1> <Delay = 7.25> <FuncUnit> <Opcode : 'fadd' 'fsub'> <InPorts = 2> <OutPorts = 1>

State 22 <SV = 21> <Delay = 7.25>
ST_22 : Operation 122 [3/5] (7.25ns)   --->   "%sum = fadd i32 %s7, i32 %s4" [codes_lab5/HLS_sources_final/templatedFuncs.h:110]   --->   Operation 122 'fadd' 'sum' <Predicate = true> <Delay = 7.25> <CoreInst = "FAddSub_fulldsp">   --->   Core 18 'FAddSub_fulldsp' <Latency = 4> <II = 1> <Delay = 7.25> <FuncUnit> <Opcode : 'fadd' 'fsub'> <InPorts = 2> <OutPorts = 1>

State 23 <SV = 22> <Delay = 7.25>
ST_23 : Operation 123 [2/5] (7.25ns)   --->   "%sum = fadd i32 %s7, i32 %s4" [codes_lab5/HLS_sources_final/templatedFuncs.h:110]   --->   Operation 123 'fadd' 'sum' <Predicate = true> <Delay = 7.25> <CoreInst = "FAddSub_fulldsp">   --->   Core 18 'FAddSub_fulldsp' <Latency = 4> <II = 1> <Delay = 7.25> <FuncUnit> <Opcode : 'fadd' 'fsub'> <InPorts = 2> <OutPorts = 1>

State 24 <SV = 23> <Delay = 7.25>
ST_24 : Operation 124 [1/1] (0.00ns)   --->   "%specpipeline_ln76 = specpipeline void @_ssdm_op_SpecPipeline, i32 4294967295, i32 0, i32 0, i32 0, void @empty" [codes_lab5/HLS_sources_final/templatedFuncs.h:76]   --->   Operation 124 'specpipeline' 'specpipeline_ln76' <Predicate = true> <Delay = 0.00>
ST_24 : Operation 125 [1/5] (7.25ns)   --->   "%sum = fadd i32 %s7, i32 %s4" [codes_lab5/HLS_sources_final/templatedFuncs.h:110]   --->   Operation 125 'fadd' 'sum' <Predicate = true> <Delay = 7.25> <CoreInst = "FAddSub_fulldsp">   --->   Core 18 'FAddSub_fulldsp' <Latency = 4> <II = 1> <Delay = 7.25> <FuncUnit> <Opcode : 'fadd' 'fsub'> <InPorts = 2> <OutPorts = 1>
ST_24 : Operation 126 [1/1] (0.00ns)   --->   "%ret_ln112 = ret i32 %sum" [codes_lab5/HLS_sources_final/templatedFuncs.h:112]   --->   Operation 126 'ret' 'ret_ln112' <Predicate = true> <Delay = 0.00>


============================================================
+ Verbose Summary: Binding
============================================================
STG Binding: 
---------------- STG Properties BEGIN ----------------
- Is combinational: 0
- Is one-state seq: 0
- Is datapath-only: 1
- Is pipelined: 1
- Is top level: 0
Port [ Return ] is wired: 1; IO mode=ap_ctrl_hs:ce=0
Port [ p_read]:  wired=1; compound=0; hidden=0; nouse=0; global=0; static=0; extern=0; dir=0; type=0; pingpong=0; private_global=0; IO mode=ap_none:ce=0
Port [ p_read1]:  wired=1; compound=0; hidden=0; nouse=0; global=0; static=0; extern=0; dir=0; type=0; pingpong=0; private_global=0; IO mode=ap_none:ce=0
Port [ p_read2]:  wired=1; compound=0; hidden=0; nouse=0; global=0; static=0; extern=0; dir=0; type=0; pingpong=0; private_global=0; IO mode=ap_none:ce=0
Port [ p_read3]:  wired=1; compound=0; hidden=0; nouse=0; global=0; static=0; extern=0; dir=0; type=0; pingpong=0; private_global=0; IO mode=ap_none:ce=0
Port [ p_read4]:  wired=1; compound=0; hidden=0; nouse=0; global=0; static=0; extern=0; dir=0; type=0; pingpong=0; private_global=0; IO mode=ap_none:ce=0
Port [ p_read5]:  wired=1; compound=0; hidden=0; nouse=0; global=0; static=0; extern=0; dir=0; type=0; pingpong=0; private_global=0; IO mode=ap_none:ce=0
Port [ p_read6]:  wired=1; compound=0; hidden=0; nouse=0; global=0; static=0; extern=0; dir=0; type=0; pingpong=0; private_global=0; IO mode=ap_none:ce=0
Port [ p_read7]:  wired=1; compound=0; hidden=0; nouse=0; global=0; static=0; extern=0; dir=0; type=0; pingpong=0; private_global=0; IO mode=ap_none:ce=0
Port [ p_read8]:  wired=1; compound=0; hidden=0; nouse=0; global=0; static=0; extern=0; dir=0; type=0; pingpong=0; private_global=0; IO mode=ap_none:ce=0
Port [ p_read9]:  wired=1; compound=0; hidden=0; nouse=0; global=0; static=0; extern=0; dir=0; type=0; pingpong=0; private_global=0; IO mode=ap_none:ce=0
Port [ p_read10]:  wired=1; compound=0; hidden=0; nouse=0; global=0; static=0; extern=0; dir=0; type=0; pingpong=0; private_global=0; IO mode=ap_none:ce=0
Port [ p_read11]:  wired=1; compound=0; hidden=0; nouse=0; global=0; static=0; extern=0; dir=0; type=0; pingpong=0; private_global=0; IO mode=ap_none:ce=0
Port [ p_read12]:  wired=1; compound=0; hidden=0; nouse=0; global=0; static=0; extern=0; dir=0; type=0; pingpong=0; private_global=0; IO mode=ap_none:ce=0
Port [ p_read13]:  wired=1; compound=0; hidden=0; nouse=0; global=0; static=0; extern=0; dir=0; type=0; pingpong=0; private_global=0; IO mode=ap_none:ce=0
Port [ p_read14]:  wired=1; compound=0; hidden=0; nouse=0; global=0; static=0; extern=0; dir=0; type=0; pingpong=0; private_global=0; IO mode=ap_none:ce=0
Port [ p_read15]:  wired=1; compound=0; hidden=0; nouse=0; global=0; static=0; extern=0; dir=0; type=0; pingpong=0; private_global=0; IO mode=ap_none:ce=0
Port [ p_read16]:  wired=1; compound=0; hidden=0; nouse=0; global=0; static=0; extern=0; dir=0; type=0; pingpong=0; private_global=0; IO mode=ap_none:ce=0
Port [ p_read17]:  wired=1; compound=0; hidden=0; nouse=0; global=0; static=0; extern=0; dir=0; type=0; pingpong=0; private_global=0; IO mode=ap_none:ce=0
Port [ prev_sum]:  wired=1; compound=0; hidden=0; nouse=0; global=0; static=0; extern=0; dir=0; type=0; pingpong=0; private_global=0; IO mode=ap_none:ce=0
---------------- STG Properties END ------------------

---------------- Datapath Model BEGIN ----------------

<LifeTime>
<method=bitvector/>
prev_sum_read     (read        ) [ 0111111111000000000000000]
p_read_53         (read        ) [ 0111100000000000000000000]
p_read_54         (read        ) [ 0111100000000000000000000]
p_read_55         (read        ) [ 0111100000000000000000000]
p_read_56         (read        ) [ 0111100000000000000000000]
p_read_57         (read        ) [ 0111100000000000000000000]
p_read_58         (read        ) [ 0111100000000000000000000]
p_read_59         (read        ) [ 0111100000000000000000000]
p_read1028        (read        ) [ 0111100000000000000000000]
p_read927         (read        ) [ 0111100000000000000000000]
p_read826         (read        ) [ 0111100000000000000000000]
p_read725         (read        ) [ 0111100000000000000000000]
p_read624         (read        ) [ 0111100000000000000000000]
p_read523         (read        ) [ 0111100000000000000000000]
p_read422         (read        ) [ 0111100000000000000000000]
p_read321         (read        ) [ 0111100000000000000000000]
p_read220         (read        ) [ 0111100000000000000000000]
p_read119         (read        ) [ 0111100000000000000000000]
p_read18          (read        ) [ 0111100000000000000000000]
mul               (fmul        ) [ 0100011111000000000000000]
mul_s             (fmul        ) [ 0100011111000000000000000]
mul_4             (fmul        ) [ 0100011111000000000000000]
mul_1             (fmul        ) [ 0100011111000000000000000]
mul_1_1           (fmul        ) [ 0100011111000000000000000]
mul_1_2           (fmul        ) [ 0100011111000000000000000]
mul_2             (fmul        ) [ 0100011111000000000000000]
mul_2_1           (fmul        ) [ 0100011111000000000000000]
mul_2_2           (fmul        ) [ 0100011111000000000000000]
s0                (fadd        ) [ 0100000000111110000000000]
s1                (fadd        ) [ 0100000000111110000000000]
s2                (fadd        ) [ 0100000000111110000000000]
s3                (fadd        ) [ 0100000000111110000000000]
s4                (fadd        ) [ 0100000000111111111111111]
s5                (fadd        ) [ 0100000000000001111100000]
s6                (fadd        ) [ 0100000000000001111100000]
s7                (fadd        ) [ 0100000000000000000011111]
specpipeline_ln76 (specpipeline) [ 0000000000000000000000000]
sum               (fadd        ) [ 0000000000000000000000000]
ret_ln112         (ret         ) [ 0000000000000000000000000]
</LifeTime>

<model>

<comp_list>
<comp id="0" class="1000" name="p_read">
<pin_list>
<pin id="1" dir="1" index="0" bw="1" slack="0"/>
</pin_list>
<bind>
<StgValue><ssdm name="p_read"/></StgValue>
</bind>
</comp>

<comp id="2" class="1000" name="p_read1">
<pin_list>
<pin id="3" dir="1" index="0" bw="1" slack="0"/>
</pin_list>
<bind>
<StgValue><ssdm name="p_read1"/></StgValue>
</bind>
</comp>

<comp id="4" class="1000" name="p_read2">
<pin_list>
<pin id="5" dir="1" index="0" bw="1" slack="0"/>
</pin_list>
<bind>
<StgValue><ssdm name="p_read2"/></StgValue>
</bind>
</comp>

<comp id="6" class="1000" name="p_read3">
<pin_list>
<pin id="7" dir="1" index="0" bw="1" slack="0"/>
</pin_list>
<bind>
<StgValue><ssdm name="p_read3"/></StgValue>
</bind>
</comp>

<comp id="8" class="1000" name="p_read4">
<pin_list>
<pin id="9" dir="1" index="0" bw="1" slack="0"/>
</pin_list>
<bind>
<StgValue><ssdm name="p_read4"/></StgValue>
</bind>
</comp>

<comp id="10" class="1000" name="p_read5">
<pin_list>
<pin id="11" dir="1" index="0" bw="1" slack="0"/>
</pin_list>
<bind>
<StgValue><ssdm name="p_read5"/></StgValue>
</bind>
</comp>

<comp id="12" class="1000" name="p_read6">
<pin_list>
<pin id="13" dir="1" index="0" bw="1" slack="0"/>
</pin_list>
<bind>
<StgValue><ssdm name="p_read6"/></StgValue>
</bind>
</comp>

<comp id="14" class="1000" name="p_read7">
<pin_list>
<pin id="15" dir="1" index="0" bw="1" slack="0"/>
</pin_list>
<bind>
<StgValue><ssdm name="p_read7"/></StgValue>
</bind>
</comp>

<comp id="16" class="1000" name="p_read8">
<pin_list>
<pin id="17" dir="1" index="0" bw="1" slack="0"/>
</pin_list>
<bind>
<StgValue><ssdm name="p_read8"/></StgValue>
</bind>
</comp>

<comp id="18" class="1000" name="p_read9">
<pin_list>
<pin id="19" dir="1" index="0" bw="1" slack="0"/>
</pin_list>
<bind>
<StgValue><ssdm name="p_read9"/></StgValue>
</bind>
</comp>

<comp id="20" class="1000" name="p_read10">
<pin_list>
<pin id="21" dir="1" index="0" bw="1" slack="0"/>
</pin_list>
<bind>
<StgValue><ssdm name="p_read10"/></StgValue>
</bind>
</comp>

<comp id="22" class="1000" name="p_read11">
<pin_list>
<pin id="23" dir="1" index="0" bw="1" slack="0"/>
</pin_list>
<bind>
<StgValue><ssdm name="p_read11"/></StgValue>
</bind>
</comp>

<comp id="24" class="1000" name="p_read12">
<pin_list>
<pin id="25" dir="1" index="0" bw="1" slack="0"/>
</pin_list>
<bind>
<StgValue><ssdm name="p_read12"/></StgValue>
</bind>
</comp>

<comp id="26" class="1000" name="p_read13">
<pin_list>
<pin id="27" dir="1" index="0" bw="1" slack="0"/>
</pin_list>
<bind>
<StgValue><ssdm name="p_read13"/></StgValue>
</bind>
</comp>

<comp id="28" class="1000" name="p_read14">
<pin_list>
<pin id="29" dir="1" index="0" bw="1" slack="0"/>
</pin_list>
<bind>
<StgValue><ssdm name="p_read14"/></StgValue>
</bind>
</comp>

<comp id="30" class="1000" name="p_read15">
<pin_list>
<pin id="31" dir="1" index="0" bw="1" slack="0"/>
</pin_list>
<bind>
<StgValue><ssdm name="p_read15"/></StgValue>
</bind>
</comp>

<comp id="32" class="1000" name="p_read16">
<pin_list>
<pin id="33" dir="1" index="0" bw="1" slack="0"/>
</pin_list>
<bind>
<StgValue><ssdm name="p_read16"/></StgValue>
</bind>
</comp>

<comp id="34" class="1000" name="p_read17">
<pin_list>
<pin id="35" dir="1" index="0" bw="1" slack="0"/>
</pin_list>
<bind>
<StgValue><ssdm name="p_read17"/></StgValue>
</bind>
</comp>

<comp id="36" class="1000" name="prev_sum">
<pin_list>
<pin id="37" dir="1" index="0" bw="1" slack="0"/>
</pin_list>
<bind>
<StgValue><ssdm name="prev_sum"/></StgValue>
</bind>
</comp>

<comp id="38" class="1001" name="const_38">
<pin_list>
<pin id="39" dir="1" index="0" bw="1" slack="0"/>
</pin_list>
<bind>
<StgValue><ssdm name="_ssdm_op_Read.ap_auto.float"/></StgValue>
</bind>
</comp>

<comp id="40" class="1001" name="const_40">
<pin_list>
<pin id="41" dir="1" index="0" bw="1" slack="2147483647"/>
</pin_list>
<bind>
<StgValue><ssdm name="_ssdm_op_SpecPipeline"/></StgValue>
</bind>
</comp>

<comp id="42" class="1001" name="const_42">
<pin_list>
<pin id="43" dir="1" index="0" bw="1" slack="2147483647"/>
</pin_list>
<bind>
<StgValue><ssdm name=""/></StgValue>
</bind>
</comp>

<comp id="44" class="1001" name="const_44">
<pin_list>
<pin id="45" dir="1" index="0" bw="1" slack="2147483647"/>
</pin_list>
<bind>
<StgValue><ssdm name=""/></StgValue>
</bind>
</comp>

<comp id="46" class="1001" name="const_46">
<pin_list>
<pin id="47" dir="1" index="0" bw="1" slack="2147483647"/>
</pin_list>
<bind>
<StgValue><ssdm name="empty"/></StgValue>
</bind>
</comp>

<comp id="48" class="1004" name="prev_sum_read_read_fu_48">
<pin_list>
<pin id="49" dir="0" index="0" bw="32" slack="0"/>
<pin id="50" dir="0" index="1" bw="32" slack="0"/>
<pin id="51" dir="1" index="2" bw="32" slack="4"/>
</pin_list>
<bind>
<opcode="read(1150) " fcode="read"/>
<opset="prev_sum_read/1 "/>
</bind>
</comp>

<comp id="54" class="1004" name="p_read_53_read_fu_54">
<pin_list>
<pin id="55" dir="0" index="0" bw="32" slack="0"/>
<pin id="56" dir="0" index="1" bw="32" slack="0"/>
<pin id="57" dir="1" index="2" bw="32" slack="0"/>
</pin_list>
<bind>
<opcode="read(1150) " fcode="read"/>
<opset="p_read_53/1 "/>
</bind>
</comp>

<comp id="60" class="1004" name="p_read_54_read_fu_60">
<pin_list>
<pin id="61" dir="0" index="0" bw="32" slack="0"/>
<pin id="62" dir="0" index="1" bw="32" slack="0"/>
<pin id="63" dir="1" index="2" bw="32" slack="0"/>
</pin_list>
<bind>
<opcode="read(1150) " fcode="read"/>
<opset="p_read_54/1 "/>
</bind>
</comp>

<comp id="66" class="1004" name="p_read_55_read_fu_66">
<pin_list>
<pin id="67" dir="0" index="0" bw="32" slack="0"/>
<pin id="68" dir="0" index="1" bw="32" slack="0"/>
<pin id="69" dir="1" index="2" bw="32" slack="0"/>
</pin_list>
<bind>
<opcode="read(1150) " fcode="read"/>
<opset="p_read_55/1 "/>
</bind>
</comp>

<comp id="72" class="1004" name="p_read_56_read_fu_72">
<pin_list>
<pin id="73" dir="0" index="0" bw="32" slack="0"/>
<pin id="74" dir="0" index="1" bw="32" slack="0"/>
<pin id="75" dir="1" index="2" bw="32" slack="0"/>
</pin_list>
<bind>
<opcode="read(1150) " fcode="read"/>
<opset="p_read_56/1 "/>
</bind>
</comp>

<comp id="78" class="1004" name="p_read_57_read_fu_78">
<pin_list>
<pin id="79" dir="0" index="0" bw="32" slack="0"/>
<pin id="80" dir="0" index="1" bw="32" slack="0"/>
<pin id="81" dir="1" index="2" bw="32" slack="0"/>
</pin_list>
<bind>
<opcode="read(1150) " fcode="read"/>
<opset="p_read_57/1 "/>
</bind>
</comp>

<comp id="84" class="1004" name="p_read_58_read_fu_84">
<pin_list>
<pin id="85" dir="0" index="0" bw="32" slack="0"/>
<pin id="86" dir="0" index="1" bw="32" slack="0"/>
<pin id="87" dir="1" index="2" bw="32" slack="0"/>
</pin_list>
<bind>
<opcode="read(1150) " fcode="read"/>
<opset="p_read_58/1 "/>
</bind>
</comp>

<comp id="90" class="1004" name="p_read_59_read_fu_90">
<pin_list>
<pin id="91" dir="0" index="0" bw="32" slack="0"/>
<pin id="92" dir="0" index="1" bw="32" slack="0"/>
<pin id="93" dir="1" index="2" bw="32" slack="0"/>
</pin_list>
<bind>
<opcode="read(1150) " fcode="read"/>
<opset="p_read_59/1 "/>
</bind>
</comp>

<comp id="96" class="1004" name="p_read1028_read_fu_96">
<pin_list>
<pin id="97" dir="0" index="0" bw="32" slack="0"/>
<pin id="98" dir="0" index="1" bw="32" slack="0"/>
<pin id="99" dir="1" index="2" bw="32" slack="0"/>
</pin_list>
<bind>
<opcode="read(1150) " fcode="read"/>
<opset="p_read1028/1 "/>
</bind>
</comp>

<comp id="102" class="1004" name="p_read927_read_fu_102">
<pin_list>
<pin id="103" dir="0" index="0" bw="32" slack="0"/>
<pin id="104" dir="0" index="1" bw="32" slack="0"/>
<pin id="105" dir="1" index="2" bw="32" slack="0"/>
</pin_list>
<bind>
<opcode="read(1150) " fcode="read"/>
<opset="p_read927/1 "/>
</bind>
</comp>

<comp id="108" class="1004" name="p_read826_read_fu_108">
<pin_list>
<pin id="109" dir="0" index="0" bw="32" slack="0"/>
<pin id="110" dir="0" index="1" bw="32" slack="0"/>
<pin id="111" dir="1" index="2" bw="32" slack="0"/>
</pin_list>
<bind>
<opcode="read(1150) " fcode="read"/>
<opset="p_read826/1 "/>
</bind>
</comp>

<comp id="114" class="1004" name="p_read725_read_fu_114">
<pin_list>
<pin id="115" dir="0" index="0" bw="32" slack="0"/>
<pin id="116" dir="0" index="1" bw="32" slack="0"/>
<pin id="117" dir="1" index="2" bw="32" slack="0"/>
</pin_list>
<bind>
<opcode="read(1150) " fcode="read"/>
<opset="p_read725/1 "/>
</bind>
</comp>

<comp id="120" class="1004" name="p_read624_read_fu_120">
<pin_list>
<pin id="121" dir="0" index="0" bw="32" slack="0"/>
<pin id="122" dir="0" index="1" bw="32" slack="0"/>
<pin id="123" dir="1" index="2" bw="32" slack="0"/>
</pin_list>
<bind>
<opcode="read(1150) " fcode="read"/>
<opset="p_read624/1 "/>
</bind>
</comp>

<comp id="126" class="1004" name="p_read523_read_fu_126">
<pin_list>
<pin id="127" dir="0" index="0" bw="32" slack="0"/>
<pin id="128" dir="0" index="1" bw="32" slack="0"/>
<pin id="129" dir="1" index="2" bw="32" slack="0"/>
</pin_list>
<bind>
<opcode="read(1150) " fcode="read"/>
<opset="p_read523/1 "/>
</bind>
</comp>

<comp id="132" class="1004" name="p_read422_read_fu_132">
<pin_list>
<pin id="133" dir="0" index="0" bw="32" slack="0"/>
<pin id="134" dir="0" index="1" bw="32" slack="0"/>
<pin id="135" dir="1" index="2" bw="32" slack="0"/>
</pin_list>
<bind>
<opcode="read(1150) " fcode="read"/>
<opset="p_read422/1 "/>
</bind>
</comp>

<comp id="138" class="1004" name="p_read321_read_fu_138">
<pin_list>
<pin id="139" dir="0" index="0" bw="32" slack="0"/>
<pin id="140" dir="0" index="1" bw="32" slack="0"/>
<pin id="141" dir="1" index="2" bw="32" slack="0"/>
</pin_list>
<bind>
<opcode="read(1150) " fcode="read"/>
<opset="p_read321/1 "/>
</bind>
</comp>

<comp id="144" class="1004" name="p_read220_read_fu_144">
<pin_list>
<pin id="145" dir="0" index="0" bw="32" slack="0"/>
<pin id="146" dir="0" index="1" bw="32" slack="0"/>
<pin id="147" dir="1" index="2" bw="32" slack="0"/>
</pin_list>
<bind>
<opcode="read(1150) " fcode="read"/>
<opset="p_read220/1 "/>
</bind>
</comp>

<comp id="150" class="1004" name="p_read119_read_fu_150">
<pin_list>
<pin id="151" dir="0" index="0" bw="32" slack="0"/>
<pin id="152" dir="0" index="1" bw="32" slack="0"/>
<pin id="153" dir="1" index="2" bw="32" slack="0"/>
</pin_list>
<bind>
<opcode="read(1150) " fcode="read"/>
<opset="p_read119/1 "/>
</bind>
</comp>

<comp id="156" class="1004" name="p_read18_read_fu_156">
<pin_list>
<pin id="157" dir="0" index="0" bw="32" slack="0"/>
<pin id="158" dir="0" index="1" bw="32" slack="0"/>
<pin id="159" dir="1" index="2" bw="32" slack="0"/>
</pin_list>
<bind>
<opcode="read(1150) " fcode="read"/>
<opset="p_read18/1 "/>
</bind>
</comp>

<comp id="162" class="1004" name="grp_fu_162">
<pin_list>
<pin id="163" dir="0" index="0" bw="32" slack="1"/>
<pin id="164" dir="0" index="1" bw="32" slack="1"/>
<pin id="165" dir="1" index="2" bw="32" slack="1"/>
</pin_list>
<bind>
<opcode="fadd(9) " fcode="fadd"/>
<opset="s0/5 "/>
</bind>
</comp>

<comp id="166" class="1004" name="grp_fu_166">
<pin_list>
<pin id="167" dir="0" index="0" bw="32" slack="1"/>
<pin id="168" dir="0" index="1" bw="32" slack="1"/>
<pin id="169" dir="1" index="2" bw="32" slack="1"/>
</pin_list>
<bind>
<opcode="fadd(9) " fcode="fadd"/>
<opset="s1/5 "/>
</bind>
</comp>

<comp id="170" class="1004" name="grp_fu_170">
<pin_list>
<pin id="171" dir="0" index="0" bw="32" slack="1"/>
<pin id="172" dir="0" index="1" bw="32" slack="1"/>
<pin id="173" dir="1" index="2" bw="32" slack="1"/>
</pin_list>
<bind>
<opcode="fadd(9) " fcode="fadd"/>
<opset="s2/5 "/>
</bind>
</comp>

<comp id="174" class="1004" name="grp_fu_174">
<pin_list>
<pin id="175" dir="0" index="0" bw="32" slack="1"/>
<pin id="176" dir="0" index="1" bw="32" slack="1"/>
<pin id="177" dir="1" index="2" bw="32" slack="1"/>
</pin_list>
<bind>
<opcode="fadd(9) " fcode="fadd"/>
<opset="s3/5 "/>
</bind>
</comp>

<comp id="178" class="1004" name="grp_fu_178">
<pin_list>
<pin id="179" dir="0" index="0" bw="32" slack="1"/>
<pin id="180" dir="0" index="1" bw="32" slack="4"/>
<pin id="181" dir="1" index="2" bw="32" slack="11"/>
</pin_list>
<bind>
<opcode="fadd(9) " fcode="fadd"/>
<opset="s4/5 "/>
</bind>
</comp>

<comp id="182" class="1004" name="grp_fu_182">
<pin_list>
<pin id="183" dir="0" index="0" bw="32" slack="1"/>
<pin id="184" dir="0" index="1" bw="32" slack="1"/>
<pin id="185" dir="1" index="2" bw="32" slack="1"/>
</pin_list>
<bind>
<opcode="fadd(9) " fcode="fadd"/>
<opset="s5/10 "/>
</bind>
</comp>

<comp id="186" class="1004" name="grp_fu_186">
<pin_list>
<pin id="187" dir="0" index="0" bw="32" slack="1"/>
<pin id="188" dir="0" index="1" bw="32" slack="1"/>
<pin id="189" dir="1" index="2" bw="32" slack="1"/>
</pin_list>
<bind>
<opcode="fadd(9) " fcode="fadd"/>
<opset="s6/10 "/>
</bind>
</comp>

<comp id="190" class="1004" name="grp_fu_190">
<pin_list>
<pin id="191" dir="0" index="0" bw="32" slack="1"/>
<pin id="192" dir="0" index="1" bw="32" slack="1"/>
<pin id="193" dir="1" index="2" bw="32" slack="1"/>
</pin_list>
<bind>
<opcode="fadd(9) " fcode="fadd"/>
<opset="s7/15 "/>
</bind>
</comp>

<comp id="194" class="1004" name="grp_fu_194">
<pin_list>
<pin id="195" dir="0" index="0" bw="32" slack="1"/>
<pin id="196" dir="0" index="1" bw="32" slack="11"/>
<pin id="197" dir="1" index="2" bw="32" slack="2147483647"/>
</pin_list>
<bind>
<opcode="fadd(9) " fcode="fadd"/>
<opset="sum/20 "/>
</bind>
</comp>

<comp id="198" class="1004" name="grp_fu_198">
<pin_list>
<pin id="199" dir="0" index="0" bw="32" slack="0"/>
<pin id="200" dir="0" index="1" bw="32" slack="0"/>
<pin id="201" dir="1" index="2" bw="32" slack="1"/>
</pin_list>
<bind>
<opcode="fmul(13) " fcode="fmul"/>
<opset="mul/1 "/>
</bind>
</comp>

<comp id="204" class="1004" name="grp_fu_204">
<pin_list>
<pin id="205" dir="0" index="0" bw="32" slack="0"/>
<pin id="206" dir="0" index="1" bw="32" slack="0"/>
<pin id="207" dir="1" index="2" bw="32" slack="1"/>
</pin_list>
<bind>
<opcode="fmul(13) " fcode="fmul"/>
<opset="mul_s/1 "/>
</bind>
</comp>

<comp id="210" class="1004" name="grp_fu_210">
<pin_list>
<pin id="211" dir="0" index="0" bw="32" slack="0"/>
<pin id="212" dir="0" index="1" bw="32" slack="0"/>
<pin id="213" dir="1" index="2" bw="32" slack="1"/>
</pin_list>
<bind>
<opcode="fmul(13) " fcode="fmul"/>
<opset="mul_4/1 "/>
</bind>
</comp>

<comp id="216" class="1004" name="grp_fu_216">
<pin_list>
<pin id="217" dir="0" index="0" bw="32" slack="0"/>
<pin id="218" dir="0" index="1" bw="32" slack="0"/>
<pin id="219" dir="1" index="2" bw="32" slack="1"/>
</pin_list>
<bind>
<opcode="fmul(13) " fcode="fmul"/>
<opset="mul_1/1 "/>
</bind>
</comp>

<comp id="222" class="1004" name="grp_fu_222">
<pin_list>
<pin id="223" dir="0" index="0" bw="32" slack="0"/>
<pin id="224" dir="0" index="1" bw="32" slack="0"/>
<pin id="225" dir="1" index="2" bw="32" slack="1"/>
</pin_list>
<bind>
<opcode="fmul(13) " fcode="fmul"/>
<opset="mul_1_1/1 "/>
</bind>
</comp>

<comp id="228" class="1004" name="grp_fu_228">
<pin_list>
<pin id="229" dir="0" index="0" bw="32" slack="0"/>
<pin id="230" dir="0" index="1" bw="32" slack="0"/>
<pin id="231" dir="1" index="2" bw="32" slack="1"/>
</pin_list>
<bind>
<opcode="fmul(13) " fcode="fmul"/>
<opset="mul_1_2/1 "/>
</bind>
</comp>

<comp id="234" class="1004" name="grp_fu_234">
<pin_list>
<pin id="235" dir="0" index="0" bw="32" slack="0"/>
<pin id="236" dir="0" index="1" bw="32" slack="0"/>
<pin id="237" dir="1" index="2" bw="32" slack="1"/>
</pin_list>
<bind>
<opcode="fmul(13) " fcode="fmul"/>
<opset="mul_2/1 "/>
</bind>
</comp>

<comp id="240" class="1004" name="grp_fu_240">
<pin_list>
<pin id="241" dir="0" index="0" bw="32" slack="0"/>
<pin id="242" dir="0" index="1" bw="32" slack="0"/>
<pin id="243" dir="1" index="2" bw="32" slack="1"/>
</pin_list>
<bind>
<opcode="fmul(13) " fcode="fmul"/>
<opset="mul_2_1/1 "/>
</bind>
</comp>

<comp id="246" class="1004" name="grp_fu_246">
<pin_list>
<pin id="247" dir="0" index="0" bw="32" slack="0"/>
<pin id="248" dir="0" index="1" bw="32" slack="0"/>
<pin id="249" dir="1" index="2" bw="32" slack="1"/>
</pin_list>
<bind>
<opcode="fmul(13) " fcode="fmul"/>
<opset="mul_2_2/1 "/>
</bind>
</comp>

<comp id="252" class="1005" name="prev_sum_read_reg_252">
<pin_list>
<pin id="253" dir="0" index="0" bw="32" slack="4"/>
<pin id="254" dir="1" index="1" bw="32" slack="4"/>
</pin_list>
<bind>
<opset="prev_sum_read "/>
</bind>
</comp>

<comp id="257" class="1005" name="p_read_53_reg_257">
<pin_list>
<pin id="258" dir="0" index="0" bw="32" slack="1"/>
<pin id="259" dir="1" index="1" bw="32" slack="1"/>
</pin_list>
<bind>
<opset="p_read_53 "/>
</bind>
</comp>

<comp id="262" class="1005" name="p_read_54_reg_262">
<pin_list>
<pin id="263" dir="0" index="0" bw="32" slack="1"/>
<pin id="264" dir="1" index="1" bw="32" slack="1"/>
</pin_list>
<bind>
<opset="p_read_54 "/>
</bind>
</comp>

<comp id="267" class="1005" name="p_read_55_reg_267">
<pin_list>
<pin id="268" dir="0" index="0" bw="32" slack="1"/>
<pin id="269" dir="1" index="1" bw="32" slack="1"/>
</pin_list>
<bind>
<opset="p_read_55 "/>
</bind>
</comp>

<comp id="272" class="1005" name="p_read_56_reg_272">
<pin_list>
<pin id="273" dir="0" index="0" bw="32" slack="1"/>
<pin id="274" dir="1" index="1" bw="32" slack="1"/>
</pin_list>
<bind>
<opset="p_read_56 "/>
</bind>
</comp>

<comp id="277" class="1005" name="p_read_57_reg_277">
<pin_list>
<pin id="278" dir="0" index="0" bw="32" slack="1"/>
<pin id="279" dir="1" index="1" bw="32" slack="1"/>
</pin_list>
<bind>
<opset="p_read_57 "/>
</bind>
</comp>

<comp id="282" class="1005" name="p_read_58_reg_282">
<pin_list>
<pin id="283" dir="0" index="0" bw="32" slack="1"/>
<pin id="284" dir="1" index="1" bw="32" slack="1"/>
</pin_list>
<bind>
<opset="p_read_58 "/>
</bind>
</comp>

<comp id="287" class="1005" name="p_read_59_reg_287">
<pin_list>
<pin id="288" dir="0" index="0" bw="32" slack="1"/>
<pin id="289" dir="1" index="1" bw="32" slack="1"/>
</pin_list>
<bind>
<opset="p_read_59 "/>
</bind>
</comp>

<comp id="292" class="1005" name="p_read1028_reg_292">
<pin_list>
<pin id="293" dir="0" index="0" bw="32" slack="1"/>
<pin id="294" dir="1" index="1" bw="32" slack="1"/>
</pin_list>
<bind>
<opset="p_read1028 "/>
</bind>
</comp>

<comp id="297" class="1005" name="p_read927_reg_297">
<pin_list>
<pin id="298" dir="0" index="0" bw="32" slack="1"/>
<pin id="299" dir="1" index="1" bw="32" slack="1"/>
</pin_list>
<bind>
<opset="p_read927 "/>
</bind>
</comp>

<comp id="302" class="1005" name="p_read826_reg_302">
<pin_list>
<pin id="303" dir="0" index="0" bw="32" slack="1"/>
<pin id="304" dir="1" index="1" bw="32" slack="1"/>
</pin_list>
<bind>
<opset="p_read826 "/>
</bind>
</comp>

<comp id="307" class="1005" name="p_read725_reg_307">
<pin_list>
<pin id="308" dir="0" index="0" bw="32" slack="1"/>
<pin id="309" dir="1" index="1" bw="32" slack="1"/>
</pin_list>
<bind>
<opset="p_read725 "/>
</bind>
</comp>

<comp id="312" class="1005" name="p_read624_reg_312">
<pin_list>
<pin id="313" dir="0" index="0" bw="32" slack="1"/>
<pin id="314" dir="1" index="1" bw="32" slack="1"/>
</pin_list>
<bind>
<opset="p_read624 "/>
</bind>
</comp>

<comp id="317" class="1005" name="p_read523_reg_317">
<pin_list>
<pin id="318" dir="0" index="0" bw="32" slack="1"/>
<pin id="319" dir="1" index="1" bw="32" slack="1"/>
</pin_list>
<bind>
<opset="p_read523 "/>
</bind>
</comp>

<comp id="322" class="1005" name="p_read422_reg_322">
<pin_list>
<pin id="323" dir="0" index="0" bw="32" slack="1"/>
<pin id="324" dir="1" index="1" bw="32" slack="1"/>
</pin_list>
<bind>
<opset="p_read422 "/>
</bind>
</comp>

<comp id="327" class="1005" name="p_read321_reg_327">
<pin_list>
<pin id="328" dir="0" index="0" bw="32" slack="1"/>
<pin id="329" dir="1" index="1" bw="32" slack="1"/>
</pin_list>
<bind>
<opset="p_read321 "/>
</bind>
</comp>

<comp id="332" class="1005" name="p_read220_reg_332">
<pin_list>
<pin id="333" dir="0" index="0" bw="32" slack="1"/>
<pin id="334" dir="1" index="1" bw="32" slack="1"/>
</pin_list>
<bind>
<opset="p_read220 "/>
</bind>
</comp>

<comp id="337" class="1005" name="p_read119_reg_337">
<pin_list>
<pin id="338" dir="0" index="0" bw="32" slack="1"/>
<pin id="339" dir="1" index="1" bw="32" slack="1"/>
</pin_list>
<bind>
<opset="p_read119 "/>
</bind>
</comp>

<comp id="342" class="1005" name="p_read18_reg_342">
<pin_list>
<pin id="343" dir="0" index="0" bw="32" slack="1"/>
<pin id="344" dir="1" index="1" bw="32" slack="1"/>
</pin_list>
<bind>
<opset="p_read18 "/>
</bind>
</comp>

<comp id="347" class="1005" name="mul_reg_347">
<pin_list>
<pin id="348" dir="0" index="0" bw="32" slack="1"/>
<pin id="349" dir="1" index="1" bw="32" slack="1"/>
</pin_list>
<bind>
<opset="mul "/>
</bind>
</comp>

<comp id="352" class="1005" name="mul_s_reg_352">
<pin_list>
<pin id="353" dir="0" index="0" bw="32" slack="1"/>
<pin id="354" dir="1" index="1" bw="32" slack="1"/>
</pin_list>
<bind>
<opset="mul_s "/>
</bind>
</comp>

<comp id="357" class="1005" name="mul_4_reg_357">
<pin_list>
<pin id="358" dir="0" index="0" bw="32" slack="1"/>
<pin id="359" dir="1" index="1" bw="32" slack="1"/>
</pin_list>
<bind>
<opset="mul_4 "/>
</bind>
</comp>

<comp id="362" class="1005" name="mul_1_reg_362">
<pin_list>
<pin id="363" dir="0" index="0" bw="32" slack="1"/>
<pin id="364" dir="1" index="1" bw="32" slack="1"/>
</pin_list>
<bind>
<opset="mul_1 "/>
</bind>
</comp>

<comp id="367" class="1005" name="mul_1_1_reg_367">
<pin_list>
<pin id="368" dir="0" index="0" bw="32" slack="1"/>
<pin id="369" dir="1" index="1" bw="32" slack="1"/>
</pin_list>
<bind>
<opset="mul_1_1 "/>
</bind>
</comp>

<comp id="372" class="1005" name="mul_1_2_reg_372">
<pin_list>
<pin id="373" dir="0" index="0" bw="32" slack="1"/>
<pin id="374" dir="1" index="1" bw="32" slack="1"/>
</pin_list>
<bind>
<opset="mul_1_2 "/>
</bind>
</comp>

<comp id="377" class="1005" name="mul_2_reg_377">
<pin_list>
<pin id="378" dir="0" index="0" bw="32" slack="1"/>
<pin id="379" dir="1" index="1" bw="32" slack="1"/>
</pin_list>
<bind>
<opset="mul_2 "/>
</bind>
</comp>

<comp id="382" class="1005" name="mul_2_1_reg_382">
<pin_list>
<pin id="383" dir="0" index="0" bw="32" slack="1"/>
<pin id="384" dir="1" index="1" bw="32" slack="1"/>
</pin_list>
<bind>
<opset="mul_2_1 "/>
</bind>
</comp>

<comp id="387" class="1005" name="mul_2_2_reg_387">
<pin_list>
<pin id="388" dir="0" index="0" bw="32" slack="1"/>
<pin id="389" dir="1" index="1" bw="32" slack="1"/>
</pin_list>
<bind>
<opset="mul_2_2 "/>
</bind>
</comp>

<comp id="392" class="1005" name="s0_reg_392">
<pin_list>
<pin id="393" dir="0" index="0" bw="32" slack="1"/>
<pin id="394" dir="1" index="1" bw="32" slack="1"/>
</pin_list>
<bind>
<opset="s0 "/>
</bind>
</comp>

<comp id="397" class="1005" name="s1_reg_397">
<pin_list>
<pin id="398" dir="0" index="0" bw="32" slack="1"/>
<pin id="399" dir="1" index="1" bw="32" slack="1"/>
</pin_list>
<bind>
<opset="s1 "/>
</bind>
</comp>

<comp id="402" class="1005" name="s2_reg_402">
<pin_list>
<pin id="403" dir="0" index="0" bw="32" slack="1"/>
<pin id="404" dir="1" index="1" bw="32" slack="1"/>
</pin_list>
<bind>
<opset="s2 "/>
</bind>
</comp>

<comp id="407" class="1005" name="s3_reg_407">
<pin_list>
<pin id="408" dir="0" index="0" bw="32" slack="1"/>
<pin id="409" dir="1" index="1" bw="32" slack="1"/>
</pin_list>
<bind>
<opset="s3 "/>
</bind>
</comp>

<comp id="412" class="1005" name="s4_reg_412">
<pin_list>
<pin id="413" dir="0" index="0" bw="32" slack="11"/>
<pin id="414" dir="1" index="1" bw="32" slack="11"/>
</pin_list>
<bind>
<opset="s4 "/>
</bind>
</comp>

<comp id="417" class="1005" name="s5_reg_417">
<pin_list>
<pin id="418" dir="0" index="0" bw="32" slack="1"/>
<pin id="419" dir="1" index="1" bw="32" slack="1"/>
</pin_list>
<bind>
<opset="s5 "/>
</bind>
</comp>

<comp id="422" class="1005" name="s6_reg_422">
<pin_list>
<pin id="423" dir="0" index="0" bw="32" slack="1"/>
<pin id="424" dir="1" index="1" bw="32" slack="1"/>
</pin_list>
<bind>
<opset="s6 "/>
</bind>
</comp>

<comp id="427" class="1005" name="s7_reg_427">
<pin_list>
<pin id="428" dir="0" index="0" bw="32" slack="1"/>
<pin id="429" dir="1" index="1" bw="32" slack="1"/>
</pin_list>
<bind>
<opset="s7 "/>
</bind>
</comp>

</comp_list>

<net_list>
<net id="52"><net_src comp="38" pin="0"/><net_sink comp="48" pin=0"/></net>

<net id="53"><net_src comp="36" pin="0"/><net_sink comp="48" pin=1"/></net>

<net id="58"><net_src comp="38" pin="0"/><net_sink comp="54" pin=0"/></net>

<net id="59"><net_src comp="34" pin="0"/><net_sink comp="54" pin=1"/></net>

<net id="64"><net_src comp="38" pin="0"/><net_sink comp="60" pin=0"/></net>

<net id="65"><net_src comp="32" pin="0"/><net_sink comp="60" pin=1"/></net>

<net id="70"><net_src comp="38" pin="0"/><net_sink comp="66" pin=0"/></net>

<net id="71"><net_src comp="30" pin="0"/><net_sink comp="66" pin=1"/></net>

<net id="76"><net_src comp="38" pin="0"/><net_sink comp="72" pin=0"/></net>

<net id="77"><net_src comp="28" pin="0"/><net_sink comp="72" pin=1"/></net>

<net id="82"><net_src comp="38" pin="0"/><net_sink comp="78" pin=0"/></net>

<net id="83"><net_src comp="26" pin="0"/><net_sink comp="78" pin=1"/></net>

<net id="88"><net_src comp="38" pin="0"/><net_sink comp="84" pin=0"/></net>

<net id="89"><net_src comp="24" pin="0"/><net_sink comp="84" pin=1"/></net>

<net id="94"><net_src comp="38" pin="0"/><net_sink comp="90" pin=0"/></net>

<net id="95"><net_src comp="22" pin="0"/><net_sink comp="90" pin=1"/></net>

<net id="100"><net_src comp="38" pin="0"/><net_sink comp="96" pin=0"/></net>

<net id="101"><net_src comp="20" pin="0"/><net_sink comp="96" pin=1"/></net>

<net id="106"><net_src comp="38" pin="0"/><net_sink comp="102" pin=0"/></net>

<net id="107"><net_src comp="18" pin="0"/><net_sink comp="102" pin=1"/></net>

<net id="112"><net_src comp="38" pin="0"/><net_sink comp="108" pin=0"/></net>

<net id="113"><net_src comp="16" pin="0"/><net_sink comp="108" pin=1"/></net>

<net id="118"><net_src comp="38" pin="0"/><net_sink comp="114" pin=0"/></net>

<net id="119"><net_src comp="14" pin="0"/><net_sink comp="114" pin=1"/></net>

<net id="124"><net_src comp="38" pin="0"/><net_sink comp="120" pin=0"/></net>

<net id="125"><net_src comp="12" pin="0"/><net_sink comp="120" pin=1"/></net>

<net id="130"><net_src comp="38" pin="0"/><net_sink comp="126" pin=0"/></net>

<net id="131"><net_src comp="10" pin="0"/><net_sink comp="126" pin=1"/></net>

<net id="136"><net_src comp="38" pin="0"/><net_sink comp="132" pin=0"/></net>

<net id="137"><net_src comp="8" pin="0"/><net_sink comp="132" pin=1"/></net>

<net id="142"><net_src comp="38" pin="0"/><net_sink comp="138" pin=0"/></net>

<net id="143"><net_src comp="6" pin="0"/><net_sink comp="138" pin=1"/></net>

<net id="148"><net_src comp="38" pin="0"/><net_sink comp="144" pin=0"/></net>

<net id="149"><net_src comp="4" pin="0"/><net_sink comp="144" pin=1"/></net>

<net id="154"><net_src comp="38" pin="0"/><net_sink comp="150" pin=0"/></net>

<net id="155"><net_src comp="2" pin="0"/><net_sink comp="150" pin=1"/></net>

<net id="160"><net_src comp="38" pin="0"/><net_sink comp="156" pin=0"/></net>

<net id="161"><net_src comp="0" pin="0"/><net_sink comp="156" pin=1"/></net>

<net id="202"><net_src comp="102" pin="2"/><net_sink comp="198" pin=0"/></net>

<net id="203"><net_src comp="156" pin="2"/><net_sink comp="198" pin=1"/></net>

<net id="208"><net_src comp="96" pin="2"/><net_sink comp="204" pin=0"/></net>

<net id="209"><net_src comp="150" pin="2"/><net_sink comp="204" pin=1"/></net>

<net id="214"><net_src comp="90" pin="2"/><net_sink comp="210" pin=0"/></net>

<net id="215"><net_src comp="144" pin="2"/><net_sink comp="210" pin=1"/></net>

<net id="220"><net_src comp="84" pin="2"/><net_sink comp="216" pin=0"/></net>

<net id="221"><net_src comp="138" pin="2"/><net_sink comp="216" pin=1"/></net>

<net id="226"><net_src comp="78" pin="2"/><net_sink comp="222" pin=0"/></net>

<net id="227"><net_src comp="132" pin="2"/><net_sink comp="222" pin=1"/></net>

<net id="232"><net_src comp="72" pin="2"/><net_sink comp="228" pin=0"/></net>

<net id="233"><net_src comp="126" pin="2"/><net_sink comp="228" pin=1"/></net>

<net id="238"><net_src comp="66" pin="2"/><net_sink comp="234" pin=0"/></net>

<net id="239"><net_src comp="120" pin="2"/><net_sink comp="234" pin=1"/></net>

<net id="244"><net_src comp="60" pin="2"/><net_sink comp="240" pin=0"/></net>

<net id="245"><net_src comp="114" pin="2"/><net_sink comp="240" pin=1"/></net>

<net id="250"><net_src comp="54" pin="2"/><net_sink comp="246" pin=0"/></net>

<net id="251"><net_src comp="108" pin="2"/><net_sink comp="246" pin=1"/></net>

<net id="255"><net_src comp="48" pin="2"/><net_sink comp="252" pin=0"/></net>

<net id="256"><net_src comp="252" pin="1"/><net_sink comp="178" pin=1"/></net>

<net id="260"><net_src comp="54" pin="2"/><net_sink comp="257" pin=0"/></net>

<net id="261"><net_src comp="257" pin="1"/><net_sink comp="246" pin=0"/></net>

<net id="265"><net_src comp="60" pin="2"/><net_sink comp="262" pin=0"/></net>

<net id="266"><net_src comp="262" pin="1"/><net_sink comp="240" pin=0"/></net>

<net id="270"><net_src comp="66" pin="2"/><net_sink comp="267" pin=0"/></net>

<net id="271"><net_src comp="267" pin="1"/><net_sink comp="234" pin=0"/></net>

<net id="275"><net_src comp="72" pin="2"/><net_sink comp="272" pin=0"/></net>

<net id="276"><net_src comp="272" pin="1"/><net_sink comp="228" pin=0"/></net>

<net id="280"><net_src comp="78" pin="2"/><net_sink comp="277" pin=0"/></net>

<net id="281"><net_src comp="277" pin="1"/><net_sink comp="222" pin=0"/></net>

<net id="285"><net_src comp="84" pin="2"/><net_sink comp="282" pin=0"/></net>

<net id="286"><net_src comp="282" pin="1"/><net_sink comp="216" pin=0"/></net>

<net id="290"><net_src comp="90" pin="2"/><net_sink comp="287" pin=0"/></net>

<net id="291"><net_src comp="287" pin="1"/><net_sink comp="210" pin=0"/></net>

<net id="295"><net_src comp="96" pin="2"/><net_sink comp="292" pin=0"/></net>

<net id="296"><net_src comp="292" pin="1"/><net_sink comp="204" pin=0"/></net>

<net id="300"><net_src comp="102" pin="2"/><net_sink comp="297" pin=0"/></net>

<net id="301"><net_src comp="297" pin="1"/><net_sink comp="198" pin=0"/></net>

<net id="305"><net_src comp="108" pin="2"/><net_sink comp="302" pin=0"/></net>

<net id="306"><net_src comp="302" pin="1"/><net_sink comp="246" pin=1"/></net>

<net id="310"><net_src comp="114" pin="2"/><net_sink comp="307" pin=0"/></net>

<net id="311"><net_src comp="307" pin="1"/><net_sink comp="240" pin=1"/></net>

<net id="315"><net_src comp="120" pin="2"/><net_sink comp="312" pin=0"/></net>

<net id="316"><net_src comp="312" pin="1"/><net_sink comp="234" pin=1"/></net>

<net id="320"><net_src comp="126" pin="2"/><net_sink comp="317" pin=0"/></net>

<net id="321"><net_src comp="317" pin="1"/><net_sink comp="228" pin=1"/></net>

<net id="325"><net_src comp="132" pin="2"/><net_sink comp="322" pin=0"/></net>

<net id="326"><net_src comp="322" pin="1"/><net_sink comp="222" pin=1"/></net>

<net id="330"><net_src comp="138" pin="2"/><net_sink comp="327" pin=0"/></net>

<net id="331"><net_src comp="327" pin="1"/><net_sink comp="216" pin=1"/></net>

<net id="335"><net_src comp="144" pin="2"/><net_sink comp="332" pin=0"/></net>

<net id="336"><net_src comp="332" pin="1"/><net_sink comp="210" pin=1"/></net>

<net id="340"><net_src comp="150" pin="2"/><net_sink comp="337" pin=0"/></net>

<net id="341"><net_src comp="337" pin="1"/><net_sink comp="204" pin=1"/></net>

<net id="345"><net_src comp="156" pin="2"/><net_sink comp="342" pin=0"/></net>

<net id="346"><net_src comp="342" pin="1"/><net_sink comp="198" pin=1"/></net>

<net id="350"><net_src comp="198" pin="2"/><net_sink comp="347" pin=0"/></net>

<net id="351"><net_src comp="347" pin="1"/><net_sink comp="162" pin=0"/></net>

<net id="355"><net_src comp="204" pin="2"/><net_sink comp="352" pin=0"/></net>

<net id="356"><net_src comp="352" pin="1"/><net_sink comp="162" pin=1"/></net>

<net id="360"><net_src comp="210" pin="2"/><net_sink comp="357" pin=0"/></net>

<net id="361"><net_src comp="357" pin="1"/><net_sink comp="166" pin=0"/></net>

<net id="365"><net_src comp="216" pin="2"/><net_sink comp="362" pin=0"/></net>

<net id="366"><net_src comp="362" pin="1"/><net_sink comp="166" pin=1"/></net>

<net id="370"><net_src comp="222" pin="2"/><net_sink comp="367" pin=0"/></net>

<net id="371"><net_src comp="367" pin="1"/><net_sink comp="170" pin=0"/></net>

<net id="375"><net_src comp="228" pin="2"/><net_sink comp="372" pin=0"/></net>

<net id="376"><net_src comp="372" pin="1"/><net_sink comp="170" pin=1"/></net>

<net id="380"><net_src comp="234" pin="2"/><net_sink comp="377" pin=0"/></net>

<net id="381"><net_src comp="377" pin="1"/><net_sink comp="174" pin=0"/></net>

<net id="385"><net_src comp="240" pin="2"/><net_sink comp="382" pin=0"/></net>

<net id="386"><net_src comp="382" pin="1"/><net_sink comp="174" pin=1"/></net>

<net id="390"><net_src comp="246" pin="2"/><net_sink comp="387" pin=0"/></net>

<net id="391"><net_src comp="387" pin="1"/><net_sink comp="178" pin=0"/></net>

<net id="395"><net_src comp="162" pin="2"/><net_sink comp="392" pin=0"/></net>

<net id="396"><net_src comp="392" pin="1"/><net_sink comp="182" pin=0"/></net>

<net id="400"><net_src comp="166" pin="2"/><net_sink comp="397" pin=0"/></net>

<net id="401"><net_src comp="397" pin="1"/><net_sink comp="182" pin=1"/></net>

<net id="405"><net_src comp="170" pin="2"/><net_sink comp="402" pin=0"/></net>

<net id="406"><net_src comp="402" pin="1"/><net_sink comp="186" pin=0"/></net>

<net id="410"><net_src comp="174" pin="2"/><net_sink comp="407" pin=0"/></net>

<net id="411"><net_src comp="407" pin="1"/><net_sink comp="186" pin=1"/></net>

<net id="415"><net_src comp="178" pin="2"/><net_sink comp="412" pin=0"/></net>

<net id="416"><net_src comp="412" pin="1"/><net_sink comp="194" pin=1"/></net>

<net id="420"><net_src comp="182" pin="2"/><net_sink comp="417" pin=0"/></net>

<net id="421"><net_src comp="417" pin="1"/><net_sink comp="190" pin=0"/></net>

<net id="425"><net_src comp="186" pin="2"/><net_sink comp="422" pin=0"/></net>

<net id="426"><net_src comp="422" pin="1"/><net_sink comp="190" pin=1"/></net>

<net id="430"><net_src comp="190" pin="2"/><net_sink comp="427" pin=0"/></net>

<net id="431"><net_src comp="427" pin="1"/><net_sink comp="194" pin=0"/></net>

</net_list>

</model> 
---------------- Datapath Model END ------------------

* FSMD analyzer results:
  - Output states:
	Port: p_read | {}
	Port: p_read1 | {}
	Port: p_read2 | {}
	Port: p_read3 | {}
	Port: p_read4 | {}
	Port: p_read5 | {}
	Port: p_read6 | {}
	Port: p_read7 | {}
	Port: p_read8 | {}
	Port: p_read9 | {}
	Port: p_read10 | {}
	Port: p_read11 | {}
	Port: p_read12 | {}
	Port: p_read13 | {}
	Port: p_read14 | {}
	Port: p_read15 | {}
	Port: p_read16 | {}
	Port: p_read17 | {}
	Port: prev_sum | {}
 - Input state : 
	Port: conv2D<1> : p_read | {1 }
	Port: conv2D<1> : p_read1 | {1 }
	Port: conv2D<1> : p_read2 | {1 }
	Port: conv2D<1> : p_read3 | {1 }
	Port: conv2D<1> : p_read4 | {1 }
	Port: conv2D<1> : p_read5 | {1 }
	Port: conv2D<1> : p_read6 | {1 }
	Port: conv2D<1> : p_read7 | {1 }
	Port: conv2D<1> : p_read8 | {1 }
	Port: conv2D<1> : p_read9 | {1 }
	Port: conv2D<1> : p_read10 | {1 }
	Port: conv2D<1> : p_read11 | {1 }
	Port: conv2D<1> : p_read12 | {1 }
	Port: conv2D<1> : p_read13 | {1 }
	Port: conv2D<1> : p_read14 | {1 }
	Port: conv2D<1> : p_read15 | {1 }
	Port: conv2D<1> : p_read16 | {1 }
	Port: conv2D<1> : p_read17 | {1 }
	Port: conv2D<1> : prev_sum | {1 }
  - Chain level:
	State 1
	State 2
	State 3
	State 4
	State 5
	State 6
	State 7
	State 8
	State 9
	State 10
	State 11
	State 12
	State 13
	State 14
	State 15
	State 16
	State 17
	State 18
	State 19
	State 20
	State 21
	State 22
	State 23
	State 24
		ret_ln112 : 1


============================================================
+ Verbose Summary: Datapath Resource usage 
============================================================

* Functional unit list:
|----------|--------------------------|---------|---------|---------|
| Operation|      Functional Unit     |   DSP   |    FF   |   LUT   |
|----------|--------------------------|---------|---------|---------|
|          |        grp_fu_162        |    2    |   205   |   390   |
|          |        grp_fu_166        |    2    |   205   |   390   |
|          |        grp_fu_170        |    2    |   205   |   390   |
|          |        grp_fu_174        |    2    |   205   |   390   |
|   fadd   |        grp_fu_178        |    2    |   205   |   390   |
|          |        grp_fu_182        |    2    |   205   |   390   |
|          |        grp_fu_186        |    2    |   205   |   390   |
|          |        grp_fu_190        |    2    |   205   |   390   |
|          |        grp_fu_194        |    2    |   205   |   390   |
|----------|--------------------------|---------|---------|---------|
|          |        grp_fu_198        |    3    |   143   |   321   |
|          |        grp_fu_204        |    3    |   143   |   321   |
|          |        grp_fu_210        |    3    |   143   |   321   |
|          |        grp_fu_216        |    3    |   143   |   321   |
|   fmul   |        grp_fu_222        |    3    |   143   |   321   |
|          |        grp_fu_228        |    3    |   143   |   321   |
|          |        grp_fu_234        |    3    |   143   |   321   |
|          |        grp_fu_240        |    3    |   143   |   321   |
|          |        grp_fu_246        |    3    |   143   |   321   |
|----------|--------------------------|---------|---------|---------|
|          | prev_sum_read_read_fu_48 |    0    |    0    |    0    |
|          |   p_read_53_read_fu_54   |    0    |    0    |    0    |
|          |   p_read_54_read_fu_60   |    0    |    0    |    0    |
|          |   p_read_55_read_fu_66   |    0    |    0    |    0    |
|          |   p_read_56_read_fu_72   |    0    |    0    |    0    |
|          |   p_read_57_read_fu_78   |    0    |    0    |    0    |
|          |   p_read_58_read_fu_84   |    0    |    0    |    0    |
|          |   p_read_59_read_fu_90   |    0    |    0    |    0    |
|          |   p_read1028_read_fu_96  |    0    |    0    |    0    |
|   read   |   p_read927_read_fu_102  |    0    |    0    |    0    |
|          |   p_read826_read_fu_108  |    0    |    0    |    0    |
|          |   p_read725_read_fu_114  |    0    |    0    |    0    |
|          |   p_read624_read_fu_120  |    0    |    0    |    0    |
|          |   p_read523_read_fu_126  |    0    |    0    |    0    |
|          |   p_read422_read_fu_132  |    0    |    0    |    0    |
|          |   p_read321_read_fu_138  |    0    |    0    |    0    |
|          |   p_read220_read_fu_144  |    0    |    0    |    0    |
|          |   p_read119_read_fu_150  |    0    |    0    |    0    |
|          |   p_read18_read_fu_156   |    0    |    0    |    0    |
|----------|--------------------------|---------|---------|---------|
|   Total  |                          |    45   |   3132  |   6399  |
|----------|--------------------------|---------|---------|---------|

Memories:
N/A

* Register list:
+---------------------+--------+
|                     |   FF   |
+---------------------+--------+
|   mul_1_1_reg_367   |   32   |
|   mul_1_2_reg_372   |   32   |
|    mul_1_reg_362    |   32   |
|   mul_2_1_reg_382   |   32   |
|   mul_2_2_reg_387   |   32   |
|    mul_2_reg_377    |   32   |
|    mul_4_reg_357    |   32   |
|     mul_reg_347     |   32   |
|    mul_s_reg_352    |   32   |
|  p_read1028_reg_292 |   32   |
|  p_read119_reg_337  |   32   |
|   p_read18_reg_342  |   32   |
|  p_read220_reg_332  |   32   |
|  p_read321_reg_327  |   32   |
|  p_read422_reg_322  |   32   |
|  p_read523_reg_317  |   32   |
|  p_read624_reg_312  |   32   |
|  p_read725_reg_307  |   32   |
|  p_read826_reg_302  |   32   |
|  p_read927_reg_297  |   32   |
|  p_read_53_reg_257  |   32   |
|  p_read_54_reg_262  |   32   |
|  p_read_55_reg_267  |   32   |
|  p_read_56_reg_272  |   32   |
|  p_read_57_reg_277  |   32   |
|  p_read_58_reg_282  |   32   |
|  p_read_59_reg_287  |   32   |
|prev_sum_read_reg_252|   32   |
|      s0_reg_392     |   32   |
|      s1_reg_397     |   32   |
|      s2_reg_402     |   32   |
|      s3_reg_407     |   32   |
|      s4_reg_412     |   32   |
|      s5_reg_417     |   32   |
|      s6_reg_422     |   32   |
|      s7_reg_427     |   32   |
+---------------------+--------+
|        Total        |  1152  |
+---------------------+--------+

* Multiplexer (MUX) list: 
|------------|------|------|------|--------||---------||---------|
|    Comp    |  Pin | Size |  BW  | S x BW ||  Delay  ||   LUT   |
|------------|------|------|------|--------||---------||---------|
| grp_fu_198 |  p0  |   2  |  32  |   64   ||    9    |
| grp_fu_198 |  p1  |   2  |  32  |   64   ||    9    |
| grp_fu_204 |  p0  |   2  |  32  |   64   ||    9    |
| grp_fu_204 |  p1  |   2  |  32  |   64   ||    9    |
| grp_fu_210 |  p0  |   2  |  32  |   64   ||    9    |
| grp_fu_210 |  p1  |   2  |  32  |   64   ||    9    |
| grp_fu_216 |  p0  |   2  |  32  |   64   ||    9    |
| grp_fu_216 |  p1  |   2  |  32  |   64   ||    9    |
| grp_fu_222 |  p0  |   2  |  32  |   64   ||    9    |
| grp_fu_222 |  p1  |   2  |  32  |   64   ||    9    |
| grp_fu_228 |  p0  |   2  |  32  |   64   ||    9    |
| grp_fu_228 |  p1  |   2  |  32  |   64   ||    9    |
| grp_fu_234 |  p0  |   2  |  32  |   64   ||    9    |
| grp_fu_234 |  p1  |   2  |  32  |   64   ||    9    |
| grp_fu_240 |  p0  |   2  |  32  |   64   ||    9    |
| grp_fu_240 |  p1  |   2  |  32  |   64   ||    9    |
| grp_fu_246 |  p0  |   2  |  32  |   64   ||    9    |
| grp_fu_246 |  p1  |   2  |  32  |   64   ||    9    |
|------------|------|------|------|--------||---------||---------|
|    Total   |      |      |      |  1152  ||  28.584 ||   162   |
|------------|------|------|------|--------||---------||---------|



* Summary:
+-----------+--------+--------+--------+--------+
|           |   DSP  |  Delay |   FF   |   LUT  |
+-----------+--------+--------+--------+--------+
|  Function |   45   |    -   |  3132  |  6399  |
|   Memory  |    -   |    -   |    -   |    -   |
|Multiplexer|    -   |   28   |    -   |   162  |
|  Register |    -   |    -   |  1152  |    -   |
+-----------+--------+--------+--------+--------+
|   Total   |   45   |   28   |  4284  |  6561  |
+-----------+--------+--------+--------+--------+
