

================================================================
== Vitis HLS Report for 'conv3_Pipeline_loadWin1_VITIS_LOOP_50_1'
================================================================
* Date:           Thu Dec 25 15:19:31 2025

* Version:        2022.1 (Build 3526262 on Mon Apr 18 15:48:16 MDT 2022)
* Project:        Day_5_final_boss
* Solution:       sol5 (Vivado IP Flow Target)
* Product family: zynq
* Target device:  xc7z020-clg400-1


================================================================
== Performance Estimates
================================================================
+ Timing: 
    * Summary: 
    +--------+----------+----------+------------+
    |  Clock |  Target  | Estimated| Uncertainty|
    +--------+----------+----------+------------+
    |ap_clk  |  10.00 ns|  6.982 ns|     2.70 ns|
    +--------+----------+----------+------------+

+ Latency: 
    * Summary: 
    +---------+---------+----------+----------+-----+-----+---------+
    |  Latency (cycles) |  Latency (absolute) |  Interval | Pipeline|
    |   min   |   max   |    min   |    max   | min | max |   Type  |
    +---------+---------+----------+----------+-----+-----+---------+
    |       12|       12|  0.120 us|  0.120 us|   12|   12|       no|
    +---------+---------+----------+----------+-----+-----+---------+

    + Detail: 
        * Instance: 
        N/A

        * Loop: 
        +----------------------------+---------+---------+----------+-----------+-----------+------+----------+
        |                            |  Latency (cycles) | Iteration|  Initiation Interval  | Trip |          |
        |          Loop Name         |   min   |   max   |  Latency |  achieved |   target  | Count| Pipelined|
        +----------------------------+---------+---------+----------+-----------+-----------+------+----------+
        |- loadWin1_VITIS_LOOP_50_1  |       10|       10|         3|          1|          1|     9|       yes|
        +----------------------------+---------+---------+----------+-----------+-----------+------+----------+

============================================================
+ Verbose Summary: Synthesis Manager
============================================================
InlineROM: 1
ExposeGlobal: 0
============================================================
+ Verbose Summary: CDFG Model
============================================================
IsTopModel: 0
ResetActiveHigh: 1
IsCombinational: 0
IsDatapathOnly: 0
HasWiredReturn: 1
HasMFsm: 2
HasVarLatency: 1
IsPipeline: 0
IsRtlPipelined: 0
IsInstanceOverlapped: 0
IsDontTouch: 0
HasImplIP: 0
IsGatedGlobalClock: 0

+ Individual pipeline summary: 
  * Pipeline-0: initiation interval (II) = 1, depth = 3


============================================================
+ Verbose Summary: Schedule
============================================================
* Number of FSM states : 3
* Pipeline : 1
  Pipeline-0 : II = 1, D = 3, States = { 1 2 3 }
* Dataflow Pipeline: 0

* FSM state transitions: 
1 --> 2 
2 --> 3 
3 --> 

* FSM state operations: 

State 1 <SV = 0> <Delay = 6.20>
ST_1 : Operation 6 [1/1] (0.00ns)   --->   "%wj = alloca i32 1"   --->   Operation 6 'alloca' 'wj' <Predicate = true> <Delay = 0.00>
ST_1 : Operation 7 [1/1] (0.00ns)   --->   "%wi = alloca i32 1"   --->   Operation 7 'alloca' 'wi' <Predicate = true> <Delay = 0.00>
ST_1 : Operation 8 [1/1] (0.00ns)   --->   "%indvar_flatten150 = alloca i32 1"   --->   Operation 8 'alloca' 'indvar_flatten150' <Predicate = true> <Delay = 0.00>
ST_1 : Operation 9 [1/1] (0.00ns)   --->   "%empty = alloca i32 1"   --->   Operation 9 'alloca' 'empty' <Predicate = true> <Delay = 0.00>
ST_1 : Operation 10 [1/1] (0.00ns)   --->   "%empty_31 = alloca i32 1"   --->   Operation 10 'alloca' 'empty_31' <Predicate = true> <Delay = 0.00>
ST_1 : Operation 11 [1/1] (0.00ns)   --->   "%empty_32 = alloca i32 1"   --->   Operation 11 'alloca' 'empty_32' <Predicate = true> <Delay = 0.00>
ST_1 : Operation 12 [1/1] (0.00ns)   --->   "%empty_33 = alloca i32 1"   --->   Operation 12 'alloca' 'empty_33' <Predicate = true> <Delay = 0.00>
ST_1 : Operation 13 [1/1] (0.00ns)   --->   "%empty_34 = alloca i32 1"   --->   Operation 13 'alloca' 'empty_34' <Predicate = true> <Delay = 0.00>
ST_1 : Operation 14 [1/1] (0.00ns)   --->   "%empty_35 = alloca i32 1"   --->   Operation 14 'alloca' 'empty_35' <Predicate = true> <Delay = 0.00>
ST_1 : Operation 15 [1/1] (0.00ns)   --->   "%empty_36 = alloca i32 1"   --->   Operation 15 'alloca' 'empty_36' <Predicate = true> <Delay = 0.00>
ST_1 : Operation 16 [1/1] (0.00ns)   --->   "%empty_37 = alloca i32 1"   --->   Operation 16 'alloca' 'empty_37' <Predicate = true> <Delay = 0.00>
ST_1 : Operation 17 [1/1] (0.00ns)   --->   "%empty_38 = alloca i32 1"   --->   Operation 17 'alloca' 'empty_38' <Predicate = true> <Delay = 0.00>
ST_1 : Operation 18 [1/1] (0.00ns)   --->   "%select_ln150_read = read i4 @_ssdm_op_Read.ap_auto.i4, i4 %select_ln150"   --->   Operation 18 'read' 'select_ln150_read' <Predicate = true> <Delay = 0.00>
ST_1 : Operation 19 [1/1] (0.00ns)   --->   "%sub_ln52_read = read i8 @_ssdm_op_Read.ap_auto.i8, i8 %sub_ln52"   --->   Operation 19 'read' 'sub_ln52_read' <Predicate = true> <Delay = 0.00>
ST_1 : Operation 20 [1/1] (0.00ns)   --->   "%select_ln150_2_read = read i4 @_ssdm_op_Read.ap_auto.i4, i4 %select_ln150_2"   --->   Operation 20 'read' 'select_ln150_2_read' <Predicate = true> <Delay = 0.00>
ST_1 : Operation 21 [1/1] (0.00ns)   --->   "%window_i_1_1_promoted154_read = read i32 @_ssdm_op_Read.ap_auto.float, i32 %window_i_1_1_promoted154"   --->   Operation 21 'read' 'window_i_1_1_promoted154_read' <Predicate = true> <Delay = 0.00>
ST_1 : Operation 22 [1/1] (0.00ns)   --->   "%window_i_1_0_promoted156_read = read i32 @_ssdm_op_Read.ap_auto.float, i32 %window_i_1_0_promoted156"   --->   Operation 22 'read' 'window_i_1_0_promoted156_read' <Predicate = true> <Delay = 0.00>
ST_1 : Operation 23 [1/1] (0.00ns)   --->   "%window_i_1_2_promoted158_read = read i32 @_ssdm_op_Read.ap_auto.float, i32 %window_i_1_2_promoted158"   --->   Operation 23 'read' 'window_i_1_2_promoted158_read' <Predicate = true> <Delay = 0.00>
ST_1 : Operation 24 [1/1] (0.00ns)   --->   "%window_i_0_1_promoted160_read = read i32 @_ssdm_op_Read.ap_auto.float, i32 %window_i_0_1_promoted160"   --->   Operation 24 'read' 'window_i_0_1_promoted160_read' <Predicate = true> <Delay = 0.00>
ST_1 : Operation 25 [1/1] (0.00ns)   --->   "%window_i_0_0_promoted162_read = read i32 @_ssdm_op_Read.ap_auto.float, i32 %window_i_0_0_promoted162"   --->   Operation 25 'read' 'window_i_0_0_promoted162_read' <Predicate = true> <Delay = 0.00>
ST_1 : Operation 26 [1/1] (0.00ns)   --->   "%window_i_0_2_promoted164_read = read i32 @_ssdm_op_Read.ap_auto.float, i32 %window_i_0_2_promoted164"   --->   Operation 26 'read' 'window_i_0_2_promoted164_read' <Predicate = true> <Delay = 0.00>
ST_1 : Operation 27 [1/1] (0.00ns)   --->   "%window_i_2_1_promoted166_read = read i32 @_ssdm_op_Read.ap_auto.float, i32 %window_i_2_1_promoted166"   --->   Operation 27 'read' 'window_i_2_1_promoted166_read' <Predicate = true> <Delay = 0.00>
ST_1 : Operation 28 [1/1] (0.00ns)   --->   "%window_i_2_0_promoted168_read = read i32 @_ssdm_op_Read.ap_auto.float, i32 %window_i_2_0_promoted168"   --->   Operation 28 'read' 'window_i_2_0_promoted168_read' <Predicate = true> <Delay = 0.00>
ST_1 : Operation 29 [1/1] (0.00ns)   --->   "%window_i_2_2_promoted170_read = read i32 @_ssdm_op_Read.ap_auto.float, i32 %window_i_2_2_promoted170"   --->   Operation 29 'read' 'window_i_2_2_promoted170_read' <Predicate = true> <Delay = 0.00>
ST_1 : Operation 30 [1/1] (0.00ns)   --->   "%sub_ln52_cast = sext i8 %sub_ln52_read"   --->   Operation 30 'sext' 'sub_ln52_cast' <Predicate = true> <Delay = 0.00>
ST_1 : Operation 31 [1/1] (1.58ns)   --->   "%store_ln0 = store i32 %window_i_2_2_promoted170_read, i32 %empty_38"   --->   Operation 31 'store' 'store_ln0' <Predicate = true> <Delay = 1.58>
ST_1 : Operation 32 [1/1] (1.58ns)   --->   "%store_ln0 = store i32 %window_i_2_0_promoted168_read, i32 %empty_37"   --->   Operation 32 'store' 'store_ln0' <Predicate = true> <Delay = 1.58>
ST_1 : Operation 33 [1/1] (1.58ns)   --->   "%store_ln0 = store i32 %window_i_2_1_promoted166_read, i32 %empty_36"   --->   Operation 33 'store' 'store_ln0' <Predicate = true> <Delay = 1.58>
ST_1 : Operation 34 [1/1] (1.58ns)   --->   "%store_ln0 = store i32 %window_i_0_2_promoted164_read, i32 %empty_35"   --->   Operation 34 'store' 'store_ln0' <Predicate = true> <Delay = 1.58>
ST_1 : Operation 35 [1/1] (1.58ns)   --->   "%store_ln0 = store i32 %window_i_0_0_promoted162_read, i32 %empty_34"   --->   Operation 35 'store' 'store_ln0' <Predicate = true> <Delay = 1.58>
ST_1 : Operation 36 [1/1] (1.58ns)   --->   "%store_ln0 = store i32 %window_i_0_1_promoted160_read, i32 %empty_33"   --->   Operation 36 'store' 'store_ln0' <Predicate = true> <Delay = 1.58>
ST_1 : Operation 37 [1/1] (1.58ns)   --->   "%store_ln0 = store i32 %window_i_1_2_promoted158_read, i32 %empty_32"   --->   Operation 37 'store' 'store_ln0' <Predicate = true> <Delay = 1.58>
ST_1 : Operation 38 [1/1] (1.58ns)   --->   "%store_ln0 = store i32 %window_i_1_0_promoted156_read, i32 %empty_31"   --->   Operation 38 'store' 'store_ln0' <Predicate = true> <Delay = 1.58>
ST_1 : Operation 39 [1/1] (1.58ns)   --->   "%store_ln0 = store i32 %window_i_1_1_promoted154_read, i32 %empty"   --->   Operation 39 'store' 'store_ln0' <Predicate = true> <Delay = 1.58>
ST_1 : Operation 40 [1/1] (1.58ns)   --->   "%store_ln0 = store i4 0, i4 %indvar_flatten150"   --->   Operation 40 'store' 'store_ln0' <Predicate = true> <Delay = 1.58>
ST_1 : Operation 41 [1/1] (1.58ns)   --->   "%store_ln0 = store i2 0, i2 %wi"   --->   Operation 41 'store' 'store_ln0' <Predicate = true> <Delay = 1.58>
ST_1 : Operation 42 [1/1] (1.58ns)   --->   "%store_ln0 = store i2 0, i2 %wj"   --->   Operation 42 'store' 'store_ln0' <Predicate = true> <Delay = 1.58>
ST_1 : Operation 43 [1/1] (0.00ns)   --->   "%br_ln0 = br void %for.inc.i20.i"   --->   Operation 43 'br' 'br_ln0' <Predicate = true> <Delay = 0.00>
ST_1 : Operation 44 [1/1] (0.00ns)   --->   "%indvar_flatten150_load = load i4 %indvar_flatten150" [codes_lab5/HLS_sources_final/templatedFuncs.h:49]   --->   Operation 44 'load' 'indvar_flatten150_load' <Predicate = true> <Delay = 0.00>
ST_1 : Operation 45 [1/1] (1.30ns)   --->   "%icmp_ln49 = icmp_eq  i4 %indvar_flatten150_load, i4 9" [codes_lab5/HLS_sources_final/templatedFuncs.h:49]   --->   Operation 45 'icmp' 'icmp_ln49' <Predicate = true> <Delay = 1.30> <CoreInst = "Cmp">   --->   Core 9 'Cmp' <Latency = 0> <II = 1> <Delay = 1.30> <FuncUnit> <Opcode : 'icmp'> <InPorts = 2> <OutPorts = 1>
ST_1 : Operation 46 [1/1] (1.73ns)   --->   "%add_ln49_2 = add i4 %indvar_flatten150_load, i4 1" [codes_lab5/HLS_sources_final/templatedFuncs.h:49]   --->   Operation 46 'add' 'add_ln49_2' <Predicate = true> <Delay = 1.73> <CoreInst = "Adder">   --->   Core 1 'Adder' <Latency = 0> <II = 1> <Delay = 1.73> <FuncUnit> <Opcode : 'add' 'sub'> <InPorts = 2> <OutPorts = 1>
ST_1 : Operation 47 [1/1] (0.00ns)   --->   "%br_ln49 = br i1 %icmp_ln49, void %for.inc14.i.i, void %_Z17load_input_windowILi4ELi12EEvPA3_fPAT0__AT0__fiii.exit.i_ifconv.exitStub" [codes_lab5/HLS_sources_final/templatedFuncs.h:49]   --->   Operation 47 'br' 'br_ln49' <Predicate = true> <Delay = 0.00>
ST_1 : Operation 48 [1/1] (0.00ns)   --->   "%wj_load = load i2 %wj" [codes_lab5/HLS_sources_final/templatedFuncs.h:50]   --->   Operation 48 'load' 'wj_load' <Predicate = (!icmp_ln49)> <Delay = 0.00>
ST_1 : Operation 49 [1/1] (0.00ns)   --->   "%wi_load = load i2 %wi" [codes_lab5/HLS_sources_final/templatedFuncs.h:49]   --->   Operation 49 'load' 'wi_load' <Predicate = (!icmp_ln49)> <Delay = 0.00>
ST_1 : Operation 50 [1/1] (1.56ns)   --->   "%add_ln49 = add i2 %wi_load, i2 1" [codes_lab5/HLS_sources_final/templatedFuncs.h:49]   --->   Operation 50 'add' 'add_ln49' <Predicate = (!icmp_ln49)> <Delay = 1.56> <CoreInst = "Adder">   --->   Core 1 'Adder' <Latency = 0> <II = 1> <Delay = 1.56> <FuncUnit> <Opcode : 'add' 'sub'> <InPorts = 2> <OutPorts = 1>
ST_1 : Operation 51 [1/1] (0.95ns)   --->   "%icmp_ln50 = icmp_eq  i2 %wj_load, i2 3" [codes_lab5/HLS_sources_final/templatedFuncs.h:50]   --->   Operation 51 'icmp' 'icmp_ln50' <Predicate = (!icmp_ln49)> <Delay = 0.95> <CoreInst = "Cmp">   --->   Core 9 'Cmp' <Latency = 0> <II = 1> <Delay = 0.95> <FuncUnit> <Opcode : 'icmp'> <InPorts = 2> <OutPorts = 1>
ST_1 : Operation 52 [1/1] (0.99ns)   --->   "%select_ln49 = select i1 %icmp_ln50, i2 0, i2 %wj_load" [codes_lab5/HLS_sources_final/templatedFuncs.h:49]   --->   Operation 52 'select' 'select_ln49' <Predicate = (!icmp_ln49)> <Delay = 0.99> <CoreInst = "Sel">   --->   Core 73 'Sel' <Latency = 0> <II = 1> <Delay = 0.99> <FuncUnit> <Opcode : 'select'> <InPorts = 3> <OutPorts = 1>
ST_1 : Operation 53 [1/1] (0.99ns)   --->   "%select_ln49_1 = select i1 %icmp_ln50, i2 %add_ln49, i2 %wi_load" [codes_lab5/HLS_sources_final/templatedFuncs.h:49]   --->   Operation 53 'select' 'select_ln49_1' <Predicate = (!icmp_ln49)> <Delay = 0.99> <CoreInst = "Sel">   --->   Core 73 'Sel' <Latency = 0> <II = 1> <Delay = 0.99> <FuncUnit> <Opcode : 'select'> <InPorts = 3> <OutPorts = 1>
ST_1 : Operation 54 [1/1] (0.00ns)   --->   "%zext_ln49 = zext i2 %select_ln49_1" [codes_lab5/HLS_sources_final/templatedFuncs.h:49]   --->   Operation 54 'zext' 'zext_ln49' <Predicate = (!icmp_ln49)> <Delay = 0.00>
ST_1 : Operation 55 [1/1] (1.73ns)   --->   "%add_ln49_1 = add i4 %select_ln150_2_read, i4 %zext_ln49" [codes_lab5/HLS_sources_final/templatedFuncs.h:49]   --->   Operation 55 'add' 'add_ln49_1' <Predicate = (!icmp_ln49)> <Delay = 1.73> <CoreInst = "Adder">   --->   Core 1 'Adder' <Latency = 0> <II = 1> <Delay = 1.73> <FuncUnit> <Opcode : 'add' 'sub'> <InPorts = 2> <OutPorts = 1>
ST_1 : Operation 56 [1/1] (0.00ns)   --->   "%zext_ln52 = zext i4 %add_ln49_1" [codes_lab5/HLS_sources_final/templatedFuncs.h:52]   --->   Operation 56 'zext' 'zext_ln52' <Predicate = (!icmp_ln49)> <Delay = 0.00>
ST_1 : Operation 57 [1/1] (1.91ns)   --->   "%add_ln52_1 = add i9 %sub_ln52_cast, i9 %zext_ln52" [codes_lab5/HLS_sources_final/templatedFuncs.h:52]   --->   Operation 57 'add' 'add_ln52_1' <Predicate = (!icmp_ln49)> <Delay = 1.91> <CoreInst = "Adder">   --->   Core 1 'Adder' <Latency = 0> <II = 1> <Delay = 1.91> <FuncUnit> <Opcode : 'add' 'sub'> <InPorts = 2> <OutPorts = 1>
ST_1 : Operation 58 [1/1] (0.00ns)   --->   "%trunc_ln52 = trunc i9 %add_ln52_1" [codes_lab5/HLS_sources_final/templatedFuncs.h:52]   --->   Operation 58 'trunc' 'trunc_ln52' <Predicate = (!icmp_ln49)> <Delay = 0.00>
ST_1 : Operation 59 [1/1] (0.00ns)   --->   "%trunc_ln52_1 = trunc i9 %add_ln52_1" [codes_lab5/HLS_sources_final/templatedFuncs.h:52]   --->   Operation 59 'trunc' 'trunc_ln52_1' <Predicate = (!icmp_ln49)> <Delay = 0.00>
ST_1 : Operation 60 [1/1] (0.00ns)   --->   "%zext_ln50 = zext i2 %select_ln49" [codes_lab5/HLS_sources_final/templatedFuncs.h:50]   --->   Operation 60 'zext' 'zext_ln50' <Predicate = (!icmp_ln49)> <Delay = 0.00>
ST_1 : Operation 61 [1/1] (1.73ns)   --->   "%add_ln52 = add i4 %select_ln150_read, i4 %zext_ln50" [codes_lab5/HLS_sources_final/templatedFuncs.h:52]   --->   Operation 61 'add' 'add_ln52' <Predicate = (!icmp_ln49)> <Delay = 1.73> <CoreInst = "Adder">   --->   Core 1 'Adder' <Latency = 0> <II = 1> <Delay = 1.73> <FuncUnit> <Opcode : 'add' 'sub'> <InPorts = 2> <OutPorts = 1>
ST_1 : Operation 62 [1/1] (0.95ns)   --->   "%switch_ln52 = switch i2 %select_ln49_1, void %arrayidx133.i.i3.case.2, i2 0, void %arrayidx133.i.i3.case.0, i2 1, void %arrayidx133.i.i3.case.1" [codes_lab5/HLS_sources_final/templatedFuncs.h:52]   --->   Operation 62 'switch' 'switch_ln52' <Predicate = (!icmp_ln49)> <Delay = 0.95>
ST_1 : Operation 63 [1/1] (0.95ns)   --->   "%switch_ln52 = switch i2 %select_ln49, void %arrayidx133.i.i3.case.292, i2 0, void %arrayidx133.i.i3.case.1.arrayidx133.i.i3.exit_crit_edge, i2 1, void %arrayidx133.i.i3.case.1.arrayidx133.i.i3.exit_crit_edge29" [codes_lab5/HLS_sources_final/templatedFuncs.h:52]   --->   Operation 63 'switch' 'switch_ln52' <Predicate = (!icmp_ln49 & select_ln49_1 == 1)> <Delay = 0.95>
ST_1 : Operation 64 [1/1] (0.95ns)   --->   "%switch_ln52 = switch i2 %select_ln49, void %arrayidx133.i.i3.case.287, i2 0, void %arrayidx133.i.i3.case.0.arrayidx133.i.i3.exit_crit_edge, i2 1, void %arrayidx133.i.i3.case.0.arrayidx133.i.i3.exit_crit_edge25" [codes_lab5/HLS_sources_final/templatedFuncs.h:52]   --->   Operation 64 'switch' 'switch_ln52' <Predicate = (!icmp_ln49 & select_ln49_1 == 0)> <Delay = 0.95>
ST_1 : Operation 65 [1/1] (0.95ns)   --->   "%switch_ln52 = switch i2 %select_ln49, void %arrayidx133.i.i3.case.297, i2 0, void %arrayidx133.i.i3.case.2.arrayidx133.i.i3.exit_crit_edge, i2 1, void %arrayidx133.i.i3.case.2.arrayidx133.i.i3.exit_crit_edge21" [codes_lab5/HLS_sources_final/templatedFuncs.h:52]   --->   Operation 65 'switch' 'switch_ln52' <Predicate = (!icmp_ln49 & select_ln49_1 != 0 & select_ln49_1 != 1)> <Delay = 0.95>
ST_1 : Operation 66 [1/1] (1.56ns)   --->   "%add_ln50 = add i2 %select_ln49, i2 1" [codes_lab5/HLS_sources_final/templatedFuncs.h:50]   --->   Operation 66 'add' 'add_ln50' <Predicate = (!icmp_ln49)> <Delay = 1.56> <CoreInst = "Adder">   --->   Core 1 'Adder' <Latency = 0> <II = 1> <Delay = 1.56> <FuncUnit> <Opcode : 'add' 'sub'> <InPorts = 2> <OutPorts = 1>
ST_1 : Operation 67 [1/1] (1.58ns)   --->   "%store_ln50 = store i4 %add_ln49_2, i4 %indvar_flatten150" [codes_lab5/HLS_sources_final/templatedFuncs.h:50]   --->   Operation 67 'store' 'store_ln50' <Predicate = (!icmp_ln49)> <Delay = 1.58>
ST_1 : Operation 68 [1/1] (1.58ns)   --->   "%store_ln50 = store i2 %select_ln49_1, i2 %wi" [codes_lab5/HLS_sources_final/templatedFuncs.h:50]   --->   Operation 68 'store' 'store_ln50' <Predicate = (!icmp_ln49)> <Delay = 1.58>
ST_1 : Operation 69 [1/1] (1.58ns)   --->   "%store_ln50 = store i2 %add_ln50, i2 %wj" [codes_lab5/HLS_sources_final/templatedFuncs.h:50]   --->   Operation 69 'store' 'store_ln50' <Predicate = (!icmp_ln49)> <Delay = 1.58>
ST_1 : Operation 70 [1/1] (0.00ns)   --->   "%br_ln50 = br void %for.inc.i20.i" [codes_lab5/HLS_sources_final/templatedFuncs.h:50]   --->   Operation 70 'br' 'br_ln50' <Predicate = (!icmp_ln49)> <Delay = 0.00>

State 2 <SV = 1> <Delay = 6.98>
ST_2 : Operation 71 [1/1] (0.00ns)   --->   "%p_shl7 = bitconcatenate i10 @_ssdm_op_BitConcatenate.i10.i6.i4, i6 %trunc_ln52, i4 0" [codes_lab5/HLS_sources_final/templatedFuncs.h:52]   --->   Operation 71 'bitconcatenate' 'p_shl7' <Predicate = true> <Delay = 0.00>
ST_2 : Operation 72 [1/1] (0.00ns)   --->   "%p_shl8 = bitconcatenate i10 @_ssdm_op_BitConcatenate.i10.i8.i2, i8 %trunc_ln52_1, i2 0" [codes_lab5/HLS_sources_final/templatedFuncs.h:52]   --->   Operation 72 'bitconcatenate' 'p_shl8' <Predicate = true> <Delay = 0.00>
ST_2 : Operation 73 [1/1] (0.00ns) (grouped into TernaryAdder)   --->   "%sub_ln52_1 = sub i10 %p_shl7, i10 %p_shl8" [codes_lab5/HLS_sources_final/templatedFuncs.h:52]   --->   Operation 73 'sub' 'sub_ln52_1' <Predicate = true> <Delay = 0.00> <CoreInst = "TAddSub">   --->   Core 10 'TAddSub' <Latency = 0> <II = 1> <Delay = 1.86> <IPBlock> <Opcode : 'add' 'sub'> <InPorts = 3> <OutPorts = 1> <Sync> <CReg>
ST_2 : Operation 74 [1/1] (0.00ns)   --->   "%zext_ln52_1 = zext i4 %add_ln52" [codes_lab5/HLS_sources_final/templatedFuncs.h:52]   --->   Operation 74 'zext' 'zext_ln52_1' <Predicate = true> <Delay = 0.00>
ST_2 : Operation 75 [1/1] (3.72ns) (root node of TernaryAdder)   --->   "%add_ln52_2 = add i10 %sub_ln52_1, i10 %zext_ln52_1" [codes_lab5/HLS_sources_final/templatedFuncs.h:52]   --->   Operation 75 'add' 'add_ln52_2' <Predicate = true> <Delay = 3.72> <CoreInst = "TAddSub">   --->   Core 10 'TAddSub' <Latency = 0> <II = 1> <Delay = 1.86> <IPBlock> <Opcode : 'add' 'sub'> <InPorts = 3> <OutPorts = 1> <Sync> <CReg>
ST_2 : Operation 76 [1/1] (0.00ns)   --->   "%zext_ln52_2 = zext i10 %add_ln52_2" [codes_lab5/HLS_sources_final/templatedFuncs.h:52]   --->   Operation 76 'zext' 'zext_ln52_2' <Predicate = true> <Delay = 0.00>
ST_2 : Operation 77 [1/1] (0.00ns)   --->   "%mem_4_addr = getelementptr i32 %mem_4, i64 0, i64 %zext_ln52_2" [codes_lab5/HLS_sources_final/templatedFuncs.h:52]   --->   Operation 77 'getelementptr' 'mem_4_addr' <Predicate = true> <Delay = 0.00>
ST_2 : Operation 78 [2/2] (3.25ns)   --->   "%mem_4_load = load i10 %mem_4_addr" [codes_lab5/HLS_sources_final/templatedFuncs.h:52]   --->   Operation 78 'load' 'mem_4_load' <Predicate = true> <Delay = 3.25> <CoreInst = "RAM">   --->   Core 82 'RAM' <Latency = 1> <II = 1> <Delay = 3.25> <Storage> <Opcode : 'load' 'store'> <Ports = 2> <Width = 32> <Depth = 576> <RAM>
ST_2 : Operation 102 [1/1] (0.00ns)   --->   "%p_load30 = load i32 %empty"   --->   Operation 102 'load' 'p_load30' <Predicate = (icmp_ln49)> <Delay = 0.00>
ST_2 : Operation 103 [1/1] (0.00ns)   --->   "%p_load28 = load i32 %empty_31"   --->   Operation 103 'load' 'p_load28' <Predicate = (icmp_ln49)> <Delay = 0.00>
ST_2 : Operation 104 [1/1] (0.00ns)   --->   "%p_load27 = load i32 %empty_32"   --->   Operation 104 'load' 'p_load27' <Predicate = (icmp_ln49)> <Delay = 0.00>
ST_2 : Operation 105 [1/1] (0.00ns)   --->   "%p_load26 = load i32 %empty_33"   --->   Operation 105 'load' 'p_load26' <Predicate = (icmp_ln49)> <Delay = 0.00>
ST_2 : Operation 106 [1/1] (0.00ns)   --->   "%p_load24 = load i32 %empty_34"   --->   Operation 106 'load' 'p_load24' <Predicate = (icmp_ln49)> <Delay = 0.00>
ST_2 : Operation 107 [1/1] (0.00ns)   --->   "%p_load23 = load i32 %empty_35"   --->   Operation 107 'load' 'p_load23' <Predicate = (icmp_ln49)> <Delay = 0.00>
ST_2 : Operation 108 [1/1] (0.00ns)   --->   "%p_load22 = load i32 %empty_36"   --->   Operation 108 'load' 'p_load22' <Predicate = (icmp_ln49)> <Delay = 0.00>
ST_2 : Operation 109 [1/1] (0.00ns)   --->   "%p_load20 = load i32 %empty_37"   --->   Operation 109 'load' 'p_load20' <Predicate = (icmp_ln49)> <Delay = 0.00>
ST_2 : Operation 110 [1/1] (0.00ns)   --->   "%p_load = load i32 %empty_38"   --->   Operation 110 'load' 'p_load' <Predicate = (icmp_ln49)> <Delay = 0.00>
ST_2 : Operation 111 [1/1] (0.00ns)   --->   "%write_ln0 = write void @_ssdm_op_Write.ap_auto.floatP0A, i32 %p_out, i32 %p_load"   --->   Operation 111 'write' 'write_ln0' <Predicate = (icmp_ln49)> <Delay = 0.00>
ST_2 : Operation 112 [1/1] (0.00ns)   --->   "%write_ln0 = write void @_ssdm_op_Write.ap_auto.floatP0A, i32 %p_out1, i32 %p_load20"   --->   Operation 112 'write' 'write_ln0' <Predicate = (icmp_ln49)> <Delay = 0.00>
ST_2 : Operation 113 [1/1] (0.00ns)   --->   "%write_ln0 = write void @_ssdm_op_Write.ap_auto.floatP0A, i32 %p_out2, i32 %p_load22"   --->   Operation 113 'write' 'write_ln0' <Predicate = (icmp_ln49)> <Delay = 0.00>
ST_2 : Operation 114 [1/1] (0.00ns)   --->   "%write_ln0 = write void @_ssdm_op_Write.ap_auto.floatP0A, i32 %p_out3, i32 %p_load23"   --->   Operation 114 'write' 'write_ln0' <Predicate = (icmp_ln49)> <Delay = 0.00>
ST_2 : Operation 115 [1/1] (0.00ns)   --->   "%write_ln0 = write void @_ssdm_op_Write.ap_auto.floatP0A, i32 %p_out4, i32 %p_load24"   --->   Operation 115 'write' 'write_ln0' <Predicate = (icmp_ln49)> <Delay = 0.00>
ST_2 : Operation 116 [1/1] (0.00ns)   --->   "%write_ln0 = write void @_ssdm_op_Write.ap_auto.floatP0A, i32 %p_out5, i32 %p_load26"   --->   Operation 116 'write' 'write_ln0' <Predicate = (icmp_ln49)> <Delay = 0.00>
ST_2 : Operation 117 [1/1] (0.00ns)   --->   "%write_ln0 = write void @_ssdm_op_Write.ap_auto.floatP0A, i32 %p_out6, i32 %p_load27"   --->   Operation 117 'write' 'write_ln0' <Predicate = (icmp_ln49)> <Delay = 0.00>
ST_2 : Operation 118 [1/1] (0.00ns)   --->   "%write_ln0 = write void @_ssdm_op_Write.ap_auto.floatP0A, i32 %p_out7, i32 %p_load28"   --->   Operation 118 'write' 'write_ln0' <Predicate = (icmp_ln49)> <Delay = 0.00>
ST_2 : Operation 119 [1/1] (0.00ns)   --->   "%write_ln0 = write void @_ssdm_op_Write.ap_auto.floatP0A, i32 %p_out8, i32 %p_load30"   --->   Operation 119 'write' 'write_ln0' <Predicate = (icmp_ln49)> <Delay = 0.00>
ST_2 : Operation 120 [1/1] (0.00ns)   --->   "%ret_ln0 = ret"   --->   Operation 120 'ret' 'ret_ln0' <Predicate = (icmp_ln49)> <Delay = 0.00>

State 3 <SV = 2> <Delay = 4.84>
ST_3 : Operation 79 [1/1] (0.00ns)   --->   "%specloopname_ln0 = specloopname void @_ssdm_op_SpecLoopName, void @loadWin1_VITIS_LOOP_50_1_str"   --->   Operation 79 'specloopname' 'specloopname_ln0' <Predicate = true> <Delay = 0.00>
ST_3 : Operation 80 [1/1] (0.00ns)   --->   "%empty_39 = speclooptripcount i32 @_ssdm_op_SpecLoopTripCount, i64 9, i64 9, i64 9"   --->   Operation 80 'speclooptripcount' 'empty_39' <Predicate = true> <Delay = 0.00>
ST_3 : Operation 81 [1/1] (0.00ns)   --->   "%specpipeline_ln51 = specpipeline void @_ssdm_op_SpecPipeline, i32 4294967295, i32 0, i32 0, i32 0, void @empty" [codes_lab5/HLS_sources_final/templatedFuncs.h:51]   --->   Operation 81 'specpipeline' 'specpipeline_ln51' <Predicate = true> <Delay = 0.00>
ST_3 : Operation 82 [1/1] (0.00ns)   --->   "%specloopname_ln50 = specloopname void @_ssdm_op_SpecLoopName, void @empty_9" [codes_lab5/HLS_sources_final/templatedFuncs.h:50]   --->   Operation 82 'specloopname' 'specloopname_ln50' <Predicate = true> <Delay = 0.00>
ST_3 : Operation 83 [1/2] (3.25ns)   --->   "%mem_4_load = load i10 %mem_4_addr" [codes_lab5/HLS_sources_final/templatedFuncs.h:52]   --->   Operation 83 'load' 'mem_4_load' <Predicate = true> <Delay = 3.25> <CoreInst = "RAM">   --->   Core 82 'RAM' <Latency = 1> <II = 1> <Delay = 3.25> <Storage> <Opcode : 'load' 'store'> <Ports = 2> <Width = 32> <Depth = 576> <RAM>
ST_3 : Operation 84 [1/1] (1.58ns)   --->   "%store_ln52 = store i32 %mem_4_load, i32 %empty" [codes_lab5/HLS_sources_final/templatedFuncs.h:52]   --->   Operation 84 'store' 'store_ln52' <Predicate = (select_ln49_1 == 1 & select_ln49 == 1)> <Delay = 1.58>
ST_3 : Operation 85 [1/1] (0.00ns)   --->   "%br_ln52 = br void %arrayidx133.i.i3.exit" [codes_lab5/HLS_sources_final/templatedFuncs.h:52]   --->   Operation 85 'br' 'br_ln52' <Predicate = (select_ln49_1 == 1 & select_ln49 == 1)> <Delay = 0.00>
ST_3 : Operation 86 [1/1] (1.58ns)   --->   "%store_ln52 = store i32 %mem_4_load, i32 %empty_31" [codes_lab5/HLS_sources_final/templatedFuncs.h:52]   --->   Operation 86 'store' 'store_ln52' <Predicate = (select_ln49_1 == 1 & select_ln49 == 0)> <Delay = 1.58>
ST_3 : Operation 87 [1/1] (0.00ns)   --->   "%br_ln52 = br void %arrayidx133.i.i3.exit" [codes_lab5/HLS_sources_final/templatedFuncs.h:52]   --->   Operation 87 'br' 'br_ln52' <Predicate = (select_ln49_1 == 1 & select_ln49 == 0)> <Delay = 0.00>
ST_3 : Operation 88 [1/1] (1.58ns)   --->   "%store_ln52 = store i32 %mem_4_load, i32 %empty_32" [codes_lab5/HLS_sources_final/templatedFuncs.h:52]   --->   Operation 88 'store' 'store_ln52' <Predicate = (select_ln49_1 == 1 & select_ln49 != 0 & select_ln49 != 1)> <Delay = 1.58>
ST_3 : Operation 89 [1/1] (0.00ns)   --->   "%br_ln52 = br void %arrayidx133.i.i3.exit" [codes_lab5/HLS_sources_final/templatedFuncs.h:52]   --->   Operation 89 'br' 'br_ln52' <Predicate = (select_ln49_1 == 1 & select_ln49 != 0 & select_ln49 != 1)> <Delay = 0.00>
ST_3 : Operation 90 [1/1] (1.58ns)   --->   "%store_ln52 = store i32 %mem_4_load, i32 %empty_33" [codes_lab5/HLS_sources_final/templatedFuncs.h:52]   --->   Operation 90 'store' 'store_ln52' <Predicate = (select_ln49_1 == 0 & select_ln49 == 1)> <Delay = 1.58>
ST_3 : Operation 91 [1/1] (0.00ns)   --->   "%br_ln52 = br void %arrayidx133.i.i3.exit" [codes_lab5/HLS_sources_final/templatedFuncs.h:52]   --->   Operation 91 'br' 'br_ln52' <Predicate = (select_ln49_1 == 0 & select_ln49 == 1)> <Delay = 0.00>
ST_3 : Operation 92 [1/1] (1.58ns)   --->   "%store_ln52 = store i32 %mem_4_load, i32 %empty_34" [codes_lab5/HLS_sources_final/templatedFuncs.h:52]   --->   Operation 92 'store' 'store_ln52' <Predicate = (select_ln49_1 == 0 & select_ln49 == 0)> <Delay = 1.58>
ST_3 : Operation 93 [1/1] (0.00ns)   --->   "%br_ln52 = br void %arrayidx133.i.i3.exit" [codes_lab5/HLS_sources_final/templatedFuncs.h:52]   --->   Operation 93 'br' 'br_ln52' <Predicate = (select_ln49_1 == 0 & select_ln49 == 0)> <Delay = 0.00>
ST_3 : Operation 94 [1/1] (1.58ns)   --->   "%store_ln52 = store i32 %mem_4_load, i32 %empty_35" [codes_lab5/HLS_sources_final/templatedFuncs.h:52]   --->   Operation 94 'store' 'store_ln52' <Predicate = (select_ln49_1 == 0 & select_ln49 != 0 & select_ln49 != 1)> <Delay = 1.58>
ST_3 : Operation 95 [1/1] (0.00ns)   --->   "%br_ln52 = br void %arrayidx133.i.i3.exit" [codes_lab5/HLS_sources_final/templatedFuncs.h:52]   --->   Operation 95 'br' 'br_ln52' <Predicate = (select_ln49_1 == 0 & select_ln49 != 0 & select_ln49 != 1)> <Delay = 0.00>
ST_3 : Operation 96 [1/1] (1.58ns)   --->   "%store_ln52 = store i32 %mem_4_load, i32 %empty_36" [codes_lab5/HLS_sources_final/templatedFuncs.h:52]   --->   Operation 96 'store' 'store_ln52' <Predicate = (select_ln49_1 != 0 & select_ln49_1 != 1 & select_ln49 == 1)> <Delay = 1.58>
ST_3 : Operation 97 [1/1] (0.00ns)   --->   "%br_ln52 = br void %arrayidx133.i.i3.exit" [codes_lab5/HLS_sources_final/templatedFuncs.h:52]   --->   Operation 97 'br' 'br_ln52' <Predicate = (select_ln49_1 != 0 & select_ln49_1 != 1 & select_ln49 == 1)> <Delay = 0.00>
ST_3 : Operation 98 [1/1] (1.58ns)   --->   "%store_ln52 = store i32 %mem_4_load, i32 %empty_37" [codes_lab5/HLS_sources_final/templatedFuncs.h:52]   --->   Operation 98 'store' 'store_ln52' <Predicate = (select_ln49_1 != 0 & select_ln49_1 != 1 & select_ln49 == 0)> <Delay = 1.58>
ST_3 : Operation 99 [1/1] (0.00ns)   --->   "%br_ln52 = br void %arrayidx133.i.i3.exit" [codes_lab5/HLS_sources_final/templatedFuncs.h:52]   --->   Operation 99 'br' 'br_ln52' <Predicate = (select_ln49_1 != 0 & select_ln49_1 != 1 & select_ln49 == 0)> <Delay = 0.00>
ST_3 : Operation 100 [1/1] (1.58ns)   --->   "%store_ln52 = store i32 %mem_4_load, i32 %empty_38" [codes_lab5/HLS_sources_final/templatedFuncs.h:52]   --->   Operation 100 'store' 'store_ln52' <Predicate = (select_ln49_1 != 0 & select_ln49_1 != 1 & select_ln49 != 0 & select_ln49 != 1)> <Delay = 1.58>
ST_3 : Operation 101 [1/1] (0.00ns)   --->   "%br_ln52 = br void %arrayidx133.i.i3.exit" [codes_lab5/HLS_sources_final/templatedFuncs.h:52]   --->   Operation 101 'br' 'br_ln52' <Predicate = (select_ln49_1 != 0 & select_ln49_1 != 1 & select_ln49 != 0 & select_ln49 != 1)> <Delay = 0.00>


============================================================
+ Verbose Summary: Timing violations
============================================================
Target clock period: 10ns, clock uncertainty: 2.7ns.

 <State 1>: 6.21ns
The critical path consists of the following:
	'alloca' operation ('wi') [24]  (0 ns)
	'load' operation ('wi_load', codes_lab5/HLS_sources_final/templatedFuncs.h:49) on local variable 'wi' [68]  (0 ns)
	'add' operation ('add_ln49', codes_lab5/HLS_sources_final/templatedFuncs.h:49) [69]  (1.56 ns)
	'select' operation ('select_ln49_1', codes_lab5/HLS_sources_final/templatedFuncs.h:49) [74]  (0.993 ns)
	'add' operation ('add_ln49_1', codes_lab5/HLS_sources_final/templatedFuncs.h:49) [76]  (1.74 ns)
	'add' operation ('add_ln52_1', codes_lab5/HLS_sources_final/templatedFuncs.h:52) [78]  (1.92 ns)

 <State 2>: 6.98ns
The critical path consists of the following:
	'sub' operation ('sub_ln52_1', codes_lab5/HLS_sources_final/templatedFuncs.h:52) [83]  (0 ns)
	'add' operation ('add_ln52_2', codes_lab5/HLS_sources_final/templatedFuncs.h:52) [89]  (3.73 ns)
	'getelementptr' operation ('mem_4_addr', codes_lab5/HLS_sources_final/templatedFuncs.h:52) [91]  (0 ns)
	'load' operation ('mem_4_load', codes_lab5/HLS_sources_final/templatedFuncs.h:52) on array 'mem_4' [92]  (3.25 ns)

 <State 3>: 4.84ns
The critical path consists of the following:
	'load' operation ('mem_4_load', codes_lab5/HLS_sources_final/templatedFuncs.h:52) on array 'mem_4' [92]  (3.25 ns)
	'store' operation ('store_ln52', codes_lab5/HLS_sources_final/templatedFuncs.h:52) of variable 'mem_4_load', codes_lab5/HLS_sources_final/templatedFuncs.h:52 on local variable 'empty' [97]  (1.59 ns)


============================================================
+ Verbose Summary: Binding
============================================================
N/A
* FSMD analyzer results:
  - Output states:
 - Input state : 
  - Chain level:
	State 1
	State 2
	State 3


============================================================
+ Verbose Summary: Datapath Resource usage 
============================================================
N/A
