

================================================================
== Vitis HLS Report for 'fc_layer2'
================================================================
* Date:           Thu Dec 25 15:19:33 2025

* Version:        2022.1 (Build 3526262 on Mon Apr 18 15:48:16 MDT 2022)
* Project:        Day_5_final_boss
* Solution:       sol5 (Vivado IP Flow Target)
* Product family: zynq
* Target device:  xc7z020-clg400-1


================================================================
== Performance Estimates
================================================================
+ Timing: 
    * Summary: 
    +--------+----------+----------+------------+
    |  Clock |  Target  | Estimated| Uncertainty|
    +--------+----------+----------+------------+
    |ap_clk  |  10.00 ns|  7.256 ns|     2.70 ns|
    +--------+----------+----------+------------+

+ Latency: 
    * Summary: 
    +---------+---------+----------+----------+-----+-----+---------+
    |  Latency (cycles) |  Latency (absolute) |  Interval | Pipeline|
    |   min   |   max   |    min   |    max   | min | max |   Type  |
    +---------+---------+----------+----------+-----+-----+---------+
    |      363|      363|  3.630 us|  3.630 us|  363|  363|       no|
    +---------+---------+----------+----------+-----+-----+---------+

    + Detail: 
        * Instance: 
        N/A

        * Loop: 
        +---------------------+---------+---------+----------+-----------+-----------+------+----------+
        |                     |  Latency (cycles) | Iteration|  Initiation Interval  | Trip |          |
        |      Loop Name      |   min   |   max   |  Latency |  achieved |   target  | Count| Pipelined|
        +---------------------+---------+---------+----------+-----------+-----------+------+----------+
        |- out_loop           |      362|      362|       181|          -|          -|     2|        no|
        | + VITIS_LOOP_216_1  |      176|      176|        11|          -|          -|    16|        no|
        +---------------------+---------+---------+----------+-----------+-----------+------+----------+

============================================================
+ Verbose Summary: Synthesis Manager
============================================================
InlineROM: 1
ExposeGlobal: 0
============================================================
+ Verbose Summary: CDFG Model
============================================================
IsTopModel: 0
ResetActiveHigh: 1
IsCombinational: 2
IsDatapathOnly: 0
HasWiredReturn: 1
HasMFsm: 0
HasVarLatency: 1
IsPipeline: 0
IsRtlPipelined: 0
IsInstanceOverlapped: 0
IsDontTouch: 0
HasImplIP: 0
IsGatedGlobalClock: 0


============================================================
+ Verbose Summary: Schedule
============================================================
* Number of FSM states : 16
* Pipeline : 0
* Dataflow Pipeline: 0

* FSM state transitions: 
1 --> 2 
2 --> 3 
3 --> 4 
4 --> 5 15 
5 --> 6 
6 --> 7 
7 --> 8 
8 --> 9 
9 --> 10 
10 --> 11 
11 --> 12 
12 --> 13 
13 --> 14 
14 --> 4 
15 --> 16 
16 --> 2 

* FSM state operations: 

State 1 <SV = 0> <Delay = 3.63>
ST_1 : Operation 17 [1/1] (0.00ns)   --->   "%turn = alloca i32 1"   --->   Operation 17 'alloca' 'turn' <Predicate = true> <Delay = 0.00>
ST_1 : Operation 18 [1/1] (0.00ns)   --->   "%add32_lcssa19_i = alloca i32 1"   --->   Operation 18 'alloca' 'add32_lcssa19_i' <Predicate = true> <Delay = 0.00>
ST_1 : Operation 19 [1/1] (0.00ns)   --->   "%add32_1_lcssa21_i = alloca i32 1"   --->   Operation 19 'alloca' 'add32_1_lcssa21_i' <Predicate = true> <Delay = 0.00>
ST_1 : Operation 20 [1/1] (0.00ns)   --->   "%add32_2_lcssa23_i = alloca i32 1"   --->   Operation 20 'alloca' 'add32_2_lcssa23_i' <Predicate = true> <Delay = 0.00>
ST_1 : Operation 21 [1/1] (0.00ns)   --->   "%add32_3_lcssa25_i = alloca i32 1"   --->   Operation 21 'alloca' 'add32_3_lcssa25_i' <Predicate = true> <Delay = 0.00>
ST_1 : Operation 22 [1/1] (0.00ns)   --->   "%add32_4_lcssa27_i = alloca i32 1"   --->   Operation 22 'alloca' 'add32_4_lcssa27_i' <Predicate = true> <Delay = 0.00>
ST_1 : Operation 23 [1/1] (3.63ns)   --->   "%p_read_1 = read i32 @_ssdm_op_Read.ap_auto.float, i32 %p_read15" [codes_lab5/HLS_sources_final/design.cpp:42]   --->   Operation 23 'read' 'p_read_1' <Predicate = true> <Delay = 3.63> <CoreInst = "FIFO_SRL">   --->   Core 81 'FIFO_SRL' <Latency = 0> <II = 1> <Delay = 3.63> <Storage> <Opcode : 'read' 'write' 'nbread' 'nbwrite'> <Ports = 0> <Width = -1> <Depth = -1> <FIFO>
ST_1 : Operation 24 [1/1] (3.63ns)   --->   "%p_read_2 = read i32 @_ssdm_op_Read.ap_auto.float, i32 %p_read14" [codes_lab5/HLS_sources_final/design.cpp:42]   --->   Operation 24 'read' 'p_read_2' <Predicate = true> <Delay = 3.63> <CoreInst = "FIFO_SRL">   --->   Core 81 'FIFO_SRL' <Latency = 0> <II = 1> <Delay = 3.63> <Storage> <Opcode : 'read' 'write' 'nbread' 'nbwrite'> <Ports = 0> <Width = -1> <Depth = -1> <FIFO>
ST_1 : Operation 25 [1/1] (3.63ns)   --->   "%p_read_3 = read i32 @_ssdm_op_Read.ap_auto.float, i32 %p_read13" [codes_lab5/HLS_sources_final/design.cpp:42]   --->   Operation 25 'read' 'p_read_3' <Predicate = true> <Delay = 3.63> <CoreInst = "FIFO_SRL">   --->   Core 81 'FIFO_SRL' <Latency = 0> <II = 1> <Delay = 3.63> <Storage> <Opcode : 'read' 'write' 'nbread' 'nbwrite'> <Ports = 0> <Width = -1> <Depth = -1> <FIFO>
ST_1 : Operation 26 [1/1] (3.63ns)   --->   "%p_read_4 = read i32 @_ssdm_op_Read.ap_auto.float, i32 %p_read12" [codes_lab5/HLS_sources_final/design.cpp:42]   --->   Operation 26 'read' 'p_read_4' <Predicate = true> <Delay = 3.63> <CoreInst = "FIFO_SRL">   --->   Core 81 'FIFO_SRL' <Latency = 0> <II = 1> <Delay = 3.63> <Storage> <Opcode : 'read' 'write' 'nbread' 'nbwrite'> <Ports = 0> <Width = -1> <Depth = -1> <FIFO>
ST_1 : Operation 27 [1/1] (3.63ns)   --->   "%p_read_5 = read i32 @_ssdm_op_Read.ap_auto.float, i32 %p_read11" [codes_lab5/HLS_sources_final/design.cpp:42]   --->   Operation 27 'read' 'p_read_5' <Predicate = true> <Delay = 3.63> <CoreInst = "FIFO_SRL">   --->   Core 81 'FIFO_SRL' <Latency = 0> <II = 1> <Delay = 3.63> <Storage> <Opcode : 'read' 'write' 'nbread' 'nbwrite'> <Ports = 0> <Width = -1> <Depth = -1> <FIFO>
ST_1 : Operation 28 [1/1] (3.63ns)   --->   "%p_read_6 = read i32 @_ssdm_op_Read.ap_auto.float, i32 %p_read10" [codes_lab5/HLS_sources_final/design.cpp:42]   --->   Operation 28 'read' 'p_read_6' <Predicate = true> <Delay = 3.63> <CoreInst = "FIFO_SRL">   --->   Core 81 'FIFO_SRL' <Latency = 0> <II = 1> <Delay = 3.63> <Storage> <Opcode : 'read' 'write' 'nbread' 'nbwrite'> <Ports = 0> <Width = -1> <Depth = -1> <FIFO>
ST_1 : Operation 29 [1/1] (3.63ns)   --->   "%p_read_7 = read i32 @_ssdm_op_Read.ap_auto.float, i32 %p_read9" [codes_lab5/HLS_sources_final/design.cpp:42]   --->   Operation 29 'read' 'p_read_7' <Predicate = true> <Delay = 3.63> <CoreInst = "FIFO_SRL">   --->   Core 81 'FIFO_SRL' <Latency = 0> <II = 1> <Delay = 3.63> <Storage> <Opcode : 'read' 'write' 'nbread' 'nbwrite'> <Ports = 0> <Width = -1> <Depth = -1> <FIFO>
ST_1 : Operation 30 [1/1] (3.63ns)   --->   "%p_read_8 = read i32 @_ssdm_op_Read.ap_auto.float, i32 %p_read8" [codes_lab5/HLS_sources_final/design.cpp:42]   --->   Operation 30 'read' 'p_read_8' <Predicate = true> <Delay = 3.63> <CoreInst = "FIFO_SRL">   --->   Core 81 'FIFO_SRL' <Latency = 0> <II = 1> <Delay = 3.63> <Storage> <Opcode : 'read' 'write' 'nbread' 'nbwrite'> <Ports = 0> <Width = -1> <Depth = -1> <FIFO>
ST_1 : Operation 31 [1/1] (3.63ns)   --->   "%p_read_9 = read i32 @_ssdm_op_Read.ap_auto.float, i32 %p_read7" [codes_lab5/HLS_sources_final/design.cpp:42]   --->   Operation 31 'read' 'p_read_9' <Predicate = true> <Delay = 3.63> <CoreInst = "FIFO_SRL">   --->   Core 81 'FIFO_SRL' <Latency = 0> <II = 1> <Delay = 3.63> <Storage> <Opcode : 'read' 'write' 'nbread' 'nbwrite'> <Ports = 0> <Width = -1> <Depth = -1> <FIFO>
ST_1 : Operation 32 [1/1] (3.63ns)   --->   "%p_read_10 = read i32 @_ssdm_op_Read.ap_auto.float, i32 %p_read6" [codes_lab5/HLS_sources_final/design.cpp:42]   --->   Operation 32 'read' 'p_read_10' <Predicate = true> <Delay = 3.63> <CoreInst = "FIFO_SRL">   --->   Core 81 'FIFO_SRL' <Latency = 0> <II = 1> <Delay = 3.63> <Storage> <Opcode : 'read' 'write' 'nbread' 'nbwrite'> <Ports = 0> <Width = -1> <Depth = -1> <FIFO>
ST_1 : Operation 33 [1/1] (3.63ns)   --->   "%p_read_11 = read i32 @_ssdm_op_Read.ap_auto.float, i32 %p_read5" [codes_lab5/HLS_sources_final/design.cpp:42]   --->   Operation 33 'read' 'p_read_11' <Predicate = true> <Delay = 3.63> <CoreInst = "FIFO_SRL">   --->   Core 81 'FIFO_SRL' <Latency = 0> <II = 1> <Delay = 3.63> <Storage> <Opcode : 'read' 'write' 'nbread' 'nbwrite'> <Ports = 0> <Width = -1> <Depth = -1> <FIFO>
ST_1 : Operation 34 [1/1] (3.63ns)   --->   "%p_read_12 = read i32 @_ssdm_op_Read.ap_auto.float, i32 %p_read4" [codes_lab5/HLS_sources_final/design.cpp:42]   --->   Operation 34 'read' 'p_read_12' <Predicate = true> <Delay = 3.63> <CoreInst = "FIFO_SRL">   --->   Core 81 'FIFO_SRL' <Latency = 0> <II = 1> <Delay = 3.63> <Storage> <Opcode : 'read' 'write' 'nbread' 'nbwrite'> <Ports = 0> <Width = -1> <Depth = -1> <FIFO>
ST_1 : Operation 35 [1/1] (3.63ns)   --->   "%p_read_13 = read i32 @_ssdm_op_Read.ap_auto.float, i32 %p_read3" [codes_lab5/HLS_sources_final/design.cpp:42]   --->   Operation 35 'read' 'p_read_13' <Predicate = true> <Delay = 3.63> <CoreInst = "FIFO_SRL">   --->   Core 81 'FIFO_SRL' <Latency = 0> <II = 1> <Delay = 3.63> <Storage> <Opcode : 'read' 'write' 'nbread' 'nbwrite'> <Ports = 0> <Width = -1> <Depth = -1> <FIFO>
ST_1 : Operation 36 [1/1] (3.63ns)   --->   "%p_read_14 = read i32 @_ssdm_op_Read.ap_auto.float, i32 %p_read2" [codes_lab5/HLS_sources_final/design.cpp:42]   --->   Operation 36 'read' 'p_read_14' <Predicate = true> <Delay = 3.63> <CoreInst = "FIFO_SRL">   --->   Core 81 'FIFO_SRL' <Latency = 0> <II = 1> <Delay = 3.63> <Storage> <Opcode : 'read' 'write' 'nbread' 'nbwrite'> <Ports = 0> <Width = -1> <Depth = -1> <FIFO>
ST_1 : Operation 37 [1/1] (3.63ns)   --->   "%p_read_15 = read i32 @_ssdm_op_Read.ap_auto.float, i32 %p_read1" [codes_lab5/HLS_sources_final/design.cpp:42]   --->   Operation 37 'read' 'p_read_15' <Predicate = true> <Delay = 3.63> <CoreInst = "FIFO_SRL">   --->   Core 81 'FIFO_SRL' <Latency = 0> <II = 1> <Delay = 3.63> <Storage> <Opcode : 'read' 'write' 'nbread' 'nbwrite'> <Ports = 0> <Width = -1> <Depth = -1> <FIFO>
ST_1 : Operation 38 [1/1] (3.63ns)   --->   "%p_read22 = read i32 @_ssdm_op_Read.ap_auto.float, i32 %p_read" [codes_lab5/HLS_sources_final/design.cpp:42]   --->   Operation 38 'read' 'p_read22' <Predicate = true> <Delay = 3.63> <CoreInst = "FIFO_SRL">   --->   Core 81 'FIFO_SRL' <Latency = 0> <II = 1> <Delay = 3.63> <Storage> <Opcode : 'read' 'write' 'nbread' 'nbwrite'> <Ports = 0> <Width = -1> <Depth = -1> <FIFO>
ST_1 : Operation 39 [1/1] (1.58ns)   --->   "%store_ln213 = store i2 0, i2 %turn" [codes_lab5/HLS_sources_final/templatedFuncs.h:213]   --->   Operation 39 'store' 'store_ln213' <Predicate = true> <Delay = 1.58>
ST_1 : Operation 40 [1/1] (0.00ns)   --->   "%br_ln213 = br void %VITIS_LOOP_216_1.i" [codes_lab5/HLS_sources_final/templatedFuncs.h:213]   --->   Operation 40 'br' 'br_ln213' <Predicate = true> <Delay = 0.00>

State 2 <SV = 1> <Delay = 4.05>
ST_2 : Operation 41 [1/1] (0.00ns)   --->   "%turn_1 = load i2 %turn"   --->   Operation 41 'load' 'turn_1' <Predicate = true> <Delay = 0.00>
ST_2 : Operation 42 [1/1] (0.95ns)   --->   "%icmp_ln213 = icmp_eq  i2 %turn_1, i2 2" [codes_lab5/HLS_sources_final/templatedFuncs.h:213]   --->   Operation 42 'icmp' 'icmp_ln213' <Predicate = true> <Delay = 0.95> <CoreInst = "Cmp">   --->   Core 9 'Cmp' <Latency = 0> <II = 1> <Delay = 0.95> <FuncUnit> <Opcode : 'icmp'> <InPorts = 2> <OutPorts = 1>
ST_2 : Operation 43 [1/1] (0.00ns)   --->   "%empty = speclooptripcount i32 @_ssdm_op_SpecLoopTripCount, i64 2, i64 2, i64 2"   --->   Operation 43 'speclooptripcount' 'empty' <Predicate = true> <Delay = 0.00>
ST_2 : Operation 44 [1/1] (1.56ns)   --->   "%add_ln213 = add i2 %turn_1, i2 1" [codes_lab5/HLS_sources_final/templatedFuncs.h:213]   --->   Operation 44 'add' 'add_ln213' <Predicate = true> <Delay = 1.56> <CoreInst = "Adder">   --->   Core 1 'Adder' <Latency = 0> <II = 1> <Delay = 1.56> <FuncUnit> <Opcode : 'add' 'sub'> <InPorts = 2> <OutPorts = 1>
ST_2 : Operation 45 [1/1] (0.00ns)   --->   "%br_ln213 = br i1 %icmp_ln213, void %VITIS_LOOP_216_1.i.split, void %_Z8FC_layerILi16ELi10ELb0EEvPfS0_PAT__KfPS1_.exit" [codes_lab5/HLS_sources_final/templatedFuncs.h:213]   --->   Operation 45 'br' 'br_ln213' <Predicate = true> <Delay = 0.00>
ST_2 : Operation 46 [1/1] (0.00ns)   --->   "%empty_25 = trunc i2 %turn_1"   --->   Operation 46 'trunc' 'empty_25' <Predicate = (!icmp_ln213)> <Delay = 0.00>
ST_2 : Operation 47 [1/1] (0.00ns)   --->   "%tmp_s = bitconcatenate i3 @_ssdm_op_BitConcatenate.i3.i1.i2, i1 %empty_25, i2 %turn_1"   --->   Operation 47 'bitconcatenate' 'tmp_s' <Predicate = (!icmp_ln213)> <Delay = 0.00>
ST_2 : Operation 48 [1/1] (0.00ns)   --->   "%p_cast30 = zext i3 %tmp_s"   --->   Operation 48 'zext' 'p_cast30' <Predicate = (!icmp_ln213)> <Delay = 0.00>
ST_2 : Operation 49 [1/1] (0.00ns)   --->   "%p_cast = zext i3 %tmp_s"   --->   Operation 49 'zext' 'p_cast' <Predicate = (!icmp_ln213)> <Delay = 0.00>
ST_2 : Operation 50 [1/1] (0.00ns)   --->   "%fc2_bias_addr = getelementptr i32 %fc2_bias, i64 0, i64 %p_cast30"   --->   Operation 50 'getelementptr' 'fc2_bias_addr' <Predicate = (!icmp_ln213)> <Delay = 0.00>
ST_2 : Operation 51 [1/1] (1.65ns)   --->   "%empty_26 = add i3 %tmp_s, i3 1"   --->   Operation 51 'add' 'empty_26' <Predicate = (!icmp_ln213)> <Delay = 1.65> <CoreInst = "Adder">   --->   Core 1 'Adder' <Latency = 0> <II = 1> <Delay = 1.65> <FuncUnit> <Opcode : 'add' 'sub'> <InPorts = 2> <OutPorts = 1>
ST_2 : Operation 52 [1/1] (0.00ns)   --->   "%p_cast31 = zext i3 %empty_26"   --->   Operation 52 'zext' 'p_cast31' <Predicate = (!icmp_ln213)> <Delay = 0.00>
ST_2 : Operation 53 [1/1] (0.00ns)   --->   "%fc2_bias_addr_1 = getelementptr i32 %fc2_bias, i64 0, i64 %p_cast31"   --->   Operation 53 'getelementptr' 'fc2_bias_addr_1' <Predicate = (!icmp_ln213)> <Delay = 0.00>
ST_2 : Operation 54 [1/1] (1.65ns)   --->   "%empty_27 = add i3 %tmp_s, i3 2"   --->   Operation 54 'add' 'empty_27' <Predicate = (!icmp_ln213)> <Delay = 1.65> <CoreInst = "Adder">   --->   Core 1 'Adder' <Latency = 0> <II = 1> <Delay = 1.65> <FuncUnit> <Opcode : 'add' 'sub'> <InPorts = 2> <OutPorts = 1>
ST_2 : Operation 55 [1/1] (0.00ns)   --->   "%p_cast32 = zext i3 %empty_27"   --->   Operation 55 'zext' 'p_cast32' <Predicate = (!icmp_ln213)> <Delay = 0.00>
ST_2 : Operation 56 [1/1] (0.00ns)   --->   "%fc2_bias_addr_2 = getelementptr i32 %fc2_bias, i64 0, i64 %p_cast32"   --->   Operation 56 'getelementptr' 'fc2_bias_addr_2' <Predicate = (!icmp_ln213)> <Delay = 0.00>
ST_2 : Operation 57 [1/1] (1.65ns)   --->   "%empty_28 = add i4 %p_cast, i4 3"   --->   Operation 57 'add' 'empty_28' <Predicate = (!icmp_ln213)> <Delay = 1.65> <CoreInst = "Adder">   --->   Core 1 'Adder' <Latency = 0> <II = 1> <Delay = 1.65> <FuncUnit> <Opcode : 'add' 'sub'> <InPorts = 2> <OutPorts = 1>
ST_2 : Operation 58 [1/1] (0.00ns)   --->   "%p_cast33 = zext i4 %empty_28"   --->   Operation 58 'zext' 'p_cast33' <Predicate = (!icmp_ln213)> <Delay = 0.00>
ST_2 : Operation 59 [1/1] (0.00ns)   --->   "%fc2_bias_addr_3 = getelementptr i32 %fc2_bias, i64 0, i64 %p_cast33"   --->   Operation 59 'getelementptr' 'fc2_bias_addr_3' <Predicate = (!icmp_ln213)> <Delay = 0.00>
ST_2 : Operation 60 [1/1] (1.73ns)   --->   "%empty_29 = add i4 %p_cast, i4 4"   --->   Operation 60 'add' 'empty_29' <Predicate = (!icmp_ln213)> <Delay = 1.73> <CoreInst = "Adder">   --->   Core 1 'Adder' <Latency = 0> <II = 1> <Delay = 1.73> <FuncUnit> <Opcode : 'add' 'sub'> <InPorts = 2> <OutPorts = 1>
ST_2 : Operation 61 [1/1] (0.00ns)   --->   "%p_cast34 = zext i4 %empty_29"   --->   Operation 61 'zext' 'p_cast34' <Predicate = (!icmp_ln213)> <Delay = 0.00>
ST_2 : Operation 62 [1/1] (0.00ns)   --->   "%fc2_bias_addr_4 = getelementptr i32 %fc2_bias, i64 0, i64 %p_cast34"   --->   Operation 62 'getelementptr' 'fc2_bias_addr_4' <Predicate = (!icmp_ln213)> <Delay = 0.00>
ST_2 : Operation 63 [2/2] (2.32ns)   --->   "%fc2_bias_load = load i4 %fc2_bias_addr" [codes_lab5/HLS_sources_final/templatedFuncs.h:221]   --->   Operation 63 'load' 'fc2_bias_load' <Predicate = (!icmp_ln213)> <Delay = 2.32> <CoreInst = "ROM">   --->   Core 95 'ROM' <Latency = 1> <II = 1> <Delay = 2.32> <Storage> <Opcode : 'load'> <Ports = 0> <Width = 32> <Depth = 10> <ROM>
ST_2 : Operation 64 [2/2] (2.32ns)   --->   "%fc2_bias_load_1 = load i4 %fc2_bias_addr_1" [codes_lab5/HLS_sources_final/templatedFuncs.h:221]   --->   Operation 64 'load' 'fc2_bias_load_1' <Predicate = (!icmp_ln213)> <Delay = 2.32> <CoreInst = "ROM">   --->   Core 95 'ROM' <Latency = 1> <II = 1> <Delay = 2.32> <Storage> <Opcode : 'load'> <Ports = 0> <Width = 32> <Depth = 10> <ROM>
ST_2 : Operation 65 [2/2] (2.32ns)   --->   "%fc2_bias_load_2 = load i4 %fc2_bias_addr_2" [codes_lab5/HLS_sources_final/templatedFuncs.h:221]   --->   Operation 65 'load' 'fc2_bias_load_2' <Predicate = (!icmp_ln213)> <Delay = 2.32> <CoreInst = "ROM">   --->   Core 95 'ROM' <Latency = 1> <II = 1> <Delay = 2.32> <Storage> <Opcode : 'load'> <Ports = 0> <Width = 32> <Depth = 10> <ROM>
ST_2 : Operation 66 [2/2] (2.32ns)   --->   "%fc2_bias_load_3 = load i4 %fc2_bias_addr_3" [codes_lab5/HLS_sources_final/templatedFuncs.h:221]   --->   Operation 66 'load' 'fc2_bias_load_3' <Predicate = (!icmp_ln213)> <Delay = 2.32> <CoreInst = "ROM">   --->   Core 95 'ROM' <Latency = 1> <II = 1> <Delay = 2.32> <Storage> <Opcode : 'load'> <Ports = 0> <Width = 32> <Depth = 10> <ROM>
ST_2 : Operation 67 [2/2] (2.32ns)   --->   "%fc2_bias_load_4 = load i4 %fc2_bias_addr_4" [codes_lab5/HLS_sources_final/templatedFuncs.h:221]   --->   Operation 67 'load' 'fc2_bias_load_4' <Predicate = (!icmp_ln213)> <Delay = 2.32> <CoreInst = "ROM">   --->   Core 95 'ROM' <Latency = 1> <II = 1> <Delay = 2.32> <Storage> <Opcode : 'load'> <Ports = 0> <Width = 32> <Depth = 10> <ROM>
ST_2 : Operation 68 [1/1] (0.00ns)   --->   "%ret_ln44 = ret" [codes_lab5/HLS_sources_final/design.cpp:44]   --->   Operation 68 'ret' 'ret_ln44' <Predicate = (icmp_ln213)> <Delay = 0.00>

State 3 <SV = 2> <Delay = 2.32>
ST_3 : Operation 69 [1/1] (0.00ns)   --->   "%specloopname_ln213 = specloopname void @_ssdm_op_SpecLoopName, void @empty_4" [codes_lab5/HLS_sources_final/templatedFuncs.h:213]   --->   Operation 69 'specloopname' 'specloopname_ln213' <Predicate = true> <Delay = 0.00>
ST_3 : Operation 70 [1/1] (0.00ns)   --->   "%tmp_17 = bitconcatenate i7 @_ssdm_op_BitConcatenate.i7.i1.i2.i4, i1 %empty_25, i2 %turn_1, i4 0" [codes_lab5/HLS_sources_final/templatedFuncs.h:230]   --->   Operation 70 'bitconcatenate' 'tmp_17' <Predicate = true> <Delay = 0.00>
ST_3 : Operation 71 [1/1] (0.00ns)   --->   "%tmp_27_cast = zext i7 %tmp_17" [codes_lab5/HLS_sources_final/templatedFuncs.h:230]   --->   Operation 71 'zext' 'tmp_27_cast' <Predicate = true> <Delay = 0.00>
ST_3 : Operation 72 [1/1] (0.00ns)   --->   "%tmp_18 = bitconcatenate i7 @_ssdm_op_BitConcatenate.i7.i3.i4, i3 %empty_26, i4 0" [codes_lab5/HLS_sources_final/templatedFuncs.h:230]   --->   Operation 72 'bitconcatenate' 'tmp_18' <Predicate = true> <Delay = 0.00>
ST_3 : Operation 73 [1/1] (0.00ns)   --->   "%tmp_28_cast = zext i7 %tmp_18" [codes_lab5/HLS_sources_final/templatedFuncs.h:230]   --->   Operation 73 'zext' 'tmp_28_cast' <Predicate = true> <Delay = 0.00>
ST_3 : Operation 74 [1/1] (0.00ns)   --->   "%tmp_19 = bitconcatenate i7 @_ssdm_op_BitConcatenate.i7.i3.i4, i3 %empty_27, i4 0" [codes_lab5/HLS_sources_final/templatedFuncs.h:230]   --->   Operation 74 'bitconcatenate' 'tmp_19' <Predicate = true> <Delay = 0.00>
ST_3 : Operation 75 [1/1] (0.00ns)   --->   "%tmp_29_cast = zext i7 %tmp_19" [codes_lab5/HLS_sources_final/templatedFuncs.h:230]   --->   Operation 75 'zext' 'tmp_29_cast' <Predicate = true> <Delay = 0.00>
ST_3 : Operation 76 [1/1] (0.00ns)   --->   "%tmp_20 = bitconcatenate i8 @_ssdm_op_BitConcatenate.i8.i4.i4, i4 %empty_28, i4 0" [codes_lab5/HLS_sources_final/templatedFuncs.h:230]   --->   Operation 76 'bitconcatenate' 'tmp_20' <Predicate = true> <Delay = 0.00>
ST_3 : Operation 77 [1/1] (0.00ns)   --->   "%tmp_21 = bitconcatenate i8 @_ssdm_op_BitConcatenate.i8.i4.i4, i4 %empty_29, i4 0" [codes_lab5/HLS_sources_final/templatedFuncs.h:230]   --->   Operation 77 'bitconcatenate' 'tmp_21' <Predicate = true> <Delay = 0.00>
ST_3 : Operation 78 [1/2] (2.32ns)   --->   "%fc2_bias_load = load i4 %fc2_bias_addr" [codes_lab5/HLS_sources_final/templatedFuncs.h:221]   --->   Operation 78 'load' 'fc2_bias_load' <Predicate = true> <Delay = 2.32> <CoreInst = "ROM">   --->   Core 95 'ROM' <Latency = 1> <II = 1> <Delay = 2.32> <Storage> <Opcode : 'load'> <Ports = 0> <Width = 32> <Depth = 10> <ROM>
ST_3 : Operation 79 [1/2] (2.32ns)   --->   "%fc2_bias_load_1 = load i4 %fc2_bias_addr_1" [codes_lab5/HLS_sources_final/templatedFuncs.h:221]   --->   Operation 79 'load' 'fc2_bias_load_1' <Predicate = true> <Delay = 2.32> <CoreInst = "ROM">   --->   Core 95 'ROM' <Latency = 1> <II = 1> <Delay = 2.32> <Storage> <Opcode : 'load'> <Ports = 0> <Width = 32> <Depth = 10> <ROM>
ST_3 : Operation 80 [1/2] (2.32ns)   --->   "%fc2_bias_load_2 = load i4 %fc2_bias_addr_2" [codes_lab5/HLS_sources_final/templatedFuncs.h:221]   --->   Operation 80 'load' 'fc2_bias_load_2' <Predicate = true> <Delay = 2.32> <CoreInst = "ROM">   --->   Core 95 'ROM' <Latency = 1> <II = 1> <Delay = 2.32> <Storage> <Opcode : 'load'> <Ports = 0> <Width = 32> <Depth = 10> <ROM>
ST_3 : Operation 81 [1/2] (2.32ns)   --->   "%fc2_bias_load_3 = load i4 %fc2_bias_addr_3" [codes_lab5/HLS_sources_final/templatedFuncs.h:221]   --->   Operation 81 'load' 'fc2_bias_load_3' <Predicate = true> <Delay = 2.32> <CoreInst = "ROM">   --->   Core 95 'ROM' <Latency = 1> <II = 1> <Delay = 2.32> <Storage> <Opcode : 'load'> <Ports = 0> <Width = 32> <Depth = 10> <ROM>
ST_3 : Operation 82 [1/2] (2.32ns)   --->   "%fc2_bias_load_4 = load i4 %fc2_bias_addr_4" [codes_lab5/HLS_sources_final/templatedFuncs.h:221]   --->   Operation 82 'load' 'fc2_bias_load_4' <Predicate = true> <Delay = 2.32> <CoreInst = "ROM">   --->   Core 95 'ROM' <Latency = 1> <II = 1> <Delay = 2.32> <Storage> <Opcode : 'load'> <Ports = 0> <Width = 32> <Depth = 10> <ROM>
ST_3 : Operation 83 [1/1] (1.58ns)   --->   "%br_ln216 = br void %for.body8.i" [codes_lab5/HLS_sources_final/templatedFuncs.h:216]   --->   Operation 83 'br' 'br_ln216' <Predicate = true> <Delay = 1.58>

State 4 <SV = 3> <Delay = 5.16>
ST_4 : Operation 84 [1/1] (0.00ns)   --->   "%i_index = phi i5 %add_ln216, void %for.body8.i.split, i5 0, void %VITIS_LOOP_216_1.i.split" [codes_lab5/HLS_sources_final/templatedFuncs.h:216]   --->   Operation 84 'phi' 'i_index' <Predicate = true> <Delay = 0.00>
ST_4 : Operation 85 [1/1] (0.00ns)   --->   "%zext_ln230 = zext i5 %i_index" [codes_lab5/HLS_sources_final/templatedFuncs.h:230]   --->   Operation 85 'zext' 'zext_ln230' <Predicate = true> <Delay = 0.00>
ST_4 : Operation 86 [1/1] (1.87ns)   --->   "%add_ln230 = add i8 %tmp_27_cast, i8 %zext_ln230" [codes_lab5/HLS_sources_final/templatedFuncs.h:230]   --->   Operation 86 'add' 'add_ln230' <Predicate = true> <Delay = 1.87> <CoreInst = "Adder">   --->   Core 1 'Adder' <Latency = 0> <II = 1> <Delay = 1.87> <FuncUnit> <Opcode : 'add' 'sub'> <InPorts = 2> <OutPorts = 1>
ST_4 : Operation 87 [1/1] (0.00ns)   --->   "%zext_ln230_1 = zext i8 %add_ln230" [codes_lab5/HLS_sources_final/templatedFuncs.h:230]   --->   Operation 87 'zext' 'zext_ln230_1' <Predicate = true> <Delay = 0.00>
ST_4 : Operation 88 [1/1] (0.00ns)   --->   "%fc2_weight_addr = getelementptr i32 %fc2_weight, i64 0, i64 %zext_ln230_1" [codes_lab5/HLS_sources_final/templatedFuncs.h:230]   --->   Operation 88 'getelementptr' 'fc2_weight_addr' <Predicate = true> <Delay = 0.00>
ST_4 : Operation 89 [1/1] (1.87ns)   --->   "%add_ln230_1 = add i8 %tmp_28_cast, i8 %zext_ln230" [codes_lab5/HLS_sources_final/templatedFuncs.h:230]   --->   Operation 89 'add' 'add_ln230_1' <Predicate = true> <Delay = 1.87> <CoreInst = "Adder">   --->   Core 1 'Adder' <Latency = 0> <II = 1> <Delay = 1.87> <FuncUnit> <Opcode : 'add' 'sub'> <InPorts = 2> <OutPorts = 1>
ST_4 : Operation 90 [1/1] (0.00ns)   --->   "%zext_ln230_2 = zext i8 %add_ln230_1" [codes_lab5/HLS_sources_final/templatedFuncs.h:230]   --->   Operation 90 'zext' 'zext_ln230_2' <Predicate = true> <Delay = 0.00>
ST_4 : Operation 91 [1/1] (0.00ns)   --->   "%fc2_weight_addr_1 = getelementptr i32 %fc2_weight, i64 0, i64 %zext_ln230_2" [codes_lab5/HLS_sources_final/templatedFuncs.h:230]   --->   Operation 91 'getelementptr' 'fc2_weight_addr_1' <Predicate = true> <Delay = 0.00>
ST_4 : Operation 92 [1/1] (1.87ns)   --->   "%add_ln230_2 = add i8 %tmp_29_cast, i8 %zext_ln230" [codes_lab5/HLS_sources_final/templatedFuncs.h:230]   --->   Operation 92 'add' 'add_ln230_2' <Predicate = true> <Delay = 1.87> <CoreInst = "Adder">   --->   Core 1 'Adder' <Latency = 0> <II = 1> <Delay = 1.87> <FuncUnit> <Opcode : 'add' 'sub'> <InPorts = 2> <OutPorts = 1>
ST_4 : Operation 93 [1/1] (0.00ns)   --->   "%zext_ln230_3 = zext i8 %add_ln230_2" [codes_lab5/HLS_sources_final/templatedFuncs.h:230]   --->   Operation 93 'zext' 'zext_ln230_3' <Predicate = true> <Delay = 0.00>
ST_4 : Operation 94 [1/1] (0.00ns)   --->   "%fc2_weight_addr_2 = getelementptr i32 %fc2_weight, i64 0, i64 %zext_ln230_3" [codes_lab5/HLS_sources_final/templatedFuncs.h:230]   --->   Operation 94 'getelementptr' 'fc2_weight_addr_2' <Predicate = true> <Delay = 0.00>
ST_4 : Operation 95 [1/1] (1.91ns)   --->   "%add_ln230_3 = add i8 %tmp_20, i8 %zext_ln230" [codes_lab5/HLS_sources_final/templatedFuncs.h:230]   --->   Operation 95 'add' 'add_ln230_3' <Predicate = true> <Delay = 1.91> <CoreInst = "Adder">   --->   Core 1 'Adder' <Latency = 0> <II = 1> <Delay = 1.91> <FuncUnit> <Opcode : 'add' 'sub'> <InPorts = 2> <OutPorts = 1>
ST_4 : Operation 96 [1/1] (0.00ns)   --->   "%zext_ln230_4 = zext i8 %add_ln230_3" [codes_lab5/HLS_sources_final/templatedFuncs.h:230]   --->   Operation 96 'zext' 'zext_ln230_4' <Predicate = true> <Delay = 0.00>
ST_4 : Operation 97 [1/1] (0.00ns)   --->   "%fc2_weight_addr_3 = getelementptr i32 %fc2_weight, i64 0, i64 %zext_ln230_4" [codes_lab5/HLS_sources_final/templatedFuncs.h:230]   --->   Operation 97 'getelementptr' 'fc2_weight_addr_3' <Predicate = true> <Delay = 0.00>
ST_4 : Operation 98 [1/1] (1.91ns)   --->   "%add_ln230_4 = add i8 %tmp_21, i8 %zext_ln230" [codes_lab5/HLS_sources_final/templatedFuncs.h:230]   --->   Operation 98 'add' 'add_ln230_4' <Predicate = true> <Delay = 1.91> <CoreInst = "Adder">   --->   Core 1 'Adder' <Latency = 0> <II = 1> <Delay = 1.91> <FuncUnit> <Opcode : 'add' 'sub'> <InPorts = 2> <OutPorts = 1>
ST_4 : Operation 99 [1/1] (0.00ns)   --->   "%zext_ln230_5 = zext i8 %add_ln230_4" [codes_lab5/HLS_sources_final/templatedFuncs.h:230]   --->   Operation 99 'zext' 'zext_ln230_5' <Predicate = true> <Delay = 0.00>
ST_4 : Operation 100 [1/1] (0.00ns)   --->   "%fc2_weight_addr_4 = getelementptr i32 %fc2_weight, i64 0, i64 %zext_ln230_5" [codes_lab5/HLS_sources_final/templatedFuncs.h:230]   --->   Operation 100 'getelementptr' 'fc2_weight_addr_4' <Predicate = true> <Delay = 0.00>
ST_4 : Operation 101 [1/1] (1.36ns)   --->   "%icmp_ln216 = icmp_eq  i5 %i_index, i5 16" [codes_lab5/HLS_sources_final/templatedFuncs.h:216]   --->   Operation 101 'icmp' 'icmp_ln216' <Predicate = true> <Delay = 1.36> <CoreInst = "Cmp">   --->   Core 9 'Cmp' <Latency = 0> <II = 1> <Delay = 1.36> <FuncUnit> <Opcode : 'icmp'> <InPorts = 2> <OutPorts = 1>
ST_4 : Operation 102 [1/1] (0.00ns)   --->   "%empty_30 = speclooptripcount i32 @_ssdm_op_SpecLoopTripCount, i64 16, i64 16, i64 16"   --->   Operation 102 'speclooptripcount' 'empty_30' <Predicate = true> <Delay = 0.00>
ST_4 : Operation 103 [1/1] (1.78ns)   --->   "%add_ln216 = add i5 %i_index, i5 1" [codes_lab5/HLS_sources_final/templatedFuncs.h:216]   --->   Operation 103 'add' 'add_ln216' <Predicate = true> <Delay = 1.78> <CoreInst = "Adder">   --->   Core 1 'Adder' <Latency = 0> <II = 1> <Delay = 1.78> <FuncUnit> <Opcode : 'add' 'sub'> <InPorts = 2> <OutPorts = 1>
ST_4 : Operation 104 [1/1] (0.00ns)   --->   "%br_ln216 = br i1 %icmp_ln216, void %for.body8.i.split, void %for.inc55.i" [codes_lab5/HLS_sources_final/templatedFuncs.h:216]   --->   Operation 104 'br' 'br_ln216' <Predicate = true> <Delay = 0.00>
ST_4 : Operation 105 [1/1] (0.00ns)   --->   "%add32_lcssa19_i_load_1 = load i32 %add32_lcssa19_i" [codes_lab5/HLS_sources_final/templatedFuncs.h:220]   --->   Operation 105 'load' 'add32_lcssa19_i_load_1' <Predicate = (!icmp_ln216)> <Delay = 0.00>
ST_4 : Operation 106 [1/1] (0.00ns)   --->   "%add32_1_lcssa21_i_load_1 = load i32 %add32_1_lcssa21_i" [codes_lab5/HLS_sources_final/templatedFuncs.h:220]   --->   Operation 106 'load' 'add32_1_lcssa21_i_load_1' <Predicate = (!icmp_ln216)> <Delay = 0.00>
ST_4 : Operation 107 [1/1] (0.00ns)   --->   "%add32_2_lcssa23_i_load_1 = load i32 %add32_2_lcssa23_i" [codes_lab5/HLS_sources_final/templatedFuncs.h:220]   --->   Operation 107 'load' 'add32_2_lcssa23_i_load_1' <Predicate = (!icmp_ln216)> <Delay = 0.00>
ST_4 : Operation 108 [1/1] (0.00ns)   --->   "%add32_3_lcssa25_i_load_1 = load i32 %add32_3_lcssa25_i" [codes_lab5/HLS_sources_final/templatedFuncs.h:220]   --->   Operation 108 'load' 'add32_3_lcssa25_i_load_1' <Predicate = (!icmp_ln216)> <Delay = 0.00>
ST_4 : Operation 109 [1/1] (0.00ns)   --->   "%add32_4_lcssa27_i_load_1 = load i32 %add32_4_lcssa27_i" [codes_lab5/HLS_sources_final/templatedFuncs.h:220]   --->   Operation 109 'load' 'add32_4_lcssa27_i_load_1' <Predicate = (!icmp_ln216)> <Delay = 0.00>
ST_4 : Operation 110 [1/1] (2.06ns)   --->   "%ip = mux i32 @_ssdm_op_Mux.ap_auto.16float.i5, i32 %p_read22, i32 %p_read_15, i32 %p_read_14, i32 %p_read_13, i32 %p_read_12, i32 %p_read_11, i32 %p_read_10, i32 %p_read_9, i32 %p_read_8, i32 %p_read_7, i32 %p_read_6, i32 %p_read_5, i32 %p_read_4, i32 %p_read_3, i32 %p_read_2, i32 %p_read_1, i5 %i_index" [codes_lab5/HLS_sources_final/templatedFuncs.h:217]   --->   Operation 110 'mux' 'ip' <Predicate = (!icmp_ln216)> <Delay = 2.06> <CoreInst = "Multiplexer">   --->   Core 76 'Multiplexer' <Latency = 0> <II = 1> <Delay = 2.06> <FuncUnit> <Opcode : 'mux'> <InPorts = 2> <OutPorts = 1>
ST_4 : Operation 111 [1/1] (1.36ns)   --->   "%cmp9_i = icmp_eq  i5 %i_index, i5 0" [codes_lab5/HLS_sources_final/templatedFuncs.h:216]   --->   Operation 111 'icmp' 'cmp9_i' <Predicate = (!icmp_ln216)> <Delay = 1.36> <CoreInst = "Cmp">   --->   Core 9 'Cmp' <Latency = 0> <II = 1> <Delay = 1.36> <FuncUnit> <Opcode : 'icmp'> <InPorts = 2> <OutPorts = 1>
ST_4 : Operation 112 [1/1] (0.69ns)   --->   "%select_ln220 = select i1 %cmp9_i, i32 %fc2_bias_load_3, i32 %add32_3_lcssa25_i_load_1" [codes_lab5/HLS_sources_final/templatedFuncs.h:220]   --->   Operation 112 'select' 'select_ln220' <Predicate = (!icmp_ln216)> <Delay = 0.69> <CoreInst = "Sel">   --->   Core 73 'Sel' <Latency = 0> <II = 1> <Delay = 0.69> <FuncUnit> <Opcode : 'select'> <InPorts = 3> <OutPorts = 1>
ST_4 : Operation 113 [1/1] (0.69ns)   --->   "%select_ln220_1 = select i1 %cmp9_i, i32 %fc2_bias_load_1, i32 %add32_1_lcssa21_i_load_1" [codes_lab5/HLS_sources_final/templatedFuncs.h:220]   --->   Operation 113 'select' 'select_ln220_1' <Predicate = (!icmp_ln216)> <Delay = 0.69> <CoreInst = "Sel">   --->   Core 73 'Sel' <Latency = 0> <II = 1> <Delay = 0.69> <FuncUnit> <Opcode : 'select'> <InPorts = 3> <OutPorts = 1>
ST_4 : Operation 114 [1/1] (0.69ns)   --->   "%select_ln220_2 = select i1 %cmp9_i, i32 %fc2_bias_load, i32 %add32_lcssa19_i_load_1" [codes_lab5/HLS_sources_final/templatedFuncs.h:220]   --->   Operation 114 'select' 'select_ln220_2' <Predicate = (!icmp_ln216)> <Delay = 0.69> <CoreInst = "Sel">   --->   Core 73 'Sel' <Latency = 0> <II = 1> <Delay = 0.69> <FuncUnit> <Opcode : 'select'> <InPorts = 3> <OutPorts = 1>
ST_4 : Operation 115 [1/1] (0.69ns)   --->   "%select_ln220_3 = select i1 %cmp9_i, i32 %fc2_bias_load_2, i32 %add32_2_lcssa23_i_load_1" [codes_lab5/HLS_sources_final/templatedFuncs.h:220]   --->   Operation 115 'select' 'select_ln220_3' <Predicate = (!icmp_ln216)> <Delay = 0.69> <CoreInst = "Sel">   --->   Core 73 'Sel' <Latency = 0> <II = 1> <Delay = 0.69> <FuncUnit> <Opcode : 'select'> <InPorts = 3> <OutPorts = 1>
ST_4 : Operation 116 [1/1] (0.69ns)   --->   "%select_ln220_4 = select i1 %cmp9_i, i32 %fc2_bias_load_4, i32 %add32_4_lcssa27_i_load_1" [codes_lab5/HLS_sources_final/templatedFuncs.h:220]   --->   Operation 116 'select' 'select_ln220_4' <Predicate = (!icmp_ln216)> <Delay = 0.69> <CoreInst = "Sel">   --->   Core 73 'Sel' <Latency = 0> <II = 1> <Delay = 0.69> <FuncUnit> <Opcode : 'select'> <InPorts = 3> <OutPorts = 1>
ST_4 : Operation 117 [2/2] (3.25ns)   --->   "%fc2_weight_load = load i8 %fc2_weight_addr" [codes_lab5/HLS_sources_final/templatedFuncs.h:230]   --->   Operation 117 'load' 'fc2_weight_load' <Predicate = (!icmp_ln216)> <Delay = 3.25> <CoreInst = "ROM">   --->   Core 95 'ROM' <Latency = 1> <II = 1> <Delay = 3.25> <Storage> <Opcode : 'load'> <Ports = 0> <Width = 32> <Depth = 160> <ROM>
ST_4 : Operation 118 [2/2] (3.25ns)   --->   "%fc2_weight_load_1 = load i8 %fc2_weight_addr_1" [codes_lab5/HLS_sources_final/templatedFuncs.h:230]   --->   Operation 118 'load' 'fc2_weight_load_1' <Predicate = (!icmp_ln216)> <Delay = 3.25> <CoreInst = "ROM">   --->   Core 95 'ROM' <Latency = 1> <II = 1> <Delay = 3.25> <Storage> <Opcode : 'load'> <Ports = 0> <Width = 32> <Depth = 160> <ROM>
ST_4 : Operation 119 [2/2] (3.25ns)   --->   "%fc2_weight_load_2 = load i8 %fc2_weight_addr_2" [codes_lab5/HLS_sources_final/templatedFuncs.h:230]   --->   Operation 119 'load' 'fc2_weight_load_2' <Predicate = (!icmp_ln216)> <Delay = 3.25> <CoreInst = "ROM">   --->   Core 95 'ROM' <Latency = 1> <II = 1> <Delay = 3.25> <Storage> <Opcode : 'load'> <Ports = 0> <Width = 32> <Depth = 160> <ROM>
ST_4 : Operation 120 [2/2] (3.25ns)   --->   "%fc2_weight_load_3 = load i8 %fc2_weight_addr_3" [codes_lab5/HLS_sources_final/templatedFuncs.h:230]   --->   Operation 120 'load' 'fc2_weight_load_3' <Predicate = (!icmp_ln216)> <Delay = 3.25> <CoreInst = "ROM">   --->   Core 95 'ROM' <Latency = 1> <II = 1> <Delay = 3.25> <Storage> <Opcode : 'load'> <Ports = 0> <Width = 32> <Depth = 160> <ROM>
ST_4 : Operation 121 [2/2] (3.25ns)   --->   "%fc2_weight_load_4 = load i8 %fc2_weight_addr_4" [codes_lab5/HLS_sources_final/templatedFuncs.h:230]   --->   Operation 121 'load' 'fc2_weight_load_4' <Predicate = (!icmp_ln216)> <Delay = 3.25> <CoreInst = "ROM">   --->   Core 95 'ROM' <Latency = 1> <II = 1> <Delay = 3.25> <Storage> <Opcode : 'load'> <Ports = 0> <Width = 32> <Depth = 160> <ROM>
ST_4 : Operation 122 [1/1] (0.00ns)   --->   "%add32_lcssa19_i_load = load i32 %add32_lcssa19_i" [codes_lab5/HLS_sources_final/templatedFuncs.h:240]   --->   Operation 122 'load' 'add32_lcssa19_i_load' <Predicate = (icmp_ln216)> <Delay = 0.00>
ST_4 : Operation 123 [1/1] (0.00ns)   --->   "%add32_1_lcssa21_i_load = load i32 %add32_1_lcssa21_i" [codes_lab5/HLS_sources_final/templatedFuncs.h:240]   --->   Operation 123 'load' 'add32_1_lcssa21_i_load' <Predicate = (icmp_ln216)> <Delay = 0.00>
ST_4 : Operation 124 [1/1] (0.00ns)   --->   "%output_addr = getelementptr i32 %output_r, i64 0, i64 %p_cast31"   --->   Operation 124 'getelementptr' 'output_addr' <Predicate = (icmp_ln216)> <Delay = 0.00>
ST_4 : Operation 125 [1/1] (0.00ns)   --->   "%output_addr_2 = getelementptr i32 %output_r, i64 0, i64 %p_cast30"   --->   Operation 125 'getelementptr' 'output_addr_2' <Predicate = (icmp_ln216)> <Delay = 0.00>
ST_4 : Operation 126 [1/1] (2.32ns)   --->   "%store_ln240 = store i32 %add32_lcssa19_i_load, i4 %output_addr_2" [codes_lab5/HLS_sources_final/templatedFuncs.h:240]   --->   Operation 126 'store' 'store_ln240' <Predicate = (icmp_ln216)> <Delay = 2.32> <CoreInst = "RAM">   --->   Core 82 'RAM' <Latency = 1> <II = 1> <Delay = 2.32> <Storage> <Opcode : 'load' 'store'> <Ports = 2> <Width = 32> <Depth = 10> <RAM>
ST_4 : Operation 127 [1/1] (2.32ns)   --->   "%store_ln240 = store i32 %add32_1_lcssa21_i_load, i4 %output_addr" [codes_lab5/HLS_sources_final/templatedFuncs.h:240]   --->   Operation 127 'store' 'store_ln240' <Predicate = (icmp_ln216)> <Delay = 2.32> <CoreInst = "RAM">   --->   Core 82 'RAM' <Latency = 1> <II = 1> <Delay = 2.32> <Storage> <Opcode : 'load' 'store'> <Ports = 2> <Width = 32> <Depth = 10> <RAM>
ST_4 : Operation 128 [1/1] (1.58ns)   --->   "%store_ln213 = store i2 %add_ln213, i2 %turn" [codes_lab5/HLS_sources_final/templatedFuncs.h:213]   --->   Operation 128 'store' 'store_ln213' <Predicate = (icmp_ln216)> <Delay = 1.58>

State 5 <SV = 4> <Delay = 3.25>
ST_5 : Operation 129 [1/2] (3.25ns)   --->   "%fc2_weight_load = load i8 %fc2_weight_addr" [codes_lab5/HLS_sources_final/templatedFuncs.h:230]   --->   Operation 129 'load' 'fc2_weight_load' <Predicate = true> <Delay = 3.25> <CoreInst = "ROM">   --->   Core 95 'ROM' <Latency = 1> <II = 1> <Delay = 3.25> <Storage> <Opcode : 'load'> <Ports = 0> <Width = 32> <Depth = 160> <ROM>
ST_5 : Operation 130 [1/2] (3.25ns)   --->   "%fc2_weight_load_1 = load i8 %fc2_weight_addr_1" [codes_lab5/HLS_sources_final/templatedFuncs.h:230]   --->   Operation 130 'load' 'fc2_weight_load_1' <Predicate = true> <Delay = 3.25> <CoreInst = "ROM">   --->   Core 95 'ROM' <Latency = 1> <II = 1> <Delay = 3.25> <Storage> <Opcode : 'load'> <Ports = 0> <Width = 32> <Depth = 160> <ROM>
ST_5 : Operation 131 [1/2] (3.25ns)   --->   "%fc2_weight_load_2 = load i8 %fc2_weight_addr_2" [codes_lab5/HLS_sources_final/templatedFuncs.h:230]   --->   Operation 131 'load' 'fc2_weight_load_2' <Predicate = true> <Delay = 3.25> <CoreInst = "ROM">   --->   Core 95 'ROM' <Latency = 1> <II = 1> <Delay = 3.25> <Storage> <Opcode : 'load'> <Ports = 0> <Width = 32> <Depth = 160> <ROM>
ST_5 : Operation 132 [1/2] (3.25ns)   --->   "%fc2_weight_load_3 = load i8 %fc2_weight_addr_3" [codes_lab5/HLS_sources_final/templatedFuncs.h:230]   --->   Operation 132 'load' 'fc2_weight_load_3' <Predicate = true> <Delay = 3.25> <CoreInst = "ROM">   --->   Core 95 'ROM' <Latency = 1> <II = 1> <Delay = 3.25> <Storage> <Opcode : 'load'> <Ports = 0> <Width = 32> <Depth = 160> <ROM>
ST_5 : Operation 133 [1/2] (3.25ns)   --->   "%fc2_weight_load_4 = load i8 %fc2_weight_addr_4" [codes_lab5/HLS_sources_final/templatedFuncs.h:230]   --->   Operation 133 'load' 'fc2_weight_load_4' <Predicate = true> <Delay = 3.25> <CoreInst = "ROM">   --->   Core 95 'ROM' <Latency = 1> <II = 1> <Delay = 3.25> <Storage> <Opcode : 'load'> <Ports = 0> <Width = 32> <Depth = 160> <ROM>

State 6 <SV = 5> <Delay = 5.70>
ST_6 : Operation 134 [4/4] (5.70ns)   --->   "%mul31_i = fmul i32 %ip, i32 %fc2_weight_load" [codes_lab5/HLS_sources_final/templatedFuncs.h:230]   --->   Operation 134 'fmul' 'mul31_i' <Predicate = true> <Delay = 5.70> <CoreInst = "FMul_maxdsp">   --->   Core 30 'FMul_maxdsp' <Latency = 3> <II = 1> <Delay = 5.70> <FuncUnit> <Opcode : 'fmul'> <InPorts = 2> <OutPorts = 1>
ST_6 : Operation 135 [4/4] (5.70ns)   --->   "%mul31_1_i = fmul i32 %ip, i32 %fc2_weight_load_1" [codes_lab5/HLS_sources_final/templatedFuncs.h:230]   --->   Operation 135 'fmul' 'mul31_1_i' <Predicate = true> <Delay = 5.70> <CoreInst = "FMul_maxdsp">   --->   Core 30 'FMul_maxdsp' <Latency = 3> <II = 1> <Delay = 5.70> <FuncUnit> <Opcode : 'fmul'> <InPorts = 2> <OutPorts = 1>
ST_6 : Operation 136 [4/4] (5.70ns)   --->   "%mul31_2_i = fmul i32 %ip, i32 %fc2_weight_load_2" [codes_lab5/HLS_sources_final/templatedFuncs.h:230]   --->   Operation 136 'fmul' 'mul31_2_i' <Predicate = true> <Delay = 5.70> <CoreInst = "FMul_maxdsp">   --->   Core 30 'FMul_maxdsp' <Latency = 3> <II = 1> <Delay = 5.70> <FuncUnit> <Opcode : 'fmul'> <InPorts = 2> <OutPorts = 1>
ST_6 : Operation 137 [4/4] (5.70ns)   --->   "%mul31_3_i = fmul i32 %ip, i32 %fc2_weight_load_3" [codes_lab5/HLS_sources_final/templatedFuncs.h:230]   --->   Operation 137 'fmul' 'mul31_3_i' <Predicate = true> <Delay = 5.70> <CoreInst = "FMul_maxdsp">   --->   Core 30 'FMul_maxdsp' <Latency = 3> <II = 1> <Delay = 5.70> <FuncUnit> <Opcode : 'fmul'> <InPorts = 2> <OutPorts = 1>
ST_6 : Operation 138 [4/4] (5.70ns)   --->   "%mul31_4_i = fmul i32 %ip, i32 %fc2_weight_load_4" [codes_lab5/HLS_sources_final/templatedFuncs.h:230]   --->   Operation 138 'fmul' 'mul31_4_i' <Predicate = true> <Delay = 5.70> <CoreInst = "FMul_maxdsp">   --->   Core 30 'FMul_maxdsp' <Latency = 3> <II = 1> <Delay = 5.70> <FuncUnit> <Opcode : 'fmul'> <InPorts = 2> <OutPorts = 1>

State 7 <SV = 6> <Delay = 5.70>
ST_7 : Operation 139 [3/4] (5.70ns)   --->   "%mul31_i = fmul i32 %ip, i32 %fc2_weight_load" [codes_lab5/HLS_sources_final/templatedFuncs.h:230]   --->   Operation 139 'fmul' 'mul31_i' <Predicate = true> <Delay = 5.70> <CoreInst = "FMul_maxdsp">   --->   Core 30 'FMul_maxdsp' <Latency = 3> <II = 1> <Delay = 5.70> <FuncUnit> <Opcode : 'fmul'> <InPorts = 2> <OutPorts = 1>
ST_7 : Operation 140 [3/4] (5.70ns)   --->   "%mul31_1_i = fmul i32 %ip, i32 %fc2_weight_load_1" [codes_lab5/HLS_sources_final/templatedFuncs.h:230]   --->   Operation 140 'fmul' 'mul31_1_i' <Predicate = true> <Delay = 5.70> <CoreInst = "FMul_maxdsp">   --->   Core 30 'FMul_maxdsp' <Latency = 3> <II = 1> <Delay = 5.70> <FuncUnit> <Opcode : 'fmul'> <InPorts = 2> <OutPorts = 1>
ST_7 : Operation 141 [3/4] (5.70ns)   --->   "%mul31_2_i = fmul i32 %ip, i32 %fc2_weight_load_2" [codes_lab5/HLS_sources_final/templatedFuncs.h:230]   --->   Operation 141 'fmul' 'mul31_2_i' <Predicate = true> <Delay = 5.70> <CoreInst = "FMul_maxdsp">   --->   Core 30 'FMul_maxdsp' <Latency = 3> <II = 1> <Delay = 5.70> <FuncUnit> <Opcode : 'fmul'> <InPorts = 2> <OutPorts = 1>
ST_7 : Operation 142 [3/4] (5.70ns)   --->   "%mul31_3_i = fmul i32 %ip, i32 %fc2_weight_load_3" [codes_lab5/HLS_sources_final/templatedFuncs.h:230]   --->   Operation 142 'fmul' 'mul31_3_i' <Predicate = true> <Delay = 5.70> <CoreInst = "FMul_maxdsp">   --->   Core 30 'FMul_maxdsp' <Latency = 3> <II = 1> <Delay = 5.70> <FuncUnit> <Opcode : 'fmul'> <InPorts = 2> <OutPorts = 1>
ST_7 : Operation 143 [3/4] (5.70ns)   --->   "%mul31_4_i = fmul i32 %ip, i32 %fc2_weight_load_4" [codes_lab5/HLS_sources_final/templatedFuncs.h:230]   --->   Operation 143 'fmul' 'mul31_4_i' <Predicate = true> <Delay = 5.70> <CoreInst = "FMul_maxdsp">   --->   Core 30 'FMul_maxdsp' <Latency = 3> <II = 1> <Delay = 5.70> <FuncUnit> <Opcode : 'fmul'> <InPorts = 2> <OutPorts = 1>

State 8 <SV = 7> <Delay = 5.70>
ST_8 : Operation 144 [2/4] (5.70ns)   --->   "%mul31_i = fmul i32 %ip, i32 %fc2_weight_load" [codes_lab5/HLS_sources_final/templatedFuncs.h:230]   --->   Operation 144 'fmul' 'mul31_i' <Predicate = true> <Delay = 5.70> <CoreInst = "FMul_maxdsp">   --->   Core 30 'FMul_maxdsp' <Latency = 3> <II = 1> <Delay = 5.70> <FuncUnit> <Opcode : 'fmul'> <InPorts = 2> <OutPorts = 1>
ST_8 : Operation 145 [2/4] (5.70ns)   --->   "%mul31_1_i = fmul i32 %ip, i32 %fc2_weight_load_1" [codes_lab5/HLS_sources_final/templatedFuncs.h:230]   --->   Operation 145 'fmul' 'mul31_1_i' <Predicate = true> <Delay = 5.70> <CoreInst = "FMul_maxdsp">   --->   Core 30 'FMul_maxdsp' <Latency = 3> <II = 1> <Delay = 5.70> <FuncUnit> <Opcode : 'fmul'> <InPorts = 2> <OutPorts = 1>
ST_8 : Operation 146 [2/4] (5.70ns)   --->   "%mul31_2_i = fmul i32 %ip, i32 %fc2_weight_load_2" [codes_lab5/HLS_sources_final/templatedFuncs.h:230]   --->   Operation 146 'fmul' 'mul31_2_i' <Predicate = true> <Delay = 5.70> <CoreInst = "FMul_maxdsp">   --->   Core 30 'FMul_maxdsp' <Latency = 3> <II = 1> <Delay = 5.70> <FuncUnit> <Opcode : 'fmul'> <InPorts = 2> <OutPorts = 1>
ST_8 : Operation 147 [2/4] (5.70ns)   --->   "%mul31_3_i = fmul i32 %ip, i32 %fc2_weight_load_3" [codes_lab5/HLS_sources_final/templatedFuncs.h:230]   --->   Operation 147 'fmul' 'mul31_3_i' <Predicate = true> <Delay = 5.70> <CoreInst = "FMul_maxdsp">   --->   Core 30 'FMul_maxdsp' <Latency = 3> <II = 1> <Delay = 5.70> <FuncUnit> <Opcode : 'fmul'> <InPorts = 2> <OutPorts = 1>
ST_8 : Operation 148 [2/4] (5.70ns)   --->   "%mul31_4_i = fmul i32 %ip, i32 %fc2_weight_load_4" [codes_lab5/HLS_sources_final/templatedFuncs.h:230]   --->   Operation 148 'fmul' 'mul31_4_i' <Predicate = true> <Delay = 5.70> <CoreInst = "FMul_maxdsp">   --->   Core 30 'FMul_maxdsp' <Latency = 3> <II = 1> <Delay = 5.70> <FuncUnit> <Opcode : 'fmul'> <InPorts = 2> <OutPorts = 1>

State 9 <SV = 8> <Delay = 5.70>
ST_9 : Operation 149 [1/4] (5.70ns)   --->   "%mul31_i = fmul i32 %ip, i32 %fc2_weight_load" [codes_lab5/HLS_sources_final/templatedFuncs.h:230]   --->   Operation 149 'fmul' 'mul31_i' <Predicate = true> <Delay = 5.70> <CoreInst = "FMul_maxdsp">   --->   Core 30 'FMul_maxdsp' <Latency = 3> <II = 1> <Delay = 5.70> <FuncUnit> <Opcode : 'fmul'> <InPorts = 2> <OutPorts = 1>
ST_9 : Operation 150 [1/4] (5.70ns)   --->   "%mul31_1_i = fmul i32 %ip, i32 %fc2_weight_load_1" [codes_lab5/HLS_sources_final/templatedFuncs.h:230]   --->   Operation 150 'fmul' 'mul31_1_i' <Predicate = true> <Delay = 5.70> <CoreInst = "FMul_maxdsp">   --->   Core 30 'FMul_maxdsp' <Latency = 3> <II = 1> <Delay = 5.70> <FuncUnit> <Opcode : 'fmul'> <InPorts = 2> <OutPorts = 1>
ST_9 : Operation 151 [1/4] (5.70ns)   --->   "%mul31_2_i = fmul i32 %ip, i32 %fc2_weight_load_2" [codes_lab5/HLS_sources_final/templatedFuncs.h:230]   --->   Operation 151 'fmul' 'mul31_2_i' <Predicate = true> <Delay = 5.70> <CoreInst = "FMul_maxdsp">   --->   Core 30 'FMul_maxdsp' <Latency = 3> <II = 1> <Delay = 5.70> <FuncUnit> <Opcode : 'fmul'> <InPorts = 2> <OutPorts = 1>
ST_9 : Operation 152 [1/4] (5.70ns)   --->   "%mul31_3_i = fmul i32 %ip, i32 %fc2_weight_load_3" [codes_lab5/HLS_sources_final/templatedFuncs.h:230]   --->   Operation 152 'fmul' 'mul31_3_i' <Predicate = true> <Delay = 5.70> <CoreInst = "FMul_maxdsp">   --->   Core 30 'FMul_maxdsp' <Latency = 3> <II = 1> <Delay = 5.70> <FuncUnit> <Opcode : 'fmul'> <InPorts = 2> <OutPorts = 1>
ST_9 : Operation 153 [1/4] (5.70ns)   --->   "%mul31_4_i = fmul i32 %ip, i32 %fc2_weight_load_4" [codes_lab5/HLS_sources_final/templatedFuncs.h:230]   --->   Operation 153 'fmul' 'mul31_4_i' <Predicate = true> <Delay = 5.70> <CoreInst = "FMul_maxdsp">   --->   Core 30 'FMul_maxdsp' <Latency = 3> <II = 1> <Delay = 5.70> <FuncUnit> <Opcode : 'fmul'> <InPorts = 2> <OutPorts = 1>

State 10 <SV = 9> <Delay = 7.25>
ST_10 : Operation 154 [5/5] (7.25ns)   --->   "%add32_i = fadd i32 %select_ln220_2, i32 %mul31_i" [codes_lab5/HLS_sources_final/templatedFuncs.h:230]   --->   Operation 154 'fadd' 'add32_i' <Predicate = true> <Delay = 7.25> <CoreInst = "FAddSub_fulldsp">   --->   Core 18 'FAddSub_fulldsp' <Latency = 4> <II = 1> <Delay = 7.25> <FuncUnit> <Opcode : 'fadd' 'fsub'> <InPorts = 2> <OutPorts = 1>
ST_10 : Operation 155 [5/5] (7.25ns)   --->   "%add32_1_i = fadd i32 %select_ln220_1, i32 %mul31_1_i" [codes_lab5/HLS_sources_final/templatedFuncs.h:230]   --->   Operation 155 'fadd' 'add32_1_i' <Predicate = true> <Delay = 7.25> <CoreInst = "FAddSub_fulldsp">   --->   Core 18 'FAddSub_fulldsp' <Latency = 4> <II = 1> <Delay = 7.25> <FuncUnit> <Opcode : 'fadd' 'fsub'> <InPorts = 2> <OutPorts = 1>
ST_10 : Operation 156 [5/5] (7.25ns)   --->   "%add32_2_i = fadd i32 %select_ln220_3, i32 %mul31_2_i" [codes_lab5/HLS_sources_final/templatedFuncs.h:230]   --->   Operation 156 'fadd' 'add32_2_i' <Predicate = true> <Delay = 7.25> <CoreInst = "FAddSub_fulldsp">   --->   Core 18 'FAddSub_fulldsp' <Latency = 4> <II = 1> <Delay = 7.25> <FuncUnit> <Opcode : 'fadd' 'fsub'> <InPorts = 2> <OutPorts = 1>
ST_10 : Operation 157 [5/5] (7.25ns)   --->   "%add32_3_i = fadd i32 %select_ln220, i32 %mul31_3_i" [codes_lab5/HLS_sources_final/templatedFuncs.h:230]   --->   Operation 157 'fadd' 'add32_3_i' <Predicate = true> <Delay = 7.25> <CoreInst = "FAddSub_fulldsp">   --->   Core 18 'FAddSub_fulldsp' <Latency = 4> <II = 1> <Delay = 7.25> <FuncUnit> <Opcode : 'fadd' 'fsub'> <InPorts = 2> <OutPorts = 1>
ST_10 : Operation 158 [5/5] (7.25ns)   --->   "%add32_4_i = fadd i32 %select_ln220_4, i32 %mul31_4_i" [codes_lab5/HLS_sources_final/templatedFuncs.h:230]   --->   Operation 158 'fadd' 'add32_4_i' <Predicate = true> <Delay = 7.25> <CoreInst = "FAddSub_fulldsp">   --->   Core 18 'FAddSub_fulldsp' <Latency = 4> <II = 1> <Delay = 7.25> <FuncUnit> <Opcode : 'fadd' 'fsub'> <InPorts = 2> <OutPorts = 1>

State 11 <SV = 10> <Delay = 7.25>
ST_11 : Operation 159 [4/5] (7.25ns)   --->   "%add32_i = fadd i32 %select_ln220_2, i32 %mul31_i" [codes_lab5/HLS_sources_final/templatedFuncs.h:230]   --->   Operation 159 'fadd' 'add32_i' <Predicate = true> <Delay = 7.25> <CoreInst = "FAddSub_fulldsp">   --->   Core 18 'FAddSub_fulldsp' <Latency = 4> <II = 1> <Delay = 7.25> <FuncUnit> <Opcode : 'fadd' 'fsub'> <InPorts = 2> <OutPorts = 1>
ST_11 : Operation 160 [4/5] (7.25ns)   --->   "%add32_1_i = fadd i32 %select_ln220_1, i32 %mul31_1_i" [codes_lab5/HLS_sources_final/templatedFuncs.h:230]   --->   Operation 160 'fadd' 'add32_1_i' <Predicate = true> <Delay = 7.25> <CoreInst = "FAddSub_fulldsp">   --->   Core 18 'FAddSub_fulldsp' <Latency = 4> <II = 1> <Delay = 7.25> <FuncUnit> <Opcode : 'fadd' 'fsub'> <InPorts = 2> <OutPorts = 1>
ST_11 : Operation 161 [4/5] (7.25ns)   --->   "%add32_2_i = fadd i32 %select_ln220_3, i32 %mul31_2_i" [codes_lab5/HLS_sources_final/templatedFuncs.h:230]   --->   Operation 161 'fadd' 'add32_2_i' <Predicate = true> <Delay = 7.25> <CoreInst = "FAddSub_fulldsp">   --->   Core 18 'FAddSub_fulldsp' <Latency = 4> <II = 1> <Delay = 7.25> <FuncUnit> <Opcode : 'fadd' 'fsub'> <InPorts = 2> <OutPorts = 1>
ST_11 : Operation 162 [4/5] (7.25ns)   --->   "%add32_3_i = fadd i32 %select_ln220, i32 %mul31_3_i" [codes_lab5/HLS_sources_final/templatedFuncs.h:230]   --->   Operation 162 'fadd' 'add32_3_i' <Predicate = true> <Delay = 7.25> <CoreInst = "FAddSub_fulldsp">   --->   Core 18 'FAddSub_fulldsp' <Latency = 4> <II = 1> <Delay = 7.25> <FuncUnit> <Opcode : 'fadd' 'fsub'> <InPorts = 2> <OutPorts = 1>
ST_11 : Operation 163 [4/5] (7.25ns)   --->   "%add32_4_i = fadd i32 %select_ln220_4, i32 %mul31_4_i" [codes_lab5/HLS_sources_final/templatedFuncs.h:230]   --->   Operation 163 'fadd' 'add32_4_i' <Predicate = true> <Delay = 7.25> <CoreInst = "FAddSub_fulldsp">   --->   Core 18 'FAddSub_fulldsp' <Latency = 4> <II = 1> <Delay = 7.25> <FuncUnit> <Opcode : 'fadd' 'fsub'> <InPorts = 2> <OutPorts = 1>

State 12 <SV = 11> <Delay = 7.25>
ST_12 : Operation 164 [3/5] (7.25ns)   --->   "%add32_i = fadd i32 %select_ln220_2, i32 %mul31_i" [codes_lab5/HLS_sources_final/templatedFuncs.h:230]   --->   Operation 164 'fadd' 'add32_i' <Predicate = true> <Delay = 7.25> <CoreInst = "FAddSub_fulldsp">   --->   Core 18 'FAddSub_fulldsp' <Latency = 4> <II = 1> <Delay = 7.25> <FuncUnit> <Opcode : 'fadd' 'fsub'> <InPorts = 2> <OutPorts = 1>
ST_12 : Operation 165 [3/5] (7.25ns)   --->   "%add32_1_i = fadd i32 %select_ln220_1, i32 %mul31_1_i" [codes_lab5/HLS_sources_final/templatedFuncs.h:230]   --->   Operation 165 'fadd' 'add32_1_i' <Predicate = true> <Delay = 7.25> <CoreInst = "FAddSub_fulldsp">   --->   Core 18 'FAddSub_fulldsp' <Latency = 4> <II = 1> <Delay = 7.25> <FuncUnit> <Opcode : 'fadd' 'fsub'> <InPorts = 2> <OutPorts = 1>
ST_12 : Operation 166 [3/5] (7.25ns)   --->   "%add32_2_i = fadd i32 %select_ln220_3, i32 %mul31_2_i" [codes_lab5/HLS_sources_final/templatedFuncs.h:230]   --->   Operation 166 'fadd' 'add32_2_i' <Predicate = true> <Delay = 7.25> <CoreInst = "FAddSub_fulldsp">   --->   Core 18 'FAddSub_fulldsp' <Latency = 4> <II = 1> <Delay = 7.25> <FuncUnit> <Opcode : 'fadd' 'fsub'> <InPorts = 2> <OutPorts = 1>
ST_12 : Operation 167 [3/5] (7.25ns)   --->   "%add32_3_i = fadd i32 %select_ln220, i32 %mul31_3_i" [codes_lab5/HLS_sources_final/templatedFuncs.h:230]   --->   Operation 167 'fadd' 'add32_3_i' <Predicate = true> <Delay = 7.25> <CoreInst = "FAddSub_fulldsp">   --->   Core 18 'FAddSub_fulldsp' <Latency = 4> <II = 1> <Delay = 7.25> <FuncUnit> <Opcode : 'fadd' 'fsub'> <InPorts = 2> <OutPorts = 1>
ST_12 : Operation 168 [3/5] (7.25ns)   --->   "%add32_4_i = fadd i32 %select_ln220_4, i32 %mul31_4_i" [codes_lab5/HLS_sources_final/templatedFuncs.h:230]   --->   Operation 168 'fadd' 'add32_4_i' <Predicate = true> <Delay = 7.25> <CoreInst = "FAddSub_fulldsp">   --->   Core 18 'FAddSub_fulldsp' <Latency = 4> <II = 1> <Delay = 7.25> <FuncUnit> <Opcode : 'fadd' 'fsub'> <InPorts = 2> <OutPorts = 1>

State 13 <SV = 12> <Delay = 7.25>
ST_13 : Operation 169 [2/5] (7.25ns)   --->   "%add32_i = fadd i32 %select_ln220_2, i32 %mul31_i" [codes_lab5/HLS_sources_final/templatedFuncs.h:230]   --->   Operation 169 'fadd' 'add32_i' <Predicate = true> <Delay = 7.25> <CoreInst = "FAddSub_fulldsp">   --->   Core 18 'FAddSub_fulldsp' <Latency = 4> <II = 1> <Delay = 7.25> <FuncUnit> <Opcode : 'fadd' 'fsub'> <InPorts = 2> <OutPorts = 1>
ST_13 : Operation 170 [2/5] (7.25ns)   --->   "%add32_1_i = fadd i32 %select_ln220_1, i32 %mul31_1_i" [codes_lab5/HLS_sources_final/templatedFuncs.h:230]   --->   Operation 170 'fadd' 'add32_1_i' <Predicate = true> <Delay = 7.25> <CoreInst = "FAddSub_fulldsp">   --->   Core 18 'FAddSub_fulldsp' <Latency = 4> <II = 1> <Delay = 7.25> <FuncUnit> <Opcode : 'fadd' 'fsub'> <InPorts = 2> <OutPorts = 1>
ST_13 : Operation 171 [2/5] (7.25ns)   --->   "%add32_2_i = fadd i32 %select_ln220_3, i32 %mul31_2_i" [codes_lab5/HLS_sources_final/templatedFuncs.h:230]   --->   Operation 171 'fadd' 'add32_2_i' <Predicate = true> <Delay = 7.25> <CoreInst = "FAddSub_fulldsp">   --->   Core 18 'FAddSub_fulldsp' <Latency = 4> <II = 1> <Delay = 7.25> <FuncUnit> <Opcode : 'fadd' 'fsub'> <InPorts = 2> <OutPorts = 1>
ST_13 : Operation 172 [2/5] (7.25ns)   --->   "%add32_3_i = fadd i32 %select_ln220, i32 %mul31_3_i" [codes_lab5/HLS_sources_final/templatedFuncs.h:230]   --->   Operation 172 'fadd' 'add32_3_i' <Predicate = true> <Delay = 7.25> <CoreInst = "FAddSub_fulldsp">   --->   Core 18 'FAddSub_fulldsp' <Latency = 4> <II = 1> <Delay = 7.25> <FuncUnit> <Opcode : 'fadd' 'fsub'> <InPorts = 2> <OutPorts = 1>
ST_13 : Operation 173 [2/5] (7.25ns)   --->   "%add32_4_i = fadd i32 %select_ln220_4, i32 %mul31_4_i" [codes_lab5/HLS_sources_final/templatedFuncs.h:230]   --->   Operation 173 'fadd' 'add32_4_i' <Predicate = true> <Delay = 7.25> <CoreInst = "FAddSub_fulldsp">   --->   Core 18 'FAddSub_fulldsp' <Latency = 4> <II = 1> <Delay = 7.25> <FuncUnit> <Opcode : 'fadd' 'fsub'> <InPorts = 2> <OutPorts = 1>

State 14 <SV = 13> <Delay = 7.25>
ST_14 : Operation 174 [1/1] (0.00ns)   --->   "%specloopname_ln216 = specloopname void @_ssdm_op_SpecLoopName, void @empty_3" [codes_lab5/HLS_sources_final/templatedFuncs.h:216]   --->   Operation 174 'specloopname' 'specloopname_ln216' <Predicate = true> <Delay = 0.00>
ST_14 : Operation 175 [1/5] (7.25ns)   --->   "%add32_i = fadd i32 %select_ln220_2, i32 %mul31_i" [codes_lab5/HLS_sources_final/templatedFuncs.h:230]   --->   Operation 175 'fadd' 'add32_i' <Predicate = true> <Delay = 7.25> <CoreInst = "FAddSub_fulldsp">   --->   Core 18 'FAddSub_fulldsp' <Latency = 4> <II = 1> <Delay = 7.25> <FuncUnit> <Opcode : 'fadd' 'fsub'> <InPorts = 2> <OutPorts = 1>
ST_14 : Operation 176 [1/5] (7.25ns)   --->   "%add32_1_i = fadd i32 %select_ln220_1, i32 %mul31_1_i" [codes_lab5/HLS_sources_final/templatedFuncs.h:230]   --->   Operation 176 'fadd' 'add32_1_i' <Predicate = true> <Delay = 7.25> <CoreInst = "FAddSub_fulldsp">   --->   Core 18 'FAddSub_fulldsp' <Latency = 4> <II = 1> <Delay = 7.25> <FuncUnit> <Opcode : 'fadd' 'fsub'> <InPorts = 2> <OutPorts = 1>
ST_14 : Operation 177 [1/5] (7.25ns)   --->   "%add32_2_i = fadd i32 %select_ln220_3, i32 %mul31_2_i" [codes_lab5/HLS_sources_final/templatedFuncs.h:230]   --->   Operation 177 'fadd' 'add32_2_i' <Predicate = true> <Delay = 7.25> <CoreInst = "FAddSub_fulldsp">   --->   Core 18 'FAddSub_fulldsp' <Latency = 4> <II = 1> <Delay = 7.25> <FuncUnit> <Opcode : 'fadd' 'fsub'> <InPorts = 2> <OutPorts = 1>
ST_14 : Operation 178 [1/5] (7.25ns)   --->   "%add32_3_i = fadd i32 %select_ln220, i32 %mul31_3_i" [codes_lab5/HLS_sources_final/templatedFuncs.h:230]   --->   Operation 178 'fadd' 'add32_3_i' <Predicate = true> <Delay = 7.25> <CoreInst = "FAddSub_fulldsp">   --->   Core 18 'FAddSub_fulldsp' <Latency = 4> <II = 1> <Delay = 7.25> <FuncUnit> <Opcode : 'fadd' 'fsub'> <InPorts = 2> <OutPorts = 1>
ST_14 : Operation 179 [1/5] (7.25ns)   --->   "%add32_4_i = fadd i32 %select_ln220_4, i32 %mul31_4_i" [codes_lab5/HLS_sources_final/templatedFuncs.h:230]   --->   Operation 179 'fadd' 'add32_4_i' <Predicate = true> <Delay = 7.25> <CoreInst = "FAddSub_fulldsp">   --->   Core 18 'FAddSub_fulldsp' <Latency = 4> <II = 1> <Delay = 7.25> <FuncUnit> <Opcode : 'fadd' 'fsub'> <InPorts = 2> <OutPorts = 1>
ST_14 : Operation 180 [1/1] (0.00ns)   --->   "%store_ln216 = store i32 %add32_4_i, i32 %add32_4_lcssa27_i" [codes_lab5/HLS_sources_final/templatedFuncs.h:216]   --->   Operation 180 'store' 'store_ln216' <Predicate = true> <Delay = 0.00>
ST_14 : Operation 181 [1/1] (0.00ns)   --->   "%store_ln216 = store i32 %add32_3_i, i32 %add32_3_lcssa25_i" [codes_lab5/HLS_sources_final/templatedFuncs.h:216]   --->   Operation 181 'store' 'store_ln216' <Predicate = true> <Delay = 0.00>
ST_14 : Operation 182 [1/1] (0.00ns)   --->   "%store_ln216 = store i32 %add32_2_i, i32 %add32_2_lcssa23_i" [codes_lab5/HLS_sources_final/templatedFuncs.h:216]   --->   Operation 182 'store' 'store_ln216' <Predicate = true> <Delay = 0.00>
ST_14 : Operation 183 [1/1] (0.00ns)   --->   "%store_ln216 = store i32 %add32_1_i, i32 %add32_1_lcssa21_i" [codes_lab5/HLS_sources_final/templatedFuncs.h:216]   --->   Operation 183 'store' 'store_ln216' <Predicate = true> <Delay = 0.00>
ST_14 : Operation 184 [1/1] (0.00ns)   --->   "%store_ln216 = store i32 %add32_i, i32 %add32_lcssa19_i" [codes_lab5/HLS_sources_final/templatedFuncs.h:216]   --->   Operation 184 'store' 'store_ln216' <Predicate = true> <Delay = 0.00>
ST_14 : Operation 185 [1/1] (0.00ns)   --->   "%br_ln216 = br void %for.body8.i" [codes_lab5/HLS_sources_final/templatedFuncs.h:216]   --->   Operation 185 'br' 'br_ln216' <Predicate = true> <Delay = 0.00>

State 15 <SV = 4> <Delay = 2.32>
ST_15 : Operation 186 [1/1] (0.00ns)   --->   "%add32_2_lcssa23_i_load = load i32 %add32_2_lcssa23_i" [codes_lab5/HLS_sources_final/templatedFuncs.h:240]   --->   Operation 186 'load' 'add32_2_lcssa23_i_load' <Predicate = true> <Delay = 0.00>
ST_15 : Operation 187 [1/1] (0.00ns)   --->   "%add32_3_lcssa25_i_load = load i32 %add32_3_lcssa25_i" [codes_lab5/HLS_sources_final/templatedFuncs.h:240]   --->   Operation 187 'load' 'add32_3_lcssa25_i_load' <Predicate = true> <Delay = 0.00>
ST_15 : Operation 188 [1/1] (0.00ns)   --->   "%output_addr_1 = getelementptr i32 %output_r, i64 0, i64 %p_cast33"   --->   Operation 188 'getelementptr' 'output_addr_1' <Predicate = true> <Delay = 0.00>
ST_15 : Operation 189 [1/1] (0.00ns)   --->   "%output_addr_3 = getelementptr i32 %output_r, i64 0, i64 %p_cast32"   --->   Operation 189 'getelementptr' 'output_addr_3' <Predicate = true> <Delay = 0.00>
ST_15 : Operation 190 [1/1] (2.32ns)   --->   "%store_ln240 = store i32 %add32_2_lcssa23_i_load, i4 %output_addr_3" [codes_lab5/HLS_sources_final/templatedFuncs.h:240]   --->   Operation 190 'store' 'store_ln240' <Predicate = true> <Delay = 2.32> <CoreInst = "RAM">   --->   Core 82 'RAM' <Latency = 1> <II = 1> <Delay = 2.32> <Storage> <Opcode : 'load' 'store'> <Ports = 2> <Width = 32> <Depth = 10> <RAM>
ST_15 : Operation 191 [1/1] (2.32ns)   --->   "%store_ln240 = store i32 %add32_3_lcssa25_i_load, i4 %output_addr_1" [codes_lab5/HLS_sources_final/templatedFuncs.h:240]   --->   Operation 191 'store' 'store_ln240' <Predicate = true> <Delay = 2.32> <CoreInst = "RAM">   --->   Core 82 'RAM' <Latency = 1> <II = 1> <Delay = 2.32> <Storage> <Opcode : 'load' 'store'> <Ports = 2> <Width = 32> <Depth = 10> <RAM>

State 16 <SV = 5> <Delay = 2.32>
ST_16 : Operation 192 [1/1] (0.00ns)   --->   "%add32_4_lcssa27_i_load = load i32 %add32_4_lcssa27_i" [codes_lab5/HLS_sources_final/templatedFuncs.h:240]   --->   Operation 192 'load' 'add32_4_lcssa27_i_load' <Predicate = true> <Delay = 0.00>
ST_16 : Operation 193 [1/1] (0.00ns)   --->   "%output_addr_4 = getelementptr i32 %output_r, i64 0, i64 %p_cast34"   --->   Operation 193 'getelementptr' 'output_addr_4' <Predicate = true> <Delay = 0.00>
ST_16 : Operation 194 [1/1] (2.32ns)   --->   "%store_ln240 = store i32 %add32_4_lcssa27_i_load, i4 %output_addr_4" [codes_lab5/HLS_sources_final/templatedFuncs.h:240]   --->   Operation 194 'store' 'store_ln240' <Predicate = true> <Delay = 2.32> <CoreInst = "RAM">   --->   Core 82 'RAM' <Latency = 1> <II = 1> <Delay = 2.32> <Storage> <Opcode : 'load' 'store'> <Ports = 2> <Width = 32> <Depth = 10> <RAM>
ST_16 : Operation 195 [1/1] (0.00ns)   --->   "%br_ln213 = br void %VITIS_LOOP_216_1.i" [codes_lab5/HLS_sources_final/templatedFuncs.h:213]   --->   Operation 195 'br' 'br_ln213' <Predicate = true> <Delay = 0.00>


============================================================
+ Verbose Summary: Timing violations
============================================================
Target clock period: 10ns, clock uncertainty: 2.7ns.

 <State 1>: 3.63ns
The critical path consists of the following:
	wire read operation ('p_read_1', codes_lab5/HLS_sources_final/design.cpp:42) on port 'p_read15' (codes_lab5/HLS_sources_final/design.cpp:42) [26]  (3.63 ns)

 <State 2>: 4.06ns
The critical path consists of the following:
	'load' operation ('turn') on local variable 'turn' [45]  (0 ns)
	'add' operation ('empty_29') [73]  (1.74 ns)
	'getelementptr' operation ('fc2_bias_addr_4') [76]  (0 ns)
	'load' operation ('fc2_bias_load_4', codes_lab5/HLS_sources_final/templatedFuncs.h:221) on array 'fc2_bias' [81]  (2.32 ns)

 <State 3>: 2.32ns
The critical path consists of the following:
	'load' operation ('fc2_bias_load', codes_lab5/HLS_sources_final/templatedFuncs.h:221) on array 'fc2_bias' [77]  (2.32 ns)

 <State 4>: 5.17ns
The critical path consists of the following:
	'phi' operation ('i_index', codes_lab5/HLS_sources_final/templatedFuncs.h:216) with incoming values : ('add_ln216', codes_lab5/HLS_sources_final/templatedFuncs.h:216) [84]  (0 ns)
	'add' operation ('add_ln230_3', codes_lab5/HLS_sources_final/templatedFuncs.h:230) [95]  (1.92 ns)
	'getelementptr' operation ('fc2_weight_addr_3', codes_lab5/HLS_sources_final/templatedFuncs.h:230) [97]  (0 ns)
	'load' operation ('fc2_weight_load_3', codes_lab5/HLS_sources_final/templatedFuncs.h:230) on array 'fc2_weight' [128]  (3.25 ns)

 <State 5>: 3.25ns
The critical path consists of the following:
	'load' operation ('fc2_weight_load', codes_lab5/HLS_sources_final/templatedFuncs.h:230) on array 'fc2_weight' [119]  (3.25 ns)

 <State 6>: 5.7ns
The critical path consists of the following:
	'fmul' operation ('mul31_i', codes_lab5/HLS_sources_final/templatedFuncs.h:230) [120]  (5.7 ns)

 <State 7>: 5.7ns
The critical path consists of the following:
	'fmul' operation ('mul31_i', codes_lab5/HLS_sources_final/templatedFuncs.h:230) [120]  (5.7 ns)

 <State 8>: 5.7ns
The critical path consists of the following:
	'fmul' operation ('mul31_i', codes_lab5/HLS_sources_final/templatedFuncs.h:230) [120]  (5.7 ns)

 <State 9>: 5.7ns
The critical path consists of the following:
	'fmul' operation ('mul31_i', codes_lab5/HLS_sources_final/templatedFuncs.h:230) [120]  (5.7 ns)

 <State 10>: 7.26ns
The critical path consists of the following:
	'fadd' operation ('add32_i', codes_lab5/HLS_sources_final/templatedFuncs.h:230) [121]  (7.26 ns)

 <State 11>: 7.26ns
The critical path consists of the following:
	'fadd' operation ('add32_i', codes_lab5/HLS_sources_final/templatedFuncs.h:230) [121]  (7.26 ns)

 <State 12>: 7.26ns
The critical path consists of the following:
	'fadd' operation ('add32_i', codes_lab5/HLS_sources_final/templatedFuncs.h:230) [121]  (7.26 ns)

 <State 13>: 7.26ns
The critical path consists of the following:
	'fadd' operation ('add32_i', codes_lab5/HLS_sources_final/templatedFuncs.h:230) [121]  (7.26 ns)

 <State 14>: 7.26ns
The critical path consists of the following:
	'fadd' operation ('add32_i', codes_lab5/HLS_sources_final/templatedFuncs.h:230) [121]  (7.26 ns)

 <State 15>: 2.32ns
The critical path consists of the following:
	'load' operation ('add32_2_lcssa23_i_load', codes_lab5/HLS_sources_final/templatedFuncs.h:240) on local variable 'add32_2_lcssa23_i' [143]  (0 ns)
	'store' operation ('store_ln240', codes_lab5/HLS_sources_final/templatedFuncs.h:240) of variable 'add32_2_lcssa23_i_load', codes_lab5/HLS_sources_final/templatedFuncs.h:240 on array 'output_r' [153]  (2.32 ns)

 <State 16>: 2.32ns
The critical path consists of the following:
	'load' operation ('add32_4_lcssa27_i_load', codes_lab5/HLS_sources_final/templatedFuncs.h:240) on local variable 'add32_4_lcssa27_i' [145]  (0 ns)
	'store' operation ('store_ln240', codes_lab5/HLS_sources_final/templatedFuncs.h:240) of variable 'add32_4_lcssa27_i_load', codes_lab5/HLS_sources_final/templatedFuncs.h:240 on array 'output_r' [155]  (2.32 ns)


============================================================
+ Verbose Summary: Binding
============================================================
N/A
* FSMD analyzer results:
  - Output states:
 - Input state : 
  - Chain level:
	State 1
	State 2
	State 3
	State 4
	State 5
	State 6
	State 7
	State 8
	State 9
	State 10
	State 11
	State 12
	State 13
	State 14
	State 15
	State 16


============================================================
+ Verbose Summary: Datapath Resource usage 
============================================================
N/A
