

================================================================
== Vitis HLS Report for 'HW_accel'
================================================================
* Date:           Thu Dec 25 15:19:34 2025

* Version:        2022.1 (Build 3526262 on Mon Apr 18 15:48:16 MDT 2022)
* Project:        Day_5_final_boss
* Solution:       sol5 (Vivado IP Flow Target)
* Product family: zynq
* Target device:  xc7z020-clg400-1


================================================================
== Performance Estimates
================================================================
+ Timing: 
    * Summary: 
    +--------+----------+----------+------------+
    |  Clock |  Target  | Estimated| Uncertainty|
    +--------+----------+----------+------------+
    |ap_clk  |  10.00 ns|  7.256 ns|     2.70 ns|
    +--------+----------+----------+------------+

+ Latency: 
    * Summary: 
    +---------+---------+----------+----------+--------+--------+----------+
    |  Latency (cycles) |  Latency (absolute) |     Interval    | Pipeline |
    |   min   |   max   |    min   |    max   |   min  |   max  |   Type   |
    +---------+---------+----------+----------+--------+--------+----------+
    |   538530|   547746|  5.385 ms|  5.477 ms|  424110|  433326|  dataflow|
    +---------+---------+----------+----------+--------+--------+----------+

    + Detail: 
        * Instance: 
        N/A

        * Loop: 
        N/A

============================================================
+ Verbose Summary: Synthesis Manager
============================================================
InlineROM: 1
ExposeGlobal: 0
============================================================
+ Verbose Summary: CDFG Model
============================================================
IsTopModel: 1
ResetActiveHigh: 1
IsCombinational: 2
IsDatapathOnly: 0
HasWiredReturn: 1
HasMFsm: 0
HasVarLatency: 1
IsPipeline: 0
IsRtlPipelined: 0
IsInstanceOverlapped: 0
IsDontTouch: 0
HasImplIP: 0
IsGatedGlobalClock: 0


============================================================
+ Verbose Summary: Schedule
============================================================
* Number of FSM states : 19
* Pipeline : 0
* Dataflow Pipeline: 1
  DF-Pipeline-0: Size = 19, States = { 1 2 3 4 5 6 7 8 9 10 11 12 13 14 15 16 17 18 19 }

* FSM state transitions: 
1 --> 2 
2 --> 3 
3 --> 4 
4 --> 5 
5 --> 6 
6 --> 7 
7 --> 8 
8 --> 9 
9 --> 10 
10 --> 11 
11 --> 12 
12 --> 13 
13 --> 14 
14 --> 15 
15 --> 16 
16 --> 17 
17 --> 18 
18 --> 19 
19 --> 

* FSM state operations: 

State 1 <SV = 0> <Delay = 0.00>
ST_1 : Operation 20 [1/1] (0.00ns)   --->   "%mem_1_0 = alloca i64 1" [codes_lab5/HLS_sources_final/design.cpp:54]   --->   Operation 20 'alloca' 'mem_1_0' <Predicate = true> <Delay = 0.00>
ST_1 : Operation 21 [1/1] (0.00ns)   --->   "%mem_2 = alloca i64 1" [codes_lab5/HLS_sources_final/design.cpp:55]   --->   Operation 21 'alloca' 'mem_2' <Predicate = true> <Delay = 0.00>
ST_1 : Operation 22 [1/1] (0.00ns)   --->   "%mem_3 = alloca i64 1" [codes_lab5/HLS_sources_final/design.cpp:56]   --->   Operation 22 'alloca' 'mem_3' <Predicate = true> <Delay = 0.00>
ST_1 : Operation 23 [1/1] (0.00ns)   --->   "%mem_3_1 = alloca i64 1" [codes_lab5/HLS_sources_final/design.cpp:56]   --->   Operation 23 'alloca' 'mem_3_1' <Predicate = true> <Delay = 0.00>
ST_1 : Operation 24 [1/1] (0.00ns)   --->   "%mem_4 = alloca i64 1" [codes_lab5/HLS_sources_final/design.cpp:58]   --->   Operation 24 'alloca' 'mem_4' <Predicate = true> <Delay = 0.00>
ST_1 : Operation 25 [1/1] (0.00ns)   --->   "%mem_5 = alloca i64 1" [codes_lab5/HLS_sources_final/design.cpp:59]   --->   Operation 25 'alloca' 'mem_5' <Predicate = true> <Delay = 0.00>
ST_1 : Operation 26 [1/1] (0.00ns)   --->   "%mem_5_1 = alloca i64 1" [codes_lab5/HLS_sources_final/design.cpp:59]   --->   Operation 26 'alloca' 'mem_5_1' <Predicate = true> <Delay = 0.00>
ST_1 : Operation 27 [1/1] (0.00ns)   --->   "%mem_6 = alloca i64 1" [codes_lab5/HLS_sources_final/design.cpp:61]   --->   Operation 27 'alloca' 'mem_6' <Predicate = true> <Delay = 0.00>
ST_1 : Operation 28 [1/1] (0.00ns)   --->   "%fc2_output = alloca i64 1" [codes_lab5/HLS_sources_final/design.cpp:64]   --->   Operation 28 'alloca' 'fc2_output' <Predicate = true> <Delay = 0.00>

State 2 <SV = 1> <Delay = 0.00>
ST_2 : Operation 29 [2/2] (0.00ns)   --->   "%call_ln67 = call void @read_input, i32 %inputPort_V_data_V, i4 %inputPort_V_keep_V, i4 %inputPort_V_strb_V, i1 %inputPort_V_last_V, i32 %mem_1_0" [codes_lab5/HLS_sources_final/design.cpp:67]   --->   Operation 29 'call' 'call_ln67' <Predicate = true> <Delay = 0.00> <CoreType = "Generic">   --->   Core 0 '' <Latency = 0> <II = 1> <Delay = 1.00> <Generic> <Opcode : >

State 3 <SV = 2> <Delay = 0.00>
ST_3 : Operation 30 [1/2] (0.00ns)   --->   "%call_ln67 = call void @read_input, i32 %inputPort_V_data_V, i4 %inputPort_V_keep_V, i4 %inputPort_V_strb_V, i1 %inputPort_V_last_V, i32 %mem_1_0" [codes_lab5/HLS_sources_final/design.cpp:67]   --->   Operation 30 'call' 'call_ln67' <Predicate = true> <Delay = 0.00> <CoreType = "Generic">   --->   Core 0 '' <Latency = 0> <II = 1> <Delay = 1.00> <Generic> <Opcode : >

State 4 <SV = 3> <Delay = 0.00>
ST_4 : Operation 31 [2/2] (0.00ns)   --->   "%call_ln69 = call void @conv1, i32 %mem_1_0, i32 %mem_2, i32 %conv1_weight, i32 %conv1_bias" [codes_lab5/HLS_sources_final/design.cpp:69]   --->   Operation 31 'call' 'call_ln69' <Predicate = true> <Delay = 0.00> <CoreType = "Generic">   --->   Core 0 '' <Latency = 0> <II = 1> <Delay = 1.00> <Generic> <Opcode : >

State 5 <SV = 4> <Delay = 0.00>
ST_5 : Operation 32 [1/2] (0.00ns)   --->   "%call_ln69 = call void @conv1, i32 %mem_1_0, i32 %mem_2, i32 %conv1_weight, i32 %conv1_bias" [codes_lab5/HLS_sources_final/design.cpp:69]   --->   Operation 32 'call' 'call_ln69' <Predicate = true> <Delay = 0.00> <CoreType = "Generic">   --->   Core 0 '' <Latency = 0> <II = 1> <Delay = 1.00> <Generic> <Opcode : >

State 6 <SV = 5> <Delay = 0.00>
ST_6 : Operation 33 [2/2] (0.00ns)   --->   "%call_ln70 = call void @conv2, i32 %mem_2, i32 %mem_3, i32 %mem_3_1, i32 %conv2_weight, i32 %conv2_bias" [codes_lab5/HLS_sources_final/design.cpp:70]   --->   Operation 33 'call' 'call_ln70' <Predicate = true> <Delay = 0.00> <CoreType = "Generic">   --->   Core 0 '' <Latency = 0> <II = 1> <Delay = 1.00> <Generic> <Opcode : >

State 7 <SV = 6> <Delay = 0.00>
ST_7 : Operation 34 [1/2] (0.00ns)   --->   "%call_ln70 = call void @conv2, i32 %mem_2, i32 %mem_3, i32 %mem_3_1, i32 %conv2_weight, i32 %conv2_bias" [codes_lab5/HLS_sources_final/design.cpp:70]   --->   Operation 34 'call' 'call_ln70' <Predicate = true> <Delay = 0.00> <CoreType = "Generic">   --->   Core 0 '' <Latency = 0> <II = 1> <Delay = 1.00> <Generic> <Opcode : >

State 8 <SV = 7> <Delay = 0.00>
ST_8 : Operation 35 [2/2] (0.00ns)   --->   "%call_ln71 = call void @maxPool<4, 24, 12>, i32 %mem_3, i32 %mem_3_1, i32 %mem_4" [codes_lab5/HLS_sources_final/design.cpp:71]   --->   Operation 35 'call' 'call_ln71' <Predicate = true> <Delay = 0.00> <CoreType = "Generic">   --->   Core 0 '' <Latency = 0> <II = 1> <Delay = 1.00> <Generic> <Opcode : >

State 9 <SV = 8> <Delay = 0.00>
ST_9 : Operation 36 [1/2] (0.00ns)   --->   "%call_ln71 = call void @maxPool<4, 24, 12>, i32 %mem_3, i32 %mem_3_1, i32 %mem_4" [codes_lab5/HLS_sources_final/design.cpp:71]   --->   Operation 36 'call' 'call_ln71' <Predicate = true> <Delay = 0.00> <CoreType = "Generic">   --->   Core 0 '' <Latency = 0> <II = 1> <Delay = 1.00> <Generic> <Opcode : >

State 10 <SV = 9> <Delay = 0.00>
ST_10 : Operation 37 [2/2] (0.00ns)   --->   "%call_ln72 = call void @conv3, i32 %mem_4, i32 %mem_5, i32 %mem_5_1, i32 %conv3_weight, i32 %conv3_bias" [codes_lab5/HLS_sources_final/design.cpp:72]   --->   Operation 37 'call' 'call_ln72' <Predicate = true> <Delay = 0.00> <CoreType = "Generic">   --->   Core 0 '' <Latency = 0> <II = 1> <Delay = 1.00> <Generic> <Opcode : >

State 11 <SV = 10> <Delay = 0.00>
ST_11 : Operation 38 [1/2] (0.00ns)   --->   "%call_ln72 = call void @conv3, i32 %mem_4, i32 %mem_5, i32 %mem_5_1, i32 %conv3_weight, i32 %conv3_bias" [codes_lab5/HLS_sources_final/design.cpp:72]   --->   Operation 38 'call' 'call_ln72' <Predicate = true> <Delay = 0.00> <CoreType = "Generic">   --->   Core 0 '' <Latency = 0> <II = 1> <Delay = 1.00> <Generic> <Opcode : >

State 12 <SV = 11> <Delay = 0.00>
ST_12 : Operation 39 [2/2] (0.00ns)   --->   "%call_ln73 = call void @maxPool<4, 10, 5>, i32 %mem_5, i32 %mem_5_1, i32 %mem_6" [codes_lab5/HLS_sources_final/design.cpp:73]   --->   Operation 39 'call' 'call_ln73' <Predicate = true> <Delay = 0.00> <CoreType = "Generic">   --->   Core 0 '' <Latency = 0> <II = 1> <Delay = 1.00> <Generic> <Opcode : >

State 13 <SV = 12> <Delay = 0.00>
ST_13 : Operation 40 [1/2] (0.00ns)   --->   "%call_ln73 = call void @maxPool<4, 10, 5>, i32 %mem_5, i32 %mem_5_1, i32 %mem_6" [codes_lab5/HLS_sources_final/design.cpp:73]   --->   Operation 40 'call' 'call_ln73' <Predicate = true> <Delay = 0.00> <CoreType = "Generic">   --->   Core 0 '' <Latency = 0> <II = 1> <Delay = 1.00> <Generic> <Opcode : >

State 14 <SV = 13> <Delay = 0.00>
ST_14 : Operation 41 [2/2] (0.00ns)   --->   "%call_ret1 = call i512 @fc_layer117, i32 %mem_6, i32 %fc1_bias, i32 %fc1_weight" [codes_lab5/HLS_sources_final/design.cpp:75]   --->   Operation 41 'call' 'call_ret1' <Predicate = true> <Delay = 0.00> <CoreType = "Generic">   --->   Core 0 '' <Latency = 0> <II = 1> <Delay = 1.00> <Generic> <Opcode : >

State 15 <SV = 14> <Delay = 3.63>
ST_15 : Operation 42 [1/2] (0.00ns)   --->   "%call_ret1 = call i512 @fc_layer117, i32 %mem_6, i32 %fc1_bias, i32 %fc1_weight" [codes_lab5/HLS_sources_final/design.cpp:75]   --->   Operation 42 'call' 'call_ret1' <Predicate = true> <Delay = 0.00> <CoreType = "Generic">   --->   Core 0 '' <Latency = 0> <II = 1> <Delay = 1.00> <Generic> <Opcode : >
ST_15 : Operation 43 [1/1] (0.00ns)   --->   "%fc1_output = extractvalue i512 %call_ret1" [codes_lab5/HLS_sources_final/design.cpp:75]   --->   Operation 43 'extractvalue' 'fc1_output' <Predicate = true> <Delay = 0.00> <CoreInst = "FIFO_SRL">   --->   Core 81 'FIFO_SRL' <Latency = 0> <II = 1> <Delay = 3.63> <Storage> <Opcode : 'read' 'write' 'nbread' 'nbwrite'> <Ports = 0> <Width = 32> <Depth = 2> <FIFO>
ST_15 : Operation 44 [1/1] (0.00ns)   --->   "%fc1_output_1 = extractvalue i512 %call_ret1" [codes_lab5/HLS_sources_final/design.cpp:75]   --->   Operation 44 'extractvalue' 'fc1_output_1' <Predicate = true> <Delay = 0.00> <CoreInst = "FIFO_SRL">   --->   Core 81 'FIFO_SRL' <Latency = 0> <II = 1> <Delay = 3.63> <Storage> <Opcode : 'read' 'write' 'nbread' 'nbwrite'> <Ports = 0> <Width = 32> <Depth = 2> <FIFO>
ST_15 : Operation 45 [1/1] (0.00ns)   --->   "%fc1_output_2 = extractvalue i512 %call_ret1" [codes_lab5/HLS_sources_final/design.cpp:75]   --->   Operation 45 'extractvalue' 'fc1_output_2' <Predicate = true> <Delay = 0.00> <CoreInst = "FIFO_SRL">   --->   Core 81 'FIFO_SRL' <Latency = 0> <II = 1> <Delay = 3.63> <Storage> <Opcode : 'read' 'write' 'nbread' 'nbwrite'> <Ports = 0> <Width = 32> <Depth = 2> <FIFO>
ST_15 : Operation 46 [1/1] (0.00ns)   --->   "%fc1_output_3 = extractvalue i512 %call_ret1" [codes_lab5/HLS_sources_final/design.cpp:75]   --->   Operation 46 'extractvalue' 'fc1_output_3' <Predicate = true> <Delay = 0.00> <CoreInst = "FIFO_SRL">   --->   Core 81 'FIFO_SRL' <Latency = 0> <II = 1> <Delay = 3.63> <Storage> <Opcode : 'read' 'write' 'nbread' 'nbwrite'> <Ports = 0> <Width = 32> <Depth = 2> <FIFO>
ST_15 : Operation 47 [1/1] (0.00ns)   --->   "%fc1_output_4 = extractvalue i512 %call_ret1" [codes_lab5/HLS_sources_final/design.cpp:75]   --->   Operation 47 'extractvalue' 'fc1_output_4' <Predicate = true> <Delay = 0.00> <CoreInst = "FIFO_SRL">   --->   Core 81 'FIFO_SRL' <Latency = 0> <II = 1> <Delay = 3.63> <Storage> <Opcode : 'read' 'write' 'nbread' 'nbwrite'> <Ports = 0> <Width = 32> <Depth = 2> <FIFO>
ST_15 : Operation 48 [1/1] (0.00ns)   --->   "%fc1_output_5 = extractvalue i512 %call_ret1" [codes_lab5/HLS_sources_final/design.cpp:75]   --->   Operation 48 'extractvalue' 'fc1_output_5' <Predicate = true> <Delay = 0.00> <CoreInst = "FIFO_SRL">   --->   Core 81 'FIFO_SRL' <Latency = 0> <II = 1> <Delay = 3.63> <Storage> <Opcode : 'read' 'write' 'nbread' 'nbwrite'> <Ports = 0> <Width = 32> <Depth = 2> <FIFO>
ST_15 : Operation 49 [1/1] (0.00ns)   --->   "%fc1_output_6 = extractvalue i512 %call_ret1" [codes_lab5/HLS_sources_final/design.cpp:75]   --->   Operation 49 'extractvalue' 'fc1_output_6' <Predicate = true> <Delay = 0.00> <CoreInst = "FIFO_SRL">   --->   Core 81 'FIFO_SRL' <Latency = 0> <II = 1> <Delay = 3.63> <Storage> <Opcode : 'read' 'write' 'nbread' 'nbwrite'> <Ports = 0> <Width = 32> <Depth = 2> <FIFO>
ST_15 : Operation 50 [1/1] (0.00ns)   --->   "%fc1_output_7 = extractvalue i512 %call_ret1" [codes_lab5/HLS_sources_final/design.cpp:75]   --->   Operation 50 'extractvalue' 'fc1_output_7' <Predicate = true> <Delay = 0.00> <CoreInst = "FIFO_SRL">   --->   Core 81 'FIFO_SRL' <Latency = 0> <II = 1> <Delay = 3.63> <Storage> <Opcode : 'read' 'write' 'nbread' 'nbwrite'> <Ports = 0> <Width = 32> <Depth = 2> <FIFO>
ST_15 : Operation 51 [1/1] (0.00ns)   --->   "%fc1_output_8 = extractvalue i512 %call_ret1" [codes_lab5/HLS_sources_final/design.cpp:75]   --->   Operation 51 'extractvalue' 'fc1_output_8' <Predicate = true> <Delay = 0.00> <CoreInst = "FIFO_SRL">   --->   Core 81 'FIFO_SRL' <Latency = 0> <II = 1> <Delay = 3.63> <Storage> <Opcode : 'read' 'write' 'nbread' 'nbwrite'> <Ports = 0> <Width = 32> <Depth = 2> <FIFO>
ST_15 : Operation 52 [1/1] (0.00ns)   --->   "%fc1_output_9 = extractvalue i512 %call_ret1" [codes_lab5/HLS_sources_final/design.cpp:75]   --->   Operation 52 'extractvalue' 'fc1_output_9' <Predicate = true> <Delay = 0.00> <CoreInst = "FIFO_SRL">   --->   Core 81 'FIFO_SRL' <Latency = 0> <II = 1> <Delay = 3.63> <Storage> <Opcode : 'read' 'write' 'nbread' 'nbwrite'> <Ports = 0> <Width = 32> <Depth = 2> <FIFO>
ST_15 : Operation 53 [1/1] (0.00ns)   --->   "%fc1_output_10 = extractvalue i512 %call_ret1" [codes_lab5/HLS_sources_final/design.cpp:75]   --->   Operation 53 'extractvalue' 'fc1_output_10' <Predicate = true> <Delay = 0.00> <CoreInst = "FIFO_SRL">   --->   Core 81 'FIFO_SRL' <Latency = 0> <II = 1> <Delay = 3.63> <Storage> <Opcode : 'read' 'write' 'nbread' 'nbwrite'> <Ports = 0> <Width = 32> <Depth = 2> <FIFO>
ST_15 : Operation 54 [1/1] (0.00ns)   --->   "%fc1_output_11 = extractvalue i512 %call_ret1" [codes_lab5/HLS_sources_final/design.cpp:75]   --->   Operation 54 'extractvalue' 'fc1_output_11' <Predicate = true> <Delay = 0.00> <CoreInst = "FIFO_SRL">   --->   Core 81 'FIFO_SRL' <Latency = 0> <II = 1> <Delay = 3.63> <Storage> <Opcode : 'read' 'write' 'nbread' 'nbwrite'> <Ports = 0> <Width = 32> <Depth = 2> <FIFO>
ST_15 : Operation 55 [1/1] (0.00ns)   --->   "%fc1_output_12 = extractvalue i512 %call_ret1" [codes_lab5/HLS_sources_final/design.cpp:75]   --->   Operation 55 'extractvalue' 'fc1_output_12' <Predicate = true> <Delay = 0.00> <CoreInst = "FIFO_SRL">   --->   Core 81 'FIFO_SRL' <Latency = 0> <II = 1> <Delay = 3.63> <Storage> <Opcode : 'read' 'write' 'nbread' 'nbwrite'> <Ports = 0> <Width = 32> <Depth = 2> <FIFO>
ST_15 : Operation 56 [1/1] (0.00ns)   --->   "%fc1_output_13 = extractvalue i512 %call_ret1" [codes_lab5/HLS_sources_final/design.cpp:75]   --->   Operation 56 'extractvalue' 'fc1_output_13' <Predicate = true> <Delay = 0.00> <CoreInst = "FIFO_SRL">   --->   Core 81 'FIFO_SRL' <Latency = 0> <II = 1> <Delay = 3.63> <Storage> <Opcode : 'read' 'write' 'nbread' 'nbwrite'> <Ports = 0> <Width = 32> <Depth = 2> <FIFO>
ST_15 : Operation 57 [1/1] (0.00ns)   --->   "%fc1_output_14 = extractvalue i512 %call_ret1" [codes_lab5/HLS_sources_final/design.cpp:75]   --->   Operation 57 'extractvalue' 'fc1_output_14' <Predicate = true> <Delay = 0.00> <CoreInst = "FIFO_SRL">   --->   Core 81 'FIFO_SRL' <Latency = 0> <II = 1> <Delay = 3.63> <Storage> <Opcode : 'read' 'write' 'nbread' 'nbwrite'> <Ports = 0> <Width = 32> <Depth = 2> <FIFO>
ST_15 : Operation 58 [1/1] (0.00ns)   --->   "%fc1_output_15 = extractvalue i512 %call_ret1" [codes_lab5/HLS_sources_final/design.cpp:75]   --->   Operation 58 'extractvalue' 'fc1_output_15' <Predicate = true> <Delay = 0.00> <CoreInst = "FIFO_SRL">   --->   Core 81 'FIFO_SRL' <Latency = 0> <II = 1> <Delay = 3.63> <Storage> <Opcode : 'read' 'write' 'nbread' 'nbwrite'> <Ports = 0> <Width = 32> <Depth = 2> <FIFO>
ST_15 : Operation 59 [2/2] (3.63ns)   --->   "%call_ln76 = call void @fc_layer2, i32 %fc1_output, i32 %fc1_output_1, i32 %fc1_output_2, i32 %fc1_output_3, i32 %fc1_output_4, i32 %fc1_output_5, i32 %fc1_output_6, i32 %fc1_output_7, i32 %fc1_output_8, i32 %fc1_output_9, i32 %fc1_output_10, i32 %fc1_output_11, i32 %fc1_output_12, i32 %fc1_output_13, i32 %fc1_output_14, i32 %fc1_output_15, i32 %fc2_output, i32 %fc2_bias, i32 %fc2_weight" [codes_lab5/HLS_sources_final/design.cpp:76]   --->   Operation 59 'call' 'call_ln76' <Predicate = true> <Delay = 3.63> <CoreType = "Generic">   --->   Core 0 '' <Latency = 0> <II = 1> <Delay = 1.00> <Generic> <Opcode : >

State 16 <SV = 15> <Delay = 0.00>
ST_16 : Operation 60 [1/2] (0.00ns)   --->   "%call_ln76 = call void @fc_layer2, i32 %fc1_output, i32 %fc1_output_1, i32 %fc1_output_2, i32 %fc1_output_3, i32 %fc1_output_4, i32 %fc1_output_5, i32 %fc1_output_6, i32 %fc1_output_7, i32 %fc1_output_8, i32 %fc1_output_9, i32 %fc1_output_10, i32 %fc1_output_11, i32 %fc1_output_12, i32 %fc1_output_13, i32 %fc1_output_14, i32 %fc1_output_15, i32 %fc2_output, i32 %fc2_bias, i32 %fc2_weight" [codes_lab5/HLS_sources_final/design.cpp:76]   --->   Operation 60 'call' 'call_ln76' <Predicate = true> <Delay = 0.00> <CoreType = "Generic">   --->   Core 0 '' <Latency = 0> <II = 1> <Delay = 1.00> <Generic> <Opcode : >

State 17 <SV = 16> <Delay = 0.00>
ST_17 : Operation 61 [2/2] (0.00ns)   --->   "%call_ln78 = call void @write_output, i32 %outputPort_V_data_V, i4 %outputPort_V_keep_V, i4 %outputPort_V_strb_V, i1 %outputPort_V_last_V, i32 %fc2_output" [codes_lab5/HLS_sources_final/design.cpp:78]   --->   Operation 61 'call' 'call_ln78' <Predicate = true> <Delay = 0.00> <CoreType = "Generic">   --->   Core 0 '' <Latency = 0> <II = 1> <Delay = 1.00> <Generic> <Opcode : >

State 18 <SV = 17> <Delay = 0.00>
ST_18 : Operation 62 [1/2] (0.00ns)   --->   "%call_ln78 = call void @write_output, i32 %outputPort_V_data_V, i4 %outputPort_V_keep_V, i4 %outputPort_V_strb_V, i1 %outputPort_V_last_V, i32 %fc2_output" [codes_lab5/HLS_sources_final/design.cpp:78]   --->   Operation 62 'call' 'call_ln78' <Predicate = true> <Delay = 0.00> <CoreType = "Generic">   --->   Core 0 '' <Latency = 0> <II = 1> <Delay = 1.00> <Generic> <Opcode : >

State 19 <SV = 18> <Delay = 0.00>
ST_19 : Operation 63 [1/1] (0.00ns)   --->   "%specdataflowpipeline_ln52 = specdataflowpipeline void @_ssdm_op_SpecDataflowPipeline, i32 4294967295, i32 0, void @empty" [codes_lab5/HLS_sources_final/design.cpp:52]   --->   Operation 63 'specdataflowpipeline' 'specdataflowpipeline_ln52' <Predicate = true> <Delay = 0.00>
ST_19 : Operation 64 [1/1] (0.00ns)   --->   "%spectopmodule_ln47 = spectopmodule void @_ssdm_op_SpecTopModule, void @empty_6" [codes_lab5/HLS_sources_final/design.cpp:47]   --->   Operation 64 'spectopmodule' 'spectopmodule_ln47' <Predicate = true> <Delay = 0.00>
ST_19 : Operation 65 [1/1] (0.00ns)   --->   "%specinterface_ln47 = specinterface void @_ssdm_op_SpecInterface, i32 0, void @empty_5, i32 0, i32 0, void @empty, i32 0, i32 0, void @empty, void @empty, void @empty, i32 0, i32 0, i32 0, i32 0, void @empty, void @empty, i32 4294967295, i32 0" [codes_lab5/HLS_sources_final/design.cpp:47]   --->   Operation 65 'specinterface' 'specinterface_ln47' <Predicate = true> <Delay = 0.00>
ST_19 : Operation 66 [1/1] (0.00ns)   --->   "%specinterface_ln0 = specinterface void @_ssdm_op_SpecInterface, i32 %inputPort_V_data_V, i4 %inputPort_V_keep_V, i4 %inputPort_V_strb_V, i1 %inputPort_V_last_V, void @empty_10, i32 1, i32 1, void @empty_11, i32 0, i32 0, void @empty, void @empty, void @empty, i32 0, i32 0, i32 0, i32 0, void @empty, void @empty, i32 4294967295, i32 0"   --->   Operation 66 'specinterface' 'specinterface_ln0' <Predicate = true> <Delay = 0.00>
ST_19 : Operation 67 [1/1] (0.00ns)   --->   "%specbitsmap_ln0 = specbitsmap void @_ssdm_op_SpecBitsMap, i32 %inputPort_V_data_V"   --->   Operation 67 'specbitsmap' 'specbitsmap_ln0' <Predicate = true> <Delay = 0.00>
ST_19 : Operation 68 [1/1] (0.00ns)   --->   "%specbitsmap_ln0 = specbitsmap void @_ssdm_op_SpecBitsMap, i4 %inputPort_V_keep_V"   --->   Operation 68 'specbitsmap' 'specbitsmap_ln0' <Predicate = true> <Delay = 0.00>
ST_19 : Operation 69 [1/1] (0.00ns)   --->   "%specbitsmap_ln0 = specbitsmap void @_ssdm_op_SpecBitsMap, i4 %inputPort_V_strb_V"   --->   Operation 69 'specbitsmap' 'specbitsmap_ln0' <Predicate = true> <Delay = 0.00>
ST_19 : Operation 70 [1/1] (0.00ns)   --->   "%specbitsmap_ln0 = specbitsmap void @_ssdm_op_SpecBitsMap, i1 %inputPort_V_last_V"   --->   Operation 70 'specbitsmap' 'specbitsmap_ln0' <Predicate = true> <Delay = 0.00>
ST_19 : Operation 71 [1/1] (0.00ns)   --->   "%specinterface_ln0 = specinterface void @_ssdm_op_SpecInterface, i32 %outputPort_V_data_V, i4 %outputPort_V_keep_V, i4 %outputPort_V_strb_V, i1 %outputPort_V_last_V, void @empty_10, i32 1, i32 1, void @empty_11, i32 0, i32 0, void @empty, void @empty, void @empty, i32 0, i32 0, i32 0, i32 0, void @empty, void @empty, i32 4294967295, i32 0"   --->   Operation 71 'specinterface' 'specinterface_ln0' <Predicate = true> <Delay = 0.00>
ST_19 : Operation 72 [1/1] (0.00ns)   --->   "%specbitsmap_ln0 = specbitsmap void @_ssdm_op_SpecBitsMap, i32 %outputPort_V_data_V"   --->   Operation 72 'specbitsmap' 'specbitsmap_ln0' <Predicate = true> <Delay = 0.00>
ST_19 : Operation 73 [1/1] (0.00ns)   --->   "%specbitsmap_ln0 = specbitsmap void @_ssdm_op_SpecBitsMap, i4 %outputPort_V_keep_V"   --->   Operation 73 'specbitsmap' 'specbitsmap_ln0' <Predicate = true> <Delay = 0.00>
ST_19 : Operation 74 [1/1] (0.00ns)   --->   "%specbitsmap_ln0 = specbitsmap void @_ssdm_op_SpecBitsMap, i4 %outputPort_V_strb_V"   --->   Operation 74 'specbitsmap' 'specbitsmap_ln0' <Predicate = true> <Delay = 0.00>
ST_19 : Operation 75 [1/1] (0.00ns)   --->   "%specbitsmap_ln0 = specbitsmap void @_ssdm_op_SpecBitsMap, i1 %outputPort_V_last_V"   --->   Operation 75 'specbitsmap' 'specbitsmap_ln0' <Predicate = true> <Delay = 0.00>
ST_19 : Operation 76 [1/1] (0.00ns)   --->   "%ret_ln79 = ret" [codes_lab5/HLS_sources_final/design.cpp:79]   --->   Operation 76 'ret' 'ret_ln79' <Predicate = true> <Delay = 0.00>


============================================================
+ Verbose Summary: Timing violations
============================================================
Target clock period: 10ns, clock uncertainty: 2.7ns.

 <State 1>: 0ns
The critical path consists of the following:

 <State 2>: 0ns
The critical path consists of the following:

 <State 3>: 0ns
The critical path consists of the following:

 <State 4>: 0ns
The critical path consists of the following:

 <State 5>: 0ns
The critical path consists of the following:

 <State 6>: 0ns
The critical path consists of the following:

 <State 7>: 0ns
The critical path consists of the following:

 <State 8>: 0ns
The critical path consists of the following:

 <State 9>: 0ns
The critical path consists of the following:

 <State 10>: 0ns
The critical path consists of the following:

 <State 11>: 0ns
The critical path consists of the following:

 <State 12>: 0ns
The critical path consists of the following:

 <State 13>: 0ns
The critical path consists of the following:

 <State 14>: 0ns
The critical path consists of the following:

 <State 15>: 3.63ns
The critical path consists of the following:
	'call' operation ('call_ret1', codes_lab5/HLS_sources_final/design.cpp:75) to 'fc_layer117' [47]  (0 ns)
	'call' operation ('call_ln76', codes_lab5/HLS_sources_final/design.cpp:76) to 'fc_layer2' [64]  (3.63 ns)

 <State 16>: 0ns
The critical path consists of the following:

 <State 17>: 0ns
The critical path consists of the following:

 <State 18>: 0ns
The critical path consists of the following:

 <State 19>: 0ns
The critical path consists of the following:


============================================================
+ Verbose Summary: Binding
============================================================
N/A
* FSMD analyzer results:
  - Output states:
 - Input state : 
  - Chain level:
	State 1
	State 2
	State 3
	State 4
	State 5
	State 6
	State 7
	State 8
	State 9
	State 10
	State 11
	State 12
	State 13
	State 14
	State 15
	State 16
	State 17
	State 18
	State 19


============================================================
+ Verbose Summary: Datapath Resource usage 
============================================================
N/A
