

================================================================
== Vitis HLS Report for 'maxPool_4_10_5_s'
================================================================
* Date:           Thu Dec 25 15:19:32 2025

* Version:        2022.1 (Build 3526262 on Mon Apr 18 15:48:16 MDT 2022)
* Project:        Day_5_final_boss
* Solution:       sol5 (Vivado IP Flow Target)
* Product family: zynq
* Target device:  xc7z020-clg400-1


================================================================
== Performance Estimates
================================================================
+ Timing: 
    * Summary: 
    +--------+----------+----------+------------+
    |  Clock |  Target  | Estimated| Uncertainty|
    +--------+----------+----------+------------+
    |ap_clk  |  10.00 ns|  7.107 ns|     2.70 ns|
    +--------+----------+----------+------------+

+ Latency: 
    * Summary: 
    +---------+---------+----------+----------+-----+-----+---------+
    |  Latency (cycles) |  Latency (absolute) |  Interval | Pipeline|
    |   min   |   max   |    min   |    max   | min | max |   Type  |
    +---------+---------+----------+----------+-----+-----+---------+
    |      108|      108|  1.080 us|  1.080 us|  108|  108|       no|
    +---------+---------+----------+----------+-----+-----+---------+

    + Detail: 
        * Instance: 
        N/A

        * Loop: 
        +-------------------+---------+---------+----------+-----------+-----------+------+----------+
        |                   |  Latency (cycles) | Iteration|  Initiation Interval  | Trip |          |
        |     Loop Name     |   min   |   max   |  Latency |  achieved |   target  | Count| Pipelined|
        +-------------------+---------+---------+----------+-----------+-----------+------+----------+
        |- MP_ch_MP_r_MP_c  |      106|      106|         8|          1|          1|   100|       yes|
        +-------------------+---------+---------+----------+-----------+-----------+------+----------+

============================================================
+ Verbose Summary: Synthesis Manager
============================================================
InlineROM: 1
ExposeGlobal: 0
============================================================
+ Verbose Summary: CDFG Model
============================================================
IsTopModel: 0
ResetActiveHigh: 1
IsCombinational: 2
IsDatapathOnly: 0
HasWiredReturn: 1
HasMFsm: 2
HasVarLatency: 1
IsPipeline: 0
IsRtlPipelined: 0
IsInstanceOverlapped: 0
IsDontTouch: 0
HasImplIP: 0
IsGatedGlobalClock: 0

+ Individual pipeline summary: 
  * Pipeline-0: initiation interval (II) = 1, depth = 8


============================================================
+ Verbose Summary: Schedule
============================================================
* Number of FSM states : 8
* Pipeline : 1
  Pipeline-0 : II = 1, D = 8, States = { 1 2 3 4 5 6 7 8 }
* Dataflow Pipeline: 0

* FSM state transitions: 
1 --> 2 
2 --> 3 
3 --> 4 
4 --> 5 
5 --> 6 
6 --> 7 
7 --> 8 
8 --> 

* FSM state operations: 

State 1 <SV = 0> <Delay = 7.07>
ST_1 : Operation 11 [1/1] (0.00ns)   --->   "%ow = alloca i32 1"   --->   Operation 11 'alloca' 'ow' <Predicate = true> <Delay = 0.00>
ST_1 : Operation 12 [1/1] (0.00ns)   --->   "%oh = alloca i32 1"   --->   Operation 12 'alloca' 'oh' <Predicate = true> <Delay = 0.00>
ST_1 : Operation 13 [1/1] (0.00ns)   --->   "%indvar_flatten = alloca i32 1"   --->   Operation 13 'alloca' 'indvar_flatten' <Predicate = true> <Delay = 0.00>
ST_1 : Operation 14 [1/1] (0.00ns)   --->   "%och = alloca i32 1"   --->   Operation 14 'alloca' 'och' <Predicate = true> <Delay = 0.00>
ST_1 : Operation 15 [1/1] (0.00ns)   --->   "%indvar_flatten24 = alloca i32 1"   --->   Operation 15 'alloca' 'indvar_flatten24' <Predicate = true> <Delay = 0.00>
ST_1 : Operation 16 [1/1] (1.58ns)   --->   "%store_ln181 = store i7 0, i7 %indvar_flatten24" [codes_lab5/HLS_sources_final/templatedFuncs.h:181]   --->   Operation 16 'store' 'store_ln181' <Predicate = true> <Delay = 1.58>
ST_1 : Operation 17 [1/1] (1.58ns)   --->   "%store_ln181 = store i3 0, i3 %och" [codes_lab5/HLS_sources_final/templatedFuncs.h:181]   --->   Operation 17 'store' 'store_ln181' <Predicate = true> <Delay = 1.58>
ST_1 : Operation 18 [1/1] (1.58ns)   --->   "%store_ln181 = store i6 0, i6 %indvar_flatten" [codes_lab5/HLS_sources_final/templatedFuncs.h:181]   --->   Operation 18 'store' 'store_ln181' <Predicate = true> <Delay = 1.58>
ST_1 : Operation 19 [1/1] (1.58ns)   --->   "%store_ln181 = store i4 0, i4 %oh" [codes_lab5/HLS_sources_final/templatedFuncs.h:181]   --->   Operation 19 'store' 'store_ln181' <Predicate = true> <Delay = 1.58>
ST_1 : Operation 20 [1/1] (1.58ns)   --->   "%store_ln181 = store i4 0, i4 %ow" [codes_lab5/HLS_sources_final/templatedFuncs.h:181]   --->   Operation 20 'store' 'store_ln181' <Predicate = true> <Delay = 1.58>
ST_1 : Operation 21 [1/1] (0.00ns)   --->   "%br_ln181 = br void %for.body8" [codes_lab5/HLS_sources_final/templatedFuncs.h:181]   --->   Operation 21 'br' 'br_ln181' <Predicate = true> <Delay = 0.00>
ST_1 : Operation 22 [1/1] (0.00ns)   --->   "%oh_2 = load i4 %oh"   --->   Operation 22 'load' 'oh_2' <Predicate = true> <Delay = 0.00>
ST_1 : Operation 23 [1/1] (0.00ns)   --->   "%indvar_flatten24_load = load i7 %indvar_flatten24" [codes_lab5/HLS_sources_final/templatedFuncs.h:181]   --->   Operation 23 'load' 'indvar_flatten24_load' <Predicate = true> <Delay = 0.00>
ST_1 : Operation 24 [1/1] (0.00ns)   --->   "%empty = or i4 %oh_2, i4 1"   --->   Operation 24 'or' 'empty' <Predicate = true> <Delay = 0.00>
ST_1 : Operation 25 [1/1] (0.00ns)   --->   "%tmp_13 = partselect i3 @_ssdm_op_PartSelect.i3.i4.i32.i32, i4 %oh_2, i32 1, i32 3"   --->   Operation 25 'partselect' 'tmp_13' <Predicate = true> <Delay = 0.00>
ST_1 : Operation 26 [1/1] (1.48ns)   --->   "%icmp_ln181 = icmp_eq  i7 %indvar_flatten24_load, i7 100" [codes_lab5/HLS_sources_final/templatedFuncs.h:181]   --->   Operation 26 'icmp' 'icmp_ln181' <Predicate = true> <Delay = 1.48> <CoreInst = "Cmp">   --->   Core 9 'Cmp' <Latency = 0> <II = 1> <Delay = 1.48> <FuncUnit> <Opcode : 'icmp'> <InPorts = 2> <OutPorts = 1>
ST_1 : Operation 27 [1/1] (1.87ns)   --->   "%add_ln181_2 = add i7 %indvar_flatten24_load, i7 1" [codes_lab5/HLS_sources_final/templatedFuncs.h:181]   --->   Operation 27 'add' 'add_ln181_2' <Predicate = true> <Delay = 1.87> <CoreInst = "Adder">   --->   Core 1 'Adder' <Latency = 0> <II = 1> <Delay = 1.87> <FuncUnit> <Opcode : 'add' 'sub'> <InPorts = 2> <OutPorts = 1>
ST_1 : Operation 28 [1/1] (0.00ns)   --->   "%br_ln181 = br i1 %icmp_ln181, void %for.inc102, void %for.end103" [codes_lab5/HLS_sources_final/templatedFuncs.h:181]   --->   Operation 28 'br' 'br_ln181' <Predicate = true> <Delay = 0.00>
ST_1 : Operation 29 [1/1] (0.00ns)   --->   "%ow_load = load i4 %ow" [codes_lab5/HLS_sources_final/templatedFuncs.h:183]   --->   Operation 29 'load' 'ow_load' <Predicate = (!icmp_ln181)> <Delay = 0.00>
ST_1 : Operation 30 [1/1] (0.00ns)   --->   "%indvar_flatten_load = load i6 %indvar_flatten" [codes_lab5/HLS_sources_final/templatedFuncs.h:182]   --->   Operation 30 'load' 'indvar_flatten_load' <Predicate = (!icmp_ln181)> <Delay = 0.00>
ST_1 : Operation 31 [1/1] (0.00ns)   --->   "%och_load = load i3 %och" [codes_lab5/HLS_sources_final/templatedFuncs.h:181]   --->   Operation 31 'load' 'och_load' <Predicate = (!icmp_ln181)> <Delay = 0.00>
ST_1 : Operation 32 [1/1] (1.65ns)   --->   "%add_ln181 = add i3 %och_load, i3 1" [codes_lab5/HLS_sources_final/templatedFuncs.h:181]   --->   Operation 32 'add' 'add_ln181' <Predicate = (!icmp_ln181)> <Delay = 1.65> <CoreInst = "Adder">   --->   Core 1 'Adder' <Latency = 0> <II = 1> <Delay = 1.65> <FuncUnit> <Opcode : 'add' 'sub'> <InPorts = 2> <OutPorts = 1>
ST_1 : Operation 33 [1/1] (1.42ns)   --->   "%icmp_ln182 = icmp_eq  i6 %indvar_flatten_load, i6 25" [codes_lab5/HLS_sources_final/templatedFuncs.h:182]   --->   Operation 33 'icmp' 'icmp_ln182' <Predicate = (!icmp_ln181)> <Delay = 1.42> <CoreInst = "Cmp">   --->   Core 9 'Cmp' <Latency = 0> <II = 1> <Delay = 1.42> <FuncUnit> <Opcode : 'icmp'> <InPorts = 2> <OutPorts = 1>
ST_1 : Operation 34 [1/1] (1.02ns)   --->   "%select_ln181 = select i1 %icmp_ln182, i4 0, i4 %oh_2" [codes_lab5/HLS_sources_final/templatedFuncs.h:181]   --->   Operation 34 'select' 'select_ln181' <Predicate = (!icmp_ln181)> <Delay = 1.02> <CoreInst = "Sel">   --->   Core 73 'Sel' <Latency = 0> <II = 1> <Delay = 1.02> <FuncUnit> <Opcode : 'select'> <InPorts = 3> <OutPorts = 1>
ST_1 : Operation 35 [1/1] (0.00ns) (grouped into LUT with out node select_ln182)   --->   "%select_ln181_5 = select i1 %icmp_ln182, i4 0, i4 %ow_load" [codes_lab5/HLS_sources_final/templatedFuncs.h:181]   --->   Operation 35 'select' 'select_ln181_5' <Predicate = (!icmp_ln181)> <Delay = 0.00> <CoreInst = "Sel">   --->   Core 73 'Sel' <Latency = 0> <II = 1> <Delay = 1.02> <FuncUnit> <Opcode : 'select'> <InPorts = 3> <OutPorts = 1>
ST_1 : Operation 36 [1/1] (0.98ns)   --->   "%select_ln181_6 = select i1 %icmp_ln182, i3 %add_ln181, i3 %och_load" [codes_lab5/HLS_sources_final/templatedFuncs.h:181]   --->   Operation 36 'select' 'select_ln181_6' <Predicate = (!icmp_ln181)> <Delay = 0.98> <CoreInst = "Sel">   --->   Core 73 'Sel' <Latency = 0> <II = 1> <Delay = 0.98> <FuncUnit> <Opcode : 'select'> <InPorts = 3> <OutPorts = 1>
ST_1 : Operation 37 [1/1] (0.00ns)   --->   "%tmp_14 = bitconcatenate i6 @_ssdm_op_BitConcatenate.i6.i3.i3, i3 %select_ln181_6, i3 0" [codes_lab5/HLS_sources_final/templatedFuncs.h:185]   --->   Operation 37 'bitconcatenate' 'tmp_14' <Predicate = (!icmp_ln181)> <Delay = 0.00>
ST_1 : Operation 38 [1/1] (0.00ns)   --->   "%zext_ln185_6 = zext i6 %tmp_14" [codes_lab5/HLS_sources_final/templatedFuncs.h:185]   --->   Operation 38 'zext' 'zext_ln185_6' <Predicate = (!icmp_ln181)> <Delay = 0.00>
ST_1 : Operation 39 [1/1] (0.00ns)   --->   "%tmp_15 = bitconcatenate i4 @_ssdm_op_BitConcatenate.i4.i3.i1, i3 %select_ln181_6, i1 0" [codes_lab5/HLS_sources_final/templatedFuncs.h:185]   --->   Operation 39 'bitconcatenate' 'tmp_15' <Predicate = (!icmp_ln181)> <Delay = 0.00>
ST_1 : Operation 40 [1/1] (0.00ns)   --->   "%zext_ln185_7 = zext i4 %tmp_15" [codes_lab5/HLS_sources_final/templatedFuncs.h:185]   --->   Operation 40 'zext' 'zext_ln185_7' <Predicate = (!icmp_ln181)> <Delay = 0.00>
ST_1 : Operation 41 [1/1] (1.82ns)   --->   "%add_ln185 = add i7 %zext_ln185_6, i7 %zext_ln185_7" [codes_lab5/HLS_sources_final/templatedFuncs.h:185]   --->   Operation 41 'add' 'add_ln185' <Predicate = (!icmp_ln181)> <Delay = 1.82> <CoreInst = "Adder">   --->   Core 1 'Adder' <Latency = 0> <II = 1> <Delay = 1.82> <FuncUnit> <Opcode : 'add' 'sub'> <InPorts = 2> <OutPorts = 1>
ST_1 : Operation 42 [1/1] (0.00ns) (grouped into LUT with out node add_ln186)   --->   "%select_ln181_7 = select i1 %icmp_ln182, i4 1, i4 %empty" [codes_lab5/HLS_sources_final/templatedFuncs.h:181]   --->   Operation 42 'select' 'select_ln181_7' <Predicate = (!icmp_ln181)> <Delay = 0.00> <CoreInst = "Sel">   --->   Core 73 'Sel' <Latency = 0> <II = 1> <Delay = 1.02> <FuncUnit> <Opcode : 'select'> <InPorts = 3> <OutPorts = 1>
ST_1 : Operation 43 [1/1] (0.00ns) (grouped into LUT with out node select_ln182_7)   --->   "%select_ln181_8 = select i1 %icmp_ln182, i3 0, i3 %tmp_13" [codes_lab5/HLS_sources_final/templatedFuncs.h:181]   --->   Operation 43 'select' 'select_ln181_8' <Predicate = (!icmp_ln181)> <Delay = 0.00> <CoreInst = "Sel">   --->   Core 73 'Sel' <Latency = 0> <II = 1> <Delay = 0.98> <FuncUnit> <Opcode : 'select'> <InPorts = 3> <OutPorts = 1>
ST_1 : Operation 44 [1/1] (1.30ns)   --->   "%icmp_ln183 = icmp_ult  i4 %ow_load, i4 10" [codes_lab5/HLS_sources_final/templatedFuncs.h:183]   --->   Operation 44 'icmp' 'icmp_ln183' <Predicate = (!icmp_ln181)> <Delay = 1.30> <CoreInst = "Cmp">   --->   Core 9 'Cmp' <Latency = 0> <II = 1> <Delay = 1.30> <FuncUnit> <Opcode : 'icmp'> <InPorts = 2> <OutPorts = 1>
ST_1 : Operation 45 [1/1] (0.97ns)   --->   "%or_ln181 = or i1 %icmp_ln182, i1 %icmp_ln183" [codes_lab5/HLS_sources_final/templatedFuncs.h:181]   --->   Operation 45 'or' 'or_ln181' <Predicate = (!icmp_ln181)> <Delay = 0.97> <CoreInst = "LogicGate">   --->   Core 74 'LogicGate' <Latency = 0> <II = 1> <Delay = 0.97> <FuncUnit> <Opcode : 'and' 'or' 'xor'> <InPorts = 2> <OutPorts = 1>
ST_1 : Operation 46 [1/1] (1.73ns)   --->   "%add_ln182 = add i4 %select_ln181, i4 2" [codes_lab5/HLS_sources_final/templatedFuncs.h:182]   --->   Operation 46 'add' 'add_ln182' <Predicate = (!icmp_ln181)> <Delay = 1.73> <CoreInst = "Adder">   --->   Core 1 'Adder' <Latency = 0> <II = 1> <Delay = 1.73> <FuncUnit> <Opcode : 'add' 'sub'> <InPorts = 2> <OutPorts = 1>
ST_1 : Operation 47 [1/1] (1.02ns) (out node of the LUT)   --->   "%select_ln182 = select i1 %or_ln181, i4 %select_ln181_5, i4 0" [codes_lab5/HLS_sources_final/templatedFuncs.h:182]   --->   Operation 47 'select' 'select_ln182' <Predicate = (!icmp_ln181)> <Delay = 1.02> <CoreInst = "Sel">   --->   Core 73 'Sel' <Latency = 0> <II = 1> <Delay = 1.02> <FuncUnit> <Opcode : 'select'> <InPorts = 3> <OutPorts = 1>
ST_1 : Operation 48 [1/1] (1.02ns)   --->   "%select_ln182_5 = select i1 %or_ln181, i4 %select_ln181, i4 %add_ln182" [codes_lab5/HLS_sources_final/templatedFuncs.h:182]   --->   Operation 48 'select' 'select_ln182_5' <Predicate = (!icmp_ln181)> <Delay = 1.02> <CoreInst = "Sel">   --->   Core 73 'Sel' <Latency = 0> <II = 1> <Delay = 1.02> <FuncUnit> <Opcode : 'select'> <InPorts = 3> <OutPorts = 1>
ST_1 : Operation 49 [1/1] (0.00ns)   --->   "%zext_ln185_8 = zext i4 %select_ln182_5" [codes_lab5/HLS_sources_final/templatedFuncs.h:185]   --->   Operation 49 'zext' 'zext_ln185_8' <Predicate = (!icmp_ln181)> <Delay = 0.00>
ST_1 : Operation 50 [1/1] (1.87ns)   --->   "%add_ln185_2 = add i7 %add_ln185, i7 %zext_ln185_8" [codes_lab5/HLS_sources_final/templatedFuncs.h:185]   --->   Operation 50 'add' 'add_ln185_2' <Predicate = (!icmp_ln181)> <Delay = 1.87> <CoreInst = "Adder">   --->   Core 1 'Adder' <Latency = 0> <II = 1> <Delay = 1.87> <FuncUnit> <Opcode : 'add' 'sub'> <InPorts = 2> <OutPorts = 1>
ST_1 : Operation 51 [1/1] (0.00ns)   --->   "%trunc_ln185 = trunc i7 %add_ln185_2" [codes_lab5/HLS_sources_final/templatedFuncs.h:185]   --->   Operation 51 'trunc' 'trunc_ln185' <Predicate = (!icmp_ln181)> <Delay = 0.00>
ST_1 : Operation 52 [1/1] (0.00ns) (grouped into LUT with out node add_ln186)   --->   "%p_mid1 = or i4 %add_ln182, i4 1" [codes_lab5/HLS_sources_final/templatedFuncs.h:182]   --->   Operation 52 'or' 'p_mid1' <Predicate = (!icmp_ln181)> <Delay = 0.00>
ST_1 : Operation 53 [1/1] (0.00ns) (grouped into LUT with out node add_ln186)   --->   "%select_ln182_6 = select i1 %or_ln181, i4 %select_ln181_7, i4 %p_mid1" [codes_lab5/HLS_sources_final/templatedFuncs.h:182]   --->   Operation 53 'select' 'select_ln182_6' <Predicate = (!icmp_ln181)> <Delay = 0.00> <CoreInst = "Sel">   --->   Core 73 'Sel' <Latency = 0> <II = 1> <Delay = 1.02> <FuncUnit> <Opcode : 'select'> <InPorts = 3> <OutPorts = 1>
ST_1 : Operation 54 [1/1] (0.00ns) (grouped into LUT with out node add_ln186)   --->   "%zext_ln186 = zext i4 %select_ln182_6" [codes_lab5/HLS_sources_final/templatedFuncs.h:186]   --->   Operation 54 'zext' 'zext_ln186' <Predicate = (!icmp_ln181)> <Delay = 0.00>
ST_1 : Operation 55 [1/1] (1.87ns) (out node of the LUT)   --->   "%add_ln186 = add i7 %add_ln185, i7 %zext_ln186" [codes_lab5/HLS_sources_final/templatedFuncs.h:186]   --->   Operation 55 'add' 'add_ln186' <Predicate = (!icmp_ln181)> <Delay = 1.87> <CoreInst = "Adder">   --->   Core 1 'Adder' <Latency = 0> <II = 1> <Delay = 1.87> <FuncUnit> <Opcode : 'add' 'sub'> <InPorts = 2> <OutPorts = 1>
ST_1 : Operation 56 [1/1] (0.00ns)   --->   "%trunc_ln186 = trunc i7 %add_ln186" [codes_lab5/HLS_sources_final/templatedFuncs.h:186]   --->   Operation 56 'trunc' 'trunc_ln186' <Predicate = (!icmp_ln181)> <Delay = 0.00>
ST_1 : Operation 57 [1/1] (0.00ns) (grouped into LUT with out node select_ln182_7)   --->   "%p_mid = partselect i3 @_ssdm_op_PartSelect.i3.i4.i32.i32, i4 %add_ln182, i32 1, i32 3" [codes_lab5/HLS_sources_final/templatedFuncs.h:182]   --->   Operation 57 'partselect' 'p_mid' <Predicate = (!icmp_ln181)> <Delay = 0.00>
ST_1 : Operation 58 [1/1] (0.98ns) (out node of the LUT)   --->   "%select_ln182_7 = select i1 %or_ln181, i3 %select_ln181_8, i3 %p_mid" [codes_lab5/HLS_sources_final/templatedFuncs.h:182]   --->   Operation 58 'select' 'select_ln182_7' <Predicate = (!icmp_ln181)> <Delay = 0.98> <CoreInst = "Sel">   --->   Core 73 'Sel' <Latency = 0> <II = 1> <Delay = 0.98> <FuncUnit> <Opcode : 'select'> <InPorts = 3> <OutPorts = 1>
ST_1 : Operation 59 [1/1] (0.00ns)   --->   "%lshr_ln = partselect i3 @_ssdm_op_PartSelect.i3.i4.i32.i32, i4 %select_ln182, i32 1, i32 3" [codes_lab5/HLS_sources_final/templatedFuncs.h:185]   --->   Operation 59 'partselect' 'lshr_ln' <Predicate = (!icmp_ln181)> <Delay = 0.00>
ST_1 : Operation 60 [1/1] (1.73ns)   --->   "%add_ln183 = add i4 %select_ln182, i4 2" [codes_lab5/HLS_sources_final/templatedFuncs.h:183]   --->   Operation 60 'add' 'add_ln183' <Predicate = (!icmp_ln181)> <Delay = 1.73> <CoreInst = "Adder">   --->   Core 1 'Adder' <Latency = 0> <II = 1> <Delay = 1.73> <FuncUnit> <Opcode : 'add' 'sub'> <InPorts = 2> <OutPorts = 1>
ST_1 : Operation 61 [1/1] (1.82ns)   --->   "%add_ln182_2 = add i6 %indvar_flatten_load, i6 1" [codes_lab5/HLS_sources_final/templatedFuncs.h:182]   --->   Operation 61 'add' 'add_ln182_2' <Predicate = (!icmp_ln181)> <Delay = 1.82> <CoreInst = "Adder">   --->   Core 1 'Adder' <Latency = 0> <II = 1> <Delay = 1.82> <FuncUnit> <Opcode : 'add' 'sub'> <InPorts = 2> <OutPorts = 1>
ST_1 : Operation 62 [1/1] (1.18ns)   --->   "%select_ln182_8 = select i1 %icmp_ln182, i6 1, i6 %add_ln182_2" [codes_lab5/HLS_sources_final/templatedFuncs.h:182]   --->   Operation 62 'select' 'select_ln182_8' <Predicate = (!icmp_ln181)> <Delay = 1.18> <CoreInst = "Sel">   --->   Core 73 'Sel' <Latency = 0> <II = 1> <Delay = 1.18> <FuncUnit> <Opcode : 'select'> <InPorts = 3> <OutPorts = 1>
ST_1 : Operation 63 [1/1] (1.58ns)   --->   "%store_ln183 = store i7 %add_ln181_2, i7 %indvar_flatten24" [codes_lab5/HLS_sources_final/templatedFuncs.h:183]   --->   Operation 63 'store' 'store_ln183' <Predicate = (!icmp_ln181)> <Delay = 1.58>
ST_1 : Operation 64 [1/1] (1.58ns)   --->   "%store_ln183 = store i3 %select_ln181_6, i3 %och" [codes_lab5/HLS_sources_final/templatedFuncs.h:183]   --->   Operation 64 'store' 'store_ln183' <Predicate = (!icmp_ln181)> <Delay = 1.58>
ST_1 : Operation 65 [1/1] (1.58ns)   --->   "%store_ln183 = store i6 %select_ln182_8, i6 %indvar_flatten" [codes_lab5/HLS_sources_final/templatedFuncs.h:183]   --->   Operation 65 'store' 'store_ln183' <Predicate = (!icmp_ln181)> <Delay = 1.58>
ST_1 : Operation 66 [1/1] (1.58ns)   --->   "%store_ln183 = store i4 %select_ln182_5, i4 %oh" [codes_lab5/HLS_sources_final/templatedFuncs.h:183]   --->   Operation 66 'store' 'store_ln183' <Predicate = (!icmp_ln181)> <Delay = 1.58>
ST_1 : Operation 67 [1/1] (1.58ns)   --->   "%store_ln183 = store i4 %add_ln183, i4 %ow" [codes_lab5/HLS_sources_final/templatedFuncs.h:183]   --->   Operation 67 'store' 'store_ln183' <Predicate = (!icmp_ln181)> <Delay = 1.58>

State 2 <SV = 1> <Delay = 7.07>
ST_2 : Operation 68 [1/1] (0.00ns)   --->   "%zext_ln185 = zext i3 %select_ln181_6" [codes_lab5/HLS_sources_final/templatedFuncs.h:185]   --->   Operation 68 'zext' 'zext_ln185' <Predicate = true> <Delay = 0.00>
ST_2 : Operation 69 [1/1] (0.00ns)   --->   "%tmp_16 = bitconcatenate i5 @_ssdm_op_BitConcatenate.i5.i3.i2, i3 %select_ln181_6, i2 0" [codes_lab5/HLS_sources_final/templatedFuncs.h:188]   --->   Operation 69 'bitconcatenate' 'tmp_16' <Predicate = true> <Delay = 0.00>
ST_2 : Operation 70 [1/1] (0.00ns)   --->   "%zext_ln188 = zext i5 %tmp_16" [codes_lab5/HLS_sources_final/templatedFuncs.h:188]   --->   Operation 70 'zext' 'zext_ln188' <Predicate = true> <Delay = 0.00>
ST_2 : Operation 71 [1/1] (0.00ns) (grouped into TernaryAdder)   --->   "%add_ln188 = add i6 %zext_ln188, i6 %zext_ln185" [codes_lab5/HLS_sources_final/templatedFuncs.h:188]   --->   Operation 71 'add' 'add_ln188' <Predicate = true> <Delay = 0.00> <CoreInst = "TAddSub">   --->   Core 10 'TAddSub' <Latency = 0> <II = 1> <Delay = 1.79> <IPBlock> <Opcode : 'add' 'sub'> <InPorts = 3> <OutPorts = 1> <Sync> <CReg>
ST_2 : Operation 72 [1/1] (0.00ns)   --->   "%zext_ln185_9 = zext i7 %add_ln185_2" [codes_lab5/HLS_sources_final/templatedFuncs.h:185]   --->   Operation 72 'zext' 'zext_ln185_9' <Predicate = true> <Delay = 0.00>
ST_2 : Operation 73 [1/1] (0.00ns)   --->   "%p_shl2 = bitconcatenate i8 @_ssdm_op_BitConcatenate.i8.i6.i2, i6 %trunc_ln185, i2 0" [codes_lab5/HLS_sources_final/templatedFuncs.h:185]   --->   Operation 73 'bitconcatenate' 'p_shl2' <Predicate = true> <Delay = 0.00>
ST_2 : Operation 74 [1/1] (0.00ns) (grouped into TernaryAdder)   --->   "%add_ln185_3 = add i8 %p_shl2, i8 %zext_ln185_9" [codes_lab5/HLS_sources_final/templatedFuncs.h:185]   --->   Operation 74 'add' 'add_ln185_3' <Predicate = true> <Delay = 0.00> <CoreInst = "TAddSub">   --->   Core 10 'TAddSub' <Latency = 0> <II = 1> <Delay = 1.79> <IPBlock> <Opcode : 'add' 'sub'> <InPorts = 3> <OutPorts = 1> <Sync> <CReg>
ST_2 : Operation 75 [1/1] (0.00ns)   --->   "%zext_ln186_2 = zext i7 %add_ln186" [codes_lab5/HLS_sources_final/templatedFuncs.h:186]   --->   Operation 75 'zext' 'zext_ln186_2' <Predicate = true> <Delay = 0.00>
ST_2 : Operation 76 [1/1] (0.00ns)   --->   "%p_shl1 = bitconcatenate i8 @_ssdm_op_BitConcatenate.i8.i6.i2, i6 %trunc_ln186, i2 0" [codes_lab5/HLS_sources_final/templatedFuncs.h:186]   --->   Operation 76 'bitconcatenate' 'p_shl1' <Predicate = true> <Delay = 0.00>
ST_2 : Operation 77 [1/1] (0.00ns) (grouped into TernaryAdder)   --->   "%add_ln186_2 = add i8 %p_shl1, i8 %zext_ln186_2" [codes_lab5/HLS_sources_final/templatedFuncs.h:186]   --->   Operation 77 'add' 'add_ln186_2' <Predicate = true> <Delay = 0.00> <CoreInst = "TAddSub">   --->   Core 10 'TAddSub' <Latency = 0> <II = 1> <Delay = 1.79> <IPBlock> <Opcode : 'add' 'sub'> <InPorts = 3> <OutPorts = 1> <Sync> <CReg>
ST_2 : Operation 78 [1/1] (0.00ns)   --->   "%zext_ln188_4 = zext i3 %select_ln182_7" [codes_lab5/HLS_sources_final/templatedFuncs.h:188]   --->   Operation 78 'zext' 'zext_ln188_4' <Predicate = true> <Delay = 0.00>
ST_2 : Operation 79 [1/1] (3.49ns) (root node of TernaryAdder)   --->   "%add_ln188_2 = add i6 %add_ln188, i6 %zext_ln188_4" [codes_lab5/HLS_sources_final/templatedFuncs.h:188]   --->   Operation 79 'add' 'add_ln188_2' <Predicate = true> <Delay = 3.49> <CoreInst = "TAddSub">   --->   Core 10 'TAddSub' <Latency = 0> <II = 1> <Delay = 1.79> <IPBlock> <Opcode : 'add' 'sub'> <InPorts = 3> <OutPorts = 1> <Sync> <CReg>
ST_2 : Operation 80 [1/1] (0.00ns)   --->   "%zext_ln188_5 = zext i6 %add_ln188_2" [codes_lab5/HLS_sources_final/templatedFuncs.h:188]   --->   Operation 80 'zext' 'zext_ln188_5' <Predicate = true> <Delay = 0.00>
ST_2 : Operation 81 [1/1] (0.00ns)   --->   "%trunc_ln188 = trunc i6 %add_ln188_2" [codes_lab5/HLS_sources_final/templatedFuncs.h:188]   --->   Operation 81 'trunc' 'trunc_ln188' <Predicate = true> <Delay = 0.00>
ST_2 : Operation 82 [1/1] (0.00ns)   --->   "%p_shl = bitconcatenate i7 @_ssdm_op_BitConcatenate.i7.i5.i2, i5 %trunc_ln188, i2 0" [codes_lab5/HLS_sources_final/templatedFuncs.h:188]   --->   Operation 82 'bitconcatenate' 'p_shl' <Predicate = true> <Delay = 0.00>
ST_2 : Operation 83 [1/1] (0.00ns) (grouped into TernaryAdder)   --->   "%add_ln188_3 = add i7 %p_shl, i7 %zext_ln188_5" [codes_lab5/HLS_sources_final/templatedFuncs.h:188]   --->   Operation 83 'add' 'add_ln188_3' <Predicate = true> <Delay = 0.00> <CoreInst = "TAddSub">   --->   Core 10 'TAddSub' <Latency = 0> <II = 1> <Delay = 1.79> <IPBlock> <Opcode : 'add' 'sub'> <InPorts = 3> <OutPorts = 1> <Sync> <CReg>
ST_2 : Operation 84 [1/1] (0.00ns)   --->   "%zext_ln185_10 = zext i3 %lshr_ln" [codes_lab5/HLS_sources_final/templatedFuncs.h:185]   --->   Operation 84 'zext' 'zext_ln185_10' <Predicate = true> <Delay = 0.00>
ST_2 : Operation 85 [1/1] (0.00ns)   --->   "%zext_ln185_11 = zext i3 %lshr_ln" [codes_lab5/HLS_sources_final/templatedFuncs.h:185]   --->   Operation 85 'zext' 'zext_ln185_11' <Predicate = true> <Delay = 0.00>
ST_2 : Operation 86 [1/1] (3.66ns) (root node of TernaryAdder)   --->   "%add_ln185_4 = add i8 %add_ln185_3, i8 %zext_ln185_11" [codes_lab5/HLS_sources_final/templatedFuncs.h:185]   --->   Operation 86 'add' 'add_ln185_4' <Predicate = true> <Delay = 3.66> <CoreInst = "TAddSub">   --->   Core 10 'TAddSub' <Latency = 0> <II = 1> <Delay = 1.79> <IPBlock> <Opcode : 'add' 'sub'> <InPorts = 3> <OutPorts = 1> <Sync> <CReg>
ST_2 : Operation 87 [1/1] (0.00ns)   --->   "%zext_ln185_12 = zext i8 %add_ln185_4" [codes_lab5/HLS_sources_final/templatedFuncs.h:185]   --->   Operation 87 'zext' 'zext_ln185_12' <Predicate = true> <Delay = 0.00>
ST_2 : Operation 88 [1/1] (0.00ns)   --->   "%ifmap_0_addr = getelementptr i32 %ifmap_0, i64 0, i64 %zext_ln185_12" [codes_lab5/HLS_sources_final/templatedFuncs.h:185]   --->   Operation 88 'getelementptr' 'ifmap_0_addr' <Predicate = true> <Delay = 0.00>
ST_2 : Operation 89 [1/1] (3.66ns) (root node of TernaryAdder)   --->   "%add_ln186_3 = add i8 %add_ln186_2, i8 %zext_ln185_11" [codes_lab5/HLS_sources_final/templatedFuncs.h:186]   --->   Operation 89 'add' 'add_ln186_3' <Predicate = true> <Delay = 3.66> <CoreInst = "TAddSub">   --->   Core 10 'TAddSub' <Latency = 0> <II = 1> <Delay = 1.79> <IPBlock> <Opcode : 'add' 'sub'> <InPorts = 3> <OutPorts = 1> <Sync> <CReg>
ST_2 : Operation 90 [1/1] (0.00ns)   --->   "%zext_ln186_3 = zext i8 %add_ln186_3" [codes_lab5/HLS_sources_final/templatedFuncs.h:186]   --->   Operation 90 'zext' 'zext_ln186_3' <Predicate = true> <Delay = 0.00>
ST_2 : Operation 91 [1/1] (0.00ns)   --->   "%ifmap_0_addr_2 = getelementptr i32 %ifmap_0, i64 0, i64 %zext_ln186_3" [codes_lab5/HLS_sources_final/templatedFuncs.h:186]   --->   Operation 91 'getelementptr' 'ifmap_0_addr_2' <Predicate = true> <Delay = 0.00>
ST_2 : Operation 92 [1/1] (0.00ns)   --->   "%ifmap_1_addr = getelementptr i32 %ifmap_1, i64 0, i64 %zext_ln185_12" [codes_lab5/HLS_sources_final/templatedFuncs.h:185]   --->   Operation 92 'getelementptr' 'ifmap_1_addr' <Predicate = true> <Delay = 0.00>
ST_2 : Operation 93 [1/1] (0.00ns)   --->   "%ifmap_1_addr_2 = getelementptr i32 %ifmap_1, i64 0, i64 %zext_ln186_3" [codes_lab5/HLS_sources_final/templatedFuncs.h:186]   --->   Operation 93 'getelementptr' 'ifmap_1_addr_2' <Predicate = true> <Delay = 0.00>
ST_2 : Operation 94 [1/1] (3.58ns) (root node of TernaryAdder)   --->   "%add_ln188_4 = add i7 %add_ln188_3, i7 %zext_ln185_10" [codes_lab5/HLS_sources_final/templatedFuncs.h:188]   --->   Operation 94 'add' 'add_ln188_4' <Predicate = true> <Delay = 3.58> <CoreInst = "TAddSub">   --->   Core 10 'TAddSub' <Latency = 0> <II = 1> <Delay = 1.79> <IPBlock> <Opcode : 'add' 'sub'> <InPorts = 3> <OutPorts = 1> <Sync> <CReg>
ST_2 : Operation 95 [2/2] (3.25ns)   --->   "%ifmap_0_load = load i8 %ifmap_0_addr" [codes_lab5/HLS_sources_final/templatedFuncs.h:185]   --->   Operation 95 'load' 'ifmap_0_load' <Predicate = true> <Delay = 3.25> <CoreInst = "RAM">   --->   Core 82 'RAM' <Latency = 1> <II = 1> <Delay = 3.25> <Storage> <Opcode : 'load' 'store'> <Ports = 2> <Width = 32> <Depth = 200> <RAM>
ST_2 : Operation 96 [2/2] (3.25ns)   --->   "%ifmap_1_load = load i8 %ifmap_1_addr" [codes_lab5/HLS_sources_final/templatedFuncs.h:185]   --->   Operation 96 'load' 'ifmap_1_load' <Predicate = true> <Delay = 3.25> <CoreInst = "RAM">   --->   Core 82 'RAM' <Latency = 1> <II = 1> <Delay = 3.25> <Storage> <Opcode : 'load' 'store'> <Ports = 2> <Width = 32> <Depth = 200> <RAM>
ST_2 : Operation 97 [2/2] (3.25ns)   --->   "%ifmap_0_load_2 = load i8 %ifmap_0_addr_2" [codes_lab5/HLS_sources_final/templatedFuncs.h:186]   --->   Operation 97 'load' 'ifmap_0_load_2' <Predicate = true> <Delay = 3.25> <CoreInst = "RAM">   --->   Core 82 'RAM' <Latency = 1> <II = 1> <Delay = 3.25> <Storage> <Opcode : 'load' 'store'> <Ports = 2> <Width = 32> <Depth = 200> <RAM>
ST_2 : Operation 98 [2/2] (3.25ns)   --->   "%ifmap_1_load_2 = load i8 %ifmap_1_addr_2" [codes_lab5/HLS_sources_final/templatedFuncs.h:186]   --->   Operation 98 'load' 'ifmap_1_load_2' <Predicate = true> <Delay = 3.25> <CoreInst = "RAM">   --->   Core 82 'RAM' <Latency = 1> <II = 1> <Delay = 3.25> <Storage> <Opcode : 'load' 'store'> <Ports = 2> <Width = 32> <Depth = 200> <RAM>

State 3 <SV = 2> <Delay = 3.25>
ST_3 : Operation 99 [1/2] (3.25ns)   --->   "%ifmap_0_load = load i8 %ifmap_0_addr" [codes_lab5/HLS_sources_final/templatedFuncs.h:185]   --->   Operation 99 'load' 'ifmap_0_load' <Predicate = true> <Delay = 3.25> <CoreInst = "RAM">   --->   Core 82 'RAM' <Latency = 1> <II = 1> <Delay = 3.25> <Storage> <Opcode : 'load' 'store'> <Ports = 2> <Width = 32> <Depth = 200> <RAM>
ST_3 : Operation 100 [1/2] (3.25ns)   --->   "%ifmap_1_load = load i8 %ifmap_1_addr" [codes_lab5/HLS_sources_final/templatedFuncs.h:185]   --->   Operation 100 'load' 'ifmap_1_load' <Predicate = true> <Delay = 3.25> <CoreInst = "RAM">   --->   Core 82 'RAM' <Latency = 1> <II = 1> <Delay = 3.25> <Storage> <Opcode : 'load' 'store'> <Ports = 2> <Width = 32> <Depth = 200> <RAM>
ST_3 : Operation 101 [1/2] (3.25ns)   --->   "%ifmap_0_load_2 = load i8 %ifmap_0_addr_2" [codes_lab5/HLS_sources_final/templatedFuncs.h:186]   --->   Operation 101 'load' 'ifmap_0_load_2' <Predicate = true> <Delay = 3.25> <CoreInst = "RAM">   --->   Core 82 'RAM' <Latency = 1> <II = 1> <Delay = 3.25> <Storage> <Opcode : 'load' 'store'> <Ports = 2> <Width = 32> <Depth = 200> <RAM>
ST_3 : Operation 102 [1/2] (3.25ns)   --->   "%ifmap_1_load_2 = load i8 %ifmap_1_addr_2" [codes_lab5/HLS_sources_final/templatedFuncs.h:186]   --->   Operation 102 'load' 'ifmap_1_load_2' <Predicate = true> <Delay = 3.25> <CoreInst = "RAM">   --->   Core 82 'RAM' <Latency = 1> <II = 1> <Delay = 3.25> <Storage> <Opcode : 'load' 'store'> <Ports = 2> <Width = 32> <Depth = 200> <RAM>

State 4 <SV = 3> <Delay = 5.43>
ST_4 : Operation 103 [2/2] (5.43ns)   --->   "%tmp_s = fcmp_ogt  i32 %ifmap_0_load, i32 %ifmap_1_load" [codes_lab5/HLS_sources_final/templatedFuncs.h:185]   --->   Operation 103 'fcmp' 'tmp_s' <Predicate = true> <Delay = 5.43> <CoreInst = "FCompare">   --->   Core 19 'FCompare' <Latency = 1> <II = 1> <Delay = 5.43> <FuncUnit> <Opcode : 'fcmp'> <InPorts = 2> <OutPorts = 1>
ST_4 : Operation 104 [2/2] (5.43ns)   --->   "%tmp_3 = fcmp_ogt  i32 %ifmap_0_load_2, i32 %ifmap_1_load_2" [codes_lab5/HLS_sources_final/templatedFuncs.h:186]   --->   Operation 104 'fcmp' 'tmp_3' <Predicate = true> <Delay = 5.43> <CoreInst = "FCompare">   --->   Core 19 'FCompare' <Latency = 1> <II = 1> <Delay = 5.43> <FuncUnit> <Opcode : 'fcmp'> <InPorts = 2> <OutPorts = 1>

State 5 <SV = 4> <Delay = 7.10>
ST_5 : Operation 105 [1/1] (0.00ns)   --->   "%bitcast_ln185 = bitcast i32 %ifmap_0_load" [codes_lab5/HLS_sources_final/templatedFuncs.h:185]   --->   Operation 105 'bitcast' 'bitcast_ln185' <Predicate = true> <Delay = 0.00>
ST_5 : Operation 106 [1/1] (0.00ns)   --->   "%tmp = partselect i8 @_ssdm_op_PartSelect.i8.i32.i32.i32, i32 %bitcast_ln185, i32 23, i32 30" [codes_lab5/HLS_sources_final/templatedFuncs.h:185]   --->   Operation 106 'partselect' 'tmp' <Predicate = true> <Delay = 0.00>
ST_5 : Operation 107 [1/1] (0.00ns)   --->   "%trunc_ln185_4 = trunc i32 %bitcast_ln185" [codes_lab5/HLS_sources_final/templatedFuncs.h:185]   --->   Operation 107 'trunc' 'trunc_ln185_4' <Predicate = true> <Delay = 0.00>
ST_5 : Operation 108 [1/1] (0.00ns)   --->   "%bitcast_ln185_2 = bitcast i32 %ifmap_1_load" [codes_lab5/HLS_sources_final/templatedFuncs.h:185]   --->   Operation 108 'bitcast' 'bitcast_ln185_2' <Predicate = true> <Delay = 0.00>
ST_5 : Operation 109 [1/1] (0.00ns)   --->   "%tmp_9 = partselect i8 @_ssdm_op_PartSelect.i8.i32.i32.i32, i32 %bitcast_ln185_2, i32 23, i32 30" [codes_lab5/HLS_sources_final/templatedFuncs.h:185]   --->   Operation 109 'partselect' 'tmp_9' <Predicate = true> <Delay = 0.00>
ST_5 : Operation 110 [1/1] (0.00ns)   --->   "%trunc_ln185_5 = trunc i32 %bitcast_ln185_2" [codes_lab5/HLS_sources_final/templatedFuncs.h:185]   --->   Operation 110 'trunc' 'trunc_ln185_5' <Predicate = true> <Delay = 0.00>
ST_5 : Operation 111 [1/1] (1.55ns)   --->   "%icmp_ln185 = icmp_ne  i8 %tmp, i8 255" [codes_lab5/HLS_sources_final/templatedFuncs.h:185]   --->   Operation 111 'icmp' 'icmp_ln185' <Predicate = true> <Delay = 1.55> <CoreInst = "Cmp">   --->   Core 9 'Cmp' <Latency = 0> <II = 1> <Delay = 1.55> <FuncUnit> <Opcode : 'icmp'> <InPorts = 2> <OutPorts = 1>
ST_5 : Operation 112 [1/1] (2.44ns)   --->   "%icmp_ln185_4 = icmp_eq  i23 %trunc_ln185_4, i23 0" [codes_lab5/HLS_sources_final/templatedFuncs.h:185]   --->   Operation 112 'icmp' 'icmp_ln185_4' <Predicate = true> <Delay = 2.44> <CoreInst = "Cmp">   --->   Core 9 'Cmp' <Latency = 0> <II = 1> <Delay = 2.44> <FuncUnit> <Opcode : 'icmp'> <InPorts = 2> <OutPorts = 1>
ST_5 : Operation 113 [1/1] (0.00ns) (grouped into LUT with out node and_ln185_2)   --->   "%or_ln185 = or i1 %icmp_ln185_4, i1 %icmp_ln185" [codes_lab5/HLS_sources_final/templatedFuncs.h:185]   --->   Operation 113 'or' 'or_ln185' <Predicate = true> <Delay = 0.00> <CoreInst = "LogicGate">   --->   Core 74 'LogicGate' <Latency = 0> <II = 1> <Delay = 0.97> <FuncUnit> <Opcode : 'and' 'or' 'xor'> <InPorts = 2> <OutPorts = 1>
ST_5 : Operation 114 [1/1] (1.55ns)   --->   "%icmp_ln185_5 = icmp_ne  i8 %tmp_9, i8 255" [codes_lab5/HLS_sources_final/templatedFuncs.h:185]   --->   Operation 114 'icmp' 'icmp_ln185_5' <Predicate = true> <Delay = 1.55> <CoreInst = "Cmp">   --->   Core 9 'Cmp' <Latency = 0> <II = 1> <Delay = 1.55> <FuncUnit> <Opcode : 'icmp'> <InPorts = 2> <OutPorts = 1>
ST_5 : Operation 115 [1/1] (2.44ns)   --->   "%icmp_ln185_6 = icmp_eq  i23 %trunc_ln185_5, i23 0" [codes_lab5/HLS_sources_final/templatedFuncs.h:185]   --->   Operation 115 'icmp' 'icmp_ln185_6' <Predicate = true> <Delay = 2.44> <CoreInst = "Cmp">   --->   Core 9 'Cmp' <Latency = 0> <II = 1> <Delay = 2.44> <FuncUnit> <Opcode : 'icmp'> <InPorts = 2> <OutPorts = 1>
ST_5 : Operation 116 [1/1] (0.00ns) (grouped into LUT with out node and_ln185_2)   --->   "%or_ln185_2 = or i1 %icmp_ln185_6, i1 %icmp_ln185_5" [codes_lab5/HLS_sources_final/templatedFuncs.h:185]   --->   Operation 116 'or' 'or_ln185_2' <Predicate = true> <Delay = 0.00> <CoreInst = "LogicGate">   --->   Core 74 'LogicGate' <Latency = 0> <II = 1> <Delay = 0.97> <FuncUnit> <Opcode : 'and' 'or' 'xor'> <InPorts = 2> <OutPorts = 1>
ST_5 : Operation 117 [1/1] (0.00ns) (grouped into LUT with out node and_ln185_2)   --->   "%and_ln185 = and i1 %or_ln185, i1 %or_ln185_2" [codes_lab5/HLS_sources_final/templatedFuncs.h:185]   --->   Operation 117 'and' 'and_ln185' <Predicate = true> <Delay = 0.00> <CoreInst = "LogicGate">   --->   Core 74 'LogicGate' <Latency = 0> <II = 1> <Delay = 0.97> <FuncUnit> <Opcode : 'and' 'or' 'xor'> <InPorts = 2> <OutPorts = 1>
ST_5 : Operation 118 [1/2] (5.43ns)   --->   "%tmp_s = fcmp_ogt  i32 %ifmap_0_load, i32 %ifmap_1_load" [codes_lab5/HLS_sources_final/templatedFuncs.h:185]   --->   Operation 118 'fcmp' 'tmp_s' <Predicate = true> <Delay = 5.43> <CoreInst = "FCompare">   --->   Core 19 'FCompare' <Latency = 1> <II = 1> <Delay = 5.43> <FuncUnit> <Opcode : 'fcmp'> <InPorts = 2> <OutPorts = 1>
ST_5 : Operation 119 [1/1] (0.97ns) (out node of the LUT)   --->   "%and_ln185_2 = and i1 %and_ln185, i1 %tmp_s" [codes_lab5/HLS_sources_final/templatedFuncs.h:185]   --->   Operation 119 'and' 'and_ln185_2' <Predicate = true> <Delay = 0.97> <CoreInst = "LogicGate">   --->   Core 74 'LogicGate' <Latency = 0> <II = 1> <Delay = 0.97> <FuncUnit> <Opcode : 'and' 'or' 'xor'> <InPorts = 2> <OutPorts = 1>
ST_5 : Operation 120 [1/1] (0.69ns) (out node of the LUT)   --->   "%max_0 = select i1 %and_ln185_2, i32 %ifmap_0_load, i32 %ifmap_1_load" [codes_lab5/HLS_sources_final/templatedFuncs.h:185]   --->   Operation 120 'select' 'max_0' <Predicate = true> <Delay = 0.69> <CoreInst = "Sel">   --->   Core 73 'Sel' <Latency = 0> <II = 1> <Delay = 0.69> <FuncUnit> <Opcode : 'select'> <InPorts = 3> <OutPorts = 1>
ST_5 : Operation 121 [1/1] (0.00ns)   --->   "%bitcast_ln186 = bitcast i32 %ifmap_0_load_2" [codes_lab5/HLS_sources_final/templatedFuncs.h:186]   --->   Operation 121 'bitcast' 'bitcast_ln186' <Predicate = true> <Delay = 0.00>
ST_5 : Operation 122 [1/1] (0.00ns)   --->   "%tmp_1 = partselect i8 @_ssdm_op_PartSelect.i8.i32.i32.i32, i32 %bitcast_ln186, i32 23, i32 30" [codes_lab5/HLS_sources_final/templatedFuncs.h:186]   --->   Operation 122 'partselect' 'tmp_1' <Predicate = true> <Delay = 0.00>
ST_5 : Operation 123 [1/1] (0.00ns)   --->   "%trunc_ln186_4 = trunc i32 %bitcast_ln186" [codes_lab5/HLS_sources_final/templatedFuncs.h:186]   --->   Operation 123 'trunc' 'trunc_ln186_4' <Predicate = true> <Delay = 0.00>
ST_5 : Operation 124 [1/1] (0.00ns)   --->   "%bitcast_ln186_2 = bitcast i32 %ifmap_1_load_2" [codes_lab5/HLS_sources_final/templatedFuncs.h:186]   --->   Operation 124 'bitcast' 'bitcast_ln186_2' <Predicate = true> <Delay = 0.00>
ST_5 : Operation 125 [1/1] (0.00ns)   --->   "%tmp_2 = partselect i8 @_ssdm_op_PartSelect.i8.i32.i32.i32, i32 %bitcast_ln186_2, i32 23, i32 30" [codes_lab5/HLS_sources_final/templatedFuncs.h:186]   --->   Operation 125 'partselect' 'tmp_2' <Predicate = true> <Delay = 0.00>
ST_5 : Operation 126 [1/1] (0.00ns)   --->   "%trunc_ln186_5 = trunc i32 %bitcast_ln186_2" [codes_lab5/HLS_sources_final/templatedFuncs.h:186]   --->   Operation 126 'trunc' 'trunc_ln186_5' <Predicate = true> <Delay = 0.00>
ST_5 : Operation 127 [1/1] (1.55ns)   --->   "%icmp_ln186 = icmp_ne  i8 %tmp_1, i8 255" [codes_lab5/HLS_sources_final/templatedFuncs.h:186]   --->   Operation 127 'icmp' 'icmp_ln186' <Predicate = true> <Delay = 1.55> <CoreInst = "Cmp">   --->   Core 9 'Cmp' <Latency = 0> <II = 1> <Delay = 1.55> <FuncUnit> <Opcode : 'icmp'> <InPorts = 2> <OutPorts = 1>
ST_5 : Operation 128 [1/1] (2.44ns)   --->   "%icmp_ln186_4 = icmp_eq  i23 %trunc_ln186_4, i23 0" [codes_lab5/HLS_sources_final/templatedFuncs.h:186]   --->   Operation 128 'icmp' 'icmp_ln186_4' <Predicate = true> <Delay = 2.44> <CoreInst = "Cmp">   --->   Core 9 'Cmp' <Latency = 0> <II = 1> <Delay = 2.44> <FuncUnit> <Opcode : 'icmp'> <InPorts = 2> <OutPorts = 1>
ST_5 : Operation 129 [1/1] (0.00ns) (grouped into LUT with out node and_ln186_2)   --->   "%or_ln186 = or i1 %icmp_ln186_4, i1 %icmp_ln186" [codes_lab5/HLS_sources_final/templatedFuncs.h:186]   --->   Operation 129 'or' 'or_ln186' <Predicate = true> <Delay = 0.00> <CoreInst = "LogicGate">   --->   Core 74 'LogicGate' <Latency = 0> <II = 1> <Delay = 0.97> <FuncUnit> <Opcode : 'and' 'or' 'xor'> <InPorts = 2> <OutPorts = 1>
ST_5 : Operation 130 [1/1] (1.55ns)   --->   "%icmp_ln186_5 = icmp_ne  i8 %tmp_2, i8 255" [codes_lab5/HLS_sources_final/templatedFuncs.h:186]   --->   Operation 130 'icmp' 'icmp_ln186_5' <Predicate = true> <Delay = 1.55> <CoreInst = "Cmp">   --->   Core 9 'Cmp' <Latency = 0> <II = 1> <Delay = 1.55> <FuncUnit> <Opcode : 'icmp'> <InPorts = 2> <OutPorts = 1>
ST_5 : Operation 131 [1/1] (2.44ns)   --->   "%icmp_ln186_6 = icmp_eq  i23 %trunc_ln186_5, i23 0" [codes_lab5/HLS_sources_final/templatedFuncs.h:186]   --->   Operation 131 'icmp' 'icmp_ln186_6' <Predicate = true> <Delay = 2.44> <CoreInst = "Cmp">   --->   Core 9 'Cmp' <Latency = 0> <II = 1> <Delay = 2.44> <FuncUnit> <Opcode : 'icmp'> <InPorts = 2> <OutPorts = 1>
ST_5 : Operation 132 [1/1] (0.00ns) (grouped into LUT with out node and_ln186_2)   --->   "%or_ln186_2 = or i1 %icmp_ln186_6, i1 %icmp_ln186_5" [codes_lab5/HLS_sources_final/templatedFuncs.h:186]   --->   Operation 132 'or' 'or_ln186_2' <Predicate = true> <Delay = 0.00> <CoreInst = "LogicGate">   --->   Core 74 'LogicGate' <Latency = 0> <II = 1> <Delay = 0.97> <FuncUnit> <Opcode : 'and' 'or' 'xor'> <InPorts = 2> <OutPorts = 1>
ST_5 : Operation 133 [1/1] (0.00ns) (grouped into LUT with out node and_ln186_2)   --->   "%and_ln186 = and i1 %or_ln186, i1 %or_ln186_2" [codes_lab5/HLS_sources_final/templatedFuncs.h:186]   --->   Operation 133 'and' 'and_ln186' <Predicate = true> <Delay = 0.00> <CoreInst = "LogicGate">   --->   Core 74 'LogicGate' <Latency = 0> <II = 1> <Delay = 0.97> <FuncUnit> <Opcode : 'and' 'or' 'xor'> <InPorts = 2> <OutPorts = 1>
ST_5 : Operation 134 [1/2] (5.43ns)   --->   "%tmp_3 = fcmp_ogt  i32 %ifmap_0_load_2, i32 %ifmap_1_load_2" [codes_lab5/HLS_sources_final/templatedFuncs.h:186]   --->   Operation 134 'fcmp' 'tmp_3' <Predicate = true> <Delay = 5.43> <CoreInst = "FCompare">   --->   Core 19 'FCompare' <Latency = 1> <II = 1> <Delay = 5.43> <FuncUnit> <Opcode : 'fcmp'> <InPorts = 2> <OutPorts = 1>
ST_5 : Operation 135 [1/1] (0.97ns) (out node of the LUT)   --->   "%and_ln186_2 = and i1 %and_ln186, i1 %tmp_3" [codes_lab5/HLS_sources_final/templatedFuncs.h:186]   --->   Operation 135 'and' 'and_ln186_2' <Predicate = true> <Delay = 0.97> <CoreInst = "LogicGate">   --->   Core 74 'LogicGate' <Latency = 0> <II = 1> <Delay = 0.97> <FuncUnit> <Opcode : 'and' 'or' 'xor'> <InPorts = 2> <OutPorts = 1>
ST_5 : Operation 136 [1/1] (0.69ns) (out node of the LUT)   --->   "%max_1 = select i1 %and_ln186_2, i32 %ifmap_0_load_2, i32 %ifmap_1_load_2" [codes_lab5/HLS_sources_final/templatedFuncs.h:186]   --->   Operation 136 'select' 'max_1' <Predicate = true> <Delay = 0.69> <CoreInst = "Sel">   --->   Core 73 'Sel' <Latency = 0> <II = 1> <Delay = 0.69> <FuncUnit> <Opcode : 'select'> <InPorts = 3> <OutPorts = 1>

State 6 <SV = 5> <Delay = 5.43>
ST_6 : Operation 137 [2/2] (5.43ns)   --->   "%tmp_6 = fcmp_ogt  i32 %max_0, i32 %max_1" [codes_lab5/HLS_sources_final/templatedFuncs.h:188]   --->   Operation 137 'fcmp' 'tmp_6' <Predicate = true> <Delay = 5.43> <CoreInst = "FCompare">   --->   Core 19 'FCompare' <Latency = 1> <II = 1> <Delay = 5.43> <FuncUnit> <Opcode : 'fcmp'> <InPorts = 2> <OutPorts = 1>

State 7 <SV = 6> <Delay = 7.10>
ST_7 : Operation 138 [1/1] (0.00ns)   --->   "%bitcast_ln188 = bitcast i32 %max_0" [codes_lab5/HLS_sources_final/templatedFuncs.h:188]   --->   Operation 138 'bitcast' 'bitcast_ln188' <Predicate = true> <Delay = 0.00>
ST_7 : Operation 139 [1/1] (0.00ns)   --->   "%tmp_4 = partselect i8 @_ssdm_op_PartSelect.i8.i32.i32.i32, i32 %bitcast_ln188, i32 23, i32 30" [codes_lab5/HLS_sources_final/templatedFuncs.h:188]   --->   Operation 139 'partselect' 'tmp_4' <Predicate = true> <Delay = 0.00>
ST_7 : Operation 140 [1/1] (0.00ns)   --->   "%trunc_ln188_4 = trunc i32 %bitcast_ln188" [codes_lab5/HLS_sources_final/templatedFuncs.h:188]   --->   Operation 140 'trunc' 'trunc_ln188_4' <Predicate = true> <Delay = 0.00>
ST_7 : Operation 141 [1/1] (0.00ns)   --->   "%bitcast_ln188_2 = bitcast i32 %max_1" [codes_lab5/HLS_sources_final/templatedFuncs.h:188]   --->   Operation 141 'bitcast' 'bitcast_ln188_2' <Predicate = true> <Delay = 0.00>
ST_7 : Operation 142 [1/1] (0.00ns)   --->   "%tmp_5 = partselect i8 @_ssdm_op_PartSelect.i8.i32.i32.i32, i32 %bitcast_ln188_2, i32 23, i32 30" [codes_lab5/HLS_sources_final/templatedFuncs.h:188]   --->   Operation 142 'partselect' 'tmp_5' <Predicate = true> <Delay = 0.00>
ST_7 : Operation 143 [1/1] (0.00ns)   --->   "%trunc_ln188_5 = trunc i32 %bitcast_ln188_2" [codes_lab5/HLS_sources_final/templatedFuncs.h:188]   --->   Operation 143 'trunc' 'trunc_ln188_5' <Predicate = true> <Delay = 0.00>
ST_7 : Operation 144 [1/1] (1.55ns)   --->   "%icmp_ln188 = icmp_ne  i8 %tmp_4, i8 255" [codes_lab5/HLS_sources_final/templatedFuncs.h:188]   --->   Operation 144 'icmp' 'icmp_ln188' <Predicate = true> <Delay = 1.55> <CoreInst = "Cmp">   --->   Core 9 'Cmp' <Latency = 0> <II = 1> <Delay = 1.55> <FuncUnit> <Opcode : 'icmp'> <InPorts = 2> <OutPorts = 1>
ST_7 : Operation 145 [1/1] (2.44ns)   --->   "%icmp_ln188_4 = icmp_eq  i23 %trunc_ln188_4, i23 0" [codes_lab5/HLS_sources_final/templatedFuncs.h:188]   --->   Operation 145 'icmp' 'icmp_ln188_4' <Predicate = true> <Delay = 2.44> <CoreInst = "Cmp">   --->   Core 9 'Cmp' <Latency = 0> <II = 1> <Delay = 2.44> <FuncUnit> <Opcode : 'icmp'> <InPorts = 2> <OutPorts = 1>
ST_7 : Operation 146 [1/1] (0.00ns) (grouped into LUT with out node and_ln188_2)   --->   "%or_ln188 = or i1 %icmp_ln188_4, i1 %icmp_ln188" [codes_lab5/HLS_sources_final/templatedFuncs.h:188]   --->   Operation 146 'or' 'or_ln188' <Predicate = true> <Delay = 0.00> <CoreInst = "LogicGate">   --->   Core 74 'LogicGate' <Latency = 0> <II = 1> <Delay = 0.97> <FuncUnit> <Opcode : 'and' 'or' 'xor'> <InPorts = 2> <OutPorts = 1>
ST_7 : Operation 147 [1/1] (1.55ns)   --->   "%icmp_ln188_5 = icmp_ne  i8 %tmp_5, i8 255" [codes_lab5/HLS_sources_final/templatedFuncs.h:188]   --->   Operation 147 'icmp' 'icmp_ln188_5' <Predicate = true> <Delay = 1.55> <CoreInst = "Cmp">   --->   Core 9 'Cmp' <Latency = 0> <II = 1> <Delay = 1.55> <FuncUnit> <Opcode : 'icmp'> <InPorts = 2> <OutPorts = 1>
ST_7 : Operation 148 [1/1] (2.44ns)   --->   "%icmp_ln188_6 = icmp_eq  i23 %trunc_ln188_5, i23 0" [codes_lab5/HLS_sources_final/templatedFuncs.h:188]   --->   Operation 148 'icmp' 'icmp_ln188_6' <Predicate = true> <Delay = 2.44> <CoreInst = "Cmp">   --->   Core 9 'Cmp' <Latency = 0> <II = 1> <Delay = 2.44> <FuncUnit> <Opcode : 'icmp'> <InPorts = 2> <OutPorts = 1>
ST_7 : Operation 149 [1/1] (0.00ns) (grouped into LUT with out node and_ln188_2)   --->   "%or_ln188_2 = or i1 %icmp_ln188_6, i1 %icmp_ln188_5" [codes_lab5/HLS_sources_final/templatedFuncs.h:188]   --->   Operation 149 'or' 'or_ln188_2' <Predicate = true> <Delay = 0.00> <CoreInst = "LogicGate">   --->   Core 74 'LogicGate' <Latency = 0> <II = 1> <Delay = 0.97> <FuncUnit> <Opcode : 'and' 'or' 'xor'> <InPorts = 2> <OutPorts = 1>
ST_7 : Operation 150 [1/1] (0.00ns) (grouped into LUT with out node and_ln188_2)   --->   "%and_ln188 = and i1 %or_ln188, i1 %or_ln188_2" [codes_lab5/HLS_sources_final/templatedFuncs.h:188]   --->   Operation 150 'and' 'and_ln188' <Predicate = true> <Delay = 0.00> <CoreInst = "LogicGate">   --->   Core 74 'LogicGate' <Latency = 0> <II = 1> <Delay = 0.97> <FuncUnit> <Opcode : 'and' 'or' 'xor'> <InPorts = 2> <OutPorts = 1>
ST_7 : Operation 151 [1/2] (5.43ns)   --->   "%tmp_6 = fcmp_ogt  i32 %max_0, i32 %max_1" [codes_lab5/HLS_sources_final/templatedFuncs.h:188]   --->   Operation 151 'fcmp' 'tmp_6' <Predicate = true> <Delay = 5.43> <CoreInst = "FCompare">   --->   Core 19 'FCompare' <Latency = 1> <II = 1> <Delay = 5.43> <FuncUnit> <Opcode : 'fcmp'> <InPorts = 2> <OutPorts = 1>
ST_7 : Operation 152 [1/1] (0.97ns) (out node of the LUT)   --->   "%and_ln188_2 = and i1 %and_ln188, i1 %tmp_6" [codes_lab5/HLS_sources_final/templatedFuncs.h:188]   --->   Operation 152 'and' 'and_ln188_2' <Predicate = true> <Delay = 0.97> <CoreInst = "LogicGate">   --->   Core 74 'LogicGate' <Latency = 0> <II = 1> <Delay = 0.97> <FuncUnit> <Opcode : 'and' 'or' 'xor'> <InPorts = 2> <OutPorts = 1>
ST_7 : Operation 153 [1/1] (0.69ns) (out node of the LUT)   --->   "%select_ln188 = select i1 %and_ln188_2, i32 %max_0, i32 %max_1" [codes_lab5/HLS_sources_final/templatedFuncs.h:188]   --->   Operation 153 'select' 'select_ln188' <Predicate = true> <Delay = 0.69> <CoreInst = "Sel">   --->   Core 73 'Sel' <Latency = 0> <II = 1> <Delay = 0.69> <FuncUnit> <Opcode : 'select'> <InPorts = 3> <OutPorts = 1>
ST_7 : Operation 163 [1/1] (0.00ns)   --->   "%ret_ln193 = ret" [codes_lab5/HLS_sources_final/templatedFuncs.h:193]   --->   Operation 163 'ret' 'ret_ln193' <Predicate = (icmp_ln181)> <Delay = 0.00>

State 8 <SV = 7> <Delay = 3.25>
ST_8 : Operation 154 [1/1] (0.00ns)   --->   "%specloopname_ln0 = specloopname void @_ssdm_op_SpecLoopName, void @MP_ch_MP_r_MP_c_str"   --->   Operation 154 'specloopname' 'specloopname_ln0' <Predicate = true> <Delay = 0.00>
ST_8 : Operation 155 [1/1] (0.00ns)   --->   "%empty_24 = speclooptripcount i32 @_ssdm_op_SpecLoopTripCount, i64 100, i64 100, i64 100"   --->   Operation 155 'speclooptripcount' 'empty_24' <Predicate = true> <Delay = 0.00>
ST_8 : Operation 156 [1/1] (0.00ns)   --->   "%specloopname_ln0 = specloopname void @_ssdm_op_SpecLoopName, void @MP_r_MP_c_str"   --->   Operation 156 'specloopname' 'specloopname_ln0' <Predicate = true> <Delay = 0.00>
ST_8 : Operation 157 [1/1] (0.00ns)   --->   "%specpipeline_ln184 = specpipeline void @_ssdm_op_SpecPipeline, i32 4294967295, i32 0, i32 0, i32 0, void @empty" [codes_lab5/HLS_sources_final/templatedFuncs.h:184]   --->   Operation 157 'specpipeline' 'specpipeline_ln184' <Predicate = true> <Delay = 0.00>
ST_8 : Operation 158 [1/1] (0.00ns)   --->   "%specloopname_ln183 = specloopname void @_ssdm_op_SpecLoopName, void @empty_2" [codes_lab5/HLS_sources_final/templatedFuncs.h:183]   --->   Operation 158 'specloopname' 'specloopname_ln183' <Predicate = true> <Delay = 0.00>
ST_8 : Operation 159 [1/1] (0.00ns)   --->   "%zext_ln188_6 = zext i7 %add_ln188_4" [codes_lab5/HLS_sources_final/templatedFuncs.h:188]   --->   Operation 159 'zext' 'zext_ln188_6' <Predicate = true> <Delay = 0.00>
ST_8 : Operation 160 [1/1] (0.00ns)   --->   "%ofmap_addr = getelementptr i32 %ofmap, i64 0, i64 %zext_ln188_6" [codes_lab5/HLS_sources_final/templatedFuncs.h:188]   --->   Operation 160 'getelementptr' 'ofmap_addr' <Predicate = true> <Delay = 0.00>
ST_8 : Operation 161 [1/1] (3.25ns)   --->   "%store_ln188 = store i32 %select_ln188, i7 %ofmap_addr" [codes_lab5/HLS_sources_final/templatedFuncs.h:188]   --->   Operation 161 'store' 'store_ln188' <Predicate = true> <Delay = 3.25> <CoreInst = "RAM">   --->   Core 82 'RAM' <Latency = 1> <II = 1> <Delay = 3.25> <Storage> <Opcode : 'load' 'store'> <Ports = 2> <Width = 32> <Depth = 100> <RAM>
ST_8 : Operation 162 [1/1] (0.00ns)   --->   "%br_ln183 = br void %for.body8" [codes_lab5/HLS_sources_final/templatedFuncs.h:183]   --->   Operation 162 'br' 'br_ln183' <Predicate = true> <Delay = 0.00>


============================================================
+ Verbose Summary: Timing violations
============================================================
Target clock period: 10ns, clock uncertainty: 2.7ns.

 <State 1>: 7.08ns
The critical path consists of the following:
	'alloca' operation ('indvar_flatten') [6]  (0 ns)
	'load' operation ('indvar_flatten_load', codes_lab5/HLS_sources_final/templatedFuncs.h:182) on local variable 'indvar_flatten' [25]  (0 ns)
	'icmp' operation ('icmp_ln182', codes_lab5/HLS_sources_final/templatedFuncs.h:182) [30]  (1.43 ns)
	'select' operation ('select_ln181', codes_lab5/HLS_sources_final/templatedFuncs.h:181) [31]  (1.02 ns)
	'add' operation ('add_ln182', codes_lab5/HLS_sources_final/templatedFuncs.h:182) [47]  (1.74 ns)
	'select' operation ('select_ln182_5', codes_lab5/HLS_sources_final/templatedFuncs.h:182) [50]  (1.02 ns)
	'add' operation ('add_ln185_2', codes_lab5/HLS_sources_final/templatedFuncs.h:185) [52]  (1.87 ns)

 <State 2>: 7.07ns
The critical path consists of the following:
	'add' operation ('add_ln188', codes_lab5/HLS_sources_final/templatedFuncs.h:188) [42]  (0 ns)
	'add' operation ('add_ln188_2', codes_lab5/HLS_sources_final/templatedFuncs.h:188) [68]  (3.49 ns)
	'add' operation ('add_ln188_3', codes_lab5/HLS_sources_final/templatedFuncs.h:188) [72]  (0 ns)
	'add' operation ('add_ln188_4', codes_lab5/HLS_sources_final/templatedFuncs.h:188) [86]  (3.58 ns)

 <State 3>: 3.25ns
The critical path consists of the following:
	'load' operation ('ifmap_0_load', codes_lab5/HLS_sources_final/templatedFuncs.h:185) on array 'ifmap_0' [89]  (3.25 ns)

 <State 4>: 5.43ns
The critical path consists of the following:
	'fcmp' operation ('tmp_s', codes_lab5/HLS_sources_final/templatedFuncs.h:185) [104]  (5.43 ns)

 <State 5>: 7.11ns
The critical path consists of the following:
	'fcmp' operation ('tmp_s', codes_lab5/HLS_sources_final/templatedFuncs.h:185) [104]  (5.43 ns)
	'and' operation ('and_ln185_2', codes_lab5/HLS_sources_final/templatedFuncs.h:185) [105]  (0.978 ns)
	'select' operation ('max_0', codes_lab5/HLS_sources_final/templatedFuncs.h:185) [106]  (0.698 ns)

 <State 6>: 5.43ns
The critical path consists of the following:
	'fcmp' operation ('tmp_6', codes_lab5/HLS_sources_final/templatedFuncs.h:188) [138]  (5.43 ns)

 <State 7>: 7.11ns
The critical path consists of the following:
	'fcmp' operation ('tmp_6', codes_lab5/HLS_sources_final/templatedFuncs.h:188) [138]  (5.43 ns)
	'and' operation ('and_ln188_2', codes_lab5/HLS_sources_final/templatedFuncs.h:188) [139]  (0.978 ns)
	'select' operation ('select_ln188', codes_lab5/HLS_sources_final/templatedFuncs.h:188) [140]  (0.698 ns)

 <State 8>: 3.25ns
The critical path consists of the following:
	'getelementptr' operation ('ofmap_addr', codes_lab5/HLS_sources_final/templatedFuncs.h:188) [88]  (0 ns)
	'store' operation ('store_ln188', codes_lab5/HLS_sources_final/templatedFuncs.h:188) of variable 'select_ln188', codes_lab5/HLS_sources_final/templatedFuncs.h:188 on array 'ofmap' [141]  (3.25 ns)


============================================================
+ Verbose Summary: Binding
============================================================
N/A
* FSMD analyzer results:
  - Output states:
 - Input state : 
  - Chain level:
	State 1
	State 2
	State 3
	State 4
	State 5
	State 6
	State 7
	State 8


============================================================
+ Verbose Summary: Datapath Resource usage 
============================================================
N/A
