

================================================================
== Vitis HLS Report for 'maxPool_4_24_12_s'
================================================================
* Date:           Thu Dec 25 15:19:31 2025

* Version:        2022.1 (Build 3526262 on Mon Apr 18 15:48:16 MDT 2022)
* Project:        Day_5_final_boss
* Solution:       sol5 (Vivado IP Flow Target)
* Product family: zynq
* Target device:  xc7z020-clg400-1


================================================================
== Performance Estimates
================================================================
+ Timing: 
    * Summary: 
    +--------+----------+----------+------------+
    |  Clock |  Target  | Estimated| Uncertainty|
    +--------+----------+----------+------------+
    |ap_clk  |  10.00 ns|  7.107 ns|     2.70 ns|
    +--------+----------+----------+------------+

+ Latency: 
    * Summary: 
    +---------+---------+----------+----------+-----+-----+---------+
    |  Latency (cycles) |  Latency (absolute) |  Interval | Pipeline|
    |   min   |   max   |    min   |    max   | min | max |   Type  |
    +---------+---------+----------+----------+-----+-----+---------+
    |      585|      585|  5.850 us|  5.850 us|  585|  585|       no|
    +---------+---------+----------+----------+-----+-----+---------+

    + Detail: 
        * Instance: 
        N/A

        * Loop: 
        +-------------------+---------+---------+----------+-----------+-----------+------+----------+
        |                   |  Latency (cycles) | Iteration|  Initiation Interval  | Trip |          |
        |     Loop Name     |   min   |   max   |  Latency |  achieved |   target  | Count| Pipelined|
        +-------------------+---------+---------+----------+-----------+-----------+------+----------+
        |- MP_ch_MP_r_MP_c  |      583|      583|         9|          1|          1|   576|       yes|
        +-------------------+---------+---------+----------+-----------+-----------+------+----------+

============================================================
+ Verbose Summary: Synthesis Manager
============================================================
InlineROM: 1
ExposeGlobal: 0
============================================================
+ Verbose Summary: CDFG Model
============================================================
IsTopModel: 0
ResetActiveHigh: 1
IsCombinational: 2
IsDatapathOnly: 0
HasWiredReturn: 1
HasMFsm: 2
HasVarLatency: 1
IsPipeline: 0
IsRtlPipelined: 0
IsInstanceOverlapped: 0
IsDontTouch: 0
HasImplIP: 0
IsGatedGlobalClock: 0

+ Individual pipeline summary: 
  * Pipeline-0: initiation interval (II) = 1, depth = 9


============================================================
+ Verbose Summary: Schedule
============================================================
* Number of FSM states : 9
* Pipeline : 1
  Pipeline-0 : II = 1, D = 9, States = { 1 2 3 4 5 6 7 8 9 }
* Dataflow Pipeline: 0

* FSM state transitions: 
1 --> 2 
2 --> 3 
3 --> 4 
4 --> 5 
5 --> 6 
6 --> 7 
7 --> 8 
8 --> 9 
9 --> 

* FSM state operations: 

State 1 <SV = 0> <Delay = 4.75>
ST_1 : Operation 12 [1/1] (0.00ns)   --->   "%ow = alloca i32 1"   --->   Operation 12 'alloca' 'ow' <Predicate = true> <Delay = 0.00>
ST_1 : Operation 13 [1/1] (0.00ns)   --->   "%oh = alloca i32 1"   --->   Operation 13 'alloca' 'oh' <Predicate = true> <Delay = 0.00>
ST_1 : Operation 14 [1/1] (0.00ns)   --->   "%indvar_flatten = alloca i32 1"   --->   Operation 14 'alloca' 'indvar_flatten' <Predicate = true> <Delay = 0.00>
ST_1 : Operation 15 [1/1] (0.00ns)   --->   "%och = alloca i32 1"   --->   Operation 15 'alloca' 'och' <Predicate = true> <Delay = 0.00>
ST_1 : Operation 16 [1/1] (0.00ns)   --->   "%indvar_flatten24 = alloca i32 1"   --->   Operation 16 'alloca' 'indvar_flatten24' <Predicate = true> <Delay = 0.00>
ST_1 : Operation 17 [1/1] (1.58ns)   --->   "%store_ln181 = store i10 0, i10 %indvar_flatten24" [codes_lab5/HLS_sources_final/templatedFuncs.h:181]   --->   Operation 17 'store' 'store_ln181' <Predicate = true> <Delay = 1.58>
ST_1 : Operation 19 [1/1] (1.58ns)   --->   "%store_ln181 = store i8 0, i8 %indvar_flatten" [codes_lab5/HLS_sources_final/templatedFuncs.h:181]   --->   Operation 19 'store' 'store_ln181' <Predicate = true> <Delay = 1.58>
ST_1 : Operation 22 [1/1] (0.00ns)   --->   "%br_ln181 = br void %for.body8" [codes_lab5/HLS_sources_final/templatedFuncs.h:181]   --->   Operation 22 'br' 'br_ln181' <Predicate = true> <Delay = 0.00>
ST_1 : Operation 23 [1/1] (0.00ns)   --->   "%indvar_flatten24_load = load i10 %indvar_flatten24" [codes_lab5/HLS_sources_final/templatedFuncs.h:181]   --->   Operation 23 'load' 'indvar_flatten24_load' <Predicate = true> <Delay = 0.00>
ST_1 : Operation 24 [1/1] (1.77ns)   --->   "%icmp_ln181 = icmp_eq  i10 %indvar_flatten24_load, i10 576" [codes_lab5/HLS_sources_final/templatedFuncs.h:181]   --->   Operation 24 'icmp' 'icmp_ln181' <Predicate = true> <Delay = 1.77> <CoreInst = "Cmp">   --->   Core 9 'Cmp' <Latency = 0> <II = 1> <Delay = 1.77> <FuncUnit> <Opcode : 'icmp'> <InPorts = 2> <OutPorts = 1>
ST_1 : Operation 25 [1/1] (1.73ns)   --->   "%add_ln181_1 = add i10 %indvar_flatten24_load, i10 1" [codes_lab5/HLS_sources_final/templatedFuncs.h:181]   --->   Operation 25 'add' 'add_ln181_1' <Predicate = true> <Delay = 1.73> <CoreInst = "Adder">   --->   Core 1 'Adder' <Latency = 0> <II = 1> <Delay = 1.73> <FuncUnit> <Opcode : 'add' 'sub'> <InPorts = 2> <OutPorts = 1>
ST_1 : Operation 26 [1/1] (0.00ns)   --->   "%br_ln181 = br i1 %icmp_ln181, void %for.inc102, void %for.end103" [codes_lab5/HLS_sources_final/templatedFuncs.h:181]   --->   Operation 26 'br' 'br_ln181' <Predicate = true> <Delay = 0.00>
ST_1 : Operation 27 [1/1] (0.00ns)   --->   "%indvar_flatten_load = load i8 %indvar_flatten" [codes_lab5/HLS_sources_final/templatedFuncs.h:182]   --->   Operation 27 'load' 'indvar_flatten_load' <Predicate = (!icmp_ln181)> <Delay = 0.00>
ST_1 : Operation 28 [1/1] (1.55ns)   --->   "%icmp_ln182 = icmp_eq  i8 %indvar_flatten_load, i8 144" [codes_lab5/HLS_sources_final/templatedFuncs.h:182]   --->   Operation 28 'icmp' 'icmp_ln182' <Predicate = (!icmp_ln181)> <Delay = 1.55> <CoreInst = "Cmp">   --->   Core 9 'Cmp' <Latency = 0> <II = 1> <Delay = 1.55> <FuncUnit> <Opcode : 'icmp'> <InPorts = 2> <OutPorts = 1>
ST_1 : Operation 29 [1/1] (1.91ns)   --->   "%add_ln182_1 = add i8 %indvar_flatten_load, i8 1" [codes_lab5/HLS_sources_final/templatedFuncs.h:182]   --->   Operation 29 'add' 'add_ln182_1' <Predicate = (!icmp_ln181)> <Delay = 1.91> <CoreInst = "Adder">   --->   Core 1 'Adder' <Latency = 0> <II = 1> <Delay = 1.91> <FuncUnit> <Opcode : 'add' 'sub'> <InPorts = 2> <OutPorts = 1>
ST_1 : Operation 30 [1/1] (1.24ns)   --->   "%select_ln182_4 = select i1 %icmp_ln182, i8 1, i8 %add_ln182_1" [codes_lab5/HLS_sources_final/templatedFuncs.h:182]   --->   Operation 30 'select' 'select_ln182_4' <Predicate = (!icmp_ln181)> <Delay = 1.24> <CoreInst = "Sel">   --->   Core 73 'Sel' <Latency = 0> <II = 1> <Delay = 1.24> <FuncUnit> <Opcode : 'select'> <InPorts = 3> <OutPorts = 1>
ST_1 : Operation 31 [1/1] (1.58ns)   --->   "%store_ln183 = store i10 %add_ln181_1, i10 %indvar_flatten24" [codes_lab5/HLS_sources_final/templatedFuncs.h:183]   --->   Operation 31 'store' 'store_ln183' <Predicate = (!icmp_ln181)> <Delay = 1.58>
ST_1 : Operation 32 [1/1] (1.58ns)   --->   "%store_ln183 = store i8 %select_ln182_4, i8 %indvar_flatten" [codes_lab5/HLS_sources_final/templatedFuncs.h:183]   --->   Operation 32 'store' 'store_ln183' <Predicate = (!icmp_ln181)> <Delay = 1.58>

State 2 <SV = 1> <Delay = 6.92>
ST_2 : Operation 21 [1/1] (1.58ns)   --->   "%store_ln181 = store i5 0, i5 %ow" [codes_lab5/HLS_sources_final/templatedFuncs.h:181]   --->   Operation 21 'store' 'store_ln181' <Predicate = true> <Delay = 1.58>
ST_2 : Operation 20 [1/1] (1.58ns)   --->   "%store_ln181 = store i5 0, i5 %oh" [codes_lab5/HLS_sources_final/templatedFuncs.h:181]   --->   Operation 20 'store' 'store_ln181' <Predicate = true> <Delay = 1.58>
ST_2 : Operation 18 [1/1] (1.58ns)   --->   "%store_ln181 = store i3 0, i3 %och" [codes_lab5/HLS_sources_final/templatedFuncs.h:181]   --->   Operation 18 'store' 'store_ln181' <Predicate = true> <Delay = 1.58>
ST_2 : Operation 33 [1/1] (0.00ns)   --->   "%oh_1 = load i5 %oh"   --->   Operation 33 'load' 'oh_1' <Predicate = true> <Delay = 0.00>
ST_2 : Operation 34 [1/1] (0.00ns)   --->   "%empty = or i5 %oh_1, i5 1"   --->   Operation 34 'or' 'empty' <Predicate = (!icmp_ln182)> <Delay = 0.00>
ST_2 : Operation 35 [1/1] (0.00ns)   --->   "%tmp_9 = partselect i4 @_ssdm_op_PartSelect.i4.i5.i32.i32, i5 %oh_1, i32 1, i32 4"   --->   Operation 35 'partselect' 'tmp_9' <Predicate = (!icmp_ln182)> <Delay = 0.00>
ST_2 : Operation 36 [1/1] (0.00ns)   --->   "%ow_load = load i5 %ow" [codes_lab5/HLS_sources_final/templatedFuncs.h:183]   --->   Operation 36 'load' 'ow_load' <Predicate = (!icmp_ln181)> <Delay = 0.00>
ST_2 : Operation 37 [1/1] (0.00ns)   --->   "%och_load = load i3 %och" [codes_lab5/HLS_sources_final/templatedFuncs.h:181]   --->   Operation 37 'load' 'och_load' <Predicate = (!icmp_ln181)> <Delay = 0.00>
ST_2 : Operation 38 [1/1] (1.65ns)   --->   "%add_ln181 = add i3 %och_load, i3 1" [codes_lab5/HLS_sources_final/templatedFuncs.h:181]   --->   Operation 38 'add' 'add_ln181' <Predicate = (!icmp_ln181 & icmp_ln182)> <Delay = 1.65> <CoreInst = "Adder">   --->   Core 1 'Adder' <Latency = 0> <II = 1> <Delay = 1.65> <FuncUnit> <Opcode : 'add' 'sub'> <InPorts = 2> <OutPorts = 1>
ST_2 : Operation 39 [1/1] (1.21ns)   --->   "%select_ln181 = select i1 %icmp_ln182, i5 0, i5 %oh_1" [codes_lab5/HLS_sources_final/templatedFuncs.h:181]   --->   Operation 39 'select' 'select_ln181' <Predicate = (!icmp_ln181)> <Delay = 1.21> <CoreInst = "Sel">   --->   Core 73 'Sel' <Latency = 0> <II = 1> <Delay = 1.21> <FuncUnit> <Opcode : 'select'> <InPorts = 3> <OutPorts = 1>
ST_2 : Operation 40 [1/1] (0.00ns) (grouped into LUT with out node select_ln182)   --->   "%select_ln181_1 = select i1 %icmp_ln182, i5 0, i5 %ow_load" [codes_lab5/HLS_sources_final/templatedFuncs.h:181]   --->   Operation 40 'select' 'select_ln181_1' <Predicate = (!icmp_ln181)> <Delay = 0.00> <CoreInst = "Sel">   --->   Core 73 'Sel' <Latency = 0> <II = 1> <Delay = 1.21> <FuncUnit> <Opcode : 'select'> <InPorts = 3> <OutPorts = 1>
ST_2 : Operation 41 [1/1] (0.98ns)   --->   "%select_ln181_2 = select i1 %icmp_ln182, i3 %add_ln181, i3 %och_load" [codes_lab5/HLS_sources_final/templatedFuncs.h:181]   --->   Operation 41 'select' 'select_ln181_2' <Predicate = (!icmp_ln181)> <Delay = 0.98> <CoreInst = "Sel">   --->   Core 73 'Sel' <Latency = 0> <II = 1> <Delay = 0.98> <FuncUnit> <Opcode : 'select'> <InPorts = 3> <OutPorts = 1>
ST_2 : Operation 42 [1/1] (0.00ns)   --->   "%tmp_s = bitconcatenate i8 @_ssdm_op_BitConcatenate.i8.i3.i5, i3 %select_ln181_2, i5 0" [codes_lab5/HLS_sources_final/templatedFuncs.h:185]   --->   Operation 42 'bitconcatenate' 'tmp_s' <Predicate = (!icmp_ln181)> <Delay = 0.00>
ST_2 : Operation 43 [1/1] (0.00ns)   --->   "%zext_ln185 = zext i8 %tmp_s" [codes_lab5/HLS_sources_final/templatedFuncs.h:185]   --->   Operation 43 'zext' 'zext_ln185' <Predicate = (!icmp_ln181)> <Delay = 0.00>
ST_2 : Operation 44 [1/1] (0.00ns)   --->   "%tmp_10 = bitconcatenate i6 @_ssdm_op_BitConcatenate.i6.i3.i3, i3 %select_ln181_2, i3 0" [codes_lab5/HLS_sources_final/templatedFuncs.h:185]   --->   Operation 44 'bitconcatenate' 'tmp_10' <Predicate = (!icmp_ln181)> <Delay = 0.00>
ST_2 : Operation 45 [1/1] (0.00ns)   --->   "%zext_ln185_1 = zext i6 %tmp_10" [codes_lab5/HLS_sources_final/templatedFuncs.h:185]   --->   Operation 45 'zext' 'zext_ln185_1' <Predicate = (!icmp_ln181)> <Delay = 0.00>
ST_2 : Operation 46 [1/1] (1.91ns)   --->   "%sub_ln185 = sub i9 %zext_ln185, i9 %zext_ln185_1" [codes_lab5/HLS_sources_final/templatedFuncs.h:185]   --->   Operation 46 'sub' 'sub_ln185' <Predicate = (!icmp_ln181)> <Delay = 1.91> <CoreInst = "Adder">   --->   Core 1 'Adder' <Latency = 0> <II = 1> <Delay = 1.91> <FuncUnit> <Opcode : 'add' 'sub'> <InPorts = 2> <OutPorts = 1>
ST_2 : Operation 47 [1/1] (0.00ns)   --->   "%sext_ln188 = sext i9 %sub_ln185" [codes_lab5/HLS_sources_final/templatedFuncs.h:188]   --->   Operation 47 'sext' 'sext_ln188' <Predicate = (!icmp_ln181)> <Delay = 0.00>
ST_2 : Operation 48 [1/1] (0.00ns)   --->   "%tmp_11 = bitconcatenate i7 @_ssdm_op_BitConcatenate.i7.i3.i4, i3 %select_ln181_2, i4 0" [codes_lab5/HLS_sources_final/templatedFuncs.h:188]   --->   Operation 48 'bitconcatenate' 'tmp_11' <Predicate = (!icmp_ln181)> <Delay = 0.00>
ST_2 : Operation 49 [1/1] (0.00ns)   --->   "%zext_ln188 = zext i7 %tmp_11" [codes_lab5/HLS_sources_final/templatedFuncs.h:188]   --->   Operation 49 'zext' 'zext_ln188' <Predicate = (!icmp_ln181)> <Delay = 0.00>
ST_2 : Operation 50 [1/1] (0.00ns)   --->   "%tmp_12 = bitconcatenate i5 @_ssdm_op_BitConcatenate.i5.i3.i2, i3 %select_ln181_2, i2 0" [codes_lab5/HLS_sources_final/templatedFuncs.h:188]   --->   Operation 50 'bitconcatenate' 'tmp_12' <Predicate = (!icmp_ln181)> <Delay = 0.00>
ST_2 : Operation 51 [1/1] (0.00ns)   --->   "%zext_ln188_1 = zext i5 %tmp_12" [codes_lab5/HLS_sources_final/templatedFuncs.h:188]   --->   Operation 51 'zext' 'zext_ln188_1' <Predicate = (!icmp_ln181)> <Delay = 0.00>
ST_2 : Operation 52 [1/1] (1.87ns)   --->   "%sub_ln188 = sub i8 %zext_ln188, i8 %zext_ln188_1" [codes_lab5/HLS_sources_final/templatedFuncs.h:188]   --->   Operation 52 'sub' 'sub_ln188' <Predicate = (!icmp_ln181)> <Delay = 1.87> <CoreInst = "Adder">   --->   Core 1 'Adder' <Latency = 0> <II = 1> <Delay = 1.87> <FuncUnit> <Opcode : 'add' 'sub'> <InPorts = 2> <OutPorts = 1>
ST_2 : Operation 53 [1/1] (0.00ns) (grouped into LUT with out node add_ln188)   --->   "%sext_ln181 = sext i8 %sub_ln188" [codes_lab5/HLS_sources_final/templatedFuncs.h:181]   --->   Operation 53 'sext' 'sext_ln181' <Predicate = (!icmp_ln181)> <Delay = 0.00>
ST_2 : Operation 54 [1/1] (0.00ns) (grouped into LUT with out node add_ln186)   --->   "%select_ln181_3 = select i1 %icmp_ln182, i5 1, i5 %empty" [codes_lab5/HLS_sources_final/templatedFuncs.h:181]   --->   Operation 54 'select' 'select_ln181_3' <Predicate = (!icmp_ln181)> <Delay = 0.00> <CoreInst = "Sel">   --->   Core 73 'Sel' <Latency = 0> <II = 1> <Delay = 1.21> <FuncUnit> <Opcode : 'select'> <InPorts = 3> <OutPorts = 1>
ST_2 : Operation 55 [1/1] (0.00ns) (grouped into LUT with out node add_ln188)   --->   "%select_ln181_4 = select i1 %icmp_ln182, i4 0, i4 %tmp_9" [codes_lab5/HLS_sources_final/templatedFuncs.h:181]   --->   Operation 55 'select' 'select_ln181_4' <Predicate = (!icmp_ln181)> <Delay = 0.00> <CoreInst = "Sel">   --->   Core 73 'Sel' <Latency = 0> <II = 1> <Delay = 1.02> <FuncUnit> <Opcode : 'select'> <InPorts = 3> <OutPorts = 1>
ST_2 : Operation 56 [1/1] (1.36ns)   --->   "%icmp_ln183 = icmp_ult  i5 %ow_load, i5 24" [codes_lab5/HLS_sources_final/templatedFuncs.h:183]   --->   Operation 56 'icmp' 'icmp_ln183' <Predicate = (!icmp_ln181)> <Delay = 1.36> <CoreInst = "Cmp">   --->   Core 9 'Cmp' <Latency = 0> <II = 1> <Delay = 1.36> <FuncUnit> <Opcode : 'icmp'> <InPorts = 2> <OutPorts = 1>
ST_2 : Operation 57 [1/1] (0.97ns)   --->   "%or_ln181 = or i1 %icmp_ln182, i1 %icmp_ln183" [codes_lab5/HLS_sources_final/templatedFuncs.h:181]   --->   Operation 57 'or' 'or_ln181' <Predicate = (!icmp_ln181)> <Delay = 0.97> <CoreInst = "LogicGate">   --->   Core 74 'LogicGate' <Latency = 0> <II = 1> <Delay = 0.97> <FuncUnit> <Opcode : 'and' 'or' 'xor'> <InPorts = 2> <OutPorts = 1>
ST_2 : Operation 58 [1/1] (1.78ns)   --->   "%add_ln182 = add i5 %select_ln181, i5 2" [codes_lab5/HLS_sources_final/templatedFuncs.h:182]   --->   Operation 58 'add' 'add_ln182' <Predicate = (!icmp_ln181)> <Delay = 1.78> <CoreInst = "Adder">   --->   Core 1 'Adder' <Latency = 0> <II = 1> <Delay = 1.78> <FuncUnit> <Opcode : 'add' 'sub'> <InPorts = 2> <OutPorts = 1>
ST_2 : Operation 59 [1/1] (1.21ns) (out node of the LUT)   --->   "%select_ln182 = select i1 %or_ln181, i5 %select_ln181_1, i5 0" [codes_lab5/HLS_sources_final/templatedFuncs.h:182]   --->   Operation 59 'select' 'select_ln182' <Predicate = (!icmp_ln181)> <Delay = 1.21> <CoreInst = "Sel">   --->   Core 73 'Sel' <Latency = 0> <II = 1> <Delay = 1.21> <FuncUnit> <Opcode : 'select'> <InPorts = 3> <OutPorts = 1>
ST_2 : Operation 60 [1/1] (1.21ns)   --->   "%select_ln182_1 = select i1 %or_ln181, i5 %select_ln181, i5 %add_ln182" [codes_lab5/HLS_sources_final/templatedFuncs.h:182]   --->   Operation 60 'select' 'select_ln182_1' <Predicate = (!icmp_ln181)> <Delay = 1.21> <CoreInst = "Sel">   --->   Core 73 'Sel' <Latency = 0> <II = 1> <Delay = 1.21> <FuncUnit> <Opcode : 'select'> <InPorts = 3> <OutPorts = 1>
ST_2 : Operation 61 [1/1] (0.00ns)   --->   "%zext_ln185_2 = zext i5 %select_ln182_1" [codes_lab5/HLS_sources_final/templatedFuncs.h:185]   --->   Operation 61 'zext' 'zext_ln185_2' <Predicate = (!icmp_ln181)> <Delay = 0.00>
ST_2 : Operation 62 [1/1] (1.82ns)   --->   "%add_ln185 = add i10 %sext_ln188, i10 %zext_ln185_2" [codes_lab5/HLS_sources_final/templatedFuncs.h:185]   --->   Operation 62 'add' 'add_ln185' <Predicate = (!icmp_ln181)> <Delay = 1.82> <CoreInst = "Adder">   --->   Core 1 'Adder' <Latency = 0> <II = 1> <Delay = 1.82> <FuncUnit> <Opcode : 'add' 'sub'> <InPorts = 2> <OutPorts = 1>
ST_2 : Operation 63 [1/1] (0.00ns)   --->   "%trunc_ln185 = trunc i10 %add_ln185" [codes_lab5/HLS_sources_final/templatedFuncs.h:185]   --->   Operation 63 'trunc' 'trunc_ln185' <Predicate = (!icmp_ln181)> <Delay = 0.00>
ST_2 : Operation 64 [1/1] (0.00ns)   --->   "%trunc_ln185_1 = trunc i10 %add_ln185" [codes_lab5/HLS_sources_final/templatedFuncs.h:185]   --->   Operation 64 'trunc' 'trunc_ln185_1' <Predicate = (!icmp_ln181)> <Delay = 0.00>
ST_2 : Operation 65 [1/1] (0.00ns) (grouped into LUT with out node add_ln186)   --->   "%p_mid1 = or i5 %add_ln182, i5 1" [codes_lab5/HLS_sources_final/templatedFuncs.h:182]   --->   Operation 65 'or' 'p_mid1' <Predicate = (!icmp_ln181)> <Delay = 0.00>
ST_2 : Operation 66 [1/1] (0.00ns) (grouped into LUT with out node add_ln186)   --->   "%select_ln182_2 = select i1 %or_ln181, i5 %select_ln181_3, i5 %p_mid1" [codes_lab5/HLS_sources_final/templatedFuncs.h:182]   --->   Operation 66 'select' 'select_ln182_2' <Predicate = (!icmp_ln181)> <Delay = 0.00> <CoreInst = "Sel">   --->   Core 73 'Sel' <Latency = 0> <II = 1> <Delay = 1.21> <FuncUnit> <Opcode : 'select'> <InPorts = 3> <OutPorts = 1>
ST_2 : Operation 67 [1/1] (0.00ns) (grouped into LUT with out node add_ln186)   --->   "%zext_ln186 = zext i5 %select_ln182_2" [codes_lab5/HLS_sources_final/templatedFuncs.h:186]   --->   Operation 67 'zext' 'zext_ln186' <Predicate = (!icmp_ln181)> <Delay = 0.00>
ST_2 : Operation 68 [1/1] (1.82ns) (out node of the LUT)   --->   "%add_ln186 = add i10 %sext_ln188, i10 %zext_ln186" [codes_lab5/HLS_sources_final/templatedFuncs.h:186]   --->   Operation 68 'add' 'add_ln186' <Predicate = (!icmp_ln181)> <Delay = 1.82> <CoreInst = "Adder">   --->   Core 1 'Adder' <Latency = 0> <II = 1> <Delay = 1.82> <FuncUnit> <Opcode : 'add' 'sub'> <InPorts = 2> <OutPorts = 1>
ST_2 : Operation 69 [1/1] (0.00ns)   --->   "%trunc_ln186 = trunc i10 %add_ln186" [codes_lab5/HLS_sources_final/templatedFuncs.h:186]   --->   Operation 69 'trunc' 'trunc_ln186' <Predicate = (!icmp_ln181)> <Delay = 0.00>
ST_2 : Operation 70 [1/1] (0.00ns)   --->   "%trunc_ln186_1 = trunc i10 %add_ln186" [codes_lab5/HLS_sources_final/templatedFuncs.h:186]   --->   Operation 70 'trunc' 'trunc_ln186_1' <Predicate = (!icmp_ln181)> <Delay = 0.00>
ST_2 : Operation 71 [1/1] (0.00ns) (grouped into LUT with out node add_ln188)   --->   "%p_mid = partselect i4 @_ssdm_op_PartSelect.i4.i5.i32.i32, i5 %add_ln182, i32 1, i32 4" [codes_lab5/HLS_sources_final/templatedFuncs.h:182]   --->   Operation 71 'partselect' 'p_mid' <Predicate = (!icmp_ln181)> <Delay = 0.00>
ST_2 : Operation 72 [1/1] (0.00ns) (grouped into LUT with out node add_ln188)   --->   "%select_ln182_3 = select i1 %or_ln181, i4 %select_ln181_4, i4 %p_mid" [codes_lab5/HLS_sources_final/templatedFuncs.h:182]   --->   Operation 72 'select' 'select_ln182_3' <Predicate = (!icmp_ln181)> <Delay = 0.00> <CoreInst = "Sel">   --->   Core 73 'Sel' <Latency = 0> <II = 1> <Delay = 1.02> <FuncUnit> <Opcode : 'select'> <InPorts = 3> <OutPorts = 1>
ST_2 : Operation 73 [1/1] (0.00ns) (grouped into LUT with out node add_ln188)   --->   "%zext_ln188_2 = zext i4 %select_ln182_3" [codes_lab5/HLS_sources_final/templatedFuncs.h:188]   --->   Operation 73 'zext' 'zext_ln188_2' <Predicate = (!icmp_ln181)> <Delay = 0.00>
ST_2 : Operation 74 [1/1] (1.91ns) (out node of the LUT)   --->   "%add_ln188 = add i9 %sext_ln181, i9 %zext_ln188_2" [codes_lab5/HLS_sources_final/templatedFuncs.h:188]   --->   Operation 74 'add' 'add_ln188' <Predicate = (!icmp_ln181)> <Delay = 1.91> <CoreInst = "Adder">   --->   Core 1 'Adder' <Latency = 0> <II = 1> <Delay = 1.91> <FuncUnit> <Opcode : 'add' 'sub'> <InPorts = 2> <OutPorts = 1>
ST_2 : Operation 75 [1/1] (0.00ns)   --->   "%trunc_ln188 = trunc i9 %add_ln188" [codes_lab5/HLS_sources_final/templatedFuncs.h:188]   --->   Operation 75 'trunc' 'trunc_ln188' <Predicate = (!icmp_ln181)> <Delay = 0.00>
ST_2 : Operation 76 [1/1] (0.00ns)   --->   "%trunc_ln188_1 = trunc i9 %add_ln188" [codes_lab5/HLS_sources_final/templatedFuncs.h:188]   --->   Operation 76 'trunc' 'trunc_ln188_1' <Predicate = (!icmp_ln181)> <Delay = 0.00>
ST_2 : Operation 77 [1/1] (0.00ns)   --->   "%lshr_ln = partselect i4 @_ssdm_op_PartSelect.i4.i5.i32.i32, i5 %select_ln182, i32 1, i32 4" [codes_lab5/HLS_sources_final/templatedFuncs.h:185]   --->   Operation 77 'partselect' 'lshr_ln' <Predicate = (!icmp_ln181)> <Delay = 0.00>
ST_2 : Operation 78 [1/1] (1.78ns)   --->   "%add_ln183 = add i5 %select_ln182, i5 2" [codes_lab5/HLS_sources_final/templatedFuncs.h:183]   --->   Operation 78 'add' 'add_ln183' <Predicate = (!icmp_ln181)> <Delay = 1.78> <CoreInst = "Adder">   --->   Core 1 'Adder' <Latency = 0> <II = 1> <Delay = 1.78> <FuncUnit> <Opcode : 'add' 'sub'> <InPorts = 2> <OutPorts = 1>
ST_2 : Operation 79 [1/1] (1.58ns)   --->   "%store_ln183 = store i3 %select_ln181_2, i3 %och" [codes_lab5/HLS_sources_final/templatedFuncs.h:183]   --->   Operation 79 'store' 'store_ln183' <Predicate = (!icmp_ln181)> <Delay = 1.58>
ST_2 : Operation 80 [1/1] (1.58ns)   --->   "%store_ln183 = store i5 %select_ln182_1, i5 %oh" [codes_lab5/HLS_sources_final/templatedFuncs.h:183]   --->   Operation 80 'store' 'store_ln183' <Predicate = (!icmp_ln181)> <Delay = 1.58>
ST_2 : Operation 81 [1/1] (1.58ns)   --->   "%store_ln183 = store i5 %add_ln183, i5 %ow" [codes_lab5/HLS_sources_final/templatedFuncs.h:183]   --->   Operation 81 'store' 'store_ln183' <Predicate = (!icmp_ln181)> <Delay = 1.58>

State 3 <SV = 2> <Delay = 7.01>
ST_3 : Operation 82 [1/1] (0.00ns)   --->   "%p_shl4 = bitconcatenate i11 @_ssdm_op_BitConcatenate.i11.i7.i4, i7 %trunc_ln185, i4 0" [codes_lab5/HLS_sources_final/templatedFuncs.h:185]   --->   Operation 82 'bitconcatenate' 'p_shl4' <Predicate = true> <Delay = 0.00>
ST_3 : Operation 83 [1/1] (0.00ns)   --->   "%p_shl5 = bitconcatenate i11 @_ssdm_op_BitConcatenate.i11.i9.i2, i9 %trunc_ln185_1, i2 0" [codes_lab5/HLS_sources_final/templatedFuncs.h:185]   --->   Operation 83 'bitconcatenate' 'p_shl5' <Predicate = true> <Delay = 0.00>
ST_3 : Operation 84 [1/1] (0.00ns) (grouped into TernaryAdder)   --->   "%sub_ln185_1 = sub i11 %p_shl4, i11 %p_shl5" [codes_lab5/HLS_sources_final/templatedFuncs.h:185]   --->   Operation 84 'sub' 'sub_ln185_1' <Predicate = true> <Delay = 0.00> <CoreInst = "TAddSub">   --->   Core 10 'TAddSub' <Latency = 0> <II = 1> <Delay = 1.86> <IPBlock> <Opcode : 'add' 'sub'> <InPorts = 3> <OutPorts = 1> <Sync> <CReg>
ST_3 : Operation 85 [1/1] (0.00ns)   --->   "%p_shl2 = bitconcatenate i11 @_ssdm_op_BitConcatenate.i11.i7.i4, i7 %trunc_ln186, i4 0" [codes_lab5/HLS_sources_final/templatedFuncs.h:186]   --->   Operation 85 'bitconcatenate' 'p_shl2' <Predicate = true> <Delay = 0.00>
ST_3 : Operation 86 [1/1] (0.00ns)   --->   "%p_shl3 = bitconcatenate i11 @_ssdm_op_BitConcatenate.i11.i9.i2, i9 %trunc_ln186_1, i2 0" [codes_lab5/HLS_sources_final/templatedFuncs.h:186]   --->   Operation 86 'bitconcatenate' 'p_shl3' <Predicate = true> <Delay = 0.00>
ST_3 : Operation 87 [1/1] (0.00ns) (grouped into TernaryAdder)   --->   "%sub_ln186 = sub i11 %p_shl2, i11 %p_shl3" [codes_lab5/HLS_sources_final/templatedFuncs.h:186]   --->   Operation 87 'sub' 'sub_ln186' <Predicate = true> <Delay = 0.00> <CoreInst = "TAddSub">   --->   Core 10 'TAddSub' <Latency = 0> <II = 1> <Delay = 1.86> <IPBlock> <Opcode : 'add' 'sub'> <InPorts = 3> <OutPorts = 1> <Sync> <CReg>
ST_3 : Operation 88 [1/1] (0.00ns)   --->   "%p_shl = bitconcatenate i10 @_ssdm_op_BitConcatenate.i10.i6.i4, i6 %trunc_ln188, i4 0" [codes_lab5/HLS_sources_final/templatedFuncs.h:188]   --->   Operation 88 'bitconcatenate' 'p_shl' <Predicate = true> <Delay = 0.00>
ST_3 : Operation 89 [1/1] (0.00ns)   --->   "%p_shl1 = bitconcatenate i10 @_ssdm_op_BitConcatenate.i10.i8.i2, i8 %trunc_ln188_1, i2 0" [codes_lab5/HLS_sources_final/templatedFuncs.h:188]   --->   Operation 89 'bitconcatenate' 'p_shl1' <Predicate = true> <Delay = 0.00>
ST_3 : Operation 90 [1/1] (0.00ns) (grouped into TernaryAdder)   --->   "%sub_ln188_1 = sub i10 %p_shl, i10 %p_shl1" [codes_lab5/HLS_sources_final/templatedFuncs.h:188]   --->   Operation 90 'sub' 'sub_ln188_1' <Predicate = true> <Delay = 0.00> <CoreInst = "TAddSub">   --->   Core 10 'TAddSub' <Latency = 0> <II = 1> <Delay = 1.86> <IPBlock> <Opcode : 'add' 'sub'> <InPorts = 3> <OutPorts = 1> <Sync> <CReg>
ST_3 : Operation 91 [1/1] (0.00ns)   --->   "%zext_ln185_3 = zext i4 %lshr_ln" [codes_lab5/HLS_sources_final/templatedFuncs.h:185]   --->   Operation 91 'zext' 'zext_ln185_3' <Predicate = true> <Delay = 0.00>
ST_3 : Operation 92 [1/1] (0.00ns)   --->   "%zext_ln185_4 = zext i4 %lshr_ln" [codes_lab5/HLS_sources_final/templatedFuncs.h:185]   --->   Operation 92 'zext' 'zext_ln185_4' <Predicate = true> <Delay = 0.00>
ST_3 : Operation 93 [1/1] (3.75ns) (root node of TernaryAdder)   --->   "%add_ln185_1 = add i11 %sub_ln185_1, i11 %zext_ln185_4" [codes_lab5/HLS_sources_final/templatedFuncs.h:185]   --->   Operation 93 'add' 'add_ln185_1' <Predicate = true> <Delay = 3.75> <CoreInst = "TAddSub">   --->   Core 10 'TAddSub' <Latency = 0> <II = 1> <Delay = 1.86> <IPBlock> <Opcode : 'add' 'sub'> <InPorts = 3> <OutPorts = 1> <Sync> <CReg>
ST_3 : Operation 94 [1/1] (0.00ns)   --->   "%zext_ln185_5 = zext i11 %add_ln185_1" [codes_lab5/HLS_sources_final/templatedFuncs.h:185]   --->   Operation 94 'zext' 'zext_ln185_5' <Predicate = true> <Delay = 0.00>
ST_3 : Operation 95 [1/1] (0.00ns)   --->   "%ifmap_0_addr = getelementptr i32 %ifmap_0, i64 0, i64 %zext_ln185_5" [codes_lab5/HLS_sources_final/templatedFuncs.h:185]   --->   Operation 95 'getelementptr' 'ifmap_0_addr' <Predicate = true> <Delay = 0.00>
ST_3 : Operation 96 [1/1] (3.75ns) (root node of TernaryAdder)   --->   "%add_ln186_1 = add i11 %sub_ln186, i11 %zext_ln185_4" [codes_lab5/HLS_sources_final/templatedFuncs.h:186]   --->   Operation 96 'add' 'add_ln186_1' <Predicate = true> <Delay = 3.75> <CoreInst = "TAddSub">   --->   Core 10 'TAddSub' <Latency = 0> <II = 1> <Delay = 1.86> <IPBlock> <Opcode : 'add' 'sub'> <InPorts = 3> <OutPorts = 1> <Sync> <CReg>
ST_3 : Operation 97 [1/1] (0.00ns)   --->   "%zext_ln186_1 = zext i11 %add_ln186_1" [codes_lab5/HLS_sources_final/templatedFuncs.h:186]   --->   Operation 97 'zext' 'zext_ln186_1' <Predicate = true> <Delay = 0.00>
ST_3 : Operation 98 [1/1] (0.00ns)   --->   "%ifmap_0_addr_1 = getelementptr i32 %ifmap_0, i64 0, i64 %zext_ln186_1" [codes_lab5/HLS_sources_final/templatedFuncs.h:186]   --->   Operation 98 'getelementptr' 'ifmap_0_addr_1' <Predicate = true> <Delay = 0.00>
ST_3 : Operation 99 [1/1] (0.00ns)   --->   "%ifmap_1_addr = getelementptr i32 %ifmap_1, i64 0, i64 %zext_ln185_5" [codes_lab5/HLS_sources_final/templatedFuncs.h:185]   --->   Operation 99 'getelementptr' 'ifmap_1_addr' <Predicate = true> <Delay = 0.00>
ST_3 : Operation 100 [1/1] (0.00ns)   --->   "%ifmap_1_addr_1 = getelementptr i32 %ifmap_1, i64 0, i64 %zext_ln186_1" [codes_lab5/HLS_sources_final/templatedFuncs.h:186]   --->   Operation 100 'getelementptr' 'ifmap_1_addr_1' <Predicate = true> <Delay = 0.00>
ST_3 : Operation 101 [1/1] (3.72ns) (root node of TernaryAdder)   --->   "%add_ln188_1 = add i10 %sub_ln188_1, i10 %zext_ln185_3" [codes_lab5/HLS_sources_final/templatedFuncs.h:188]   --->   Operation 101 'add' 'add_ln188_1' <Predicate = true> <Delay = 3.72> <CoreInst = "TAddSub">   --->   Core 10 'TAddSub' <Latency = 0> <II = 1> <Delay = 1.86> <IPBlock> <Opcode : 'add' 'sub'> <InPorts = 3> <OutPorts = 1> <Sync> <CReg>
ST_3 : Operation 102 [2/2] (3.25ns)   --->   "%ifmap_0_load = load i11 %ifmap_0_addr" [codes_lab5/HLS_sources_final/templatedFuncs.h:185]   --->   Operation 102 'load' 'ifmap_0_load' <Predicate = true> <Delay = 3.25> <CoreInst = "RAM">   --->   Core 82 'RAM' <Latency = 1> <II = 1> <Delay = 3.25> <Storage> <Opcode : 'load' 'store'> <Ports = 2> <Width = 32> <Depth = 1152> <RAM>
ST_3 : Operation 103 [2/2] (3.25ns)   --->   "%ifmap_1_load = load i11 %ifmap_1_addr" [codes_lab5/HLS_sources_final/templatedFuncs.h:185]   --->   Operation 103 'load' 'ifmap_1_load' <Predicate = true> <Delay = 3.25> <CoreInst = "RAM">   --->   Core 82 'RAM' <Latency = 1> <II = 1> <Delay = 3.25> <Storage> <Opcode : 'load' 'store'> <Ports = 2> <Width = 32> <Depth = 1152> <RAM>
ST_3 : Operation 104 [2/2] (3.25ns)   --->   "%ifmap_0_load_1 = load i11 %ifmap_0_addr_1" [codes_lab5/HLS_sources_final/templatedFuncs.h:186]   --->   Operation 104 'load' 'ifmap_0_load_1' <Predicate = true> <Delay = 3.25> <CoreInst = "RAM">   --->   Core 82 'RAM' <Latency = 1> <II = 1> <Delay = 3.25> <Storage> <Opcode : 'load' 'store'> <Ports = 2> <Width = 32> <Depth = 1152> <RAM>
ST_3 : Operation 105 [2/2] (3.25ns)   --->   "%ifmap_1_load_1 = load i11 %ifmap_1_addr_1" [codes_lab5/HLS_sources_final/templatedFuncs.h:186]   --->   Operation 105 'load' 'ifmap_1_load_1' <Predicate = true> <Delay = 3.25> <CoreInst = "RAM">   --->   Core 82 'RAM' <Latency = 1> <II = 1> <Delay = 3.25> <Storage> <Opcode : 'load' 'store'> <Ports = 2> <Width = 32> <Depth = 1152> <RAM>

State 4 <SV = 3> <Delay = 3.25>
ST_4 : Operation 106 [1/2] (3.25ns)   --->   "%ifmap_0_load = load i11 %ifmap_0_addr" [codes_lab5/HLS_sources_final/templatedFuncs.h:185]   --->   Operation 106 'load' 'ifmap_0_load' <Predicate = true> <Delay = 3.25> <CoreInst = "RAM">   --->   Core 82 'RAM' <Latency = 1> <II = 1> <Delay = 3.25> <Storage> <Opcode : 'load' 'store'> <Ports = 2> <Width = 32> <Depth = 1152> <RAM>
ST_4 : Operation 107 [1/2] (3.25ns)   --->   "%ifmap_1_load = load i11 %ifmap_1_addr" [codes_lab5/HLS_sources_final/templatedFuncs.h:185]   --->   Operation 107 'load' 'ifmap_1_load' <Predicate = true> <Delay = 3.25> <CoreInst = "RAM">   --->   Core 82 'RAM' <Latency = 1> <II = 1> <Delay = 3.25> <Storage> <Opcode : 'load' 'store'> <Ports = 2> <Width = 32> <Depth = 1152> <RAM>
ST_4 : Operation 108 [1/2] (3.25ns)   --->   "%ifmap_0_load_1 = load i11 %ifmap_0_addr_1" [codes_lab5/HLS_sources_final/templatedFuncs.h:186]   --->   Operation 108 'load' 'ifmap_0_load_1' <Predicate = true> <Delay = 3.25> <CoreInst = "RAM">   --->   Core 82 'RAM' <Latency = 1> <II = 1> <Delay = 3.25> <Storage> <Opcode : 'load' 'store'> <Ports = 2> <Width = 32> <Depth = 1152> <RAM>
ST_4 : Operation 109 [1/2] (3.25ns)   --->   "%ifmap_1_load_1 = load i11 %ifmap_1_addr_1" [codes_lab5/HLS_sources_final/templatedFuncs.h:186]   --->   Operation 109 'load' 'ifmap_1_load_1' <Predicate = true> <Delay = 3.25> <CoreInst = "RAM">   --->   Core 82 'RAM' <Latency = 1> <II = 1> <Delay = 3.25> <Storage> <Opcode : 'load' 'store'> <Ports = 2> <Width = 32> <Depth = 1152> <RAM>

State 5 <SV = 4> <Delay = 5.43>
ST_5 : Operation 110 [2/2] (5.43ns)   --->   "%tmp_2 = fcmp_ogt  i32 %ifmap_0_load, i32 %ifmap_1_load" [codes_lab5/HLS_sources_final/templatedFuncs.h:185]   --->   Operation 110 'fcmp' 'tmp_2' <Predicate = true> <Delay = 5.43> <CoreInst = "FCompare">   --->   Core 19 'FCompare' <Latency = 1> <II = 1> <Delay = 5.43> <FuncUnit> <Opcode : 'fcmp'> <InPorts = 2> <OutPorts = 1>
ST_5 : Operation 111 [2/2] (5.43ns)   --->   "%tmp_5 = fcmp_ogt  i32 %ifmap_0_load_1, i32 %ifmap_1_load_1" [codes_lab5/HLS_sources_final/templatedFuncs.h:186]   --->   Operation 111 'fcmp' 'tmp_5' <Predicate = true> <Delay = 5.43> <CoreInst = "FCompare">   --->   Core 19 'FCompare' <Latency = 1> <II = 1> <Delay = 5.43> <FuncUnit> <Opcode : 'fcmp'> <InPorts = 2> <OutPorts = 1>

State 6 <SV = 5> <Delay = 7.10>
ST_6 : Operation 112 [1/1] (0.00ns)   --->   "%bitcast_ln185 = bitcast i32 %ifmap_0_load" [codes_lab5/HLS_sources_final/templatedFuncs.h:185]   --->   Operation 112 'bitcast' 'bitcast_ln185' <Predicate = true> <Delay = 0.00>
ST_6 : Operation 113 [1/1] (0.00ns)   --->   "%tmp = partselect i8 @_ssdm_op_PartSelect.i8.i32.i32.i32, i32 %bitcast_ln185, i32 23, i32 30" [codes_lab5/HLS_sources_final/templatedFuncs.h:185]   --->   Operation 113 'partselect' 'tmp' <Predicate = true> <Delay = 0.00>
ST_6 : Operation 114 [1/1] (0.00ns)   --->   "%trunc_ln185_2 = trunc i32 %bitcast_ln185" [codes_lab5/HLS_sources_final/templatedFuncs.h:185]   --->   Operation 114 'trunc' 'trunc_ln185_2' <Predicate = true> <Delay = 0.00>
ST_6 : Operation 115 [1/1] (0.00ns)   --->   "%bitcast_ln185_1 = bitcast i32 %ifmap_1_load" [codes_lab5/HLS_sources_final/templatedFuncs.h:185]   --->   Operation 115 'bitcast' 'bitcast_ln185_1' <Predicate = true> <Delay = 0.00>
ST_6 : Operation 116 [1/1] (0.00ns)   --->   "%tmp_1 = partselect i8 @_ssdm_op_PartSelect.i8.i32.i32.i32, i32 %bitcast_ln185_1, i32 23, i32 30" [codes_lab5/HLS_sources_final/templatedFuncs.h:185]   --->   Operation 116 'partselect' 'tmp_1' <Predicate = true> <Delay = 0.00>
ST_6 : Operation 117 [1/1] (0.00ns)   --->   "%trunc_ln185_3 = trunc i32 %bitcast_ln185_1" [codes_lab5/HLS_sources_final/templatedFuncs.h:185]   --->   Operation 117 'trunc' 'trunc_ln185_3' <Predicate = true> <Delay = 0.00>
ST_6 : Operation 118 [1/1] (1.55ns)   --->   "%icmp_ln185 = icmp_ne  i8 %tmp, i8 255" [codes_lab5/HLS_sources_final/templatedFuncs.h:185]   --->   Operation 118 'icmp' 'icmp_ln185' <Predicate = true> <Delay = 1.55> <CoreInst = "Cmp">   --->   Core 9 'Cmp' <Latency = 0> <II = 1> <Delay = 1.55> <FuncUnit> <Opcode : 'icmp'> <InPorts = 2> <OutPorts = 1>
ST_6 : Operation 119 [1/1] (2.44ns)   --->   "%icmp_ln185_1 = icmp_eq  i23 %trunc_ln185_2, i23 0" [codes_lab5/HLS_sources_final/templatedFuncs.h:185]   --->   Operation 119 'icmp' 'icmp_ln185_1' <Predicate = true> <Delay = 2.44> <CoreInst = "Cmp">   --->   Core 9 'Cmp' <Latency = 0> <II = 1> <Delay = 2.44> <FuncUnit> <Opcode : 'icmp'> <InPorts = 2> <OutPorts = 1>
ST_6 : Operation 120 [1/1] (0.00ns) (grouped into LUT with out node and_ln185_1)   --->   "%or_ln185 = or i1 %icmp_ln185_1, i1 %icmp_ln185" [codes_lab5/HLS_sources_final/templatedFuncs.h:185]   --->   Operation 120 'or' 'or_ln185' <Predicate = true> <Delay = 0.00> <CoreInst = "LogicGate">   --->   Core 74 'LogicGate' <Latency = 0> <II = 1> <Delay = 0.97> <FuncUnit> <Opcode : 'and' 'or' 'xor'> <InPorts = 2> <OutPorts = 1>
ST_6 : Operation 121 [1/1] (1.55ns)   --->   "%icmp_ln185_2 = icmp_ne  i8 %tmp_1, i8 255" [codes_lab5/HLS_sources_final/templatedFuncs.h:185]   --->   Operation 121 'icmp' 'icmp_ln185_2' <Predicate = true> <Delay = 1.55> <CoreInst = "Cmp">   --->   Core 9 'Cmp' <Latency = 0> <II = 1> <Delay = 1.55> <FuncUnit> <Opcode : 'icmp'> <InPorts = 2> <OutPorts = 1>
ST_6 : Operation 122 [1/1] (2.44ns)   --->   "%icmp_ln185_3 = icmp_eq  i23 %trunc_ln185_3, i23 0" [codes_lab5/HLS_sources_final/templatedFuncs.h:185]   --->   Operation 122 'icmp' 'icmp_ln185_3' <Predicate = true> <Delay = 2.44> <CoreInst = "Cmp">   --->   Core 9 'Cmp' <Latency = 0> <II = 1> <Delay = 2.44> <FuncUnit> <Opcode : 'icmp'> <InPorts = 2> <OutPorts = 1>
ST_6 : Operation 123 [1/1] (0.00ns) (grouped into LUT with out node and_ln185_1)   --->   "%or_ln185_1 = or i1 %icmp_ln185_3, i1 %icmp_ln185_2" [codes_lab5/HLS_sources_final/templatedFuncs.h:185]   --->   Operation 123 'or' 'or_ln185_1' <Predicate = true> <Delay = 0.00> <CoreInst = "LogicGate">   --->   Core 74 'LogicGate' <Latency = 0> <II = 1> <Delay = 0.97> <FuncUnit> <Opcode : 'and' 'or' 'xor'> <InPorts = 2> <OutPorts = 1>
ST_6 : Operation 124 [1/1] (0.00ns) (grouped into LUT with out node and_ln185_1)   --->   "%and_ln185 = and i1 %or_ln185, i1 %or_ln185_1" [codes_lab5/HLS_sources_final/templatedFuncs.h:185]   --->   Operation 124 'and' 'and_ln185' <Predicate = true> <Delay = 0.00> <CoreInst = "LogicGate">   --->   Core 74 'LogicGate' <Latency = 0> <II = 1> <Delay = 0.97> <FuncUnit> <Opcode : 'and' 'or' 'xor'> <InPorts = 2> <OutPorts = 1>
ST_6 : Operation 125 [1/2] (5.43ns)   --->   "%tmp_2 = fcmp_ogt  i32 %ifmap_0_load, i32 %ifmap_1_load" [codes_lab5/HLS_sources_final/templatedFuncs.h:185]   --->   Operation 125 'fcmp' 'tmp_2' <Predicate = true> <Delay = 5.43> <CoreInst = "FCompare">   --->   Core 19 'FCompare' <Latency = 1> <II = 1> <Delay = 5.43> <FuncUnit> <Opcode : 'fcmp'> <InPorts = 2> <OutPorts = 1>
ST_6 : Operation 126 [1/1] (0.97ns) (out node of the LUT)   --->   "%and_ln185_1 = and i1 %and_ln185, i1 %tmp_2" [codes_lab5/HLS_sources_final/templatedFuncs.h:185]   --->   Operation 126 'and' 'and_ln185_1' <Predicate = true> <Delay = 0.97> <CoreInst = "LogicGate">   --->   Core 74 'LogicGate' <Latency = 0> <II = 1> <Delay = 0.97> <FuncUnit> <Opcode : 'and' 'or' 'xor'> <InPorts = 2> <OutPorts = 1>
ST_6 : Operation 127 [1/1] (0.69ns) (out node of the LUT)   --->   "%max_0 = select i1 %and_ln185_1, i32 %ifmap_0_load, i32 %ifmap_1_load" [codes_lab5/HLS_sources_final/templatedFuncs.h:185]   --->   Operation 127 'select' 'max_0' <Predicate = true> <Delay = 0.69> <CoreInst = "Sel">   --->   Core 73 'Sel' <Latency = 0> <II = 1> <Delay = 0.69> <FuncUnit> <Opcode : 'select'> <InPorts = 3> <OutPorts = 1>
ST_6 : Operation 128 [1/1] (0.00ns)   --->   "%bitcast_ln186 = bitcast i32 %ifmap_0_load_1" [codes_lab5/HLS_sources_final/templatedFuncs.h:186]   --->   Operation 128 'bitcast' 'bitcast_ln186' <Predicate = true> <Delay = 0.00>
ST_6 : Operation 129 [1/1] (0.00ns)   --->   "%tmp_3 = partselect i8 @_ssdm_op_PartSelect.i8.i32.i32.i32, i32 %bitcast_ln186, i32 23, i32 30" [codes_lab5/HLS_sources_final/templatedFuncs.h:186]   --->   Operation 129 'partselect' 'tmp_3' <Predicate = true> <Delay = 0.00>
ST_6 : Operation 130 [1/1] (0.00ns)   --->   "%trunc_ln186_2 = trunc i32 %bitcast_ln186" [codes_lab5/HLS_sources_final/templatedFuncs.h:186]   --->   Operation 130 'trunc' 'trunc_ln186_2' <Predicate = true> <Delay = 0.00>
ST_6 : Operation 131 [1/1] (0.00ns)   --->   "%bitcast_ln186_1 = bitcast i32 %ifmap_1_load_1" [codes_lab5/HLS_sources_final/templatedFuncs.h:186]   --->   Operation 131 'bitcast' 'bitcast_ln186_1' <Predicate = true> <Delay = 0.00>
ST_6 : Operation 132 [1/1] (0.00ns)   --->   "%tmp_4 = partselect i8 @_ssdm_op_PartSelect.i8.i32.i32.i32, i32 %bitcast_ln186_1, i32 23, i32 30" [codes_lab5/HLS_sources_final/templatedFuncs.h:186]   --->   Operation 132 'partselect' 'tmp_4' <Predicate = true> <Delay = 0.00>
ST_6 : Operation 133 [1/1] (0.00ns)   --->   "%trunc_ln186_3 = trunc i32 %bitcast_ln186_1" [codes_lab5/HLS_sources_final/templatedFuncs.h:186]   --->   Operation 133 'trunc' 'trunc_ln186_3' <Predicate = true> <Delay = 0.00>
ST_6 : Operation 134 [1/1] (1.55ns)   --->   "%icmp_ln186 = icmp_ne  i8 %tmp_3, i8 255" [codes_lab5/HLS_sources_final/templatedFuncs.h:186]   --->   Operation 134 'icmp' 'icmp_ln186' <Predicate = true> <Delay = 1.55> <CoreInst = "Cmp">   --->   Core 9 'Cmp' <Latency = 0> <II = 1> <Delay = 1.55> <FuncUnit> <Opcode : 'icmp'> <InPorts = 2> <OutPorts = 1>
ST_6 : Operation 135 [1/1] (2.44ns)   --->   "%icmp_ln186_1 = icmp_eq  i23 %trunc_ln186_2, i23 0" [codes_lab5/HLS_sources_final/templatedFuncs.h:186]   --->   Operation 135 'icmp' 'icmp_ln186_1' <Predicate = true> <Delay = 2.44> <CoreInst = "Cmp">   --->   Core 9 'Cmp' <Latency = 0> <II = 1> <Delay = 2.44> <FuncUnit> <Opcode : 'icmp'> <InPorts = 2> <OutPorts = 1>
ST_6 : Operation 136 [1/1] (0.00ns) (grouped into LUT with out node and_ln186_1)   --->   "%or_ln186 = or i1 %icmp_ln186_1, i1 %icmp_ln186" [codes_lab5/HLS_sources_final/templatedFuncs.h:186]   --->   Operation 136 'or' 'or_ln186' <Predicate = true> <Delay = 0.00> <CoreInst = "LogicGate">   --->   Core 74 'LogicGate' <Latency = 0> <II = 1> <Delay = 0.97> <FuncUnit> <Opcode : 'and' 'or' 'xor'> <InPorts = 2> <OutPorts = 1>
ST_6 : Operation 137 [1/1] (1.55ns)   --->   "%icmp_ln186_2 = icmp_ne  i8 %tmp_4, i8 255" [codes_lab5/HLS_sources_final/templatedFuncs.h:186]   --->   Operation 137 'icmp' 'icmp_ln186_2' <Predicate = true> <Delay = 1.55> <CoreInst = "Cmp">   --->   Core 9 'Cmp' <Latency = 0> <II = 1> <Delay = 1.55> <FuncUnit> <Opcode : 'icmp'> <InPorts = 2> <OutPorts = 1>
ST_6 : Operation 138 [1/1] (2.44ns)   --->   "%icmp_ln186_3 = icmp_eq  i23 %trunc_ln186_3, i23 0" [codes_lab5/HLS_sources_final/templatedFuncs.h:186]   --->   Operation 138 'icmp' 'icmp_ln186_3' <Predicate = true> <Delay = 2.44> <CoreInst = "Cmp">   --->   Core 9 'Cmp' <Latency = 0> <II = 1> <Delay = 2.44> <FuncUnit> <Opcode : 'icmp'> <InPorts = 2> <OutPorts = 1>
ST_6 : Operation 139 [1/1] (0.00ns) (grouped into LUT with out node and_ln186_1)   --->   "%or_ln186_1 = or i1 %icmp_ln186_3, i1 %icmp_ln186_2" [codes_lab5/HLS_sources_final/templatedFuncs.h:186]   --->   Operation 139 'or' 'or_ln186_1' <Predicate = true> <Delay = 0.00> <CoreInst = "LogicGate">   --->   Core 74 'LogicGate' <Latency = 0> <II = 1> <Delay = 0.97> <FuncUnit> <Opcode : 'and' 'or' 'xor'> <InPorts = 2> <OutPorts = 1>
ST_6 : Operation 140 [1/1] (0.00ns) (grouped into LUT with out node and_ln186_1)   --->   "%and_ln186 = and i1 %or_ln186, i1 %or_ln186_1" [codes_lab5/HLS_sources_final/templatedFuncs.h:186]   --->   Operation 140 'and' 'and_ln186' <Predicate = true> <Delay = 0.00> <CoreInst = "LogicGate">   --->   Core 74 'LogicGate' <Latency = 0> <II = 1> <Delay = 0.97> <FuncUnit> <Opcode : 'and' 'or' 'xor'> <InPorts = 2> <OutPorts = 1>
ST_6 : Operation 141 [1/2] (5.43ns)   --->   "%tmp_5 = fcmp_ogt  i32 %ifmap_0_load_1, i32 %ifmap_1_load_1" [codes_lab5/HLS_sources_final/templatedFuncs.h:186]   --->   Operation 141 'fcmp' 'tmp_5' <Predicate = true> <Delay = 5.43> <CoreInst = "FCompare">   --->   Core 19 'FCompare' <Latency = 1> <II = 1> <Delay = 5.43> <FuncUnit> <Opcode : 'fcmp'> <InPorts = 2> <OutPorts = 1>
ST_6 : Operation 142 [1/1] (0.97ns) (out node of the LUT)   --->   "%and_ln186_1 = and i1 %and_ln186, i1 %tmp_5" [codes_lab5/HLS_sources_final/templatedFuncs.h:186]   --->   Operation 142 'and' 'and_ln186_1' <Predicate = true> <Delay = 0.97> <CoreInst = "LogicGate">   --->   Core 74 'LogicGate' <Latency = 0> <II = 1> <Delay = 0.97> <FuncUnit> <Opcode : 'and' 'or' 'xor'> <InPorts = 2> <OutPorts = 1>
ST_6 : Operation 143 [1/1] (0.69ns) (out node of the LUT)   --->   "%max_1 = select i1 %and_ln186_1, i32 %ifmap_0_load_1, i32 %ifmap_1_load_1" [codes_lab5/HLS_sources_final/templatedFuncs.h:186]   --->   Operation 143 'select' 'max_1' <Predicate = true> <Delay = 0.69> <CoreInst = "Sel">   --->   Core 73 'Sel' <Latency = 0> <II = 1> <Delay = 0.69> <FuncUnit> <Opcode : 'select'> <InPorts = 3> <OutPorts = 1>

State 7 <SV = 6> <Delay = 5.43>
ST_7 : Operation 144 [2/2] (5.43ns)   --->   "%tmp_8 = fcmp_ogt  i32 %max_0, i32 %max_1" [codes_lab5/HLS_sources_final/templatedFuncs.h:188]   --->   Operation 144 'fcmp' 'tmp_8' <Predicate = true> <Delay = 5.43> <CoreInst = "FCompare">   --->   Core 19 'FCompare' <Latency = 1> <II = 1> <Delay = 5.43> <FuncUnit> <Opcode : 'fcmp'> <InPorts = 2> <OutPorts = 1>

State 8 <SV = 7> <Delay = 7.10>
ST_8 : Operation 145 [1/1] (0.00ns)   --->   "%bitcast_ln188 = bitcast i32 %max_0" [codes_lab5/HLS_sources_final/templatedFuncs.h:188]   --->   Operation 145 'bitcast' 'bitcast_ln188' <Predicate = true> <Delay = 0.00>
ST_8 : Operation 146 [1/1] (0.00ns)   --->   "%tmp_6 = partselect i8 @_ssdm_op_PartSelect.i8.i32.i32.i32, i32 %bitcast_ln188, i32 23, i32 30" [codes_lab5/HLS_sources_final/templatedFuncs.h:188]   --->   Operation 146 'partselect' 'tmp_6' <Predicate = true> <Delay = 0.00>
ST_8 : Operation 147 [1/1] (0.00ns)   --->   "%trunc_ln188_2 = trunc i32 %bitcast_ln188" [codes_lab5/HLS_sources_final/templatedFuncs.h:188]   --->   Operation 147 'trunc' 'trunc_ln188_2' <Predicate = true> <Delay = 0.00>
ST_8 : Operation 148 [1/1] (0.00ns)   --->   "%bitcast_ln188_1 = bitcast i32 %max_1" [codes_lab5/HLS_sources_final/templatedFuncs.h:188]   --->   Operation 148 'bitcast' 'bitcast_ln188_1' <Predicate = true> <Delay = 0.00>
ST_8 : Operation 149 [1/1] (0.00ns)   --->   "%tmp_7 = partselect i8 @_ssdm_op_PartSelect.i8.i32.i32.i32, i32 %bitcast_ln188_1, i32 23, i32 30" [codes_lab5/HLS_sources_final/templatedFuncs.h:188]   --->   Operation 149 'partselect' 'tmp_7' <Predicate = true> <Delay = 0.00>
ST_8 : Operation 150 [1/1] (0.00ns)   --->   "%trunc_ln188_3 = trunc i32 %bitcast_ln188_1" [codes_lab5/HLS_sources_final/templatedFuncs.h:188]   --->   Operation 150 'trunc' 'trunc_ln188_3' <Predicate = true> <Delay = 0.00>
ST_8 : Operation 151 [1/1] (1.55ns)   --->   "%icmp_ln188 = icmp_ne  i8 %tmp_6, i8 255" [codes_lab5/HLS_sources_final/templatedFuncs.h:188]   --->   Operation 151 'icmp' 'icmp_ln188' <Predicate = true> <Delay = 1.55> <CoreInst = "Cmp">   --->   Core 9 'Cmp' <Latency = 0> <II = 1> <Delay = 1.55> <FuncUnit> <Opcode : 'icmp'> <InPorts = 2> <OutPorts = 1>
ST_8 : Operation 152 [1/1] (2.44ns)   --->   "%icmp_ln188_1 = icmp_eq  i23 %trunc_ln188_2, i23 0" [codes_lab5/HLS_sources_final/templatedFuncs.h:188]   --->   Operation 152 'icmp' 'icmp_ln188_1' <Predicate = true> <Delay = 2.44> <CoreInst = "Cmp">   --->   Core 9 'Cmp' <Latency = 0> <II = 1> <Delay = 2.44> <FuncUnit> <Opcode : 'icmp'> <InPorts = 2> <OutPorts = 1>
ST_8 : Operation 153 [1/1] (0.00ns) (grouped into LUT with out node and_ln188_1)   --->   "%or_ln188 = or i1 %icmp_ln188_1, i1 %icmp_ln188" [codes_lab5/HLS_sources_final/templatedFuncs.h:188]   --->   Operation 153 'or' 'or_ln188' <Predicate = true> <Delay = 0.00> <CoreInst = "LogicGate">   --->   Core 74 'LogicGate' <Latency = 0> <II = 1> <Delay = 0.97> <FuncUnit> <Opcode : 'and' 'or' 'xor'> <InPorts = 2> <OutPorts = 1>
ST_8 : Operation 154 [1/1] (1.55ns)   --->   "%icmp_ln188_2 = icmp_ne  i8 %tmp_7, i8 255" [codes_lab5/HLS_sources_final/templatedFuncs.h:188]   --->   Operation 154 'icmp' 'icmp_ln188_2' <Predicate = true> <Delay = 1.55> <CoreInst = "Cmp">   --->   Core 9 'Cmp' <Latency = 0> <II = 1> <Delay = 1.55> <FuncUnit> <Opcode : 'icmp'> <InPorts = 2> <OutPorts = 1>
ST_8 : Operation 155 [1/1] (2.44ns)   --->   "%icmp_ln188_3 = icmp_eq  i23 %trunc_ln188_3, i23 0" [codes_lab5/HLS_sources_final/templatedFuncs.h:188]   --->   Operation 155 'icmp' 'icmp_ln188_3' <Predicate = true> <Delay = 2.44> <CoreInst = "Cmp">   --->   Core 9 'Cmp' <Latency = 0> <II = 1> <Delay = 2.44> <FuncUnit> <Opcode : 'icmp'> <InPorts = 2> <OutPorts = 1>
ST_8 : Operation 156 [1/1] (0.00ns) (grouped into LUT with out node and_ln188_1)   --->   "%or_ln188_1 = or i1 %icmp_ln188_3, i1 %icmp_ln188_2" [codes_lab5/HLS_sources_final/templatedFuncs.h:188]   --->   Operation 156 'or' 'or_ln188_1' <Predicate = true> <Delay = 0.00> <CoreInst = "LogicGate">   --->   Core 74 'LogicGate' <Latency = 0> <II = 1> <Delay = 0.97> <FuncUnit> <Opcode : 'and' 'or' 'xor'> <InPorts = 2> <OutPorts = 1>
ST_8 : Operation 157 [1/1] (0.00ns) (grouped into LUT with out node and_ln188_1)   --->   "%and_ln188 = and i1 %or_ln188, i1 %or_ln188_1" [codes_lab5/HLS_sources_final/templatedFuncs.h:188]   --->   Operation 157 'and' 'and_ln188' <Predicate = true> <Delay = 0.00> <CoreInst = "LogicGate">   --->   Core 74 'LogicGate' <Latency = 0> <II = 1> <Delay = 0.97> <FuncUnit> <Opcode : 'and' 'or' 'xor'> <InPorts = 2> <OutPorts = 1>
ST_8 : Operation 158 [1/2] (5.43ns)   --->   "%tmp_8 = fcmp_ogt  i32 %max_0, i32 %max_1" [codes_lab5/HLS_sources_final/templatedFuncs.h:188]   --->   Operation 158 'fcmp' 'tmp_8' <Predicate = true> <Delay = 5.43> <CoreInst = "FCompare">   --->   Core 19 'FCompare' <Latency = 1> <II = 1> <Delay = 5.43> <FuncUnit> <Opcode : 'fcmp'> <InPorts = 2> <OutPorts = 1>
ST_8 : Operation 159 [1/1] (0.97ns) (out node of the LUT)   --->   "%and_ln188_1 = and i1 %and_ln188, i1 %tmp_8" [codes_lab5/HLS_sources_final/templatedFuncs.h:188]   --->   Operation 159 'and' 'and_ln188_1' <Predicate = true> <Delay = 0.97> <CoreInst = "LogicGate">   --->   Core 74 'LogicGate' <Latency = 0> <II = 1> <Delay = 0.97> <FuncUnit> <Opcode : 'and' 'or' 'xor'> <InPorts = 2> <OutPorts = 1>
ST_8 : Operation 160 [1/1] (0.69ns) (out node of the LUT)   --->   "%select_ln188 = select i1 %and_ln188_1, i32 %max_0, i32 %max_1" [codes_lab5/HLS_sources_final/templatedFuncs.h:188]   --->   Operation 160 'select' 'select_ln188' <Predicate = true> <Delay = 0.69> <CoreInst = "Sel">   --->   Core 73 'Sel' <Latency = 0> <II = 1> <Delay = 0.69> <FuncUnit> <Opcode : 'select'> <InPorts = 3> <OutPorts = 1>
ST_8 : Operation 170 [1/1] (0.00ns)   --->   "%ret_ln193 = ret" [codes_lab5/HLS_sources_final/templatedFuncs.h:193]   --->   Operation 170 'ret' 'ret_ln193' <Predicate = (icmp_ln181)> <Delay = 0.00>

State 9 <SV = 8> <Delay = 3.25>
ST_9 : Operation 161 [1/1] (0.00ns)   --->   "%specloopname_ln0 = specloopname void @_ssdm_op_SpecLoopName, void @MP_ch_MP_r_MP_c_str"   --->   Operation 161 'specloopname' 'specloopname_ln0' <Predicate = true> <Delay = 0.00>
ST_9 : Operation 162 [1/1] (0.00ns)   --->   "%empty_23 = speclooptripcount i32 @_ssdm_op_SpecLoopTripCount, i64 576, i64 576, i64 576"   --->   Operation 162 'speclooptripcount' 'empty_23' <Predicate = true> <Delay = 0.00>
ST_9 : Operation 163 [1/1] (0.00ns)   --->   "%specloopname_ln0 = specloopname void @_ssdm_op_SpecLoopName, void @MP_r_MP_c_str"   --->   Operation 163 'specloopname' 'specloopname_ln0' <Predicate = true> <Delay = 0.00>
ST_9 : Operation 164 [1/1] (0.00ns)   --->   "%specpipeline_ln184 = specpipeline void @_ssdm_op_SpecPipeline, i32 4294967295, i32 0, i32 0, i32 0, void @empty" [codes_lab5/HLS_sources_final/templatedFuncs.h:184]   --->   Operation 164 'specpipeline' 'specpipeline_ln184' <Predicate = true> <Delay = 0.00>
ST_9 : Operation 165 [1/1] (0.00ns)   --->   "%specloopname_ln183 = specloopname void @_ssdm_op_SpecLoopName, void @empty_2" [codes_lab5/HLS_sources_final/templatedFuncs.h:183]   --->   Operation 165 'specloopname' 'specloopname_ln183' <Predicate = true> <Delay = 0.00>
ST_9 : Operation 166 [1/1] (0.00ns)   --->   "%zext_ln188_3 = zext i10 %add_ln188_1" [codes_lab5/HLS_sources_final/templatedFuncs.h:188]   --->   Operation 166 'zext' 'zext_ln188_3' <Predicate = true> <Delay = 0.00>
ST_9 : Operation 167 [1/1] (0.00ns)   --->   "%ofmap_addr = getelementptr i32 %ofmap, i64 0, i64 %zext_ln188_3" [codes_lab5/HLS_sources_final/templatedFuncs.h:188]   --->   Operation 167 'getelementptr' 'ofmap_addr' <Predicate = true> <Delay = 0.00>
ST_9 : Operation 168 [1/1] (3.25ns)   --->   "%store_ln188 = store i32 %select_ln188, i10 %ofmap_addr" [codes_lab5/HLS_sources_final/templatedFuncs.h:188]   --->   Operation 168 'store' 'store_ln188' <Predicate = true> <Delay = 3.25> <CoreInst = "RAM">   --->   Core 82 'RAM' <Latency = 1> <II = 1> <Delay = 3.25> <Storage> <Opcode : 'load' 'store'> <Ports = 2> <Width = 32> <Depth = 576> <RAM>
ST_9 : Operation 169 [1/1] (0.00ns)   --->   "%br_ln183 = br void %for.body8" [codes_lab5/HLS_sources_final/templatedFuncs.h:183]   --->   Operation 169 'br' 'br_ln183' <Predicate = true> <Delay = 0.00>


============================================================
+ Verbose Summary: Timing violations
============================================================
Target clock period: 10ns, clock uncertainty: 2.7ns.

 <State 1>: 4.75ns
The critical path consists of the following:
	'alloca' operation ('indvar_flatten') [6]  (0 ns)
	'load' operation ('indvar_flatten_load', codes_lab5/HLS_sources_final/templatedFuncs.h:182) on local variable 'indvar_flatten' [25]  (0 ns)
	'add' operation ('add_ln182_1', codes_lab5/HLS_sources_final/templatedFuncs.h:182) [149]  (1.92 ns)
	'select' operation ('select_ln182_4', codes_lab5/HLS_sources_final/templatedFuncs.h:182) [150]  (1.25 ns)
	'store' operation ('store_ln183', codes_lab5/HLS_sources_final/templatedFuncs.h:183) of variable 'select_ln182_4', codes_lab5/HLS_sources_final/templatedFuncs.h:182 on local variable 'indvar_flatten' [153]  (1.59 ns)

 <State 2>: 6.93ns
The critical path consists of the following:
	'load' operation ('ow_load', codes_lab5/HLS_sources_final/templatedFuncs.h:183) on local variable 'ow' [24]  (0 ns)
	'icmp' operation ('icmp_ln183', codes_lab5/HLS_sources_final/templatedFuncs.h:183) [48]  (1.36 ns)
	'or' operation ('or_ln181', codes_lab5/HLS_sources_final/templatedFuncs.h:181) [49]  (0.978 ns)
	'select' operation ('select_ln182', codes_lab5/HLS_sources_final/templatedFuncs.h:182) [52]  (1.22 ns)
	'add' operation ('add_ln183', codes_lab5/HLS_sources_final/templatedFuncs.h:183) [148]  (1.78 ns)
	'store' operation ('store_ln183', codes_lab5/HLS_sources_final/templatedFuncs.h:183) of variable 'add_ln183', codes_lab5/HLS_sources_final/templatedFuncs.h:183 on local variable 'ow' [155]  (1.59 ns)

 <State 3>: 7.01ns
The critical path consists of the following:
	'sub' operation ('sub_ln185_1', codes_lab5/HLS_sources_final/templatedFuncs.h:185) [60]  (0 ns)
	'add' operation ('add_ln185_1', codes_lab5/HLS_sources_final/templatedFuncs.h:185) [84]  (3.76 ns)
	'getelementptr' operation ('ifmap_0_addr', codes_lab5/HLS_sources_final/templatedFuncs.h:185) [86]  (0 ns)
	'load' operation ('ifmap_0_load', codes_lab5/HLS_sources_final/templatedFuncs.h:185) on array 'ifmap_0' [95]  (3.25 ns)

 <State 4>: 3.25ns
The critical path consists of the following:
	'load' operation ('ifmap_0_load', codes_lab5/HLS_sources_final/templatedFuncs.h:185) on array 'ifmap_0' [95]  (3.25 ns)

 <State 5>: 5.43ns
The critical path consists of the following:
	'fcmp' operation ('tmp_2', codes_lab5/HLS_sources_final/templatedFuncs.h:185) [110]  (5.43 ns)

 <State 6>: 7.11ns
The critical path consists of the following:
	'fcmp' operation ('tmp_2', codes_lab5/HLS_sources_final/templatedFuncs.h:185) [110]  (5.43 ns)
	'and' operation ('and_ln185_1', codes_lab5/HLS_sources_final/templatedFuncs.h:185) [111]  (0.978 ns)
	'select' operation ('max_0', codes_lab5/HLS_sources_final/templatedFuncs.h:185) [112]  (0.698 ns)

 <State 7>: 5.43ns
The critical path consists of the following:
	'fcmp' operation ('tmp_8', codes_lab5/HLS_sources_final/templatedFuncs.h:188) [144]  (5.43 ns)

 <State 8>: 7.11ns
The critical path consists of the following:
	'fcmp' operation ('tmp_8', codes_lab5/HLS_sources_final/templatedFuncs.h:188) [144]  (5.43 ns)
	'and' operation ('and_ln188_1', codes_lab5/HLS_sources_final/templatedFuncs.h:188) [145]  (0.978 ns)
	'select' operation ('select_ln188', codes_lab5/HLS_sources_final/templatedFuncs.h:188) [146]  (0.698 ns)

 <State 9>: 3.25ns
The critical path consists of the following:
	'getelementptr' operation ('ofmap_addr', codes_lab5/HLS_sources_final/templatedFuncs.h:188) [94]  (0 ns)
	'store' operation ('store_ln188', codes_lab5/HLS_sources_final/templatedFuncs.h:188) of variable 'select_ln188', codes_lab5/HLS_sources_final/templatedFuncs.h:188 on array 'ofmap' [147]  (3.25 ns)


============================================================
+ Verbose Summary: Binding
============================================================
N/A
* FSMD analyzer results:
  - Output states:
 - Input state : 
  - Chain level:
	State 1
	State 2
	State 3
	State 4
	State 5
	State 6
	State 7
	State 8
	State 9


============================================================
+ Verbose Summary: Datapath Resource usage 
============================================================
N/A
