

================================================================
== Vitis HLS Report for 'read_input'
================================================================
* Date:           Thu Dec 25 15:19:35 2025

* Version:        2022.1 (Build 3526262 on Mon Apr 18 15:48:16 MDT 2022)
* Project:        Day_5_final_boss
* Solution:       sol5 (Vivado IP Flow Target)
* Product family: zynq
* Target device:  xc7z020-clg400-1


================================================================
== Performance Estimates
================================================================
+ Timing: 
    * Summary: 
    +--------+----------+----------+------------+
    |  Clock |  Target  | Estimated| Uncertainty|
    +--------+----------+----------+------------+
    |ap_clk  |  10.00 ns|  6.982 ns|     2.70 ns|
    +--------+----------+----------+------------+

+ Latency: 
    * Summary: 
    +---------+---------+----------+----------+-----+-----+---------+
    |  Latency (cycles) |  Latency (absolute) |  Interval | Pipeline|
    |   min   |   max   |    min   |    max   | min | max |   Type  |
    +---------+---------+----------+----------+-----+-----+---------+
    |      786|      786|  7.860 us|  7.860 us|  786|  786|       no|
    +---------+---------+----------+----------+-----+-----+---------+

    + Detail: 
        * Instance: 
        N/A

        * Loop: 
        +-----------------------------+---------+---------+----------+-----------+-----------+------+----------+
        |                             |  Latency (cycles) | Iteration|  Initiation Interval  | Trip |          |
        |          Loop Name          |   min   |   max   |  Latency |  achieved |   target  | Count| Pipelined|
        +-----------------------------+---------+---------+----------+-----------+-----------+------+----------+
        |- readLoop_row_readLoop_col  |      784|      784|         2|          1|          1|   784|       yes|
        +-----------------------------+---------+---------+----------+-----------+-----------+------+----------+



================================================================
== Utilization Estimates
================================================================
* Summary: 
+-----------------+---------+-----+--------+-------+-----+
|       Name      | BRAM_18K| DSP |   FF   |  LUT  | URAM|
+-----------------+---------+-----+--------+-------+-----+
|DSP              |        -|    -|       -|      -|    -|
|Expression       |        -|    -|       0|     97|    -|
|FIFO             |        -|    -|       -|      -|    -|
|Instance         |        -|    -|       -|      -|    -|
|Memory           |        -|    -|       -|      -|    -|
|Multiplexer      |        -|    -|       -|     81|    -|
|Register         |        -|    -|      65|      -|    -|
+-----------------+---------+-----+--------+-------+-----+
|Total            |        0|    0|      65|    178|    0|
+-----------------+---------+-----+--------+-------+-----+
|Available        |      280|  220|  106400|  53200|    0|
+-----------------+---------+-----+--------+-------+-----+
|Utilization (%)  |        0|    0|      ~0|     ~0|    0|
+-----------------+---------+-----+--------+-------+-----+

+ Detail: 
    * Instance: 
    N/A

    * DSP: 
    N/A

    * Memory: 
    N/A

    * FIFO: 
    N/A

    * Expression: 
    +----------------------------------+----------+----+---+----+------------+------------+
    |           Variable Name          | Operation| DSP| FF| LUT| Bitwidth P0| Bitwidth P1|
    +----------------------------------+----------+----+---+----+------------+------------+
    |add_ln11_fu_211_p2                |         +|   0|  0|  10|          10|          10|
    |add_ln7_1_fu_119_p2               |         +|   0|  0|  13|          10|           1|
    |add_ln7_fu_131_p2                 |         +|   0|  0|  13|           5|           1|
    |add_ln8_fu_163_p2                 |         +|   0|  0|  13|           5|           1|
    |sub_ln11_fu_202_p2                |         -|   0|  0|  10|          10|          10|
    |ap_condition_101                  |       and|   0|  0|   2|           1|           1|
    |icmp_ln7_fu_113_p2                |      icmp|   0|  0|  11|          10|           9|
    |icmp_ln8_fu_137_p2                |      icmp|   0|  0|   9|           5|           4|
    |ap_block_pp0_stage0_11001         |        or|   0|  0|   2|           1|           1|
    |ap_block_state1_pp0_stage0_iter0  |        or|   0|  0|   2|           1|           1|
    |select_ln7_1_fu_151_p3            |    select|   0|  0|   5|           1|           5|
    |select_ln7_fu_143_p3              |    select|   0|  0|   5|           1|           1|
    |ap_enable_pp0                     |       xor|   0|  0|   2|           1|           2|
    +----------------------------------+----------+----+---+----+------------+------------+
    |Total                             |          |   0|  0|  97|          61|          47|
    +----------------------------------+----------+----+---+----+------------+------------+

    * Multiplexer: 
    +--------------------------------------+----+-----------+-----+-----------+
    |                 Name                 | LUT| Input Size| Bits| Total Bits|
    +--------------------------------------+----+-----------+-----+-----------+
    |ap_done_int                           |   9|          2|    1|          2|
    |ap_enable_reg_pp0_iter1               |   9|          2|    1|          2|
    |ap_sig_allocacmp_i_c_load             |   9|          2|    5|         10|
    |ap_sig_allocacmp_i_r_load             |   9|          2|    5|         10|
    |ap_sig_allocacmp_indvar_flatten_load  |   9|          2|   10|         20|
    |i_c_fu_58                             |   9|          2|    5|         10|
    |i_r_fu_62                             |   9|          2|    5|         10|
    |indvar_flatten_fu_66                  |   9|          2|   10|         20|
    |inputPort_TDATA_blk_n                 |   9|          2|    1|          2|
    +--------------------------------------+----+-----------+-----+-----------+
    |Total                                 |  81|         18|   43|         86|
    +--------------------------------------+----+-----------+-----+-----------+

    * Register: 
    +-------------------------+----+----+-----+-----------+
    |           Name          | FF | LUT| Bits| Const Bits|
    +-------------------------+----+----+-----+-----------+
    |ap_CS_fsm                |   1|   0|    1|          0|
    |ap_done_reg              |   1|   0|    1|          0|
    |ap_enable_reg_pp0_iter1  |   1|   0|    1|          0|
    |i_c_fu_58                |   5|   0|    5|          0|
    |i_r_fu_62                |   5|   0|    5|          0|
    |indvar_flatten_fu_66     |  10|   0|   10|          0|
    |p_0_reg_261              |  32|   0|   32|          0|
    |select_ln7_1_reg_255     |   5|   0|    5|          0|
    |select_ln7_reg_250       |   5|   0|    5|          0|
    +-------------------------+----+----+-----+-----------+
    |Total                    |  65|   0|   65|          0|
    +-------------------------+----+----+-----+-----------+



================================================================
== Interface
================================================================
* Summary: 
+------------------+-----+-----+------------+--------------------+--------------+
|     RTL Ports    | Dir | Bits|  Protocol  |    Source Object   |    C Type    |
+------------------+-----+-----+------------+--------------------+--------------+
|ap_clk            |   in|    1|  ap_ctrl_hs|          read_input|  return value|
|ap_rst            |   in|    1|  ap_ctrl_hs|          read_input|  return value|
|ap_start          |   in|    1|  ap_ctrl_hs|          read_input|  return value|
|ap_done           |  out|    1|  ap_ctrl_hs|          read_input|  return value|
|ap_continue       |   in|    1|  ap_ctrl_hs|          read_input|  return value|
|ap_idle           |  out|    1|  ap_ctrl_hs|          read_input|  return value|
|ap_ready          |  out|    1|  ap_ctrl_hs|          read_input|  return value|
|inputPort_TVALID  |   in|    1|        axis|  inputPort_V_last_V|       pointer|
|inputPort_TREADY  |  out|    1|        axis|  inputPort_V_last_V|       pointer|
|inputPort_TLAST   |   in|    1|        axis|  inputPort_V_last_V|       pointer|
|inputPort_TDATA   |   in|   32|        axis|  inputPort_V_data_V|       pointer|
|inputPort_TKEEP   |   in|    4|        axis|  inputPort_V_keep_V|       pointer|
|inputPort_TSTRB   |   in|    4|        axis|  inputPort_V_strb_V|       pointer|
|mem1_0_address0   |  out|   10|   ap_memory|              mem1_0|         array|
|mem1_0_ce0        |  out|    1|   ap_memory|              mem1_0|         array|
|mem1_0_we0        |  out|    1|   ap_memory|              mem1_0|         array|
|mem1_0_d0         |  out|   32|   ap_memory|              mem1_0|         array|
+------------------+-----+-----+------------+--------------------+--------------+

============================================================
+ Verbose Summary: Synthesis Manager
============================================================
InlineROM: 1
ExposeGlobal: 0
============================================================
+ Verbose Summary: CDFG Model
============================================================
IsTopModel: 0
ResetActiveHigh: 1
IsCombinational: 2
IsDatapathOnly: 0
HasWiredReturn: 1
HasMFsm: 2
HasVarLatency: 1
IsPipeline: 0
IsRtlPipelined: 0
IsInstanceOverlapped: 0
IsDontTouch: 0
HasImplIP: 0
IsGatedGlobalClock: 0

+ Individual pipeline summary: 
  * Pipeline-0: initiation interval (II) = 1, depth = 2


============================================================
+ Verbose Summary: Schedule
============================================================
* Number of FSM states : 2
* Pipeline : 1
  Pipeline-0 : II = 1, D = 2, States = { 1 2 }
* Dataflow Pipeline: 0

* FSM state transitions: 
1 --> 2 
2 --> 

* FSM state operations: 

State 1 <SV = 0> <Delay = 5.94>
ST_1 : Operation 5 [1/1] (0.00ns)   --->   "%i_c = alloca i32 1"   --->   Operation 5 'alloca' 'i_c' <Predicate = true> <Delay = 0.00>
ST_1 : Operation 6 [1/1] (0.00ns)   --->   "%i_r = alloca i32 1"   --->   Operation 6 'alloca' 'i_r' <Predicate = true> <Delay = 0.00>
ST_1 : Operation 7 [1/1] (0.00ns)   --->   "%indvar_flatten = alloca i32 1"   --->   Operation 7 'alloca' 'indvar_flatten' <Predicate = true> <Delay = 0.00>
ST_1 : Operation 8 [1/1] (0.00ns)   --->   "%specinterface_ln0 = specinterface void @_ssdm_op_SpecInterface, i1 %inputPort_V_last_V, i4 %inputPort_V_strb_V, i4 %inputPort_V_keep_V, i32 %inputPort_V_data_V, void @empty_10, i32 1, i32 1, void @empty_11, i32 0, i32 0, void @empty, void @empty, void @empty, i32 0, i32 0, i32 0, i32 0, void @empty, void @empty, i32 4294967295, i32 0"   --->   Operation 8 'specinterface' 'specinterface_ln0' <Predicate = true> <Delay = 0.00>
ST_1 : Operation 9 [1/1] (1.58ns)   --->   "%store_ln7 = store i10 0, i10 %indvar_flatten" [codes_lab5/HLS_sources_final/design.cpp:7]   --->   Operation 9 'store' 'store_ln7' <Predicate = true> <Delay = 1.58>
ST_1 : Operation 10 [1/1] (1.58ns)   --->   "%store_ln7 = store i5 0, i5 %i_r" [codes_lab5/HLS_sources_final/design.cpp:7]   --->   Operation 10 'store' 'store_ln7' <Predicate = true> <Delay = 1.58>
ST_1 : Operation 11 [1/1] (1.58ns)   --->   "%store_ln7 = store i5 0, i5 %i_c" [codes_lab5/HLS_sources_final/design.cpp:7]   --->   Operation 11 'store' 'store_ln7' <Predicate = true> <Delay = 1.58>
ST_1 : Operation 12 [1/1] (0.00ns)   --->   "%br_ln7 = br void %for.inc" [codes_lab5/HLS_sources_final/design.cpp:7]   --->   Operation 12 'br' 'br_ln7' <Predicate = true> <Delay = 0.00>
ST_1 : Operation 13 [1/1] (0.00ns)   --->   "%indvar_flatten_load = load i10 %indvar_flatten" [codes_lab5/HLS_sources_final/design.cpp:7]   --->   Operation 13 'load' 'indvar_flatten_load' <Predicate = true> <Delay = 0.00>
ST_1 : Operation 14 [1/1] (1.77ns)   --->   "%icmp_ln7 = icmp_eq  i10 %indvar_flatten_load, i10 784" [codes_lab5/HLS_sources_final/design.cpp:7]   --->   Operation 14 'icmp' 'icmp_ln7' <Predicate = true> <Delay = 1.77> <CoreInst = "Cmp">   --->   Core 9 'Cmp' <Latency = 0> <II = 1> <Delay = 1.77> <FuncUnit> <Opcode : 'icmp'> <InPorts = 2> <OutPorts = 1>
ST_1 : Operation 15 [1/1] (1.73ns)   --->   "%add_ln7_1 = add i10 %indvar_flatten_load, i10 1" [codes_lab5/HLS_sources_final/design.cpp:7]   --->   Operation 15 'add' 'add_ln7_1' <Predicate = true> <Delay = 1.73> <CoreInst = "Adder">   --->   Core 1 'Adder' <Latency = 0> <II = 1> <Delay = 1.73> <FuncUnit> <Opcode : 'add' 'sub'> <InPorts = 2> <OutPorts = 1>
ST_1 : Operation 16 [1/1] (0.00ns)   --->   "%br_ln7 = br i1 %icmp_ln7, void %for.inc8, void %for.end10" [codes_lab5/HLS_sources_final/design.cpp:7]   --->   Operation 16 'br' 'br_ln7' <Predicate = true> <Delay = 0.00>
ST_1 : Operation 17 [1/1] (0.00ns)   --->   "%i_c_load = load i5 %i_c" [codes_lab5/HLS_sources_final/design.cpp:8]   --->   Operation 17 'load' 'i_c_load' <Predicate = (!icmp_ln7)> <Delay = 0.00>
ST_1 : Operation 18 [1/1] (0.00ns)   --->   "%i_r_load = load i5 %i_r" [codes_lab5/HLS_sources_final/design.cpp:7]   --->   Operation 18 'load' 'i_r_load' <Predicate = (!icmp_ln7)> <Delay = 0.00>
ST_1 : Operation 19 [1/1] (1.78ns)   --->   "%add_ln7 = add i5 %i_r_load, i5 1" [codes_lab5/HLS_sources_final/design.cpp:7]   --->   Operation 19 'add' 'add_ln7' <Predicate = (!icmp_ln7)> <Delay = 1.78> <CoreInst = "Adder">   --->   Core 1 'Adder' <Latency = 0> <II = 1> <Delay = 1.78> <FuncUnit> <Opcode : 'add' 'sub'> <InPorts = 2> <OutPorts = 1>
ST_1 : Operation 20 [1/1] (1.36ns)   --->   "%icmp_ln8 = icmp_eq  i5 %i_c_load, i5 28" [codes_lab5/HLS_sources_final/design.cpp:8]   --->   Operation 20 'icmp' 'icmp_ln8' <Predicate = (!icmp_ln7)> <Delay = 1.36> <CoreInst = "Cmp">   --->   Core 9 'Cmp' <Latency = 0> <II = 1> <Delay = 1.36> <FuncUnit> <Opcode : 'icmp'> <InPorts = 2> <OutPorts = 1>
ST_1 : Operation 21 [1/1] (1.21ns)   --->   "%select_ln7 = select i1 %icmp_ln8, i5 0, i5 %i_c_load" [codes_lab5/HLS_sources_final/design.cpp:7]   --->   Operation 21 'select' 'select_ln7' <Predicate = (!icmp_ln7)> <Delay = 1.21> <CoreInst = "Sel">   --->   Core 73 'Sel' <Latency = 0> <II = 1> <Delay = 1.21> <FuncUnit> <Opcode : 'select'> <InPorts = 3> <OutPorts = 1>
ST_1 : Operation 22 [1/1] (1.21ns)   --->   "%select_ln7_1 = select i1 %icmp_ln8, i5 %add_ln7, i5 %i_r_load" [codes_lab5/HLS_sources_final/design.cpp:7]   --->   Operation 22 'select' 'select_ln7_1' <Predicate = (!icmp_ln7)> <Delay = 1.21> <CoreInst = "Sel">   --->   Core 73 'Sel' <Latency = 0> <II = 1> <Delay = 1.21> <FuncUnit> <Opcode : 'select'> <InPorts = 3> <OutPorts = 1>
ST_1 : Operation 23 [1/1] (0.00ns)   --->   "%empty_22 = read i41 @_ssdm_op_Read.axis.volatile.i32P0A.i4P0A.i4P0A.i1P0A, i32 %inputPort_V_data_V, i4 %inputPort_V_keep_V, i4 %inputPort_V_strb_V, i1 %inputPort_V_last_V"   --->   Operation 23 'read' 'empty_22' <Predicate = (!icmp_ln7)> <Delay = 0.00> <CoreInst = "axis">   --->   Core 115 'axis' <Latency = 0> <II = 1> <Delay = 1.00> <Adapter> <Opcode : >
ST_1 : Operation 24 [1/1] (0.00ns)   --->   "%p_0 = extractvalue i41 %empty_22"   --->   Operation 24 'extractvalue' 'p_0' <Predicate = (!icmp_ln7)> <Delay = 0.00>
ST_1 : Operation 25 [1/1] (1.78ns)   --->   "%add_ln8 = add i5 %select_ln7, i5 1" [codes_lab5/HLS_sources_final/design.cpp:8]   --->   Operation 25 'add' 'add_ln8' <Predicate = (!icmp_ln7)> <Delay = 1.78> <CoreInst = "Adder">   --->   Core 1 'Adder' <Latency = 0> <II = 1> <Delay = 1.78> <FuncUnit> <Opcode : 'add' 'sub'> <InPorts = 2> <OutPorts = 1>
ST_1 : Operation 26 [1/1] (1.58ns)   --->   "%store_ln8 = store i10 %add_ln7_1, i10 %indvar_flatten" [codes_lab5/HLS_sources_final/design.cpp:8]   --->   Operation 26 'store' 'store_ln8' <Predicate = (!icmp_ln7)> <Delay = 1.58>
ST_1 : Operation 27 [1/1] (1.58ns)   --->   "%store_ln8 = store i5 %select_ln7_1, i5 %i_r" [codes_lab5/HLS_sources_final/design.cpp:8]   --->   Operation 27 'store' 'store_ln8' <Predicate = (!icmp_ln7)> <Delay = 1.58>
ST_1 : Operation 28 [1/1] (1.58ns)   --->   "%store_ln8 = store i5 %add_ln8, i5 %i_c" [codes_lab5/HLS_sources_final/design.cpp:8]   --->   Operation 28 'store' 'store_ln8' <Predicate = (!icmp_ln7)> <Delay = 1.58>
ST_1 : Operation 44 [1/1] (0.00ns)   --->   "%ret_ln14 = ret" [codes_lab5/HLS_sources_final/design.cpp:14]   --->   Operation 44 'ret' 'ret_ln14' <Predicate = (icmp_ln7)> <Delay = 0.00>

State 2 <SV = 1> <Delay = 6.98>
ST_2 : Operation 29 [1/1] (0.00ns)   --->   "%specloopname_ln0 = specloopname void @_ssdm_op_SpecLoopName, void @readLoop_row_readLoop_col_str"   --->   Operation 29 'specloopname' 'specloopname_ln0' <Predicate = true> <Delay = 0.00>
ST_2 : Operation 30 [1/1] (0.00ns)   --->   "%empty = speclooptripcount i32 @_ssdm_op_SpecLoopTripCount, i64 784, i64 784, i64 784"   --->   Operation 30 'speclooptripcount' 'empty' <Predicate = true> <Delay = 0.00>
ST_2 : Operation 31 [1/1] (0.00ns)   --->   "%tmp_1 = bitconcatenate i10 @_ssdm_op_BitConcatenate.i10.i5.i5, i5 %select_ln7_1, i5 0" [codes_lab5/HLS_sources_final/design.cpp:11]   --->   Operation 31 'bitconcatenate' 'tmp_1' <Predicate = true> <Delay = 0.00>
ST_2 : Operation 32 [1/1] (0.00ns)   --->   "%tmp_2 = bitconcatenate i7 @_ssdm_op_BitConcatenate.i7.i5.i2, i5 %select_ln7_1, i2 0" [codes_lab5/HLS_sources_final/design.cpp:11]   --->   Operation 32 'bitconcatenate' 'tmp_2' <Predicate = true> <Delay = 0.00>
ST_2 : Operation 33 [1/1] (0.00ns)   --->   "%zext_ln11 = zext i7 %tmp_2" [codes_lab5/HLS_sources_final/design.cpp:11]   --->   Operation 33 'zext' 'zext_ln11' <Predicate = true> <Delay = 0.00>
ST_2 : Operation 34 [1/1] (0.00ns) (grouped into TernaryAdder)   --->   "%sub_ln11 = sub i10 %tmp_1, i10 %zext_ln11" [codes_lab5/HLS_sources_final/design.cpp:11]   --->   Operation 34 'sub' 'sub_ln11' <Predicate = true> <Delay = 0.00> <CoreInst = "TAddSub">   --->   Core 10 'TAddSub' <Latency = 0> <II = 1> <Delay = 1.86> <IPBlock> <Opcode : 'add' 'sub'> <InPorts = 3> <OutPorts = 1> <Sync> <CReg>
ST_2 : Operation 35 [1/1] (0.00ns)   --->   "%zext_ln11_1 = zext i5 %select_ln7" [codes_lab5/HLS_sources_final/design.cpp:11]   --->   Operation 35 'zext' 'zext_ln11_1' <Predicate = true> <Delay = 0.00>
ST_2 : Operation 36 [1/1] (3.72ns) (root node of TernaryAdder)   --->   "%add_ln11 = add i10 %sub_ln11, i10 %zext_ln11_1" [codes_lab5/HLS_sources_final/design.cpp:11]   --->   Operation 36 'add' 'add_ln11' <Predicate = true> <Delay = 3.72> <CoreInst = "TAddSub">   --->   Core 10 'TAddSub' <Latency = 0> <II = 1> <Delay = 1.86> <IPBlock> <Opcode : 'add' 'sub'> <InPorts = 3> <OutPorts = 1> <Sync> <CReg>
ST_2 : Operation 37 [1/1] (0.00ns)   --->   "%zext_ln11_2 = zext i10 %add_ln11" [codes_lab5/HLS_sources_final/design.cpp:11]   --->   Operation 37 'zext' 'zext_ln11_2' <Predicate = true> <Delay = 0.00>
ST_2 : Operation 38 [1/1] (0.00ns)   --->   "%mem1_0_addr = getelementptr i32 %mem1_0, i64 0, i64 %zext_ln11_2" [codes_lab5/HLS_sources_final/design.cpp:11]   --->   Operation 38 'getelementptr' 'mem1_0_addr' <Predicate = true> <Delay = 0.00>
ST_2 : Operation 39 [1/1] (0.00ns)   --->   "%specpipeline_ln9 = specpipeline void @_ssdm_op_SpecPipeline, i32 4294967295, i32 0, i32 0, i32 0, void @empty" [codes_lab5/HLS_sources_final/design.cpp:9]   --->   Operation 39 'specpipeline' 'specpipeline_ln9' <Predicate = true> <Delay = 0.00>
ST_2 : Operation 40 [1/1] (0.00ns)   --->   "%specloopname_ln0 = specloopname void @_ssdm_op_SpecLoopName, void @empty_0"   --->   Operation 40 'specloopname' 'specloopname_ln0' <Predicate = true> <Delay = 0.00>
ST_2 : Operation 41 [1/1] (0.00ns)   --->   "%tmp = bitcast i32 %p_0"   --->   Operation 41 'bitcast' 'tmp' <Predicate = true> <Delay = 0.00>
ST_2 : Operation 42 [1/1] (3.25ns)   --->   "%store_ln11 = store i32 %tmp, i10 %mem1_0_addr" [codes_lab5/HLS_sources_final/design.cpp:11]   --->   Operation 42 'store' 'store_ln11' <Predicate = true> <Delay = 3.25> <CoreInst = "RAM">   --->   Core 82 'RAM' <Latency = 1> <II = 1> <Delay = 3.25> <Storage> <Opcode : 'load' 'store'> <Ports = 2> <Width = 32> <Depth = 784> <RAM>
ST_2 : Operation 43 [1/1] (0.00ns)   --->   "%br_ln8 = br void %for.inc" [codes_lab5/HLS_sources_final/design.cpp:8]   --->   Operation 43 'br' 'br_ln8' <Predicate = true> <Delay = 0.00>


============================================================
+ Verbose Summary: Binding
============================================================
STG Binding: 
---------------- STG Properties BEGIN ----------------
- Is combinational: 0
- Is one-state seq: 0
- Is datapath-only: 0
- Is pipelined: 0
- Is top level: 0
Port [ Return ] is wired: 1; IO mode=ap_ctrl_hs:ce=0
Port [ inputPort_V_data_V]:  wired=1; compound=1; hidden=0; nouse=0; global=0; static=0; extern=0; dir=0; type=0; pingpong=0; private_global=0; IO mode=axis:ce=0
Port [ inputPort_V_keep_V]:  wired=1; compound=1; hidden=0; nouse=0; global=0; static=0; extern=0; dir=0; type=0; pingpong=0; private_global=0; IO mode=axis:ce=0
Port [ inputPort_V_strb_V]:  wired=1; compound=1; hidden=0; nouse=0; global=0; static=0; extern=0; dir=0; type=0; pingpong=0; private_global=0; IO mode=axis:ce=0
Port [ inputPort_V_last_V]:  wired=1; compound=1; hidden=0; nouse=0; global=0; static=0; extern=0; dir=0; type=0; pingpong=0; private_global=0; IO mode=axis:ce=0
Port [ mem1_0]:  wired=1; compound=1; hidden=0; nouse=0; global=0; static=0; extern=0; dir=1; type=1; pingpong=1; private_global=0; MemPort=[03]; IO mode=ap_memory:ce=0
---------------- STG Properties END ------------------

---------------- Datapath Model BEGIN ----------------

<LifeTime>
<method=bitvector/>
i_c                 (alloca           ) [ 010]
i_r                 (alloca           ) [ 010]
indvar_flatten      (alloca           ) [ 010]
specinterface_ln0   (specinterface    ) [ 000]
store_ln7           (store            ) [ 000]
store_ln7           (store            ) [ 000]
store_ln7           (store            ) [ 000]
br_ln7              (br               ) [ 000]
indvar_flatten_load (load             ) [ 000]
icmp_ln7            (icmp             ) [ 010]
add_ln7_1           (add              ) [ 000]
br_ln7              (br               ) [ 000]
i_c_load            (load             ) [ 000]
i_r_load            (load             ) [ 000]
add_ln7             (add              ) [ 000]
icmp_ln8            (icmp             ) [ 000]
select_ln7          (select           ) [ 011]
select_ln7_1        (select           ) [ 011]
empty_22            (read             ) [ 000]
p_0                 (extractvalue     ) [ 011]
add_ln8             (add              ) [ 000]
store_ln8           (store            ) [ 000]
store_ln8           (store            ) [ 000]
store_ln8           (store            ) [ 000]
specloopname_ln0    (specloopname     ) [ 000]
empty               (speclooptripcount) [ 000]
tmp_1               (bitconcatenate   ) [ 000]
tmp_2               (bitconcatenate   ) [ 000]
zext_ln11           (zext             ) [ 000]
sub_ln11            (sub              ) [ 000]
zext_ln11_1         (zext             ) [ 000]
add_ln11            (add              ) [ 000]
zext_ln11_2         (zext             ) [ 000]
mem1_0_addr         (getelementptr    ) [ 000]
specpipeline_ln9    (specpipeline     ) [ 000]
specloopname_ln0    (specloopname     ) [ 000]
tmp                 (bitcast          ) [ 000]
store_ln11          (store            ) [ 000]
br_ln8              (br               ) [ 000]
ret_ln14            (ret              ) [ 000]
</LifeTime>

<model>

<comp_list>
<comp id="0" class="1000" name="inputPort_V_data_V">
<pin_list>
<pin id="1" dir="1" index="0" bw="1" slack="0"/>
</pin_list>
<bind>
<StgValue><ssdm name="inputPort_V_data_V"/></StgValue>
</bind>
</comp>

<comp id="2" class="1000" name="inputPort_V_keep_V">
<pin_list>
<pin id="3" dir="1" index="0" bw="1" slack="0"/>
</pin_list>
<bind>
<StgValue><ssdm name="inputPort_V_keep_V"/></StgValue>
</bind>
</comp>

<comp id="4" class="1000" name="inputPort_V_strb_V">
<pin_list>
<pin id="5" dir="1" index="0" bw="1" slack="0"/>
</pin_list>
<bind>
<StgValue><ssdm name="inputPort_V_strb_V"/></StgValue>
</bind>
</comp>

<comp id="6" class="1000" name="inputPort_V_last_V">
<pin_list>
<pin id="7" dir="1" index="0" bw="1" slack="0"/>
</pin_list>
<bind>
<StgValue><ssdm name="inputPort_V_last_V"/></StgValue>
</bind>
</comp>

<comp id="8" class="1000" name="mem1_0">
<pin_list>
<pin id="9" dir="1" index="0" bw="1" slack="0"/>
</pin_list>
<bind>
<StgValue><ssdm name="mem1_0"/><MemPortTyVec>0 3 </MemPortTyVec>
</StgValue>
</bind>
</comp>

<comp id="10" class="1001" name="const_10">
<pin_list>
<pin id="11" dir="1" index="0" bw="1" slack="0"/>
</pin_list>
<bind>
<StgValue><ssdm name=""/></StgValue>
</bind>
</comp>

<comp id="12" class="1001" name="const_12">
<pin_list>
<pin id="13" dir="1" index="0" bw="1" slack="2147483647"/>
</pin_list>
<bind>
<StgValue><ssdm name="_ssdm_op_SpecInterface"/></StgValue>
</bind>
</comp>

<comp id="14" class="1001" name="const_14">
<pin_list>
<pin id="15" dir="1" index="0" bw="1" slack="2147483647"/>
</pin_list>
<bind>
<StgValue><ssdm name="empty_10"/></StgValue>
</bind>
</comp>

<comp id="16" class="1001" name="const_16">
<pin_list>
<pin id="17" dir="1" index="0" bw="1" slack="2147483647"/>
</pin_list>
<bind>
<StgValue><ssdm name="empty_11"/></StgValue>
</bind>
</comp>

<comp id="18" class="1001" name="const_18">
<pin_list>
<pin id="19" dir="1" index="0" bw="1" slack="2147483647"/>
</pin_list>
<bind>
<StgValue><ssdm name=""/></StgValue>
</bind>
</comp>

<comp id="20" class="1001" name="const_20">
<pin_list>
<pin id="21" dir="1" index="0" bw="1" slack="2147483647"/>
</pin_list>
<bind>
<StgValue><ssdm name="empty"/></StgValue>
</bind>
</comp>

<comp id="22" class="1001" name="const_22">
<pin_list>
<pin id="23" dir="1" index="0" bw="1" slack="2147483647"/>
</pin_list>
<bind>
<StgValue><ssdm name=""/></StgValue>
</bind>
</comp>

<comp id="24" class="1001" name="const_24">
<pin_list>
<pin id="25" dir="1" index="0" bw="1" slack="0"/>
</pin_list>
<bind>
<StgValue><ssdm name=""/></StgValue>
</bind>
</comp>

<comp id="26" class="1001" name="const_26">
<pin_list>
<pin id="27" dir="1" index="0" bw="1" slack="0"/>
</pin_list>
<bind>
<StgValue><ssdm name=""/></StgValue>
</bind>
</comp>

<comp id="28" class="1001" name="const_28">
<pin_list>
<pin id="29" dir="1" index="0" bw="1" slack="0"/>
</pin_list>
<bind>
<StgValue><ssdm name=""/></StgValue>
</bind>
</comp>

<comp id="30" class="1001" name="const_30">
<pin_list>
<pin id="31" dir="1" index="0" bw="1" slack="0"/>
</pin_list>
<bind>
<StgValue><ssdm name=""/></StgValue>
</bind>
</comp>

<comp id="32" class="1001" name="const_32">
<pin_list>
<pin id="33" dir="1" index="0" bw="1" slack="0"/>
</pin_list>
<bind>
<StgValue><ssdm name=""/></StgValue>
</bind>
</comp>

<comp id="34" class="1001" name="const_34">
<pin_list>
<pin id="35" dir="1" index="0" bw="1" slack="0"/>
</pin_list>
<bind>
<StgValue><ssdm name=""/></StgValue>
</bind>
</comp>

<comp id="36" class="1001" name="const_36">
<pin_list>
<pin id="37" dir="1" index="0" bw="1" slack="0"/>
</pin_list>
<bind>
<StgValue><ssdm name="_ssdm_op_Read.axis.volatile.i32P0A.i4P0A.i4P0A.i1P0A"/></StgValue>
</bind>
</comp>

<comp id="38" class="1001" name="const_38">
<pin_list>
<pin id="39" dir="1" index="0" bw="1" slack="2147483647"/>
</pin_list>
<bind>
<StgValue><ssdm name="_ssdm_op_SpecLoopName"/></StgValue>
</bind>
</comp>

<comp id="40" class="1001" name="const_40">
<pin_list>
<pin id="41" dir="1" index="0" bw="1" slack="2147483647"/>
</pin_list>
<bind>
<StgValue><ssdm name="readLoop_row_readLoop_col_str"/></StgValue>
</bind>
</comp>

<comp id="42" class="1001" name="const_42">
<pin_list>
<pin id="43" dir="1" index="0" bw="1" slack="2147483647"/>
</pin_list>
<bind>
<StgValue><ssdm name="_ssdm_op_SpecLoopTripCount"/></StgValue>
</bind>
</comp>

<comp id="44" class="1001" name="const_44">
<pin_list>
<pin id="45" dir="1" index="0" bw="1" slack="2147483647"/>
</pin_list>
<bind>
<StgValue><ssdm name=""/></StgValue>
</bind>
</comp>

<comp id="46" class="1001" name="const_46">
<pin_list>
<pin id="47" dir="1" index="0" bw="1" slack="0"/>
</pin_list>
<bind>
<StgValue><ssdm name="_ssdm_op_BitConcatenate.i10.i5.i5"/></StgValue>
</bind>
</comp>

<comp id="48" class="1001" name="const_48">
<pin_list>
<pin id="49" dir="1" index="0" bw="1" slack="0"/>
</pin_list>
<bind>
<StgValue><ssdm name="_ssdm_op_BitConcatenate.i7.i5.i2"/></StgValue>
</bind>
</comp>

<comp id="50" class="1001" name="const_50">
<pin_list>
<pin id="51" dir="1" index="0" bw="1" slack="0"/>
</pin_list>
<bind>
<StgValue><ssdm name=""/></StgValue>
</bind>
</comp>

<comp id="52" class="1001" name="const_52">
<pin_list>
<pin id="53" dir="1" index="0" bw="1" slack="0"/>
</pin_list>
<bind>
<StgValue><ssdm name=""/></StgValue>
</bind>
</comp>

<comp id="54" class="1001" name="const_54">
<pin_list>
<pin id="55" dir="1" index="0" bw="1" slack="2147483647"/>
</pin_list>
<bind>
<StgValue><ssdm name="_ssdm_op_SpecPipeline"/></StgValue>
</bind>
</comp>

<comp id="56" class="1001" name="const_56">
<pin_list>
<pin id="57" dir="1" index="0" bw="1" slack="2147483647"/>
</pin_list>
<bind>
<StgValue><ssdm name="empty_0"/></StgValue>
</bind>
</comp>

<comp id="58" class="1004" name="i_c_fu_58">
<pin_list>
<pin id="59" dir="0" index="0" bw="1" slack="0"/>
<pin id="60" dir="1" index="1" bw="5" slack="0"/>
</pin_list>
<bind>
<opcode="alloca(26) " fcode="alloca"/>
<opset="i_c/1 "/>
</bind>
</comp>

<comp id="62" class="1004" name="i_r_fu_62">
<pin_list>
<pin id="63" dir="0" index="0" bw="1" slack="0"/>
<pin id="64" dir="1" index="1" bw="5" slack="0"/>
</pin_list>
<bind>
<opcode="alloca(26) " fcode="alloca"/>
<opset="i_r/1 "/>
</bind>
</comp>

<comp id="66" class="1004" name="indvar_flatten_fu_66">
<pin_list>
<pin id="67" dir="0" index="0" bw="1" slack="0"/>
<pin id="68" dir="1" index="1" bw="10" slack="0"/>
</pin_list>
<bind>
<opcode="alloca(26) " fcode="alloca"/>
<opset="indvar_flatten/1 "/>
</bind>
</comp>

<comp id="70" class="1004" name="empty_22_read_fu_70">
<pin_list>
<pin id="71" dir="0" index="0" bw="41" slack="0"/>
<pin id="72" dir="0" index="1" bw="32" slack="0"/>
<pin id="73" dir="0" index="2" bw="4" slack="0"/>
<pin id="74" dir="0" index="3" bw="4" slack="0"/>
<pin id="75" dir="0" index="4" bw="1" slack="0"/>
<pin id="76" dir="1" index="5" bw="41" slack="0"/>
</pin_list>
<bind>
<opcode="read(1150) " fcode="read"/>
<opset="empty_22/1 "/>
</bind>
</comp>

<comp id="82" class="1004" name="mem1_0_addr_gep_fu_82">
<pin_list>
<pin id="83" dir="0" index="0" bw="32" slack="0"/>
<pin id="84" dir="0" index="1" bw="1" slack="0"/>
<pin id="85" dir="0" index="2" bw="10" slack="0"/>
<pin id="86" dir="1" index="3" bw="10" slack="0"/>
</pin_list>
<bind>
<opcode="getelementptr(29) " fcode="getelementptr"/>
<opset="mem1_0_addr/2 "/>
</bind>
</comp>

<comp id="89" class="1004" name="store_ln11_access_fu_89">
<pin_list>
<pin id="90" dir="0" index="0" bw="10" slack="0"/>
<pin id="91" dir="0" index="1" bw="32" slack="0"/>
<pin id="92" dir="0" index="2" bw="0" slack="2147483647"/>
<pin id="93" dir="1" index="3" bw="32" slack="2147483647"/>
</pin_list>
<bind>
<opcode="store(28) " fcode="store"/>
<opset="store_ln11/2 "/>
</bind>
</comp>

<comp id="95" class="1004" name="store_ln7_store_fu_95">
<pin_list>
<pin id="96" dir="0" index="0" bw="1" slack="0"/>
<pin id="97" dir="0" index="1" bw="10" slack="0"/>
<pin id="98" dir="1" index="2" bw="0" slack="2147483647"/>
</pin_list>
<bind>
<opcode="store(28) " fcode="store"/>
<opset="store_ln7/1 "/>
</bind>
</comp>

<comp id="100" class="1004" name="store_ln7_store_fu_100">
<pin_list>
<pin id="101" dir="0" index="0" bw="1" slack="0"/>
<pin id="102" dir="0" index="1" bw="5" slack="0"/>
<pin id="103" dir="1" index="2" bw="0" slack="2147483647"/>
</pin_list>
<bind>
<opcode="store(28) " fcode="store"/>
<opset="store_ln7/1 "/>
</bind>
</comp>

<comp id="105" class="1004" name="store_ln7_store_fu_105">
<pin_list>
<pin id="106" dir="0" index="0" bw="1" slack="0"/>
<pin id="107" dir="0" index="1" bw="5" slack="0"/>
<pin id="108" dir="1" index="2" bw="0" slack="2147483647"/>
</pin_list>
<bind>
<opcode="store(28) " fcode="store"/>
<opset="store_ln7/1 "/>
</bind>
</comp>

<comp id="110" class="1004" name="indvar_flatten_load_load_fu_110">
<pin_list>
<pin id="111" dir="0" index="0" bw="10" slack="0"/>
<pin id="112" dir="1" index="1" bw="10" slack="0"/>
</pin_list>
<bind>
<opcode="load(27) " fcode="load"/>
<opset="indvar_flatten_load/1 "/>
</bind>
</comp>

<comp id="113" class="1004" name="icmp_ln7_fu_113">
<pin_list>
<pin id="114" dir="0" index="0" bw="10" slack="0"/>
<pin id="115" dir="0" index="1" bw="10" slack="0"/>
<pin id="116" dir="1" index="2" bw="1" slack="2147483647"/>
</pin_list>
<bind>
<opcode="icmp(45) " fcode="icmp"/>
<opset="icmp_ln7/1 "/>
</bind>
</comp>

<comp id="119" class="1004" name="add_ln7_1_fu_119">
<pin_list>
<pin id="120" dir="0" index="0" bw="10" slack="0"/>
<pin id="121" dir="0" index="1" bw="1" slack="0"/>
<pin id="122" dir="1" index="2" bw="10" slack="0"/>
</pin_list>
<bind>
<opcode="add(8) " fcode="add"/>
<opset="add_ln7_1/1 "/>
</bind>
</comp>

<comp id="125" class="1004" name="i_c_load_load_fu_125">
<pin_list>
<pin id="126" dir="0" index="0" bw="5" slack="0"/>
<pin id="127" dir="1" index="1" bw="5" slack="0"/>
</pin_list>
<bind>
<opcode="load(27) " fcode="load"/>
<opset="i_c_load/1 "/>
</bind>
</comp>

<comp id="128" class="1004" name="i_r_load_load_fu_128">
<pin_list>
<pin id="129" dir="0" index="0" bw="5" slack="0"/>
<pin id="130" dir="1" index="1" bw="5" slack="0"/>
</pin_list>
<bind>
<opcode="load(27) " fcode="load"/>
<opset="i_r_load/1 "/>
</bind>
</comp>

<comp id="131" class="1004" name="add_ln7_fu_131">
<pin_list>
<pin id="132" dir="0" index="0" bw="5" slack="0"/>
<pin id="133" dir="0" index="1" bw="1" slack="0"/>
<pin id="134" dir="1" index="2" bw="5" slack="0"/>
</pin_list>
<bind>
<opcode="add(8) " fcode="add"/>
<opset="add_ln7/1 "/>
</bind>
</comp>

<comp id="137" class="1004" name="icmp_ln8_fu_137">
<pin_list>
<pin id="138" dir="0" index="0" bw="5" slack="0"/>
<pin id="139" dir="0" index="1" bw="5" slack="0"/>
<pin id="140" dir="1" index="2" bw="1" slack="0"/>
</pin_list>
<bind>
<opcode="icmp(45) " fcode="icmp"/>
<opset="icmp_ln8/1 "/>
</bind>
</comp>

<comp id="143" class="1004" name="select_ln7_fu_143">
<pin_list>
<pin id="144" dir="0" index="0" bw="1" slack="0"/>
<pin id="145" dir="0" index="1" bw="5" slack="0"/>
<pin id="146" dir="0" index="2" bw="5" slack="0"/>
<pin id="147" dir="1" index="3" bw="5" slack="0"/>
</pin_list>
<bind>
<opcode="select(49) " fcode="select"/>
<opset="select_ln7/1 "/>
</bind>
</comp>

<comp id="151" class="1004" name="select_ln7_1_fu_151">
<pin_list>
<pin id="152" dir="0" index="0" bw="1" slack="0"/>
<pin id="153" dir="0" index="1" bw="5" slack="0"/>
<pin id="154" dir="0" index="2" bw="5" slack="0"/>
<pin id="155" dir="1" index="3" bw="5" slack="0"/>
</pin_list>
<bind>
<opcode="select(49) " fcode="select"/>
<opset="select_ln7_1/1 "/>
</bind>
</comp>

<comp id="159" class="1004" name="p_0_fu_159">
<pin_list>
<pin id="160" dir="0" index="0" bw="41" slack="0"/>
<pin id="161" dir="1" index="1" bw="32" slack="1"/>
</pin_list>
<bind>
<opcode="extractvalue(56) " fcode="extractvalue"/>
<opset="p_0/1 "/>
</bind>
</comp>

<comp id="163" class="1004" name="add_ln8_fu_163">
<pin_list>
<pin id="164" dir="0" index="0" bw="5" slack="0"/>
<pin id="165" dir="0" index="1" bw="1" slack="0"/>
<pin id="166" dir="1" index="2" bw="5" slack="0"/>
</pin_list>
<bind>
<opcode="add(8) " fcode="add"/>
<opset="add_ln8/1 "/>
</bind>
</comp>

<comp id="169" class="1004" name="store_ln8_store_fu_169">
<pin_list>
<pin id="170" dir="0" index="0" bw="10" slack="0"/>
<pin id="171" dir="0" index="1" bw="10" slack="0"/>
<pin id="172" dir="1" index="2" bw="0" slack="2147483647"/>
</pin_list>
<bind>
<opcode="store(28) " fcode="store"/>
<opset="store_ln8/1 "/>
</bind>
</comp>

<comp id="174" class="1004" name="store_ln8_store_fu_174">
<pin_list>
<pin id="175" dir="0" index="0" bw="5" slack="0"/>
<pin id="176" dir="0" index="1" bw="5" slack="0"/>
<pin id="177" dir="1" index="2" bw="0" slack="2147483647"/>
</pin_list>
<bind>
<opcode="store(28) " fcode="store"/>
<opset="store_ln8/1 "/>
</bind>
</comp>

<comp id="179" class="1004" name="store_ln8_store_fu_179">
<pin_list>
<pin id="180" dir="0" index="0" bw="5" slack="0"/>
<pin id="181" dir="0" index="1" bw="5" slack="0"/>
<pin id="182" dir="1" index="2" bw="0" slack="2147483647"/>
</pin_list>
<bind>
<opcode="store(28) " fcode="store"/>
<opset="store_ln8/1 "/>
</bind>
</comp>

<comp id="184" class="1004" name="tmp_1_fu_184">
<pin_list>
<pin id="185" dir="0" index="0" bw="10" slack="0"/>
<pin id="186" dir="0" index="1" bw="5" slack="1"/>
<pin id="187" dir="0" index="2" bw="1" slack="0"/>
<pin id="188" dir="1" index="3" bw="10" slack="0"/>
</pin_list>
<bind>
<opcode="bitconcatenate(1004) " fcode="bitconcatenate"/>
<opset="tmp_1/2 "/>
</bind>
</comp>

<comp id="191" class="1004" name="tmp_2_fu_191">
<pin_list>
<pin id="192" dir="0" index="0" bw="7" slack="0"/>
<pin id="193" dir="0" index="1" bw="5" slack="1"/>
<pin id="194" dir="0" index="2" bw="1" slack="0"/>
<pin id="195" dir="1" index="3" bw="7" slack="0"/>
</pin_list>
<bind>
<opcode="bitconcatenate(1004) " fcode="bitconcatenate"/>
<opset="tmp_2/2 "/>
</bind>
</comp>

<comp id="198" class="1004" name="zext_ln11_fu_198">
<pin_list>
<pin id="199" dir="0" index="0" bw="7" slack="0"/>
<pin id="200" dir="1" index="1" bw="10" slack="0"/>
</pin_list>
<bind>
<opcode="zext(34) " fcode="zext"/>
<opset="zext_ln11/2 "/>
</bind>
</comp>

<comp id="202" class="1004" name="sub_ln11_fu_202">
<pin_list>
<pin id="203" dir="0" index="0" bw="10" slack="0"/>
<pin id="204" dir="0" index="1" bw="7" slack="0"/>
<pin id="205" dir="1" index="2" bw="10" slack="0"/>
</pin_list>
<bind>
<opcode="sub(10) " fcode="sub"/>
<opset="sub_ln11/2 "/>
</bind>
</comp>

<comp id="208" class="1004" name="zext_ln11_1_fu_208">
<pin_list>
<pin id="209" dir="0" index="0" bw="5" slack="1"/>
<pin id="210" dir="1" index="1" bw="10" slack="0"/>
</pin_list>
<bind>
<opcode="zext(34) " fcode="zext"/>
<opset="zext_ln11_1/2 "/>
</bind>
</comp>

<comp id="211" class="1004" name="add_ln11_fu_211">
<pin_list>
<pin id="212" dir="0" index="0" bw="10" slack="0"/>
<pin id="213" dir="0" index="1" bw="5" slack="0"/>
<pin id="214" dir="1" index="2" bw="10" slack="0"/>
</pin_list>
<bind>
<opcode="add(8) " fcode="add"/>
<opset="add_ln11/2 "/>
</bind>
</comp>

<comp id="217" class="1004" name="zext_ln11_2_fu_217">
<pin_list>
<pin id="218" dir="0" index="0" bw="10" slack="0"/>
<pin id="219" dir="1" index="1" bw="64" slack="0"/>
</pin_list>
<bind>
<opcode="zext(34) " fcode="zext"/>
<opset="zext_ln11_2/2 "/>
</bind>
</comp>

<comp id="222" class="1004" name="tmp_fu_222">
<pin_list>
<pin id="223" dir="0" index="0" bw="32" slack="1"/>
<pin id="224" dir="1" index="1" bw="32" slack="0"/>
</pin_list>
<bind>
<opcode="bitcast(44) " fcode="bitcast"/>
<opset="tmp/2 "/>
</bind>
</comp>

<comp id="226" class="1005" name="i_c_reg_226">
<pin_list>
<pin id="227" dir="0" index="0" bw="5" slack="0"/>
<pin id="228" dir="1" index="1" bw="5" slack="0"/>
</pin_list>
<bind>
<opset="i_c "/>
</bind>
</comp>

<comp id="233" class="1005" name="i_r_reg_233">
<pin_list>
<pin id="234" dir="0" index="0" bw="5" slack="0"/>
<pin id="235" dir="1" index="1" bw="5" slack="0"/>
</pin_list>
<bind>
<opset="i_r "/>
</bind>
</comp>

<comp id="240" class="1005" name="indvar_flatten_reg_240">
<pin_list>
<pin id="241" dir="0" index="0" bw="10" slack="0"/>
<pin id="242" dir="1" index="1" bw="10" slack="0"/>
</pin_list>
<bind>
<opset="indvar_flatten "/>
</bind>
</comp>

<comp id="250" class="1005" name="select_ln7_reg_250">
<pin_list>
<pin id="251" dir="0" index="0" bw="5" slack="1"/>
<pin id="252" dir="1" index="1" bw="5" slack="1"/>
</pin_list>
<bind>
<opset="select_ln7 "/>
</bind>
</comp>

<comp id="255" class="1005" name="select_ln7_1_reg_255">
<pin_list>
<pin id="256" dir="0" index="0" bw="5" slack="1"/>
<pin id="257" dir="1" index="1" bw="5" slack="1"/>
</pin_list>
<bind>
<opset="select_ln7_1 "/>
</bind>
</comp>

<comp id="261" class="1005" name="p_0_reg_261">
<pin_list>
<pin id="262" dir="0" index="0" bw="32" slack="1"/>
<pin id="263" dir="1" index="1" bw="32" slack="1"/>
</pin_list>
<bind>
<opset="p_0 "/>
</bind>
</comp>

</comp_list>

<net_list>
<net id="61"><net_src comp="10" pin="0"/><net_sink comp="58" pin=0"/></net>

<net id="65"><net_src comp="10" pin="0"/><net_sink comp="62" pin=0"/></net>

<net id="69"><net_src comp="10" pin="0"/><net_sink comp="66" pin=0"/></net>

<net id="77"><net_src comp="36" pin="0"/><net_sink comp="70" pin=0"/></net>

<net id="78"><net_src comp="0" pin="0"/><net_sink comp="70" pin=1"/></net>

<net id="79"><net_src comp="2" pin="0"/><net_sink comp="70" pin=2"/></net>

<net id="80"><net_src comp="4" pin="0"/><net_sink comp="70" pin=3"/></net>

<net id="81"><net_src comp="6" pin="0"/><net_sink comp="70" pin=4"/></net>

<net id="87"><net_src comp="8" pin="0"/><net_sink comp="82" pin=0"/></net>

<net id="88"><net_src comp="52" pin="0"/><net_sink comp="82" pin=1"/></net>

<net id="94"><net_src comp="82" pin="3"/><net_sink comp="89" pin=0"/></net>

<net id="99"><net_src comp="24" pin="0"/><net_sink comp="95" pin=0"/></net>

<net id="104"><net_src comp="26" pin="0"/><net_sink comp="100" pin=0"/></net>

<net id="109"><net_src comp="26" pin="0"/><net_sink comp="105" pin=0"/></net>

<net id="117"><net_src comp="110" pin="1"/><net_sink comp="113" pin=0"/></net>

<net id="118"><net_src comp="28" pin="0"/><net_sink comp="113" pin=1"/></net>

<net id="123"><net_src comp="110" pin="1"/><net_sink comp="119" pin=0"/></net>

<net id="124"><net_src comp="30" pin="0"/><net_sink comp="119" pin=1"/></net>

<net id="135"><net_src comp="128" pin="1"/><net_sink comp="131" pin=0"/></net>

<net id="136"><net_src comp="32" pin="0"/><net_sink comp="131" pin=1"/></net>

<net id="141"><net_src comp="125" pin="1"/><net_sink comp="137" pin=0"/></net>

<net id="142"><net_src comp="34" pin="0"/><net_sink comp="137" pin=1"/></net>

<net id="148"><net_src comp="137" pin="2"/><net_sink comp="143" pin=0"/></net>

<net id="149"><net_src comp="26" pin="0"/><net_sink comp="143" pin=1"/></net>

<net id="150"><net_src comp="125" pin="1"/><net_sink comp="143" pin=2"/></net>

<net id="156"><net_src comp="137" pin="2"/><net_sink comp="151" pin=0"/></net>

<net id="157"><net_src comp="131" pin="2"/><net_sink comp="151" pin=1"/></net>

<net id="158"><net_src comp="128" pin="1"/><net_sink comp="151" pin=2"/></net>

<net id="162"><net_src comp="70" pin="5"/><net_sink comp="159" pin=0"/></net>

<net id="167"><net_src comp="143" pin="3"/><net_sink comp="163" pin=0"/></net>

<net id="168"><net_src comp="32" pin="0"/><net_sink comp="163" pin=1"/></net>

<net id="173"><net_src comp="119" pin="2"/><net_sink comp="169" pin=0"/></net>

<net id="178"><net_src comp="151" pin="3"/><net_sink comp="174" pin=0"/></net>

<net id="183"><net_src comp="163" pin="2"/><net_sink comp="179" pin=0"/></net>

<net id="189"><net_src comp="46" pin="0"/><net_sink comp="184" pin=0"/></net>

<net id="190"><net_src comp="26" pin="0"/><net_sink comp="184" pin=2"/></net>

<net id="196"><net_src comp="48" pin="0"/><net_sink comp="191" pin=0"/></net>

<net id="197"><net_src comp="50" pin="0"/><net_sink comp="191" pin=2"/></net>

<net id="201"><net_src comp="191" pin="3"/><net_sink comp="198" pin=0"/></net>

<net id="206"><net_src comp="184" pin="3"/><net_sink comp="202" pin=0"/></net>

<net id="207"><net_src comp="198" pin="1"/><net_sink comp="202" pin=1"/></net>

<net id="215"><net_src comp="202" pin="2"/><net_sink comp="211" pin=0"/></net>

<net id="216"><net_src comp="208" pin="1"/><net_sink comp="211" pin=1"/></net>

<net id="220"><net_src comp="211" pin="2"/><net_sink comp="217" pin=0"/></net>

<net id="221"><net_src comp="217" pin="1"/><net_sink comp="82" pin=2"/></net>

<net id="225"><net_src comp="222" pin="1"/><net_sink comp="89" pin=1"/></net>

<net id="229"><net_src comp="58" pin="1"/><net_sink comp="226" pin=0"/></net>

<net id="230"><net_src comp="226" pin="1"/><net_sink comp="105" pin=1"/></net>

<net id="231"><net_src comp="226" pin="1"/><net_sink comp="125" pin=0"/></net>

<net id="232"><net_src comp="226" pin="1"/><net_sink comp="179" pin=1"/></net>

<net id="236"><net_src comp="62" pin="1"/><net_sink comp="233" pin=0"/></net>

<net id="237"><net_src comp="233" pin="1"/><net_sink comp="100" pin=1"/></net>

<net id="238"><net_src comp="233" pin="1"/><net_sink comp="128" pin=0"/></net>

<net id="239"><net_src comp="233" pin="1"/><net_sink comp="174" pin=1"/></net>

<net id="243"><net_src comp="66" pin="1"/><net_sink comp="240" pin=0"/></net>

<net id="244"><net_src comp="240" pin="1"/><net_sink comp="95" pin=1"/></net>

<net id="245"><net_src comp="240" pin="1"/><net_sink comp="110" pin=0"/></net>

<net id="246"><net_src comp="240" pin="1"/><net_sink comp="169" pin=1"/></net>

<net id="253"><net_src comp="143" pin="3"/><net_sink comp="250" pin=0"/></net>

<net id="254"><net_src comp="250" pin="1"/><net_sink comp="208" pin=0"/></net>

<net id="258"><net_src comp="151" pin="3"/><net_sink comp="255" pin=0"/></net>

<net id="259"><net_src comp="255" pin="1"/><net_sink comp="184" pin=1"/></net>

<net id="260"><net_src comp="255" pin="1"/><net_sink comp="191" pin=1"/></net>

<net id="264"><net_src comp="159" pin="1"/><net_sink comp="261" pin=0"/></net>

<net id="265"><net_src comp="261" pin="1"/><net_sink comp="222" pin=0"/></net>

</net_list>

</model> 
---------------- Datapath Model END ------------------

* FSMD analyzer results:
  - Output states:
	Port: inputPort_V_data_V | {}
	Port: inputPort_V_keep_V | {}
	Port: inputPort_V_strb_V | {}
	Port: inputPort_V_last_V | {}
	Port: mem1_0 | {2 }
 - Input state : 
	Port: read_input : inputPort_V_data_V | {1 }
	Port: read_input : inputPort_V_keep_V | {1 }
	Port: read_input : inputPort_V_strb_V | {1 }
	Port: read_input : inputPort_V_last_V | {1 }
  - Chain level:
	State 1
		store_ln7 : 1
		store_ln7 : 1
		store_ln7 : 1
		indvar_flatten_load : 1
		icmp_ln7 : 2
		add_ln7_1 : 2
		br_ln7 : 3
		i_c_load : 1
		i_r_load : 1
		add_ln7 : 2
		icmp_ln8 : 2
		select_ln7 : 3
		select_ln7_1 : 3
		add_ln8 : 4
		store_ln8 : 3
		store_ln8 : 4
		store_ln8 : 5
	State 2
		zext_ln11 : 1
		sub_ln11 : 2
		add_ln11 : 3
		zext_ln11_2 : 4
		mem1_0_addr : 5
		store_ln11 : 6


============================================================
+ Verbose Summary: Datapath Resource usage 
============================================================

* Functional unit list:
|----------|---------------------|---------|---------|
| Operation|   Functional Unit   |    FF   |   LUT   |
|----------|---------------------|---------|---------|
|          |   add_ln7_1_fu_119  |    0    |    13   |
|    add   |    add_ln7_fu_131   |    0    |    13   |
|          |    add_ln8_fu_163   |    0    |    13   |
|          |   add_ln11_fu_211   |    0    |    10   |
|----------|---------------------|---------|---------|
|   icmp   |   icmp_ln7_fu_113   |    0    |    11   |
|          |   icmp_ln8_fu_137   |    0    |    9    |
|----------|---------------------|---------|---------|
|  select  |  select_ln7_fu_143  |    0    |    5    |
|          | select_ln7_1_fu_151 |    0    |    5    |
|----------|---------------------|---------|---------|
|    sub   |   sub_ln11_fu_202   |    0    |    10   |
|----------|---------------------|---------|---------|
|   read   | empty_22_read_fu_70 |    0    |    0    |
|----------|---------------------|---------|---------|
|extractvalue|      p_0_fu_159     |    0    |    0    |
|----------|---------------------|---------|---------|
|bitconcatenate|     tmp_1_fu_184    |    0    |    0    |
|          |     tmp_2_fu_191    |    0    |    0    |
|----------|---------------------|---------|---------|
|          |   zext_ln11_fu_198  |    0    |    0    |
|   zext   |  zext_ln11_1_fu_208 |    0    |    0    |
|          |  zext_ln11_2_fu_217 |    0    |    0    |
|----------|---------------------|---------|---------|
|   Total  |                     |    0    |    89   |
|----------|---------------------|---------|---------|

Memories:
N/A

* Register list:
+----------------------+--------+
|                      |   FF   |
+----------------------+--------+
|      i_c_reg_226     |    5   |
|      i_r_reg_233     |    5   |
|indvar_flatten_reg_240|   10   |
|      p_0_reg_261     |   32   |
| select_ln7_1_reg_255 |    5   |
|  select_ln7_reg_250  |    5   |
+----------------------+--------+
|         Total        |   62   |
+----------------------+--------+

* Multiplexer (MUX) list: 
|--------|------|------|------|--------|
|  Comp  |  Pin | Size |  BW  | S x BW |
|--------|------|------|------|--------|
|  Total |      |      |      |    0   |
|--------|------|------|------|--------|



* Summary:
+-----------+--------+--------+
|           |   FF   |   LUT  |
+-----------+--------+--------+
|  Function |    0   |   89   |
|   Memory  |    -   |    -   |
|Multiplexer|    -   |    -   |
|  Register |   62   |    -   |
+-----------+--------+--------+
|   Total   |   62   |   89   |
+-----------+--------+--------+
