

================================================================
== Vitis HLS Report for 'Conv_func_4_26_4_24_Pipeline_loadWinFull_VITIS_LOOP_50_1'
================================================================
* Date:           Thu Dec 25 17:04:45 2025

* Version:        2022.1 (Build 3526262 on Mon Apr 18 15:48:16 MDT 2022)
* Project:        Day_5_final_boss
* Solution:       hellojio (Vivado IP Flow Target)
* Product family: zynq
* Target device:  xc7z020-clg400-1


================================================================
== Performance Estimates
================================================================
+ Timing: 
    * Summary: 
    +--------+----------+----------+------------+
    |  Clock |  Target  | Estimated| Uncertainty|
    +--------+----------+----------+------------+
    |ap_clk  |  10.00 ns|  7.038 ns|     2.70 ns|
    +--------+----------+----------+------------+

+ Latency: 
    * Summary: 
    +---------+---------+----------+----------+-----+-----+---------+
    |  Latency (cycles) |  Latency (absolute) |  Interval | Pipeline|
    |   min   |   max   |    min   |    max   | min | max |   Type  |
    +---------+---------+----------+----------+-----+-----+---------+
    |       14|       14|  0.140 us|  0.140 us|   14|   14|       no|
    +---------+---------+----------+----------+-----+-----+---------+

    + Detail: 
        * Instance: 
        N/A

        * Loop: 
        +-------------------------------+---------+---------+----------+-----------+-----------+------+----------+
        |                               |  Latency (cycles) | Iteration|  Initiation Interval  | Trip |          |
        |           Loop Name           |   min   |   max   |  Latency |  achieved |   target  | Count| Pipelined|
        +-------------------------------+---------+---------+----------+-----------+-----------+------+----------+
        |- loadWinFull_VITIS_LOOP_50_1  |       12|       12|         5|          1|          1|     9|       yes|
        +-------------------------------+---------+---------+----------+-----------+-----------+------+----------+



================================================================
== Utilization Estimates
================================================================
* Summary: 
+-----------------+---------+-----+--------+-------+-----+
|       Name      | BRAM_18K| DSP |   FF   |  LUT  | URAM|
+-----------------+---------+-----+--------+-------+-----+
|DSP              |        -|    1|       -|      -|    -|
|Expression       |        -|    -|       0|     87|    -|
|FIFO             |        -|    -|       -|      -|    -|
|Instance         |        -|    -|       -|      -|    -|
|Memory           |        -|    -|       -|      -|    -|
|Multiplexer      |        -|    -|       -|    207|    -|
|Register         |        -|    -|     694|     96|    -|
+-----------------+---------+-----+--------+-------+-----+
|Total            |        0|    1|     694|    390|    0|
+-----------------+---------+-----+--------+-------+-----+
|Available        |      280|  220|  106400|  53200|    0|
+-----------------+---------+-----+--------+-------+-----+
|Utilization (%)  |        0|   ~0|      ~0|     ~0|    0|
+-----------------+---------+-----+--------+-------+-----+

+ Detail: 
    * Instance: 
    N/A

    * DSP: 
    +-------------------------------------------+--------------------------------------+---------------------+
    |                  Instance                 |                Module                |      Expression     |
    +-------------------------------------------+--------------------------------------+---------------------+
    |ama_addmuladd_8ns_5ns_5ns_2ns_12_4_1_U292  |ama_addmuladd_8ns_5ns_5ns_2ns_12_4_1  |  (i0 + i1) * i2 + i3|
    +-------------------------------------------+--------------------------------------+---------------------+

    * Memory: 
    N/A

    * FIFO: 
    N/A

    * Expression: 
    +-------------------------+----------+----+---+----+------------+------------+
    |      Variable Name      | Operation| DSP| FF| LUT| Bitwidth P0| Bitwidth P1|
    +-------------------------+----------+----+---+----+------------+------------+
    |add_ln49_2_fu_501_p2     |         +|   0|  0|  13|           4|           1|
    |add_ln49_fu_513_p2       |         +|   0|  0|  10|           2|           1|
    |add_ln50_fu_555_p2       |         +|   0|  0|  10|           2|           1|
    |add_ln52_fu_545_p2       |         +|   0|  0|  13|           5|           5|
    |ap_condition_467         |       and|   0|  0|   2|           1|           1|
    |ap_condition_472         |       and|   0|  0|   2|           1|           1|
    |ap_condition_476         |       and|   0|  0|   2|           1|           1|
    |ap_condition_479         |       and|   0|  0|   2|           1|           1|
    |ap_condition_482         |       and|   0|  0|   2|           1|           1|
    |ap_condition_486         |       and|   0|  0|   2|           1|           1|
    |ap_condition_489         |       and|   0|  0|   2|           1|           1|
    |ap_condition_494         |       and|   0|  0|   2|           1|           1|
    |ap_condition_497         |       and|   0|  0|   2|           1|           1|
    |icmp_ln49_fu_495_p2      |      icmp|   0|  0|   9|           4|           4|
    |icmp_ln50_fu_519_p2      |      icmp|   0|  0|   8|           2|           2|
    |select_ln52_2_fu_533_p3  |    select|   0|  0|   2|           1|           2|
    |select_ln52_fu_525_p3    |    select|   0|  0|   2|           1|           1|
    |ap_enable_pp0            |       xor|   0|  0|   2|           1|           2|
    +-------------------------+----------+----+---+----+------------+------------+
    |Total                    |          |   0|  0|  87|          31|          28|
    +-------------------------+----------+----+---+----+------------+------------+

    * Multiplexer: 
    +-----------------------------------------+----+-----------+-----+-----------+
    |                   Name                  | LUT| Input Size| Bits| Total Bits|
    +-----------------------------------------+----+-----------+-----+-----------+
    |ap_done_int                              |   9|          2|    1|          2|
    |ap_enable_reg_pp0_iter1                  |   9|          2|    1|          2|
    |ap_sig_allocacmp_indvar_flatten150_load  |   9|          2|    4|          8|
    |ap_sig_allocacmp_wi_load                 |   9|          2|    2|          4|
    |ap_sig_allocacmp_wj_load                 |   9|          2|    2|          4|
    |empty_141_fu_150                         |   9|          2|   32|         64|
    |empty_142_fu_154                         |   9|          2|   32|         64|
    |empty_143_fu_158                         |   9|          2|   32|         64|
    |empty_144_fu_162                         |   9|          2|   32|         64|
    |empty_145_fu_166                         |   9|          2|   32|         64|
    |empty_146_fu_170                         |   9|          2|   32|         64|
    |empty_147_fu_174                         |   9|          2|   32|         64|
    |empty_148_fu_178                         |   9|          2|   32|         64|
    |empty_fu_146                             |   9|          2|   32|         64|
    |indvar_flatten150_fu_118                 |   9|          2|    4|          8|
    |mux_case_08440_fu_134                    |   9|          2|   32|         64|
    |mux_case_08_fu_122                       |   9|          2|   32|         64|
    |mux_case_119_fu_126                      |   9|          2|   32|         64|
    |mux_case_18551_fu_138                    |   9|          2|   32|         64|
    |mux_case_230_fu_130                      |   9|          2|   32|         64|
    |mux_case_28662_fu_142                    |   9|          2|   32|         64|
    |wi_fu_114                                |   9|          2|    2|          4|
    |wj_fu_110                                |   9|          2|    2|          4|
    +-----------------------------------------+----+-----------+-----+-----------+
    |Total                                    | 207|         46|  498|        996|
    +-----------------------------------------+----+-----------+-----+-----------+

    * Register: 
    +----------------------------------+----+----+-----+-----------+
    |               Name               | FF | LUT| Bits| Const Bits|
    +----------------------------------+----+----+-----+-----------+
    |ap_CS_fsm                         |   1|   0|    1|          0|
    |ap_done_reg                       |   1|   0|    1|          0|
    |ap_enable_reg_pp0_iter1           |   1|   0|    1|          0|
    |ap_enable_reg_pp0_iter2           |   1|   0|    1|          0|
    |ap_enable_reg_pp0_iter3           |   1|   0|    1|          0|
    |ap_enable_reg_pp0_iter4           |   1|   0|    1|          0|
    |ap_loop_exit_ready_pp0_iter1_reg  |   1|   0|    1|          0|
    |ap_loop_exit_ready_pp0_iter2_reg  |   1|   0|    1|          0|
    |ap_loop_exit_ready_pp0_iter3_reg  |   1|   0|    1|          0|
    |empty_141_fu_150                  |  32|   0|   32|          0|
    |empty_142_fu_154                  |  32|   0|   32|          0|
    |empty_143_fu_158                  |  32|   0|   32|          0|
    |empty_144_fu_162                  |  32|   0|   32|          0|
    |empty_145_fu_166                  |  32|   0|   32|          0|
    |empty_146_fu_170                  |  32|   0|   32|          0|
    |empty_147_fu_174                  |  32|   0|   32|          0|
    |empty_148_fu_178                  |  32|   0|   32|          0|
    |empty_fu_146                      |  32|   0|   32|          0|
    |icmp_ln49_reg_855                 |   1|   0|    1|          0|
    |indvar_flatten150_fu_118          |   4|   0|    4|          0|
    |mux_case_08440_fu_134             |  32|   0|   32|          0|
    |mux_case_08_fu_122                |  32|   0|   32|          0|
    |mux_case_119_fu_126               |  32|   0|   32|          0|
    |mux_case_18551_fu_138             |  32|   0|   32|          0|
    |mux_case_230_fu_130               |  32|   0|   32|          0|
    |mux_case_28662_fu_142             |  32|   0|   32|          0|
    |select_ln52_2_reg_864             |   2|   0|    2|          0|
    |select_ln52_reg_859               |   2|   0|    2|          0|
    |wi_fu_114                         |   2|   0|    2|          0|
    |wj_fu_110                         |   2|   0|    2|          0|
    |icmp_ln49_reg_855                 |  64|  32|    1|          0|
    |select_ln52_2_reg_864             |  64|  32|    2|          0|
    |select_ln52_reg_859               |  64|  32|    2|          0|
    +----------------------------------+----+----+-----+-----------+
    |Total                             | 694|  96|  507|          0|
    +----------------------------------+----+----+-----+-----------+



================================================================
== Interface
================================================================
* Summary: 
+---------------------------+-----+-----+------------+--------------------------------------------------------------+--------------+
|         RTL Ports         | Dir | Bits|  Protocol  |                         Source Object                        |    C Type    |
+---------------------------+-----+-----+------------+--------------------------------------------------------------+--------------+
|ap_clk                     |   in|    1|  ap_ctrl_hs|  Conv_func<4, 26, 4, 24>_Pipeline_loadWinFull_VITIS_LOOP_50_1|  return value|
|ap_rst                     |   in|    1|  ap_ctrl_hs|  Conv_func<4, 26, 4, 24>_Pipeline_loadWinFull_VITIS_LOOP_50_1|  return value|
|ap_start                   |   in|    1|  ap_ctrl_hs|  Conv_func<4, 26, 4, 24>_Pipeline_loadWinFull_VITIS_LOOP_50_1|  return value|
|ap_done                    |  out|    1|  ap_ctrl_hs|  Conv_func<4, 26, 4, 24>_Pipeline_loadWinFull_VITIS_LOOP_50_1|  return value|
|ap_idle                    |  out|    1|  ap_ctrl_hs|  Conv_func<4, 26, 4, 24>_Pipeline_loadWinFull_VITIS_LOOP_50_1|  return value|
|ap_ready                   |  out|    1|  ap_ctrl_hs|  Conv_func<4, 26, 4, 24>_Pipeline_loadWinFull_VITIS_LOOP_50_1|  return value|
|window_2_2_promoted253     |   in|   32|     ap_none|                                        window_2_2_promoted253|        scalar|
|window_2_0_promoted251     |   in|   32|     ap_none|                                        window_2_0_promoted251|        scalar|
|window_2_1_promoted249     |   in|   32|     ap_none|                                        window_2_1_promoted249|        scalar|
|window_0_2_promoted247     |   in|   32|     ap_none|                                        window_0_2_promoted247|        scalar|
|window_0_0_promoted245     |   in|   32|     ap_none|                                        window_0_0_promoted245|        scalar|
|window_0_1_promoted243     |   in|   32|     ap_none|                                        window_0_1_promoted243|        scalar|
|window_1_2_promoted241     |   in|   32|     ap_none|                                        window_1_2_promoted241|        scalar|
|window_1_0_promoted239     |   in|   32|     ap_none|                                        window_1_0_promoted239|        scalar|
|window_1_1_promoted237     |   in|   32|     ap_none|                                        window_1_1_promoted237|        scalar|
|mux_case_28664             |   in|   32|     ap_none|                                                mux_case_28664|        scalar|
|mux_case_18553             |   in|   32|     ap_none|                                                mux_case_18553|        scalar|
|mux_case_08442             |   in|   32|     ap_none|                                                mux_case_08442|        scalar|
|mux_case_227               |   in|   32|     ap_none|                                                  mux_case_227|        scalar|
|mux_case_116               |   in|   32|     ap_none|                                                  mux_case_116|        scalar|
|mux_case_05                |   in|   32|     ap_none|                                                   mux_case_05|        scalar|
|select_ln139_3             |   in|    5|     ap_none|                                                select_ln139_3|        scalar|
|mul_ln52                   |   in|    8|     ap_none|                                                      mul_ln52|        scalar|
|ifmap_address0             |  out|   12|   ap_memory|                                                         ifmap|         array|
|ifmap_ce0                  |  out|    1|   ap_memory|                                                         ifmap|         array|
|ifmap_q0                   |   in|   32|   ap_memory|                                                         ifmap|         array|
|p_out                      |  out|   32|      ap_vld|                                                         p_out|       pointer|
|p_out_ap_vld               |  out|    1|      ap_vld|                                                         p_out|       pointer|
|p_out1                     |  out|   32|      ap_vld|                                                        p_out1|       pointer|
|p_out1_ap_vld              |  out|    1|      ap_vld|                                                        p_out1|       pointer|
|p_out2                     |  out|   32|      ap_vld|                                                        p_out2|       pointer|
|p_out2_ap_vld              |  out|    1|      ap_vld|                                                        p_out2|       pointer|
|p_out3                     |  out|   32|      ap_vld|                                                        p_out3|       pointer|
|p_out3_ap_vld              |  out|    1|      ap_vld|                                                        p_out3|       pointer|
|p_out4                     |  out|   32|      ap_vld|                                                        p_out4|       pointer|
|p_out4_ap_vld              |  out|    1|      ap_vld|                                                        p_out4|       pointer|
|p_out5                     |  out|   32|      ap_vld|                                                        p_out5|       pointer|
|p_out5_ap_vld              |  out|    1|      ap_vld|                                                        p_out5|       pointer|
|p_out6                     |  out|   32|      ap_vld|                                                        p_out6|       pointer|
|p_out6_ap_vld              |  out|    1|      ap_vld|                                                        p_out6|       pointer|
|p_out7                     |  out|   32|      ap_vld|                                                        p_out7|       pointer|
|p_out7_ap_vld              |  out|    1|      ap_vld|                                                        p_out7|       pointer|
|p_out8                     |  out|   32|      ap_vld|                                                        p_out8|       pointer|
|p_out8_ap_vld              |  out|    1|      ap_vld|                                                        p_out8|       pointer|
|mux_case_28662_out         |  out|   32|      ap_vld|                                            mux_case_28662_out|       pointer|
|mux_case_28662_out_ap_vld  |  out|    1|      ap_vld|                                            mux_case_28662_out|       pointer|
|mux_case_18551_out         |  out|   32|      ap_vld|                                            mux_case_18551_out|       pointer|
|mux_case_18551_out_ap_vld  |  out|    1|      ap_vld|                                            mux_case_18551_out|       pointer|
|mux_case_08440_out         |  out|   32|      ap_vld|                                            mux_case_08440_out|       pointer|
|mux_case_08440_out_ap_vld  |  out|    1|      ap_vld|                                            mux_case_08440_out|       pointer|
|mux_case_230_out           |  out|   32|      ap_vld|                                              mux_case_230_out|       pointer|
|mux_case_230_out_ap_vld    |  out|    1|      ap_vld|                                              mux_case_230_out|       pointer|
|mux_case_119_out           |  out|   32|      ap_vld|                                              mux_case_119_out|       pointer|
|mux_case_119_out_ap_vld    |  out|    1|      ap_vld|                                              mux_case_119_out|       pointer|
|mux_case_08_out            |  out|   32|      ap_vld|                                               mux_case_08_out|       pointer|
|mux_case_08_out_ap_vld     |  out|    1|      ap_vld|                                               mux_case_08_out|       pointer|
+---------------------------+-----+-----+------------+--------------------------------------------------------------+--------------+

