

================================================================
== Vitis HLS Report for 'Conv_func_4_26_4_24_Pipeline_Fil_load_ch_Fil_load_r_Fil_load_c'
================================================================
* Date:           Thu Dec 25 17:04:44 2025

* Version:        2022.1 (Build 3526262 on Mon Apr 18 15:48:16 MDT 2022)
* Project:        Day_5_final_boss
* Solution:       hellojio (Vivado IP Flow Target)
* Product family: zynq
* Target device:  xc7z020-clg400-1


================================================================
== Performance Estimates
================================================================
+ Timing: 
    * Summary: 
    +--------+----------+----------+------------+
    |  Clock |  Target  | Estimated| Uncertainty|
    +--------+----------+----------+------------+
    |ap_clk  |  10.00 ns|  6.994 ns|     2.70 ns|
    +--------+----------+----------+------------+

+ Latency: 
    * Summary: 
    +---------+---------+----------+----------+-----+-----+---------+
    |  Latency (cycles) |  Latency (absolute) |  Interval | Pipeline|
    |   min   |   max   |    min   |    max   | min | max |   Type  |
    +---------+---------+----------+----------+-----+-----+---------+
    |       39|       39|  0.390 us|  0.390 us|   39|   39|       no|
    +---------+---------+----------+----------+-----+-----+---------+

    + Detail: 
        * Instance: 
        N/A

        * Loop: 
        +-------------------------------------+---------+---------+----------+-----------+-----------+------+----------+
        |                                     |  Latency (cycles) | Iteration|  Initiation Interval  | Trip |          |
        |              Loop Name              |   min   |   max   |  Latency |  achieved |   target  | Count| Pipelined|
        +-------------------------------------+---------+---------+----------+-----------+-----------+------+----------+
        |- Fil_load_ch_Fil_load_r_Fil_load_c  |       37|       37|         3|          1|          1|    36|       yes|
        +-------------------------------------+---------+---------+----------+-----------+-----------+------+----------+



================================================================
== Utilization Estimates
================================================================
* Summary: 
+-----------------+---------+-----+--------+-------+-----+
|       Name      | BRAM_18K| DSP |   FF   |  LUT  | URAM|
+-----------------+---------+-----+--------+-------+-----+
|DSP              |        -|    -|       -|      -|    -|
|Expression       |        -|    -|       0|    262|    -|
|FIFO             |        -|    -|       -|      -|    -|
|Instance         |        -|    -|       -|      -|    -|
|Memory           |        1|    -|       0|      0|    -|
|Multiplexer      |        -|    -|       -|    441|    -|
|Register         |        -|    -|    1205|      -|    -|
+-----------------+---------+-----+--------+-------+-----+
|Total            |        1|    0|    1205|    703|    0|
+-----------------+---------+-----+--------+-------+-----+
|Available        |      280|  220|  106400|  53200|    0|
+-----------------+---------+-----+--------+-------+-----+
|Utilization (%)  |       ~0|    0|       1|      1|    0|
+-----------------+---------+-----+--------+-------+-----+

+ Detail: 
    * Instance: 
    N/A

    * DSP: 
    N/A

    * Memory: 
    +----------------+----------------------------------------------------------------------------------+---------+---+----+-----+------+-----+------+-------------+
    |     Memory     |                                      Module                                      | BRAM_18K| FF| LUT| URAM| Words| Bits| Banks| W*Bits*Banks|
    +----------------+----------------------------------------------------------------------------------+---------+---+----+-----+------+-----+------+-------------+
    |conv2_weight_U  |Conv_func_4_26_4_24_Pipeline_Fil_load_ch_Fil_load_r_Fil_load_c_conv2_weight_Rbkb  |        1|  0|   0|    0|   144|   32|     1|         4608|
    +----------------+----------------------------------------------------------------------------------+---------+---+----+-----+------+-----+------+-------------+
    |Total           |                                                                                  |        1|  0|   0|    0|   144|   32|     1|         4608|
    +----------------+----------------------------------------------------------------------------------+---------+---+----+-----+------+-----+------+-------------+

    * FIFO: 
    N/A

    * Expression: 
    +--------------------------+----------+----+---+----+------------+------------+
    |       Variable Name      | Operation| DSP| FF| LUT| Bitwidth P0| Bitwidth P1|
    +--------------------------+----------+----+---+----+------------+------------+
    |add_ln16_1_fu_1100_p2     |         +|   0|  0|  14|           6|           1|
    |add_ln16_fu_1115_p2       |         +|   0|  0|  11|           3|           1|
    |add_ln19_2_fu_1270_p2     |         +|   0|  0|  13|           4|           1|
    |add_ln19_fu_1201_p2       |         +|   0|  0|  10|           2|           1|
    |add_ln22_fu_1264_p2       |         +|   0|  0|  10|           2|           1|
    |add_ln25_1_fu_1255_p2     |         +|   0|  0|  14|           6|           6|
    |add_ln25_fu_1328_p2       |         +|   0|  0|  14|           7|           7|
    |add_ln26_fu_1338_p2       |         +|   0|  0|  15|           8|           8|
    |empty_185_fu_1088_p2      |         -|   0|  0|  13|           5|           5|
    |p_mid1_fu_1237_p2         |         -|   0|  0|  13|           5|           5|
    |and_ln16_fu_1195_p2       |       and|   0|  0|   2|           1|           1|
    |ap_condition_1000         |       and|   0|  0|   2|           1|           1|
    |ap_condition_883          |       and|   0|  0|   2|           1|           1|
    |ap_condition_888          |       and|   0|  0|   2|           1|           1|
    |ap_condition_892          |       and|   0|  0|   2|           1|           1|
    |ap_condition_896          |       and|   0|  0|   2|           1|           1|
    |ap_condition_900          |       and|   0|  0|   2|           1|           1|
    |ap_condition_905          |       and|   0|  0|   2|           1|           1|
    |ap_condition_909          |       and|   0|  0|   2|           1|           1|
    |ap_condition_915          |       and|   0|  0|   2|           1|           1|
    |ap_condition_919          |       and|   0|  0|   2|           1|           1|
    |ap_condition_922          |       and|   0|  0|   2|           1|           1|
    |ap_condition_925          |       and|   0|  0|   2|           1|           1|
    |ap_condition_928          |       and|   0|  0|   2|           1|           1|
    |ap_condition_931          |       and|   0|  0|   2|           1|           1|
    |ap_condition_934          |       and|   0|  0|   2|           1|           1|
    |ap_condition_937          |       and|   0|  0|   2|           1|           1|
    |ap_condition_940          |       and|   0|  0|   2|           1|           1|
    |ap_condition_943          |       and|   0|  0|   2|           1|           1|
    |ap_condition_946          |       and|   0|  0|   2|           1|           1|
    |ap_condition_949          |       and|   0|  0|   2|           1|           1|
    |ap_condition_952          |       and|   0|  0|   2|           1|           1|
    |ap_condition_955          |       and|   0|  0|   2|           1|           1|
    |ap_condition_958          |       and|   0|  0|   2|           1|           1|
    |ap_condition_961          |       and|   0|  0|   2|           1|           1|
    |ap_condition_964          |       and|   0|  0|   2|           1|           1|
    |ap_condition_967          |       and|   0|  0|   2|           1|           1|
    |ap_condition_970          |       and|   0|  0|   2|           1|           1|
    |ap_condition_973          |       and|   0|  0|   2|           1|           1|
    |ap_condition_976          |       and|   0|  0|   2|           1|           1|
    |ap_condition_979          |       and|   0|  0|   2|           1|           1|
    |ap_condition_982          |       and|   0|  0|   2|           1|           1|
    |ap_condition_985          |       and|   0|  0|   2|           1|           1|
    |ap_condition_988          |       and|   0|  0|   2|           1|           1|
    |ap_condition_991          |       and|   0|  0|   2|           1|           1|
    |ap_condition_994          |       and|   0|  0|   2|           1|           1|
    |ap_condition_997          |       and|   0|  0|   2|           1|           1|
    |icmp_ln16_fu_1094_p2      |      icmp|   0|  0|  10|           6|           6|
    |icmp_ln19_fu_1121_p2      |      icmp|   0|  0|   9|           4|           4|
    |icmp_ln22_fu_1189_p2      |      icmp|   0|  0|   8|           2|           2|
    |or_ln19_fu_1207_p2        |        or|   0|  0|   2|           1|           1|
    |select_ln16_1_fu_1159_p3  |    select|   0|  0|   5|           1|           5|
    |select_ln16_2_fu_1171_p3  |    select|   0|  0|   3|           1|           3|
    |select_ln16_3_fu_1309_p3  |    select|   0|  0|   5|           1|           1|
    |select_ln16_fu_1127_p3    |    select|   0|  0|   2|           1|           1|
    |select_ln19_3_fu_1315_p3  |    select|   0|  0|   5|           1|           5|
    |select_ln19_4_fu_1243_p3  |    select|   0|  0|   2|           1|           2|
    |select_ln19_5_fu_1276_p3  |    select|   0|  0|   4|           1|           1|
    |select_ln19_fu_1213_p3    |    select|   0|  0|   2|           1|           1|
    |ap_enable_pp0             |       xor|   0|  0|   2|           1|           2|
    |xor_ln16_fu_1183_p2       |       xor|   0|  0|   2|           1|           2|
    +--------------------------+----------+----+---+----+------------+------------+
    |Total                     |          |   0|  0| 262|         108|         109|
    +--------------------------+----------+----+---+----+------------+------------+

    * Multiplexer: 
    +-----------------------------------------+----+-----------+-----+-----------+
    |                   Name                  | LUT| Input Size| Bits| Total Bits|
    +-----------------------------------------+----+-----------+-----+-----------+
    |ap_done_int                              |   9|          2|    1|          2|
    |ap_enable_reg_pp0_iter1                  |   9|          2|    1|          2|
    |ap_sig_allocacmp_indvar_flatten131_load  |   9|          2|    6|         12|
    |ap_sig_allocacmp_indvar_flatten_load     |   9|          2|    4|          8|
    |ap_sig_allocacmp_indvar_flatten_load_1   |   9|          2|    4|          8|
    |ap_sig_allocacmp_kch_load                |   9|          2|    3|          6|
    |ap_sig_allocacmp_kh_2                    |   9|          2|    2|          4|
    |ap_sig_allocacmp_kw_load                 |   9|          2|    2|          4|
    |empty_150_fu_234                         |   9|          2|   32|         64|
    |empty_151_fu_238                         |   9|          2|   32|         64|
    |empty_152_fu_242                         |   9|          2|   32|         64|
    |empty_153_fu_246                         |   9|          2|   32|         64|
    |empty_154_fu_250                         |   9|          2|   32|         64|
    |empty_155_fu_254                         |   9|          2|   32|         64|
    |empty_156_fu_258                         |   9|          2|   32|         64|
    |empty_157_fu_262                         |   9|          2|   32|         64|
    |empty_158_fu_266                         |   9|          2|   32|         64|
    |empty_159_fu_270                         |   9|          2|   32|         64|
    |empty_160_fu_274                         |   9|          2|   32|         64|
    |empty_161_fu_278                         |   9|          2|   32|         64|
    |empty_162_fu_282                         |   9|          2|   32|         64|
    |empty_163_fu_286                         |   9|          2|   32|         64|
    |empty_164_fu_290                         |   9|          2|   32|         64|
    |empty_165_fu_294                         |   9|          2|   32|         64|
    |empty_166_fu_298                         |   9|          2|   32|         64|
    |empty_167_fu_302                         |   9|          2|   32|         64|
    |empty_168_fu_306                         |   9|          2|   32|         64|
    |empty_169_fu_310                         |   9|          2|   32|         64|
    |empty_170_fu_314                         |   9|          2|   32|         64|
    |empty_171_fu_318                         |   9|          2|   32|         64|
    |empty_172_fu_322                         |   9|          2|   32|         64|
    |empty_173_fu_326                         |   9|          2|   32|         64|
    |empty_174_fu_330                         |   9|          2|   32|         64|
    |empty_175_fu_334                         |   9|          2|   32|         64|
    |empty_176_fu_338                         |   9|          2|   32|         64|
    |empty_177_fu_342                         |   9|          2|   32|         64|
    |empty_178_fu_346                         |   9|          2|   32|         64|
    |empty_179_fu_350                         |   9|          2|   32|         64|
    |empty_180_fu_354                         |   9|          2|   32|         64|
    |empty_181_fu_358                         |   9|          2|   32|         64|
    |empty_182_fu_362                         |   9|          2|   32|         64|
    |empty_183_fu_366                         |   9|          2|   32|         64|
    |empty_184_fu_370                         |   9|          2|   32|         64|
    |empty_fu_230                             |   9|          2|   32|         64|
    |indvar_flatten131_fu_226                 |   9|          2|    6|         12|
    |indvar_flatten_fu_218                    |   9|          2|    4|          8|
    |kch_fu_222                               |   9|          2|    3|          6|
    |kh_fu_214                                |   9|          2|    2|          4|
    |kw_fu_210                                |   9|          2|    2|          4|
    +-----------------------------------------+----+-----------+-----+-----------+
    |Total                                    | 441|         98| 1192|       2384|
    +-----------------------------------------+----+-----------+-----+-----------+

    * Register: 
    +--------------------------------------+----+----+-----+-----------+
    |                 Name                 | FF | LUT| Bits| Const Bits|
    +--------------------------------------+----+----+-----+-----------+
    |add_ln25_1_reg_2001                   |   6|   0|    6|          0|
    |and_ln16_reg_1983                     |   1|   0|    1|          0|
    |ap_CS_fsm                             |   1|   0|    1|          0|
    |ap_done_reg                           |   1|   0|    1|          0|
    |ap_enable_reg_pp0_iter1               |   1|   0|    1|          0|
    |ap_enable_reg_pp0_iter2               |   1|   0|    1|          0|
    |ap_loop_exit_ready_pp0_iter1_reg      |   1|   0|    1|          0|
    |empty_150_fu_234                      |  32|   0|   32|          0|
    |empty_151_fu_238                      |  32|   0|   32|          0|
    |empty_152_fu_242                      |  32|   0|   32|          0|
    |empty_153_fu_246                      |  32|   0|   32|          0|
    |empty_154_fu_250                      |  32|   0|   32|          0|
    |empty_155_fu_254                      |  32|   0|   32|          0|
    |empty_156_fu_258                      |  32|   0|   32|          0|
    |empty_157_fu_262                      |  32|   0|   32|          0|
    |empty_158_fu_266                      |  32|   0|   32|          0|
    |empty_159_fu_270                      |  32|   0|   32|          0|
    |empty_160_fu_274                      |  32|   0|   32|          0|
    |empty_161_fu_278                      |  32|   0|   32|          0|
    |empty_162_fu_282                      |  32|   0|   32|          0|
    |empty_163_fu_286                      |  32|   0|   32|          0|
    |empty_164_fu_290                      |  32|   0|   32|          0|
    |empty_165_fu_294                      |  32|   0|   32|          0|
    |empty_166_fu_298                      |  32|   0|   32|          0|
    |empty_167_fu_302                      |  32|   0|   32|          0|
    |empty_168_fu_306                      |  32|   0|   32|          0|
    |empty_169_fu_310                      |  32|   0|   32|          0|
    |empty_170_fu_314                      |  32|   0|   32|          0|
    |empty_171_fu_318                      |  32|   0|   32|          0|
    |empty_172_fu_322                      |  32|   0|   32|          0|
    |empty_173_fu_326                      |  32|   0|   32|          0|
    |empty_174_fu_330                      |  32|   0|   32|          0|
    |empty_175_fu_334                      |  32|   0|   32|          0|
    |empty_176_fu_338                      |  32|   0|   32|          0|
    |empty_177_fu_342                      |  32|   0|   32|          0|
    |empty_178_fu_346                      |  32|   0|   32|          0|
    |empty_179_fu_350                      |  32|   0|   32|          0|
    |empty_180_fu_354                      |  32|   0|   32|          0|
    |empty_181_fu_358                      |  32|   0|   32|          0|
    |empty_182_fu_362                      |  32|   0|   32|          0|
    |empty_183_fu_366                      |  32|   0|   32|          0|
    |empty_184_fu_370                      |  32|   0|   32|          0|
    |empty_185_reg_1965                    |   5|   0|    5|          0|
    |empty_fu_230                          |  32|   0|   32|          0|
    |icmp_ln16_reg_1970                    |   1|   0|    1|          0|
    |icmp_ln19_reg_1974                    |   1|   0|    1|          0|
    |indvar_flatten131_fu_226              |   6|   0|    6|          0|
    |indvar_flatten_fu_218                 |   4|   0|    4|          0|
    |kch_fu_222                            |   3|   0|    3|          0|
    |kh_fu_214                             |   2|   0|    2|          0|
    |kw_fu_210                             |   2|   0|    2|          0|
    |p_mid1_reg_1992                       |   5|   0|    5|          0|
    |select_ln19_4_reg_1997                |   2|   0|    2|          0|
    |select_ln19_4_reg_1997_pp0_iter1_reg  |   2|   0|    2|          0|
    |select_ln19_reg_1988                  |   2|   0|    2|          0|
    |select_ln19_reg_1988_pp0_iter1_reg    |   2|   0|    2|          0|
    |trunc_ln16_reg_1979                   |   2|   0|    2|          0|
    |trunc_ln16_reg_1979_pp0_iter1_reg     |   2|   0|    2|          0|
    +--------------------------------------+----+----+-----+-----------+
    |Total                                 |1205|   0| 1205|          0|
    +--------------------------------------+----+----+-----+-----------+



================================================================
== Interface
================================================================
* Summary: 
+-----------------------+-----+-----+------------+--------------------------------------------------------------------+--------------+
|       RTL Ports       | Dir | Bits|  Protocol  |                            Source Object                           |    C Type    |
+-----------------------+-----+-----+------------+--------------------------------------------------------------------+--------------+
|ap_clk                 |   in|    1|  ap_ctrl_hs|  Conv_func<4, 26, 4, 24>_Pipeline_Fil_load_ch_Fil_load_r_Fil_load_c|  return value|
|ap_rst                 |   in|    1|  ap_ctrl_hs|  Conv_func<4, 26, 4, 24>_Pipeline_Fil_load_ch_Fil_load_r_Fil_load_c|  return value|
|ap_start               |   in|    1|  ap_ctrl_hs|  Conv_func<4, 26, 4, 24>_Pipeline_Fil_load_ch_Fil_load_r_Fil_load_c|  return value|
|ap_done                |  out|    1|  ap_ctrl_hs|  Conv_func<4, 26, 4, 24>_Pipeline_Fil_load_ch_Fil_load_r_Fil_load_c|  return value|
|ap_idle                |  out|    1|  ap_ctrl_hs|  Conv_func<4, 26, 4, 24>_Pipeline_Fil_load_ch_Fil_load_r_Fil_load_c|  return value|
|ap_ready               |  out|    1|  ap_ctrl_hs|  Conv_func<4, 26, 4, 24>_Pipeline_Fil_load_ch_Fil_load_r_Fil_load_c|  return value|
|kernel_3_2_2_promoted  |   in|   32|     ap_none|                                               kernel_3_2_2_promoted|        scalar|
|kernel_3_2_0_promoted  |   in|   32|     ap_none|                                               kernel_3_2_0_promoted|        scalar|
|kernel_3_2_1_promoted  |   in|   32|     ap_none|                                               kernel_3_2_1_promoted|        scalar|
|kernel_3_0_2_promoted  |   in|   32|     ap_none|                                               kernel_3_0_2_promoted|        scalar|
|kernel_3_0_0_promoted  |   in|   32|     ap_none|                                               kernel_3_0_0_promoted|        scalar|
|kernel_3_0_1_promoted  |   in|   32|     ap_none|                                               kernel_3_0_1_promoted|        scalar|
|kernel_3_1_2_promoted  |   in|   32|     ap_none|                                               kernel_3_1_2_promoted|        scalar|
|kernel_3_1_0_promoted  |   in|   32|     ap_none|                                               kernel_3_1_0_promoted|        scalar|
|kernel_3_1_1_promoted  |   in|   32|     ap_none|                                               kernel_3_1_1_promoted|        scalar|
|kernel_0_2_2_promoted  |   in|   32|     ap_none|                                               kernel_0_2_2_promoted|        scalar|
|kernel_0_2_0_promoted  |   in|   32|     ap_none|                                               kernel_0_2_0_promoted|        scalar|
|kernel_0_2_1_promoted  |   in|   32|     ap_none|                                               kernel_0_2_1_promoted|        scalar|
|kernel_0_0_2_promoted  |   in|   32|     ap_none|                                               kernel_0_0_2_promoted|        scalar|
|kernel_0_0_0_promoted  |   in|   32|     ap_none|                                               kernel_0_0_0_promoted|        scalar|
|kernel_0_0_1_promoted  |   in|   32|     ap_none|                                               kernel_0_0_1_promoted|        scalar|
|kernel_0_1_2_promoted  |   in|   32|     ap_none|                                               kernel_0_1_2_promoted|        scalar|
|kernel_0_1_0_promoted  |   in|   32|     ap_none|                                               kernel_0_1_0_promoted|        scalar|
|kernel_0_1_1_promoted  |   in|   32|     ap_none|                                               kernel_0_1_1_promoted|        scalar|
|kernel_1_2_2_promoted  |   in|   32|     ap_none|                                               kernel_1_2_2_promoted|        scalar|
|kernel_1_2_0_promoted  |   in|   32|     ap_none|                                               kernel_1_2_0_promoted|        scalar|
|kernel_1_2_1_promoted  |   in|   32|     ap_none|                                               kernel_1_2_1_promoted|        scalar|
|kernel_1_0_2_promoted  |   in|   32|     ap_none|                                               kernel_1_0_2_promoted|        scalar|
|kernel_1_0_0_promoted  |   in|   32|     ap_none|                                               kernel_1_0_0_promoted|        scalar|
|kernel_1_0_1_promoted  |   in|   32|     ap_none|                                               kernel_1_0_1_promoted|        scalar|
|kernel_1_1_2_promoted  |   in|   32|     ap_none|                                               kernel_1_1_2_promoted|        scalar|
|kernel_1_1_0_promoted  |   in|   32|     ap_none|                                               kernel_1_1_0_promoted|        scalar|
|kernel_1_1_1_promoted  |   in|   32|     ap_none|                                               kernel_1_1_1_promoted|        scalar|
|kernel_2_2_2_promoted  |   in|   32|     ap_none|                                               kernel_2_2_2_promoted|        scalar|
|kernel_2_2_0_promoted  |   in|   32|     ap_none|                                               kernel_2_2_0_promoted|        scalar|
|kernel_2_2_1_promoted  |   in|   32|     ap_none|                                               kernel_2_2_1_promoted|        scalar|
|kernel_2_0_2_promoted  |   in|   32|     ap_none|                                               kernel_2_0_2_promoted|        scalar|
|kernel_2_0_0_promoted  |   in|   32|     ap_none|                                               kernel_2_0_0_promoted|        scalar|
|kernel_2_0_1_promoted  |   in|   32|     ap_none|                                               kernel_2_0_1_promoted|        scalar|
|kernel_2_1_2_promoted  |   in|   32|     ap_none|                                               kernel_2_1_2_promoted|        scalar|
|kernel_2_1_0_promoted  |   in|   32|     ap_none|                                               kernel_2_1_0_promoted|        scalar|
|kernel_2_1_1_promoted  |   in|   32|     ap_none|                                               kernel_2_1_1_promoted|        scalar|
|or_ln26                |   in|    8|     ap_none|                                                             or_ln26|        scalar|
|p_out                  |  out|   32|      ap_vld|                                                               p_out|       pointer|
|p_out_ap_vld           |  out|    1|      ap_vld|                                                               p_out|       pointer|
|p_out1                 |  out|   32|      ap_vld|                                                              p_out1|       pointer|
|p_out1_ap_vld          |  out|    1|      ap_vld|                                                              p_out1|       pointer|
|p_out2                 |  out|   32|      ap_vld|                                                              p_out2|       pointer|
|p_out2_ap_vld          |  out|    1|      ap_vld|                                                              p_out2|       pointer|
|p_out3                 |  out|   32|      ap_vld|                                                              p_out3|       pointer|
|p_out3_ap_vld          |  out|    1|      ap_vld|                                                              p_out3|       pointer|
|p_out4                 |  out|   32|      ap_vld|                                                              p_out4|       pointer|
|p_out4_ap_vld          |  out|    1|      ap_vld|                                                              p_out4|       pointer|
|p_out5                 |  out|   32|      ap_vld|                                                              p_out5|       pointer|
|p_out5_ap_vld          |  out|    1|      ap_vld|                                                              p_out5|       pointer|
|p_out6                 |  out|   32|      ap_vld|                                                              p_out6|       pointer|
|p_out6_ap_vld          |  out|    1|      ap_vld|                                                              p_out6|       pointer|
|p_out7                 |  out|   32|      ap_vld|                                                              p_out7|       pointer|
|p_out7_ap_vld          |  out|    1|      ap_vld|                                                              p_out7|       pointer|
|p_out8                 |  out|   32|      ap_vld|                                                              p_out8|       pointer|
|p_out8_ap_vld          |  out|    1|      ap_vld|                                                              p_out8|       pointer|
|p_out9                 |  out|   32|      ap_vld|                                                              p_out9|       pointer|
|p_out9_ap_vld          |  out|    1|      ap_vld|                                                              p_out9|       pointer|
|p_out10                |  out|   32|      ap_vld|                                                             p_out10|       pointer|
|p_out10_ap_vld         |  out|    1|      ap_vld|                                                             p_out10|       pointer|
|p_out11                |  out|   32|      ap_vld|                                                             p_out11|       pointer|
|p_out11_ap_vld         |  out|    1|      ap_vld|                                                             p_out11|       pointer|
|p_out12                |  out|   32|      ap_vld|                                                             p_out12|       pointer|
|p_out12_ap_vld         |  out|    1|      ap_vld|                                                             p_out12|       pointer|
|p_out13                |  out|   32|      ap_vld|                                                             p_out13|       pointer|
|p_out13_ap_vld         |  out|    1|      ap_vld|                                                             p_out13|       pointer|
|p_out14                |  out|   32|      ap_vld|                                                             p_out14|       pointer|
|p_out14_ap_vld         |  out|    1|      ap_vld|                                                             p_out14|       pointer|
|p_out15                |  out|   32|      ap_vld|                                                             p_out15|       pointer|
|p_out15_ap_vld         |  out|    1|      ap_vld|                                                             p_out15|       pointer|
|p_out16                |  out|   32|      ap_vld|                                                             p_out16|       pointer|
|p_out16_ap_vld         |  out|    1|      ap_vld|                                                             p_out16|       pointer|
|p_out17                |  out|   32|      ap_vld|                                                             p_out17|       pointer|
|p_out17_ap_vld         |  out|    1|      ap_vld|                                                             p_out17|       pointer|
|p_out18                |  out|   32|      ap_vld|                                                             p_out18|       pointer|
|p_out18_ap_vld         |  out|    1|      ap_vld|                                                             p_out18|       pointer|
|p_out19                |  out|   32|      ap_vld|                                                             p_out19|       pointer|
|p_out19_ap_vld         |  out|    1|      ap_vld|                                                             p_out19|       pointer|
|p_out20                |  out|   32|      ap_vld|                                                             p_out20|       pointer|
|p_out20_ap_vld         |  out|    1|      ap_vld|                                                             p_out20|       pointer|
|p_out21                |  out|   32|      ap_vld|                                                             p_out21|       pointer|
|p_out21_ap_vld         |  out|    1|      ap_vld|                                                             p_out21|       pointer|
|p_out22                |  out|   32|      ap_vld|                                                             p_out22|       pointer|
|p_out22_ap_vld         |  out|    1|      ap_vld|                                                             p_out22|       pointer|
|p_out23                |  out|   32|      ap_vld|                                                             p_out23|       pointer|
|p_out23_ap_vld         |  out|    1|      ap_vld|                                                             p_out23|       pointer|
|p_out24                |  out|   32|      ap_vld|                                                             p_out24|       pointer|
|p_out24_ap_vld         |  out|    1|      ap_vld|                                                             p_out24|       pointer|
|p_out25                |  out|   32|      ap_vld|                                                             p_out25|       pointer|
|p_out25_ap_vld         |  out|    1|      ap_vld|                                                             p_out25|       pointer|
|p_out26                |  out|   32|      ap_vld|                                                             p_out26|       pointer|
|p_out26_ap_vld         |  out|    1|      ap_vld|                                                             p_out26|       pointer|
|p_out27                |  out|   32|      ap_vld|                                                             p_out27|       pointer|
|p_out27_ap_vld         |  out|    1|      ap_vld|                                                             p_out27|       pointer|
|p_out28                |  out|   32|      ap_vld|                                                             p_out28|       pointer|
|p_out28_ap_vld         |  out|    1|      ap_vld|                                                             p_out28|       pointer|
|p_out29                |  out|   32|      ap_vld|                                                             p_out29|       pointer|
|p_out29_ap_vld         |  out|    1|      ap_vld|                                                             p_out29|       pointer|
|p_out30                |  out|   32|      ap_vld|                                                             p_out30|       pointer|
|p_out30_ap_vld         |  out|    1|      ap_vld|                                                             p_out30|       pointer|
|p_out31                |  out|   32|      ap_vld|                                                             p_out31|       pointer|
|p_out31_ap_vld         |  out|    1|      ap_vld|                                                             p_out31|       pointer|
|p_out32                |  out|   32|      ap_vld|                                                             p_out32|       pointer|
|p_out32_ap_vld         |  out|    1|      ap_vld|                                                             p_out32|       pointer|
|p_out33                |  out|   32|      ap_vld|                                                             p_out33|       pointer|
|p_out33_ap_vld         |  out|    1|      ap_vld|                                                             p_out33|       pointer|
|p_out34                |  out|   32|      ap_vld|                                                             p_out34|       pointer|
|p_out34_ap_vld         |  out|    1|      ap_vld|                                                             p_out34|       pointer|
|p_out35                |  out|   32|      ap_vld|                                                             p_out35|       pointer|
|p_out35_ap_vld         |  out|    1|      ap_vld|                                                             p_out35|       pointer|
+-----------------------+-----+-----+------------+--------------------------------------------------------------------+--------------+

