

================================================================
== Vitis HLS Report for 'conv3'
================================================================
* Date:           Thu Dec 25 17:04:48 2025

* Version:        2022.1 (Build 3526262 on Mon Apr 18 15:48:16 MDT 2022)
* Project:        Day_5_final_boss
* Solution:       hellojio (Vivado IP Flow Target)
* Product family: zynq
* Target device:  xc7z020-clg400-1


================================================================
== Performance Estimates
================================================================
+ Timing: 
    * Summary: 
    +--------+----------+----------+------------+
    |  Clock |  Target  | Estimated| Uncertainty|
    +--------+----------+----------+------------+
    |ap_clk  |  10.00 ns|  7.256 ns|     2.70 ns|
    +--------+----------+----------+------------+

+ Latency: 
    * Summary: 
    +---------+---------+----------+----------+-------+-------+---------+
    |  Latency (cycles) |  Latency (absolute) |    Interval   | Pipeline|
    |   min   |   max   |    min   |    max   |  min  |  max  |   Type  |
    +---------+---------+----------+----------+-------+-------+---------+
    |    62574|    73774|  0.626 ms|  0.738 ms|  62574|  73774|       no|
    +---------+---------+----------+----------+-------+-------+---------+

    + Detail: 
        * Instance: 
        +---------------------------------+-----------------------+---------+---------+----------+----------+-------+-------+---------+
        |                                 |                       |  Latency (cycles) |  Latency (absolute) |    Interval   | Pipeline|
        |             Instance            |         Module        |   min   |   max   |    min   |    max   |  min  |  max  |   Type  |
        +---------------------------------+-----------------------+---------+---------+----------+----------+-------+-------+---------+
        |grp_Conv_func_4_12_4_10_s_fu_12  |Conv_func_4_12_4_10_s  |    62573|    73773|  0.626 ms|  0.738 ms|  62573|  73773|       no|
        +---------------------------------+-----------------------+---------+---------+----------+----------+-------+-------+---------+

        * Loop: 
        N/A



================================================================
== Utilization Estimates
================================================================
* Summary: 
+-----------------+---------+-----+--------+-------+-----+
|       Name      | BRAM_18K| DSP |   FF   |  LUT  | URAM|
+-----------------+---------+-----+--------+-------+-----+
|DSP              |        -|    -|       -|      -|    -|
|Expression       |        -|    -|       0|      2|    -|
|FIFO             |        -|    -|       -|      -|    -|
|Instance         |        1|   45|   11410|   8991|    -|
|Memory           |        -|    -|       -|      -|    -|
|Multiplexer      |        -|    -|       -|     23|    -|
|Register         |        -|    -|       4|      -|    -|
+-----------------+---------+-----+--------+-------+-----+
|Total            |        1|   45|   11414|   9016|    0|
+-----------------+---------+-----+--------+-------+-----+
|Available        |      280|  220|  106400|  53200|    0|
+-----------------+---------+-----+--------+-------+-----+
|Utilization (%)  |       ~0|   20|      10|     16|    0|
+-----------------+---------+-----+--------+-------+-----+

+ Detail: 
    * Instance: 
    +---------------------------------+-----------------------+---------+----+-------+------+-----+
    |             Instance            |         Module        | BRAM_18K| DSP|   FF  |  LUT | URAM|
    +---------------------------------+-----------------------+---------+----+-------+------+-----+
    |grp_Conv_func_4_12_4_10_s_fu_12  |Conv_func_4_12_4_10_s  |        1|  45|  11410|  8991|    0|
    +---------------------------------+-----------------------+---------+----+-------+------+-----+
    |Total                            |                       |        1|  45|  11410|  8991|    0|
    +---------------------------------+-----------------------+---------+----+-------+------+-----+

    * DSP: 
    N/A

    * Memory: 
    N/A

    * FIFO: 
    N/A

    * Expression: 
    +-----------------+----------+----+---+----+------------+------------+
    |  Variable Name  | Operation| DSP| FF| LUT| Bitwidth P0| Bitwidth P1|
    +-----------------+----------+----+---+----+------------+------------+
    |ap_block_state1  |        or|   0|  0|   2|           1|           1|
    +-----------------+----------+----+---+----+------------+------------+
    |Total            |          |   0|  0|   2|           1|           1|
    +-----------------+----------+----+---+----+------------+------------+

    * Multiplexer: 
    +-----------+----+-----------+-----+-----------+
    |    Name   | LUT| Input Size| Bits| Total Bits|
    +-----------+----+-----------+-----+-----------+
    |ap_NS_fsm  |  14|          3|    1|          3|
    |ap_done    |   9|          2|    1|          2|
    +-----------+----+-----------+-----+-----------+
    |Total      |  23|          5|    2|          5|
    +-----------+----+-----------+-----+-----------+

    * Register: 
    +----------------------------------------------+---+----+-----+-----------+
    |                     Name                     | FF| LUT| Bits| Const Bits|
    +----------------------------------------------+---+----+-----+-----------+
    |ap_CS_fsm                                     |  2|   0|    2|          0|
    |ap_done_reg                                   |  1|   0|    1|          0|
    |grp_Conv_func_4_12_4_10_s_fu_12_ap_start_reg  |  1|   0|    1|          0|
    +----------------------------------------------+---+----+-----+-----------+
    |Total                                         |  4|   0|    4|          0|
    +----------------------------------------------+---+----+-----+-----------+



================================================================
== Interface
================================================================
* Summary: 
+------------------+-----+-----+------------+--------------+--------------+
|     RTL Ports    | Dir | Bits|  Protocol  | Source Object|    C Type    |
+------------------+-----+-----+------------+--------------+--------------+
|ap_clk            |   in|    1|  ap_ctrl_hs|         conv3|  return value|
|ap_rst            |   in|    1|  ap_ctrl_hs|         conv3|  return value|
|ap_start          |   in|    1|  ap_ctrl_hs|         conv3|  return value|
|ap_done           |  out|    1|  ap_ctrl_hs|         conv3|  return value|
|ap_continue       |   in|    1|  ap_ctrl_hs|         conv3|  return value|
|ap_idle           |  out|    1|  ap_ctrl_hs|         conv3|  return value|
|ap_ready          |  out|    1|  ap_ctrl_hs|         conv3|  return value|
|mem_4_address0    |  out|   10|   ap_memory|         mem_4|         array|
|mem_4_ce0         |  out|    1|   ap_memory|         mem_4|         array|
|mem_4_q0          |   in|   32|   ap_memory|         mem_4|         array|
|mem_5_0_address0  |  out|    8|   ap_memory|       mem_5_0|         array|
|mem_5_0_ce0       |  out|    1|   ap_memory|       mem_5_0|         array|
|mem_5_0_we0       |  out|    1|   ap_memory|       mem_5_0|         array|
|mem_5_0_d0        |  out|   32|   ap_memory|       mem_5_0|         array|
|mem_5_0_q0        |   in|   32|   ap_memory|       mem_5_0|         array|
|mem_5_1_address0  |  out|    8|   ap_memory|       mem_5_1|         array|
|mem_5_1_ce0       |  out|    1|   ap_memory|       mem_5_1|         array|
|mem_5_1_we0       |  out|    1|   ap_memory|       mem_5_1|         array|
|mem_5_1_d0        |  out|   32|   ap_memory|       mem_5_1|         array|
|mem_5_1_q0        |   in|   32|   ap_memory|       mem_5_1|         array|
+------------------+-----+-----+------------+--------------+--------------+

