

================================================================
== Vitis HLS Report for 'Conv_func_4_12_4_10_s'
================================================================
* Date:           Thu Dec 25 17:04:48 2025

* Version:        2022.1 (Build 3526262 on Mon Apr 18 15:48:16 MDT 2022)
* Project:        Day_5_final_boss
* Solution:       hellojio (Vivado IP Flow Target)
* Product family: zynq
* Target device:  xc7z020-clg400-1


================================================================
== Performance Estimates
================================================================
+ Timing: 
    * Summary: 
    +--------+----------+----------+------------+
    |  Clock |  Target  | Estimated| Uncertainty|
    +--------+----------+----------+------------+
    |ap_clk  |  10.00 ns|  7.256 ns|     2.70 ns|
    +--------+----------+----------+------------+

+ Latency: 
    * Summary: 
    +---------+---------+----------+----------+-------+-------+---------+
    |  Latency (cycles) |  Latency (absolute) |    Interval   | Pipeline|
    |   min   |   max   |    min   |    max   |  min  |  max  |   Type  |
    +---------+---------+----------+----------+-------+-------+---------+
    |    62573|    73773|  0.626 ms|  0.738 ms|  62573|  73773|       no|
    +---------+---------+----------+----------+-------+-------+---------+

    + Detail: 
        * Instance: 
        +---------------------------------------------------------------------------+----------------------------------------------------------------+---------+---------+-----------+-----------+-----+-----+---------+
        |                                                                           |                                                                |  Latency (cycles) |   Latency (absolute)  |  Interval | Pipeline|
        |                                  Instance                                 |                             Module                             |   min   |   max   |    min    |    max    | min | max |   Type  |
        +---------------------------------------------------------------------------+----------------------------------------------------------------+---------+---------+-----------+-----------+-----+-----+---------+
        |grp_Conv_func_4_12_4_10_Pipeline_Fil_load_ch_Fil_load_r_Fil_load_c_fu_985  |Conv_func_4_12_4_10_Pipeline_Fil_load_ch_Fil_load_r_Fil_load_c  |       39|       39|   0.390 us|   0.390 us|   39|   39|       no|
        |grp_Conv_func_4_12_4_10_Pipeline_loadWinShift_fu_1064                      |Conv_func_4_12_4_10_Pipeline_loadWinShift                       |        6|        6|  60.000 ns|  60.000 ns|    6|    6|       no|
        |grp_Conv_func_4_12_4_10_Pipeline_loadWinFull_VITIS_LOOP_50_1_fu_1121       |Conv_func_4_12_4_10_Pipeline_loadWinFull_VITIS_LOOP_50_1        |       12|       12|   0.120 us|   0.120 us|   12|   12|       no|
        |grp_conv2D_4_s_fu_1159                                                     |conv2D_4_s                                                      |       24|       24|   0.240 us|   0.240 us|    1|    1|      yes|
        +---------------------------------------------------------------------------+----------------------------------------------------------------+---------+---------+-----------+-----------+-----+-----+---------+

        * Loop: 
        +---------------+---------+---------+---------------+-----------+-----------+------+----------+
        |               |  Latency (cycles) |   Iteration   |  Initiation Interval  | Trip |          |
        |   Loop Name   |   min   |   max   |    Latency    |  achieved |   target  | Count| Pipelined|
        +---------------+---------+---------+---------------+-----------+-----------+------+----------+
        |- C1_fil_load  |    62572|    73772|  15643 ~ 18443|          -|          -|     4|        no|
        | + inCh_VS_HS  |    15600|    18400|        39 ~ 46|          -|          -|   400|        no|
        +---------------+---------+---------+---------------+-----------+-----------+------+----------+



================================================================
== Utilization Estimates
================================================================
* Summary: 
+-----------------+---------+-----+--------+-------+-----+
|       Name      | BRAM_18K| DSP |   FF   |  LUT  | URAM|
+-----------------+---------+-----+--------+-------+-----+
|DSP              |        -|    -|       -|      -|    -|
|Expression       |        -|    -|       0|    371|    -|
|FIFO             |        -|    -|       -|      -|    -|
|Instance         |        1|   45|    8404|   8083|    -|
|Memory           |        0|    -|      32|      2|    -|
|Multiplexer      |        -|    -|       -|    535|    -|
|Register         |        -|    -|    2974|      -|    -|
+-----------------+---------+-----+--------+-------+-----+
|Total            |        1|   45|   11410|   8991|    0|
+-----------------+---------+-----+--------+-------+-----+
|Available        |      280|  220|  106400|  53200|    0|
+-----------------+---------+-----+--------+-------+-----+
|Utilization (%)  |       ~0|   20|      10|     16|    0|
+-----------------+---------+-----+--------+-------+-----+

+ Detail: 
    * Instance: 
    +---------------------------------------------------------------------------+----------------------------------------------------------------+---------+----+------+------+-----+
    |                                  Instance                                 |                             Module                             | BRAM_18K| DSP|  FF  |  LUT | URAM|
    +---------------------------------------------------------------------------+----------------------------------------------------------------+---------+----+------+------+-----+
    |grp_Conv_func_4_12_4_10_Pipeline_Fil_load_ch_Fil_load_r_Fil_load_c_fu_985  |Conv_func_4_12_4_10_Pipeline_Fil_load_ch_Fil_load_r_Fil_load_c  |        1|   0|  1205|   703|    0|
    |grp_Conv_func_4_12_4_10_Pipeline_loadWinFull_VITIS_LOOP_50_1_fu_1121       |Conv_func_4_12_4_10_Pipeline_loadWinFull_VITIS_LOOP_50_1        |        0|   0|   515|   379|    0|
    |grp_Conv_func_4_12_4_10_Pipeline_loadWinShift_fu_1064                      |Conv_func_4_12_4_10_Pipeline_loadWinShift                       |        0|   0|   798|   349|    0|
    |grp_conv2D_4_s_fu_1159                                                     |conv2D_4_s                                                      |        0|  45|  5886|  6643|    0|
    |fcmp_32ns_32ns_1_2_no_dsp_1_U581                                           |fcmp_32ns_32ns_1_2_no_dsp_1                                     |        0|   0|     0|     0|    0|
    |mux_21_32_1_1_U582                                                         |mux_21_32_1_1                                                   |        0|   0|     0|     9|    0|
    +---------------------------------------------------------------------------+----------------------------------------------------------------+---------+----+------+------+-----+
    |Total                                                                      |                                                                |        1|  45|  8404|  8083|    0|
    +---------------------------------------------------------------------------+----------------------------------------------------------------+---------+----+------+------+-----+

    * DSP: 
    N/A

    * Memory: 
    +--------------+----------------------------------------------+---------+----+----+-----+------+-----+------+-------------+
    |    Memory    |                    Module                    | BRAM_18K| FF | LUT| URAM| Words| Bits| Banks| W*Bits*Banks|
    +--------------+----------------------------------------------+---------+----+----+-----+------+-----+------+-------------+
    |conv3_bias_U  |Conv_func_4_12_4_10_s_conv3_bias_ROM_AUTO_1R  |        0|  32|   2|    0|     4|   32|     1|          128|
    +--------------+----------------------------------------------+---------+----+----+-----+------+-----+------+-------------+
    |Total         |                                              |        0|  32|   2|    0|     4|   32|     1|          128|
    +--------------+----------------------------------------------+---------+----+----+-----+------+-----+------+-------------+

    * FIFO: 
    N/A

    * Expression: 
    +---------------------------+----------+----+---+----+------------+------------+
    |       Variable Name       | Operation| DSP| FF| LUT| Bitwidth P0| Bitwidth P1|
    +---------------------------+----------+----+---+----+------------+------------+
    |add_ln133_fu_1238_p2       |         +|   0|  0|  11|           3|           1|
    |add_ln137_2_fu_1545_p2     |         +|   0|  0|  14|           9|           1|
    |add_ln137_fu_1551_p2       |         +|   0|  0|  11|           3|           1|
    |add_ln139_3_fu_2208_p2     |         +|   0|  0|  15|           8|           1|
    |add_ln139_fu_1815_p2       |         +|   0|  0|  13|           4|           1|
    |add_ln141_fu_2203_p2       |         +|   0|  0|  13|           4|           1|
    |add_ln146_2_fu_1844_p2     |         +|   0|  0|  14|           7|           7|
    |add_ln146_3_fu_1865_p2     |         +|   0|  0|  15|           8|           8|
    |add_ln146_4_fu_2129_p2     |         +|   0|  0|  15|           8|           8|
    |add_ln146_fu_1425_p2       |         +|   0|  0|  14|           7|           7|
    |empty_239_fu_1992_p2       |         +|   0|  0|  13|           4|           2|
    |sub_ln52_fu_1767_p2        |         -|   0|  0|  15|           8|           8|
    |and_ln137_fu_1583_p2       |       and|   0|  0|   2|           1|           1|
    |and_ln73_fu_2190_p2        |       and|   0|  0|   2|           1|           1|
    |cmp15102_fu_1780_p2        |      icmp|   0|  0|   8|           3|           1|
    |cmp15_mid1_fu_1775_p2      |      icmp|   0|  0|   8|           3|           1|
    |cmp28101_fu_1798_p2        |      icmp|   0|  0|   8|           3|           2|
    |cmp28_mid1_fu_1793_p2      |      icmp|   0|  0|   8|           3|           2|
    |icmp_ln133_fu_1232_p2      |      icmp|   0|  0|   9|           3|           4|
    |icmp_ln137_fu_1539_p2      |      icmp|   0|  0|  11|           9|           8|
    |icmp_ln139_fu_1557_p2      |      icmp|   0|  0|  11|           8|           7|
    |icmp_ln141_fu_1577_p2      |      icmp|   0|  0|   9|           4|           4|
    |icmp_ln46_fu_1875_p2       |      icmp|   0|  0|   9|           4|           1|
    |icmp_ln73_18_fu_2178_p2    |      icmp|   0|  0|  15|          23|           1|
    |icmp_ln73_fu_2172_p2       |      icmp|   0|  0|  11|           8|           2|
    |or_ln139_fu_1820_p2        |        or|   0|  0|   2|           1|           1|
    |or_ln73_fu_2184_p2         |        or|   0|  0|   2|           1|           1|
    |prev_sum_fu_2149_p3        |    select|   0|  0|  32|           1|          32|
    |select_ln137_4_fu_1737_p3  |    select|   0|  0|   3|           1|           3|
    |select_ln137_5_fu_1786_p3  |    select|   0|  0|   2|           1|           1|
    |select_ln137_6_fu_1804_p3  |    select|   0|  0|   2|           1|           1|
    |select_ln137_fu_1563_p3    |    select|   0|  0|   4|           1|           1|
    |select_ln139_4_fu_1832_p3  |    select|   0|  0|   4|           1|           4|
    |select_ln139_5_fu_2214_p3  |    select|   0|  0|   8|           1|           1|
    |select_ln139_fu_1824_p3    |    select|   0|  0|   4|           1|           1|
    |select_ln73_fu_2196_p3     |    select|   0|  0|  32|           1|           1|
    |xor_ln137_fu_1571_p2       |       xor|   0|  0|   2|           1|           2|
    +---------------------------+----------+----+---+----+------------+------------+
    |Total                      |          |   0|  0| 371|         158|         130|
    +---------------------------+----------+----+---+----+------------+------------+

    * Multiplexer: 
    +-----------------------------------+-----+-----------+-----+-----------+
    |                Name               | LUT | Input Size| Bits| Total Bits|
    +-----------------------------------+-----+-----------+-----+-----------+
    |ap_NS_fsm                          |  181|         41|    1|         41|
    |ifmap_address0                     |   14|          3|   10|         30|
    |ifmap_ce0                          |   14|          3|    1|          3|
    |indvar_flatten157_reg_710          |    9|          2|    8|         16|
    |indvar_flatten219_reg_687          |    9|          2|    9|         18|
    |kch_reg_698                        |    9|          2|    3|          6|
    |mux_case_06_reg_975                |    9|          2|   32|         64|
    |mux_case_08443_reg_945             |    9|          2|   32|         64|
    |mux_case_117_reg_965               |    9|          2|   32|         64|
    |mux_case_18554_reg_935             |    9|          2|   32|         64|
    |mux_case_228_reg_955               |    9|          2|   32|         64|
    |mux_case_28665_reg_925             |    9|          2|   32|         64|
    |n_f_fu_104                         |    9|          2|    3|          6|
    |ofmap_0_address0                   |   14|          3|    8|         24|
    |ofmap_0_d0                         |   14|          3|   32|         96|
    |ofmap_1_address0                   |   14|          3|    8|         24|
    |ofmap_1_d0                         |   14|          3|   32|         96|
    |oh_reg_722                         |    9|          2|    4|          8|
    |ow_reg_733                         |    9|          2|    4|          8|
    |window41_reg_825                   |    9|          2|   32|         64|
    |window_0_0_promoted245325_reg_875  |    9|          2|   32|         64|
    |window_0_1_promoted243318_reg_885  |    9|          2|   32|         64|
    |window_0_2_promoted247332_reg_865  |    9|          2|   32|         64|
    |window_1_0_promoted239304_reg_905  |    9|          2|   32|         64|
    |window_1_1_promoted237297_reg_915  |    9|          2|   32|         64|
    |window_1_2_promoted241311_reg_895  |    9|          2|   32|         64|
    |window_2_0_promoted251346_reg_845  |    9|          2|   32|         64|
    |window_2_1_promoted249339_reg_855  |    9|          2|   32|         64|
    |window_2_2_promoted253353_reg_835  |    9|          2|   32|         64|
    |window_4042_reg_815                |    9|          2|   32|         64|
    |window_4143_reg_805                |    9|          2|   32|         64|
    |window_4244_reg_795                |    9|          2|   32|         64|
    |window_4345_reg_785                |    9|          2|   32|         64|
    |window_4446_reg_775                |    9|          2|   32|         64|
    |window_4547_reg_765                |    9|          2|   32|         64|
    |window_4648_reg_755                |    9|          2|   32|         64|
    |window_4749_reg_745                |    9|          2|   32|         64|
    +-----------------------------------+-----+-----------+-----+-----------+
    |Total                              |  535|        119|  891|       1912|
    +-----------------------------------+-----+-----------+-----+-----------+

    * Register: 
    +----------------------------------------------------------------------------------------+----+----+-----+-----------+
    |                                          Name                                          | FF | LUT| Bits| Const Bits|
    +----------------------------------------------------------------------------------------+----+----+-----+-----------+
    |add_ln133_reg_3164                                                                      |   3|   0|    3|          0|
    |add_ln137_2_reg_3408                                                                    |   9|   0|    9|          0|
    |add_ln137_reg_3413                                                                      |   3|   0|    3|          0|
    |add_ln146_3_reg_3479                                                                    |   8|   0|    8|          0|
    |add_ln146_reg_3287                                                                      |   6|   0|    7|          1|
    |and_ln137_reg_3435                                                                      |   1|   0|    1|          0|
    |ap_CS_fsm                                                                               |  40|   0|   40|          0|
    |conv3_bias_load_reg_3400                                                                |  32|   0|   32|          0|
    |empty_239_reg_3565                                                                      |   4|   0|    4|          0|
    |grp_Conv_func_4_12_4_10_Pipeline_Fil_load_ch_Fil_load_r_Fil_load_c_fu_985_ap_start_reg  |   1|   0|    1|          0|
    |grp_Conv_func_4_12_4_10_Pipeline_loadWinFull_VITIS_LOOP_50_1_fu_1121_ap_start_reg       |   1|   0|    1|          0|
    |grp_Conv_func_4_12_4_10_Pipeline_loadWinShift_fu_1064_ap_start_reg                      |   1|   0|    1|          0|
    |icmp_ln139_reg_3420                                                                     |   1|   0|    1|          0|
    |icmp_ln46_reg_3489                                                                      |   1|   0|    1|          0|
    |indvar_flatten157_reg_710                                                               |   8|   0|    8|          0|
    |indvar_flatten219_reg_687                                                               |   9|   0|    9|          0|
    |kch_reg_698                                                                             |   3|   0|    3|          0|
    |kernel_0_0_0_promoted_fu_196                                                            |  32|   0|   32|          0|
    |kernel_0_0_1_promoted_fu_192                                                            |  32|   0|   32|          0|
    |kernel_0_0_2_promoted_fu_200                                                            |  32|   0|   32|          0|
    |kernel_0_1_0_promoted_fu_184                                                            |  32|   0|   32|          0|
    |kernel_0_1_1_promoted_fu_180                                                            |  32|   0|   32|          0|
    |kernel_0_1_2_promoted_fu_188                                                            |  32|   0|   32|          0|
    |kernel_0_2_0_promoted_fu_208                                                            |  32|   0|   32|          0|
    |kernel_0_2_1_promoted_fu_204                                                            |  32|   0|   32|          0|
    |kernel_0_2_2_promoted_fu_212                                                            |  32|   0|   32|          0|
    |kernel_1_0_0_promoted_fu_160                                                            |  32|   0|   32|          0|
    |kernel_1_0_1_promoted_fu_156                                                            |  32|   0|   32|          0|
    |kernel_1_0_2_promoted_fu_164                                                            |  32|   0|   32|          0|
    |kernel_1_1_0_promoted_fu_148                                                            |  32|   0|   32|          0|
    |kernel_1_1_1_promoted_fu_144                                                            |  32|   0|   32|          0|
    |kernel_1_1_2_promoted_fu_152                                                            |  32|   0|   32|          0|
    |kernel_1_2_0_promoted_fu_172                                                            |  32|   0|   32|          0|
    |kernel_1_2_1_promoted_fu_168                                                            |  32|   0|   32|          0|
    |kernel_1_2_2_promoted_fu_176                                                            |  32|   0|   32|          0|
    |kernel_2_0_0_promoted_fu_124                                                            |  32|   0|   32|          0|
    |kernel_2_0_1_promoted_fu_120                                                            |  32|   0|   32|          0|
    |kernel_2_0_2_promoted_fu_128                                                            |  32|   0|   32|          0|
    |kernel_2_1_0_promoted_fu_112                                                            |  32|   0|   32|          0|
    |kernel_2_1_1_promoted_fu_108                                                            |  32|   0|   32|          0|
    |kernel_2_1_2_promoted_fu_116                                                            |  32|   0|   32|          0|
    |kernel_2_2_0_promoted_fu_136                                                            |  32|   0|   32|          0|
    |kernel_2_2_1_promoted_fu_132                                                            |  32|   0|   32|          0|
    |kernel_2_2_2_promoted_fu_140                                                            |  32|   0|   32|          0|
    |kernel_3_0_0_promoted_fu_232                                                            |  32|   0|   32|          0|
    |kernel_3_0_1_promoted_fu_228                                                            |  32|   0|   32|          0|
    |kernel_3_0_2_promoted_fu_236                                                            |  32|   0|   32|          0|
    |kernel_3_1_0_promoted_fu_220                                                            |  32|   0|   32|          0|
    |kernel_3_1_1_promoted_fu_216                                                            |  32|   0|   32|          0|
    |kernel_3_1_2_promoted_fu_224                                                            |  32|   0|   32|          0|
    |kernel_3_2_0_promoted_fu_244                                                            |  32|   0|   32|          0|
    |kernel_3_2_1_promoted_fu_240                                                            |  32|   0|   32|          0|
    |kernel_3_2_2_promoted_fu_248                                                            |  32|   0|   32|          0|
    |mux_case_01_fu_252                                                                      |  32|   0|   32|          0|
    |mux_case_06_reg_975                                                                     |  32|   0|   32|          0|
    |mux_case_08435_fu_264                                                                   |  32|   0|   32|          0|
    |mux_case_08443_reg_945                                                                  |  32|   0|   32|          0|
    |mux_case_113_fu_256                                                                     |  32|   0|   32|          0|
    |mux_case_117_reg_965                                                                    |  32|   0|   32|          0|
    |mux_case_18546_fu_268                                                                   |  32|   0|   32|          0|
    |mux_case_18554_reg_935                                                                  |  32|   0|   32|          0|
    |mux_case_224_fu_260                                                                     |  32|   0|   32|          0|
    |mux_case_228_reg_955                                                                    |  32|   0|   32|          0|
    |mux_case_28657_fu_272                                                                   |  32|   0|   32|          0|
    |mux_case_28665_reg_925                                                                  |  32|   0|   32|          0|
    |n_f_fu_104                                                                              |   3|   0|    3|          0|
    |ofmap_0_addr_reg_3687                                                                   |   8|   0|    8|          0|
    |ofmap_1_addr_reg_3692                                                                   |   8|   0|    8|          0|
    |oh_reg_722                                                                              |   4|   0|    4|          0|
    |or_ln_reg_3277                                                                          |   6|   0|    8|          2|
    |ow_reg_733                                                                              |   4|   0|    4|          0|
    |prev_sum_reg_3697                                                                       |  32|   0|   32|          0|
    |select_ln137_4_reg_3441                                                                 |   3|   0|    3|          0|
    |select_ln137_5_reg_3452                                                                 |   1|   0|    1|          0|
    |select_ln137_6_reg_3457                                                                 |   1|   0|    1|          0|
    |select_ln137_reg_3429                                                                   |   4|   0|    4|          0|
    |select_ln139_4_reg_3472                                                                 |   4|   0|    4|          0|
    |select_ln139_reg_3466                                                                   |   4|   0|    4|          0|
    |select_ln73_reg_3711                                                                    |  32|   0|   32|          0|
    |sub_ln52_reg_3446                                                                       |   6|   0|    8|          2|
    |sum_reg_3702                                                                            |  32|   0|   32|          0|
    |trunc_ln137_reg_3461                                                                    |   2|   0|    2|          0|
    |trunc_ln141_reg_3484                                                                    |   1|   0|    1|          0|
    |window4153_fu_312                                                                       |  32|   0|   32|          0|
    |window41_reg_825                                                                        |  32|   0|   32|          0|
    |window_0_0_promoted245319_fu_292                                                        |  32|   0|   32|          0|
    |window_0_0_promoted245325_reg_875                                                       |  32|   0|   32|          0|
    |window_0_1_promoted243312_fu_288                                                        |  32|   0|   32|          0|
    |window_0_1_promoted243318_reg_885                                                       |  32|   0|   32|          0|
    |window_0_2_promoted247326_fu_296                                                        |  32|   0|   32|          0|
    |window_0_2_promoted247332_reg_865                                                       |  32|   0|   32|          0|
    |window_1_0_promoted239298_fu_280                                                        |  32|   0|   32|          0|
    |window_1_0_promoted239304_reg_905                                                       |  32|   0|   32|          0|
    |window_1_1_promoted237291_fu_276                                                        |  32|   0|   32|          0|
    |window_1_1_promoted237297_reg_915                                                       |  32|   0|   32|          0|
    |window_1_2_promoted241305_fu_284                                                        |  32|   0|   32|          0|
    |window_1_2_promoted241311_reg_895                                                       |  32|   0|   32|          0|
    |window_2_0_promoted251340_fu_304                                                        |  32|   0|   32|          0|
    |window_2_0_promoted251346_reg_845                                                       |  32|   0|   32|          0|
    |window_2_1_promoted249333_fu_300                                                        |  32|   0|   32|          0|
    |window_2_1_promoted249339_reg_855                                                       |  32|   0|   32|          0|
    |window_2_2_promoted253347_fu_308                                                        |  32|   0|   32|          0|
    |window_2_2_promoted253353_reg_835                                                       |  32|   0|   32|          0|
    |window_404260_fu_316                                                                    |  32|   0|   32|          0|
    |window_4042_reg_815                                                                     |  32|   0|   32|          0|
    |window_414367_fu_320                                                                    |  32|   0|   32|          0|
    |window_4143_reg_805                                                                     |  32|   0|   32|          0|
    |window_424474_fu_324                                                                    |  32|   0|   32|          0|
    |window_4244_reg_795                                                                     |  32|   0|   32|          0|
    |window_434581_fu_328                                                                    |  32|   0|   32|          0|
    |window_4345_reg_785                                                                     |  32|   0|   32|          0|
    |window_444688_fu_332                                                                    |  32|   0|   32|          0|
    |window_4446_reg_775                                                                     |  32|   0|   32|          0|
    |window_454795_fu_336                                                                    |  32|   0|   32|          0|
    |window_4547_reg_765                                                                     |  32|   0|   32|          0|
    |window_4648102_fu_340                                                                   |  32|   0|   32|          0|
    |window_4648_reg_755                                                                     |  32|   0|   32|          0|
    |window_4749109_fu_344                                                                   |  32|   0|   32|          0|
    |window_4749_reg_745                                                                     |  32|   0|   32|          0|
    +----------------------------------------------------------------------------------------+----+----+-----+-----------+
    |Total                                                                                   |2974|   0| 2979|          5|
    +----------------------------------------------------------------------------------------+----+----+-----+-----------+



================================================================
== Interface
================================================================
* Summary: 
+------------------+-----+-----+------------+-------------------------+--------------+
|     RTL Ports    | Dir | Bits|  Protocol  |      Source Object      |    C Type    |
+------------------+-----+-----+------------+-------------------------+--------------+
|ap_clk            |   in|    1|  ap_ctrl_hs|  Conv_func<4, 12, 4, 10>|  return value|
|ap_rst            |   in|    1|  ap_ctrl_hs|  Conv_func<4, 12, 4, 10>|  return value|
|ap_start          |   in|    1|  ap_ctrl_hs|  Conv_func<4, 12, 4, 10>|  return value|
|ap_done           |  out|    1|  ap_ctrl_hs|  Conv_func<4, 12, 4, 10>|  return value|
|ap_idle           |  out|    1|  ap_ctrl_hs|  Conv_func<4, 12, 4, 10>|  return value|
|ap_ready          |  out|    1|  ap_ctrl_hs|  Conv_func<4, 12, 4, 10>|  return value|
|ifmap_address0    |  out|   10|   ap_memory|                    ifmap|         array|
|ifmap_ce0         |  out|    1|   ap_memory|                    ifmap|         array|
|ifmap_q0          |   in|   32|   ap_memory|                    ifmap|         array|
|ofmap_0_address0  |  out|    8|   ap_memory|                  ofmap_0|         array|
|ofmap_0_ce0       |  out|    1|   ap_memory|                  ofmap_0|         array|
|ofmap_0_we0       |  out|    1|   ap_memory|                  ofmap_0|         array|
|ofmap_0_d0        |  out|   32|   ap_memory|                  ofmap_0|         array|
|ofmap_0_q0        |   in|   32|   ap_memory|                  ofmap_0|         array|
|ofmap_1_address0  |  out|    8|   ap_memory|                  ofmap_1|         array|
|ofmap_1_ce0       |  out|    1|   ap_memory|                  ofmap_1|         array|
|ofmap_1_we0       |  out|    1|   ap_memory|                  ofmap_1|         array|
|ofmap_1_d0        |  out|   32|   ap_memory|                  ofmap_1|         array|
|ofmap_1_q0        |   in|   32|   ap_memory|                  ofmap_1|         array|
+------------------+-----+-----+------------+-------------------------+--------------+

