

================================================================
== Vitis HLS Report for 'Conv_func_4_12_4_10_Pipeline_loadWinFull_VITIS_LOOP_50_1'
================================================================
* Date:           Thu Dec 25 17:04:47 2025

* Version:        2022.1 (Build 3526262 on Mon Apr 18 15:48:16 MDT 2022)
* Project:        Day_5_final_boss
* Solution:       hellojio (Vivado IP Flow Target)
* Product family: zynq
* Target device:  xc7z020-clg400-1


================================================================
== Performance Estimates
================================================================
+ Timing: 
    * Summary: 
    +--------+----------+----------+------------+
    |  Clock |  Target  | Estimated| Uncertainty|
    +--------+----------+----------+------------+
    |ap_clk  |  10.00 ns|  6.848 ns|     2.70 ns|
    +--------+----------+----------+------------+

+ Latency: 
    * Summary: 
    +---------+---------+----------+----------+-----+-----+---------+
    |  Latency (cycles) |  Latency (absolute) |  Interval | Pipeline|
    |   min   |   max   |    min   |    max   | min | max |   Type  |
    +---------+---------+----------+----------+-----+-----+---------+
    |       12|       12|  0.120 us|  0.120 us|   12|   12|       no|
    +---------+---------+----------+----------+-----+-----+---------+

    + Detail: 
        * Instance: 
        N/A

        * Loop: 
        +-------------------------------+---------+---------+----------+-----------+-----------+------+----------+
        |                               |  Latency (cycles) | Iteration|  Initiation Interval  | Trip |          |
        |           Loop Name           |   min   |   max   |  Latency |  achieved |   target  | Count| Pipelined|
        +-------------------------------+---------+---------+----------+-----------+-----------+------+----------+
        |- loadWinFull_VITIS_LOOP_50_1  |       10|       10|         3|          1|          1|     9|       yes|
        +-------------------------------+---------+---------+----------+-----------+-----------+------+----------+



================================================================
== Utilization Estimates
================================================================
* Summary: 
+-----------------+---------+-----+--------+-------+-----+
|       Name      | BRAM_18K| DSP |   FF   |  LUT  | URAM|
+-----------------+---------+-----+--------+-------+-----+
|DSP              |        -|    -|       -|      -|    -|
|Expression       |        -|    -|       0|    172|    -|
|FIFO             |        -|    -|       -|      -|    -|
|Instance         |        -|    -|       -|      -|    -|
|Memory           |        -|    -|       -|      -|    -|
|Multiplexer      |        -|    -|       -|    207|    -|
|Register         |        -|    -|     515|      -|    -|
+-----------------+---------+-----+--------+-------+-----+
|Total            |        0|    0|     515|    379|    0|
+-----------------+---------+-----+--------+-------+-----+
|Available        |      280|  220|  106400|  53200|    0|
+-----------------+---------+-----+--------+-------+-----+
|Utilization (%)  |        0|    0|      ~0|     ~0|    0|
+-----------------+---------+-----+--------+-------+-----+

+ Detail: 
    * Instance: 
    N/A

    * DSP: 
    N/A

    * Memory: 
    N/A

    * FIFO: 
    N/A

    * Expression: 
    +-------------------------+----------+----+---+----+------------+------------+
    |      Variable Name      | Operation| DSP| FF| LUT| Bitwidth P0| Bitwidth P1|
    +-------------------------+----------+----+---+----+------------+------------+
    |add_ln49_3_fu_515_p2     |         +|   0|  0|  13|           4|           1|
    |add_ln49_fu_527_p2       |         +|   0|  0|  10|           2|           1|
    |add_ln50_fu_565_p2       |         +|   0|  0|  10|           2|           1|
    |add_ln52_3_fu_589_p2     |         +|   0|  0|  14|           9|           9|
    |add_ln52_fu_559_p2       |         +|   0|  0|  13|           4|           4|
    |sub_ln52_1_fu_618_p2     |         -|   0|  0|  71|          64|          64|
    |ap_condition_440         |       and|   0|  0|   2|           1|           1|
    |ap_condition_445         |       and|   0|  0|   2|           1|           1|
    |ap_condition_449         |       and|   0|  0|   2|           1|           1|
    |ap_condition_452         |       and|   0|  0|   2|           1|           1|
    |ap_condition_455         |       and|   0|  0|   2|           1|           1|
    |ap_condition_459         |       and|   0|  0|   2|           1|           1|
    |ap_condition_462         |       and|   0|  0|   2|           1|           1|
    |ap_condition_467         |       and|   0|  0|   2|           1|           1|
    |ap_condition_470         |       and|   0|  0|   2|           1|           1|
    |icmp_ln49_fu_509_p2      |      icmp|   0|  0|   9|           4|           4|
    |icmp_ln50_fu_533_p2      |      icmp|   0|  0|   8|           2|           2|
    |select_ln52_3_fu_547_p3  |    select|   0|  0|   2|           1|           2|
    |select_ln52_fu_539_p3    |    select|   0|  0|   2|           1|           1|
    |ap_enable_pp0            |       xor|   0|  0|   2|           1|           2|
    +-------------------------+----------+----+---+----+------------+------------+
    |Total                    |          |   0|  0| 172|         103|         100|
    +-------------------------+----------+----+---+----+------------+------------+

    * Multiplexer: 
    +-----------------------------------------+----+-----------+-----+-----------+
    |                   Name                  | LUT| Input Size| Bits| Total Bits|
    +-----------------------------------------+----+-----------+-----+-----------+
    |ap_done_int                              |   9|          2|    1|          2|
    |ap_enable_reg_pp0_iter1                  |   9|          2|    1|          2|
    |ap_sig_allocacmp_indvar_flatten150_load  |   9|          2|    4|          8|
    |ap_sig_allocacmp_wi_load                 |   9|          2|    2|          4|
    |ap_sig_allocacmp_wj_load                 |   9|          2|    2|          4|
    |empty_191_fu_160                         |   9|          2|   32|         64|
    |empty_192_fu_164                         |   9|          2|   32|         64|
    |empty_193_fu_168                         |   9|          2|   32|         64|
    |empty_194_fu_172                         |   9|          2|   32|         64|
    |empty_195_fu_176                         |   9|          2|   32|         64|
    |empty_196_fu_180                         |   9|          2|   32|         64|
    |empty_197_fu_184                         |   9|          2|   32|         64|
    |empty_198_fu_188                         |   9|          2|   32|         64|
    |empty_fu_156                             |   9|          2|   32|         64|
    |indvar_flatten150_fu_128                 |   9|          2|    4|          8|
    |mux_case_08440_fu_144                    |   9|          2|   32|         64|
    |mux_case_08_fu_132                       |   9|          2|   32|         64|
    |mux_case_119_fu_136                      |   9|          2|   32|         64|
    |mux_case_18551_fu_148                    |   9|          2|   32|         64|
    |mux_case_230_fu_140                      |   9|          2|   32|         64|
    |mux_case_28662_fu_152                    |   9|          2|   32|         64|
    |wi_fu_124                                |   9|          2|    2|          4|
    |wj_fu_120                                |   9|          2|    2|          4|
    +-----------------------------------------+----+-----------+-----+-----------+
    |Total                                    | 207|         46|  498|        996|
    +-----------------------------------------+----+-----------+-----+-----------+

    * Register: 
    +-------------------------------------+----+----+-----+-----------+
    |                 Name                | FF | LUT| Bits| Const Bits|
    +-------------------------------------+----+----+-----+-----------+
    |add_ln52_reg_925                     |   4|   0|    4|          0|
    |ap_CS_fsm                            |   1|   0|    1|          0|
    |ap_done_reg                          |   1|   0|    1|          0|
    |ap_enable_reg_pp0_iter1              |   1|   0|    1|          0|
    |ap_enable_reg_pp0_iter2              |   1|   0|    1|          0|
    |ap_loop_exit_ready_pp0_iter1_reg     |   1|   0|    1|          0|
    |empty_191_fu_160                     |  32|   0|   32|          0|
    |empty_192_fu_164                     |  32|   0|   32|          0|
    |empty_193_fu_168                     |  32|   0|   32|          0|
    |empty_194_fu_172                     |  32|   0|   32|          0|
    |empty_195_fu_176                     |  32|   0|   32|          0|
    |empty_196_fu_180                     |  32|   0|   32|          0|
    |empty_197_fu_184                     |  32|   0|   32|          0|
    |empty_198_fu_188                     |  32|   0|   32|          0|
    |empty_fu_156                         |  32|   0|   32|          0|
    |icmp_ln49_reg_912                    |   1|   0|    1|          0|
    |indvar_flatten150_fu_128             |   4|   0|    4|          0|
    |mux_case_08440_fu_144                |  32|   0|   32|          0|
    |mux_case_08_fu_132                   |  32|   0|   32|          0|
    |mux_case_119_fu_136                  |  32|   0|   32|          0|
    |mux_case_18551_fu_148                |  32|   0|   32|          0|
    |mux_case_230_fu_140                  |  32|   0|   32|          0|
    |mux_case_28662_fu_152                |  32|   0|   32|          0|
    |select_ln52_3_reg_921                |   2|   0|    2|          0|
    |select_ln52_3_reg_921_pp0_iter1_reg  |   2|   0|    2|          0|
    |select_ln52_reg_916                  |   2|   0|    2|          0|
    |select_ln52_reg_916_pp0_iter1_reg    |   2|   0|    2|          0|
    |sub_ln52_cast_reg_907                |   9|   0|    9|          0|
    |wi_fu_124                            |   2|   0|    2|          0|
    |wj_fu_120                            |   2|   0|    2|          0|
    +-------------------------------------+----+----+-----+-----------+
    |Total                                | 515|   0|  515|          0|
    +-------------------------------------+----+----+-----+-----------+



================================================================
== Interface
================================================================
* Summary: 
+---------------------------+-----+-----+------------+--------------------------------------------------------------+--------------+
|         RTL Ports         | Dir | Bits|  Protocol  |                         Source Object                        |    C Type    |
+---------------------------+-----+-----+------------+--------------------------------------------------------------+--------------+
|ap_clk                     |   in|    1|  ap_ctrl_hs|  Conv_func<4, 12, 4, 10>_Pipeline_loadWinFull_VITIS_LOOP_50_1|  return value|
|ap_rst                     |   in|    1|  ap_ctrl_hs|  Conv_func<4, 12, 4, 10>_Pipeline_loadWinFull_VITIS_LOOP_50_1|  return value|
|ap_start                   |   in|    1|  ap_ctrl_hs|  Conv_func<4, 12, 4, 10>_Pipeline_loadWinFull_VITIS_LOOP_50_1|  return value|
|ap_done                    |  out|    1|  ap_ctrl_hs|  Conv_func<4, 12, 4, 10>_Pipeline_loadWinFull_VITIS_LOOP_50_1|  return value|
|ap_idle                    |  out|    1|  ap_ctrl_hs|  Conv_func<4, 12, 4, 10>_Pipeline_loadWinFull_VITIS_LOOP_50_1|  return value|
|ap_ready                   |  out|    1|  ap_ctrl_hs|  Conv_func<4, 12, 4, 10>_Pipeline_loadWinFull_VITIS_LOOP_50_1|  return value|
|window_2_2_promoted253     |   in|   32|     ap_none|                                        window_2_2_promoted253|        scalar|
|window_2_0_promoted251     |   in|   32|     ap_none|                                        window_2_0_promoted251|        scalar|
|window_2_1_promoted249     |   in|   32|     ap_none|                                        window_2_1_promoted249|        scalar|
|window_0_2_promoted247     |   in|   32|     ap_none|                                        window_0_2_promoted247|        scalar|
|window_0_0_promoted245     |   in|   32|     ap_none|                                        window_0_0_promoted245|        scalar|
|window_0_1_promoted243     |   in|   32|     ap_none|                                        window_0_1_promoted243|        scalar|
|window_1_2_promoted241     |   in|   32|     ap_none|                                        window_1_2_promoted241|        scalar|
|window_1_0_promoted239     |   in|   32|     ap_none|                                        window_1_0_promoted239|        scalar|
|window_1_1_promoted237     |   in|   32|     ap_none|                                        window_1_1_promoted237|        scalar|
|mux_case_28664             |   in|   32|     ap_none|                                                mux_case_28664|        scalar|
|mux_case_18553             |   in|   32|     ap_none|                                                mux_case_18553|        scalar|
|mux_case_08442             |   in|   32|     ap_none|                                                mux_case_08442|        scalar|
|mux_case_227               |   in|   32|     ap_none|                                                  mux_case_227|        scalar|
|mux_case_116               |   in|   32|     ap_none|                                                  mux_case_116|        scalar|
|mux_case_05                |   in|   32|     ap_none|                                                   mux_case_05|        scalar|
|select_ln139_6             |   in|    4|     ap_none|                                                select_ln139_6|        scalar|
|sub_ln52                   |   in|    8|     ap_none|                                                      sub_ln52|        scalar|
|ifmap_address0             |  out|   10|   ap_memory|                                                         ifmap|         array|
|ifmap_ce0                  |  out|    1|   ap_memory|                                                         ifmap|         array|
|ifmap_q0                   |   in|   32|   ap_memory|                                                         ifmap|         array|
|p_out                      |  out|   32|      ap_vld|                                                         p_out|       pointer|
|p_out_ap_vld               |  out|    1|      ap_vld|                                                         p_out|       pointer|
|p_out1                     |  out|   32|      ap_vld|                                                        p_out1|       pointer|
|p_out1_ap_vld              |  out|    1|      ap_vld|                                                        p_out1|       pointer|
|p_out2                     |  out|   32|      ap_vld|                                                        p_out2|       pointer|
|p_out2_ap_vld              |  out|    1|      ap_vld|                                                        p_out2|       pointer|
|p_out3                     |  out|   32|      ap_vld|                                                        p_out3|       pointer|
|p_out3_ap_vld              |  out|    1|      ap_vld|                                                        p_out3|       pointer|
|p_out4                     |  out|   32|      ap_vld|                                                        p_out4|       pointer|
|p_out4_ap_vld              |  out|    1|      ap_vld|                                                        p_out4|       pointer|
|p_out5                     |  out|   32|      ap_vld|                                                        p_out5|       pointer|
|p_out5_ap_vld              |  out|    1|      ap_vld|                                                        p_out5|       pointer|
|p_out6                     |  out|   32|      ap_vld|                                                        p_out6|       pointer|
|p_out6_ap_vld              |  out|    1|      ap_vld|                                                        p_out6|       pointer|
|p_out7                     |  out|   32|      ap_vld|                                                        p_out7|       pointer|
|p_out7_ap_vld              |  out|    1|      ap_vld|                                                        p_out7|       pointer|
|p_out8                     |  out|   32|      ap_vld|                                                        p_out8|       pointer|
|p_out8_ap_vld              |  out|    1|      ap_vld|                                                        p_out8|       pointer|
|mux_case_28662_out         |  out|   32|      ap_vld|                                            mux_case_28662_out|       pointer|
|mux_case_28662_out_ap_vld  |  out|    1|      ap_vld|                                            mux_case_28662_out|       pointer|
|mux_case_18551_out         |  out|   32|      ap_vld|                                            mux_case_18551_out|       pointer|
|mux_case_18551_out_ap_vld  |  out|    1|      ap_vld|                                            mux_case_18551_out|       pointer|
|mux_case_08440_out         |  out|   32|      ap_vld|                                            mux_case_08440_out|       pointer|
|mux_case_08440_out_ap_vld  |  out|    1|      ap_vld|                                            mux_case_08440_out|       pointer|
|mux_case_230_out           |  out|   32|      ap_vld|                                              mux_case_230_out|       pointer|
|mux_case_230_out_ap_vld    |  out|    1|      ap_vld|                                              mux_case_230_out|       pointer|
|mux_case_119_out           |  out|   32|      ap_vld|                                              mux_case_119_out|       pointer|
|mux_case_119_out_ap_vld    |  out|    1|      ap_vld|                                              mux_case_119_out|       pointer|
|mux_case_08_out            |  out|   32|      ap_vld|                                               mux_case_08_out|       pointer|
|mux_case_08_out_ap_vld     |  out|    1|      ap_vld|                                               mux_case_08_out|       pointer|
+---------------------------+-----+-----+------------+--------------------------------------------------------------+--------------+

