

================================================================
== Vitis HLS Report for 'conv1_Pipeline_loadWinFull_VITIS_LOOP_50_1'
================================================================
* Date:           Thu Dec 25 17:04:44 2025

* Version:        2022.1 (Build 3526262 on Mon Apr 18 15:48:16 MDT 2022)
* Project:        Day_5_final_boss
* Solution:       hellojio (Vivado IP Flow Target)
* Product family: zynq
* Target device:  xc7z020-clg400-1


================================================================
== Performance Estimates
================================================================
+ Timing: 
    * Summary: 
    +--------+----------+----------+------------+
    |  Clock |  Target  | Estimated| Uncertainty|
    +--------+----------+----------+------------+
    |ap_clk  |  10.00 ns|  6.765 ns|     2.70 ns|
    +--------+----------+----------+------------+

+ Latency: 
    * Summary: 
    +---------+---------+----------+----------+-----+-----+---------+
    |  Latency (cycles) |  Latency (absolute) |  Interval | Pipeline|
    |   min   |   max   |    min   |    max   | min | max |   Type  |
    +---------+---------+----------+----------+-----+-----+---------+
    |       12|       12|  0.120 us|  0.120 us|   12|   12|       no|
    +---------+---------+----------+----------+-----+-----+---------+

    + Detail: 
        * Instance: 
        N/A

        * Loop: 
        +-------------------------------+---------+---------+----------+-----------+-----------+------+----------+
        |                               |  Latency (cycles) | Iteration|  Initiation Interval  | Trip |          |
        |           Loop Name           |   min   |   max   |  Latency |  achieved |   target  | Count| Pipelined|
        +-------------------------------+---------+---------+----------+-----------+-----------+------+----------+
        |- loadWinFull_VITIS_LOOP_50_1  |       10|       10|         3|          1|          1|     9|       yes|
        +-------------------------------+---------+---------+----------+-----------+-----------+------+----------+



================================================================
== Utilization Estimates
================================================================
* Summary: 
+-----------------+---------+-----+--------+-------+-----+
|       Name      | BRAM_18K| DSP |   FF   |  LUT  | URAM|
+-----------------+---------+-----+--------+-------+-----+
|DSP              |        -|    -|       -|      -|    -|
|Expression       |        -|    -|       0|     99|    -|
|FIFO             |        -|    -|       -|      -|    -|
|Instance         |        -|    -|       -|      -|    -|
|Memory           |        -|    -|       -|      -|    -|
|Multiplexer      |        -|    -|       -|    207|    -|
|Register         |        -|    -|     502|      -|    -|
+-----------------+---------+-----+--------+-------+-----+
|Total            |        0|    0|     502|    306|    0|
+-----------------+---------+-----+--------+-------+-----+
|Available        |      280|  220|  106400|  53200|    0|
+-----------------+---------+-----+--------+-------+-----+
|Utilization (%)  |        0|    0|      ~0|     ~0|    0|
+-----------------+---------+-----+--------+-------+-----+

+ Detail: 
    * Instance: 
    N/A

    * DSP: 
    N/A

    * Memory: 
    N/A

    * FIFO: 
    N/A

    * Expression: 
    +-------------------------+----------+----+---+----+------------+------------+
    |      Variable Name      | Operation| DSP| FF| LUT| Bitwidth P0| Bitwidth P1|
    +-------------------------+----------+----+---+----+------------+------------+
    |add_ln49_1_fu_503_p2     |         +|   0|  0|  13|           4|           1|
    |add_ln49_fu_515_p2       |         +|   0|  0|  10|           2|           1|
    |add_ln50_fu_543_p2       |         +|   0|  0|  10|           2|           1|
    |add_ln52_fu_567_p2       |         +|   0|  0|  13|           5|           5|
    |sub_ln52_fu_596_p2       |         -|   0|  0|  12|          11|          11|
    |ap_condition_428         |       and|   0|  0|   2|           1|           1|
    |ap_condition_433         |       and|   0|  0|   2|           1|           1|
    |ap_condition_437         |       and|   0|  0|   2|           1|           1|
    |ap_condition_440         |       and|   0|  0|   2|           1|           1|
    |ap_condition_443         |       and|   0|  0|   2|           1|           1|
    |ap_condition_447         |       and|   0|  0|   2|           1|           1|
    |ap_condition_450         |       and|   0|  0|   2|           1|           1|
    |ap_condition_455         |       and|   0|  0|   2|           1|           1|
    |ap_condition_458         |       and|   0|  0|   2|           1|           1|
    |icmp_ln49_fu_497_p2      |      icmp|   0|  0|   9|           4|           4|
    |icmp_ln50_fu_521_p2      |      icmp|   0|  0|   8|           2|           2|
    |select_ln52_1_fu_535_p3  |    select|   0|  0|   2|           1|           2|
    |select_ln52_fu_527_p3    |    select|   0|  0|   2|           1|           1|
    |ap_enable_pp0            |       xor|   0|  0|   2|           1|           2|
    +-------------------------+----------+----+---+----+------------+------------+
    |Total                    |          |   0|  0|  99|          42|          39|
    +-------------------------+----------+----+---+----+------------+------------+

    * Multiplexer: 
    +----------------------------------------+----+-----------+-----+-----------+
    |                  Name                  | LUT| Input Size| Bits| Total Bits|
    +----------------------------------------+----+-----------+-----+-----------+
    |ap_done_int                             |   9|          2|    1|          2|
    |ap_enable_reg_pp0_iter1                 |   9|          2|    1|          2|
    |ap_sig_allocacmp_indvar_flatten27_load  |   9|          2|    4|          8|
    |ap_sig_allocacmp_wi_load                |   9|          2|    2|          4|
    |ap_sig_allocacmp_wj_load                |   9|          2|    2|          4|
    |empty_36_fu_158                         |   9|          2|   32|         64|
    |empty_37_fu_162                         |   9|          2|   32|         64|
    |empty_38_fu_166                         |   9|          2|   32|         64|
    |empty_39_fu_170                         |   9|          2|   32|         64|
    |empty_40_fu_174                         |   9|          2|   32|         64|
    |empty_41_fu_178                         |   9|          2|   32|         64|
    |empty_42_fu_182                         |   9|          2|   32|         64|
    |empty_43_fu_186                         |   9|          2|   32|         64|
    |empty_fu_154                            |   9|          2|   32|         64|
    |indvar_flatten27_fu_126                 |   9|          2|    4|          8|
    |mux_case_077116_fu_142                  |   9|          2|   32|         64|
    |mux_case_086_fu_130                     |   9|          2|   32|         64|
    |mux_case_179126_fu_146                  |   9|          2|   32|         64|
    |mux_case_196_fu_134                     |   9|          2|   32|         64|
    |mux_case_2106_fu_138                    |   9|          2|   32|         64|
    |mux_case_281136_fu_150                  |   9|          2|   32|         64|
    |wi_fu_122                               |   9|          2|    2|          4|
    |wj_fu_118                               |   9|          2|    2|          4|
    +----------------------------------------+----+-----------+-----+-----------+
    |Total                                   | 207|         46|  498|        996|
    +----------------------------------------+----+-----------+-----+-----------+

    * Register: 
    +-------------------------------------+----+----+-----+-----------+
    |                 Name                | FF | LUT| Bits| Const Bits|
    +-------------------------------------+----+----+-----+-----------+
    |ap_CS_fsm                            |   1|   0|    1|          0|
    |ap_done_reg                          |   1|   0|    1|          0|
    |ap_enable_reg_pp0_iter1              |   1|   0|    1|          0|
    |ap_enable_reg_pp0_iter2              |   1|   0|    1|          0|
    |ap_loop_exit_ready_pp0_iter1_reg     |   1|   0|    1|          0|
    |empty_36_fu_158                      |  32|   0|   32|          0|
    |empty_37_fu_162                      |  32|   0|   32|          0|
    |empty_38_fu_166                      |  32|   0|   32|          0|
    |empty_39_fu_170                      |  32|   0|   32|          0|
    |empty_40_fu_174                      |  32|   0|   32|          0|
    |empty_41_fu_178                      |  32|   0|   32|          0|
    |empty_42_fu_182                      |  32|   0|   32|          0|
    |empty_43_fu_186                      |  32|   0|   32|          0|
    |empty_fu_154                         |  32|   0|   32|          0|
    |icmp_ln49_reg_890                    |   1|   0|    1|          0|
    |indvar_flatten27_fu_126              |   4|   0|    4|          0|
    |mux_case_077116_fu_142               |  32|   0|   32|          0|
    |mux_case_086_fu_130                  |  32|   0|   32|          0|
    |mux_case_179126_fu_146               |  32|   0|   32|          0|
    |mux_case_196_fu_134                  |  32|   0|   32|          0|
    |mux_case_2106_fu_138                 |  32|   0|   32|          0|
    |mux_case_281136_fu_150               |  32|   0|   32|          0|
    |select_ln52_1_reg_899                |   2|   0|    2|          0|
    |select_ln52_1_reg_899_pp0_iter1_reg  |   2|   0|    2|          0|
    |select_ln52_reg_894                  |   2|   0|    2|          0|
    |select_ln52_reg_894_pp0_iter1_reg    |   2|   0|    2|          0|
    |wi_fu_122                            |   2|   0|    2|          0|
    |wj_fu_118                            |   2|   0|    2|          0|
    +-------------------------------------+----+----+-----+-----------+
    |Total                                | 502|   0|  502|          0|
    +-------------------------------------+----+----+-----+-----------+



================================================================
== Interface
================================================================
* Summary: 
+----------------------------+-----+-----+------------+--------------------------------------------+--------------+
|          RTL Ports         | Dir | Bits|  Protocol  |                Source Object               |    C Type    |
+----------------------------+-----+-----+------------+--------------------------------------------+--------------+
|ap_clk                      |   in|    1|  ap_ctrl_hs|  conv1_Pipeline_loadWinFull_VITIS_LOOP_50_1|  return value|
|ap_rst                      |   in|    1|  ap_ctrl_hs|  conv1_Pipeline_loadWinFull_VITIS_LOOP_50_1|  return value|
|ap_start                    |   in|    1|  ap_ctrl_hs|  conv1_Pipeline_loadWinFull_VITIS_LOOP_50_1|  return value|
|ap_done                     |  out|    1|  ap_ctrl_hs|  conv1_Pipeline_loadWinFull_VITIS_LOOP_50_1|  return value|
|ap_idle                     |  out|    1|  ap_ctrl_hs|  conv1_Pipeline_loadWinFull_VITIS_LOOP_50_1|  return value|
|ap_ready                    |  out|    1|  ap_ctrl_hs|  conv1_Pipeline_loadWinFull_VITIS_LOOP_50_1|  return value|
|window_i_2_2_promoted195    |   in|   32|     ap_none|                    window_i_2_2_promoted195|        scalar|
|window_i_2_0_promoted193    |   in|   32|     ap_none|                    window_i_2_0_promoted193|        scalar|
|window_i_2_1_promoted191    |   in|   32|     ap_none|                    window_i_2_1_promoted191|        scalar|
|window_i_0_2_promoted189    |   in|   32|     ap_none|                    window_i_0_2_promoted189|        scalar|
|window_i_0_0_promoted187    |   in|   32|     ap_none|                    window_i_0_0_promoted187|        scalar|
|window_i_0_1_promoted185    |   in|   32|     ap_none|                    window_i_0_1_promoted185|        scalar|
|window_i_1_2_promoted183    |   in|   32|     ap_none|                    window_i_1_2_promoted183|        scalar|
|window_i_1_0_promoted181    |   in|   32|     ap_none|                    window_i_1_0_promoted181|        scalar|
|window_i_1_1_promoted179    |   in|   32|     ap_none|                    window_i_1_1_promoted179|        scalar|
|mux_case_281138             |   in|   32|     ap_none|                             mux_case_281138|        scalar|
|mux_case_179128             |   in|   32|     ap_none|                             mux_case_179128|        scalar|
|mux_case_077118             |   in|   32|     ap_none|                             mux_case_077118|        scalar|
|mux_case_2108               |   in|   32|     ap_none|                               mux_case_2108|        scalar|
|mux_case_198                |   in|   32|     ap_none|                                mux_case_198|        scalar|
|mux_case_088                |   in|   32|     ap_none|                                mux_case_088|        scalar|
|select_ln139_1              |   in|    5|     ap_none|                              select_ln139_1|        scalar|
|mem_1_0_address0            |  out|   10|   ap_memory|                                     mem_1_0|         array|
|mem_1_0_ce0                 |  out|    1|   ap_memory|                                     mem_1_0|         array|
|mem_1_0_q0                  |   in|   32|   ap_memory|                                     mem_1_0|         array|
|p_out                       |  out|   32|      ap_vld|                                       p_out|       pointer|
|p_out_ap_vld                |  out|    1|      ap_vld|                                       p_out|       pointer|
|p_out1                      |  out|   32|      ap_vld|                                      p_out1|       pointer|
|p_out1_ap_vld               |  out|    1|      ap_vld|                                      p_out1|       pointer|
|p_out2                      |  out|   32|      ap_vld|                                      p_out2|       pointer|
|p_out2_ap_vld               |  out|    1|      ap_vld|                                      p_out2|       pointer|
|p_out3                      |  out|   32|      ap_vld|                                      p_out3|       pointer|
|p_out3_ap_vld               |  out|    1|      ap_vld|                                      p_out3|       pointer|
|p_out4                      |  out|   32|      ap_vld|                                      p_out4|       pointer|
|p_out4_ap_vld               |  out|    1|      ap_vld|                                      p_out4|       pointer|
|p_out5                      |  out|   32|      ap_vld|                                      p_out5|       pointer|
|p_out5_ap_vld               |  out|    1|      ap_vld|                                      p_out5|       pointer|
|p_out6                      |  out|   32|      ap_vld|                                      p_out6|       pointer|
|p_out6_ap_vld               |  out|    1|      ap_vld|                                      p_out6|       pointer|
|p_out7                      |  out|   32|      ap_vld|                                      p_out7|       pointer|
|p_out7_ap_vld               |  out|    1|      ap_vld|                                      p_out7|       pointer|
|p_out8                      |  out|   32|      ap_vld|                                      p_out8|       pointer|
|p_out8_ap_vld               |  out|    1|      ap_vld|                                      p_out8|       pointer|
|mux_case_281136_out         |  out|   32|      ap_vld|                         mux_case_281136_out|       pointer|
|mux_case_281136_out_ap_vld  |  out|    1|      ap_vld|                         mux_case_281136_out|       pointer|
|mux_case_179126_out         |  out|   32|      ap_vld|                         mux_case_179126_out|       pointer|
|mux_case_179126_out_ap_vld  |  out|    1|      ap_vld|                         mux_case_179126_out|       pointer|
|mux_case_077116_out         |  out|   32|      ap_vld|                         mux_case_077116_out|       pointer|
|mux_case_077116_out_ap_vld  |  out|    1|      ap_vld|                         mux_case_077116_out|       pointer|
|mux_case_2106_out           |  out|   32|      ap_vld|                           mux_case_2106_out|       pointer|
|mux_case_2106_out_ap_vld    |  out|    1|      ap_vld|                           mux_case_2106_out|       pointer|
|mux_case_196_out            |  out|   32|      ap_vld|                            mux_case_196_out|       pointer|
|mux_case_196_out_ap_vld     |  out|    1|      ap_vld|                            mux_case_196_out|       pointer|
|mux_case_086_out            |  out|   32|      ap_vld|                            mux_case_086_out|       pointer|
|mux_case_086_out_ap_vld     |  out|    1|      ap_vld|                            mux_case_086_out|       pointer|
+----------------------------+-----+-----+------------+--------------------------------------------+--------------+

