

================================================================
== Vitis HLS Report for 'Conv_func_4_12_4_10_Pipeline_loadWinShift'
================================================================
* Date:           Thu Dec 25 17:04:47 2025

* Version:        2022.1 (Build 3526262 on Mon Apr 18 15:48:16 MDT 2022)
* Project:        Day_5_final_boss
* Solution:       hellojio (Vivado IP Flow Target)
* Product family: zynq
* Target device:  xc7z020-clg400-1


================================================================
== Performance Estimates
================================================================
+ Timing: 
    * Summary: 
    +--------+----------+----------+------------+
    |  Clock |  Target  | Estimated| Uncertainty|
    +--------+----------+----------+------------+
    |ap_clk  |  10.00 ns|  6.982 ns|     2.70 ns|
    +--------+----------+----------+------------+

+ Latency: 
    * Summary: 
    +---------+---------+-----------+-----------+-----+-----+---------+
    |  Latency (cycles) |   Latency (absolute)  |  Interval | Pipeline|
    |   min   |   max   |    min    |    max    | min | max |   Type  |
    +---------+---------+-----------+-----------+-----+-----+---------+
    |        6|        6|  60.000 ns|  60.000 ns|    6|    6|       no|
    +---------+---------+-----------+-----------+-----+-----+---------+

    + Detail: 
        * Instance: 
        N/A

        * Loop: 
        +----------------+---------+---------+----------+-----------+-----------+------+----------+
        |                |  Latency (cycles) | Iteration|  Initiation Interval  | Trip |          |
        |    Loop Name   |   min   |   max   |  Latency |  achieved |   target  | Count| Pipelined|
        +----------------+---------+---------+----------+-----------+-----------+------+----------+
        |- loadWinShift  |        4|        4|         3|          1|          1|     3|       yes|
        +----------------+---------+---------+----------+-----------+-----------+------+----------+



================================================================
== Utilization Estimates
================================================================
* Summary: 
+-----------------+---------+-----+--------+-------+-----+
|       Name      | BRAM_18K| DSP |   FF   |  LUT  | URAM|
+-----------------+---------+-----+--------+-------+-----+
|DSP              |        -|    -|       -|      -|    -|
|Expression       |        -|    -|       0|     69|    -|
|FIFO             |        -|    -|       -|      -|    -|
|Instance         |        -|    -|       0|     28|    -|
|Memory           |        -|    -|       -|      -|    -|
|Multiplexer      |        -|    -|       -|    252|    -|
|Register         |        -|    -|     798|      -|    -|
+-----------------+---------+-----+--------+-------+-----+
|Total            |        0|    0|     798|    349|    0|
+-----------------+---------+-----+--------+-------+-----+
|Available        |      280|  220|  106400|  53200|    0|
+-----------------+---------+-----+--------+-------+-----+
|Utilization (%)  |        0|    0|      ~0|     ~0|    0|
+-----------------+---------+-----+--------+-------+-----+

+ Detail: 
    * Instance: 
    +--------------------+---------------+---------+----+---+----+-----+
    |      Instance      |     Module    | BRAM_18K| DSP| FF| LUT| URAM|
    +--------------------+---------------+---------+----+---+----+-----+
    |mux_32_32_1_1_U494  |mux_32_32_1_1  |        0|   0|  0|  14|    0|
    |mux_32_32_1_1_U495  |mux_32_32_1_1  |        0|   0|  0|  14|    0|
    +--------------------+---------------+---------+----+---+----+-----+
    |Total               |               |        0|   0|  0|  28|    0|
    +--------------------+---------------+---------+----+---+----+-----+

    * DSP: 
    N/A

    * Memory: 
    N/A

    * FIFO: 
    N/A

    * Expression: 
    +----------------------+----------+----+---+----+------------+------------+
    |     Variable Name    | Operation| DSP| FF| LUT| Bitwidth P0| Bitwidth P1|
    +----------------------+----------+----+---+----+------------+------------+
    |add_ln58_fu_731_p2    |         +|   0|  0|  10|           2|           1|
    |add_ln66_3_fu_751_p2  |         +|   0|  0|  14|           9|           9|
    |add_ln66_fu_741_p2    |         +|   0|  0|  13|           4|           4|
    |newFirst_fu_784_p2    |         +|   0|  0|  10|          10|          10|
    |newSecond_fu_789_p2   |         -|   0|  0|  10|          10|          10|
    |ap_condition_501      |       and|   0|  0|   2|           1|           1|
    |icmp_ln58_fu_725_p2   |      icmp|   0|  0|   8|           2|           2|
    |ap_enable_pp0         |       xor|   0|  0|   2|           1|           2|
    +----------------------+----------+----+---+----+------------+------------+
    |Total                 |          |   0|  0|  69|          39|          39|
    +----------------------+----------+----+---+----+------------+------------+

    * Multiplexer: 
    +-------------------------+----+-----------+-----+-----------+
    |           Name          | LUT| Input Size| Bits| Total Bits|
    +-------------------------+----+-----------+-----+-----------+
    |ap_done_int              |   9|          2|    1|          2|
    |ap_enable_reg_pp0_iter1  |   9|          2|    1|          2|
    |ap_sig_allocacmp_wi_3    |   9|          2|    2|          4|
    |wi_fu_146                |   9|          2|    2|          4|
    |window_53_fu_150         |   9|          2|   32|         64|
    |window_54_fu_154         |   9|          2|   32|         64|
    |window_55_fu_158         |   9|          2|   32|         64|
    |window_56_fu_162         |   9|          2|   32|         64|
    |window_57_fu_166         |   9|          2|   32|         64|
    |window_58_fu_170         |   9|          2|   32|         64|
    |window_59_fu_174         |   9|          2|   32|         64|
    |window_60_fu_178         |   9|          2|   32|         64|
    |window_61_fu_182         |   9|          2|   32|         64|
    |window_62_fu_186         |   9|          2|   32|         64|
    |window_63_fu_190         |   9|          2|   32|         64|
    |window_64_fu_194         |   9|          2|   32|         64|
    |window_65_fu_198         |   9|          2|   32|         64|
    |window_66_fu_202         |   9|          2|   32|         64|
    |window_67_fu_206         |   9|          2|   32|         64|
    |window_68_fu_210         |   9|          2|   32|         64|
    |window_69_fu_214         |   9|          2|   32|         64|
    |window_70_fu_218         |   9|          2|   32|         64|
    |window_71_fu_222         |   9|          2|   32|         64|
    |window_72_fu_226         |   9|          2|   32|         64|
    |window_73_fu_230         |   9|          2|   32|         64|
    |window_74_fu_234         |   9|          2|   32|         64|
    |window_75_fu_238         |   9|          2|   32|         64|
    |window_76_fu_242         |   9|          2|   32|         64|
    +-------------------------+----+-----------+-----+-----------+
    |Total                    | 252|         56|  774|       1548|
    +-------------------------+----+-----------+-----+-----------+

    * Register: 
    +----------------------------------+----+----+-----+-----------+
    |               Name               | FF | LUT| Bits| Const Bits|
    +----------------------------------+----+----+-----+-----------+
    |ap_CS_fsm                         |   1|   0|    1|          0|
    |ap_done_reg                       |   1|   0|    1|          0|
    |ap_enable_reg_pp0_iter1           |   1|   0|    1|          0|
    |ap_enable_reg_pp0_iter2           |   1|   0|    1|          0|
    |ap_loop_exit_ready_pp0_iter1_reg  |   1|   0|    1|          0|
    |icmp_ln58_reg_1248                |   1|   0|    1|          0|
    |trunc_ln66_1_reg_1257             |   8|   0|    8|          0|
    |trunc_ln66_reg_1252               |   6|   0|    6|          0|
    |wi_3_reg_1242                     |   2|   0|    2|          0|
    |wi_3_reg_1242_pp0_iter1_reg       |   2|   0|    2|          0|
    |wi_fu_146                         |   2|   0|    2|          0|
    |window_53_fu_150                  |  32|   0|   32|          0|
    |window_54_fu_154                  |  32|   0|   32|          0|
    |window_55_fu_158                  |  32|   0|   32|          0|
    |window_56_fu_162                  |  32|   0|   32|          0|
    |window_57_fu_166                  |  32|   0|   32|          0|
    |window_58_fu_170                  |  32|   0|   32|          0|
    |window_59_fu_174                  |  32|   0|   32|          0|
    |window_60_fu_178                  |  32|   0|   32|          0|
    |window_61_fu_182                  |  32|   0|   32|          0|
    |window_62_fu_186                  |  32|   0|   32|          0|
    |window_63_fu_190                  |  32|   0|   32|          0|
    |window_64_fu_194                  |  32|   0|   32|          0|
    |window_65_fu_198                  |  32|   0|   32|          0|
    |window_66_fu_202                  |  32|   0|   32|          0|
    |window_67_fu_206                  |  32|   0|   32|          0|
    |window_68_fu_210                  |  32|   0|   32|          0|
    |window_69_fu_214                  |  32|   0|   32|          0|
    |window_70_fu_218                  |  32|   0|   32|          0|
    |window_71_fu_222                  |  32|   0|   32|          0|
    |window_72_fu_226                  |  32|   0|   32|          0|
    |window_73_fu_230                  |  32|   0|   32|          0|
    |window_74_fu_234                  |  32|   0|   32|          0|
    |window_75_fu_238                  |  32|   0|   32|          0|
    |window_76_fu_242                  |  32|   0|   32|          0|
    |zext_ln58_cast_reg_1237           |   4|   0|   10|          6|
    +----------------------------------+----+----+-----+-----------+
    |Total                             | 798|   0|  804|          6|
    +----------------------------------+----+----+-----+-----------+



================================================================
== Interface
================================================================
* Summary: 
+--------------------------------------+-----+-----+------------+-----------------------------------------------+--------------+
|               RTL Ports              | Dir | Bits|  Protocol  |                 Source Object                 |    C Type    |
+--------------------------------------+-----+-----+------------+-----------------------------------------------+--------------+
|ap_clk                                |   in|    1|  ap_ctrl_hs|  Conv_func<4, 12, 4, 10>_Pipeline_loadWinShift|  return value|
|ap_rst                                |   in|    1|  ap_ctrl_hs|  Conv_func<4, 12, 4, 10>_Pipeline_loadWinShift|  return value|
|ap_start                              |   in|    1|  ap_ctrl_hs|  Conv_func<4, 12, 4, 10>_Pipeline_loadWinShift|  return value|
|ap_done                               |  out|    1|  ap_ctrl_hs|  Conv_func<4, 12, 4, 10>_Pipeline_loadWinShift|  return value|
|ap_idle                               |  out|    1|  ap_ctrl_hs|  Conv_func<4, 12, 4, 10>_Pipeline_loadWinShift|  return value|
|ap_ready                              |  out|    1|  ap_ctrl_hs|  Conv_func<4, 12, 4, 10>_Pipeline_loadWinShift|  return value|
|window_4749112                        |   in|   32|     ap_none|                                 window_4749112|        scalar|
|window_4648105                        |   in|   32|     ap_none|                                 window_4648105|        scalar|
|window_454798                         |   in|   32|     ap_none|                                  window_454798|        scalar|
|window_444691                         |   in|   32|     ap_none|                                  window_444691|        scalar|
|window_434584                         |   in|   32|     ap_none|                                  window_434584|        scalar|
|window_424477                         |   in|   32|     ap_none|                                  window_424477|        scalar|
|window_414370                         |   in|   32|     ap_none|                                  window_414370|        scalar|
|window_404263                         |   in|   32|     ap_none|                                  window_404263|        scalar|
|window4156                            |   in|   32|     ap_none|                                     window4156|        scalar|
|window_2_2_promoted253                |   in|   32|     ap_none|                         window_2_2_promoted253|        scalar|
|window_2_0_promoted251                |   in|   32|     ap_none|                         window_2_0_promoted251|        scalar|
|window_2_1_promoted249                |   in|   32|     ap_none|                         window_2_1_promoted249|        scalar|
|window_0_2_promoted247                |   in|   32|     ap_none|                         window_0_2_promoted247|        scalar|
|window_0_0_promoted245                |   in|   32|     ap_none|                         window_0_0_promoted245|        scalar|
|window_0_1_promoted243                |   in|   32|     ap_none|                         window_0_1_promoted243|        scalar|
|window_1_2_promoted241                |   in|   32|     ap_none|                         window_1_2_promoted241|        scalar|
|window_1_0_promoted239                |   in|   32|     ap_none|                         window_1_0_promoted239|        scalar|
|window_1_1_promoted237                |   in|   32|     ap_none|                         window_1_1_promoted237|        scalar|
|mux_case_28664                        |   in|   32|     ap_none|                                 mux_case_28664|        scalar|
|mux_case_18553                        |   in|   32|     ap_none|                                 mux_case_18553|        scalar|
|mux_case_08442                        |   in|   32|     ap_none|                                 mux_case_08442|        scalar|
|mux_case_227                          |   in|   32|     ap_none|                                   mux_case_227|        scalar|
|mux_case_116                          |   in|   32|     ap_none|                                   mux_case_116|        scalar|
|mux_case_05                           |   in|   32|     ap_none|                                    mux_case_05|        scalar|
|select_ln139_6                        |   in|    4|     ap_none|                                 select_ln139_6|        scalar|
|sub_ln52                              |   in|    8|     ap_none|                                       sub_ln52|        scalar|
|zext_ln58                             |   in|    4|     ap_none|                                      zext_ln58|        scalar|
|ifmap_address0                        |  out|   10|   ap_memory|                                          ifmap|         array|
|ifmap_ce0                             |  out|    1|   ap_memory|                                          ifmap|         array|
|ifmap_q0                              |   in|   32|   ap_memory|                                          ifmap|         array|
|window_4749107_out                    |  out|   32|      ap_vld|                             window_4749107_out|       pointer|
|window_4749107_out_ap_vld             |  out|    1|      ap_vld|                             window_4749107_out|       pointer|
|window_4648100_out                    |  out|   32|      ap_vld|                             window_4648100_out|       pointer|
|window_4648100_out_ap_vld             |  out|    1|      ap_vld|                             window_4648100_out|       pointer|
|window_454793_out                     |  out|   32|      ap_vld|                              window_454793_out|       pointer|
|window_454793_out_ap_vld              |  out|    1|      ap_vld|                              window_454793_out|       pointer|
|window_444686_out                     |  out|   32|      ap_vld|                              window_444686_out|       pointer|
|window_444686_out_ap_vld              |  out|    1|      ap_vld|                              window_444686_out|       pointer|
|window_434579_out                     |  out|   32|      ap_vld|                              window_434579_out|       pointer|
|window_434579_out_ap_vld              |  out|    1|      ap_vld|                              window_434579_out|       pointer|
|window_424472_out                     |  out|   32|      ap_vld|                              window_424472_out|       pointer|
|window_424472_out_ap_vld              |  out|    1|      ap_vld|                              window_424472_out|       pointer|
|window_414365_out                     |  out|   32|      ap_vld|                              window_414365_out|       pointer|
|window_414365_out_ap_vld              |  out|    1|      ap_vld|                              window_414365_out|       pointer|
|window_404258_out                     |  out|   32|      ap_vld|                              window_404258_out|       pointer|
|window_404258_out_ap_vld              |  out|    1|      ap_vld|                              window_404258_out|       pointer|
|window4151_out                        |  out|   32|      ap_vld|                                 window4151_out|       pointer|
|window4151_out_ap_vld                 |  out|    1|      ap_vld|                                 window4151_out|       pointer|
|window_2_2_promoted253351_out         |  out|   32|      ap_vld|                  window_2_2_promoted253351_out|       pointer|
|window_2_2_promoted253351_out_ap_vld  |  out|    1|      ap_vld|                  window_2_2_promoted253351_out|       pointer|
|window_2_0_promoted251344_out         |  out|   32|      ap_vld|                  window_2_0_promoted251344_out|       pointer|
|window_2_0_promoted251344_out_ap_vld  |  out|    1|      ap_vld|                  window_2_0_promoted251344_out|       pointer|
|window_2_1_promoted249337_out         |  out|   32|      ap_vld|                  window_2_1_promoted249337_out|       pointer|
|window_2_1_promoted249337_out_ap_vld  |  out|    1|      ap_vld|                  window_2_1_promoted249337_out|       pointer|
|window_0_2_promoted247330_out         |  out|   32|      ap_vld|                  window_0_2_promoted247330_out|       pointer|
|window_0_2_promoted247330_out_ap_vld  |  out|    1|      ap_vld|                  window_0_2_promoted247330_out|       pointer|
|window_0_0_promoted245323_out         |  out|   32|      ap_vld|                  window_0_0_promoted245323_out|       pointer|
|window_0_0_promoted245323_out_ap_vld  |  out|    1|      ap_vld|                  window_0_0_promoted245323_out|       pointer|
|window_0_1_promoted243316_out         |  out|   32|      ap_vld|                  window_0_1_promoted243316_out|       pointer|
|window_0_1_promoted243316_out_ap_vld  |  out|    1|      ap_vld|                  window_0_1_promoted243316_out|       pointer|
|window_1_2_promoted241309_out         |  out|   32|      ap_vld|                  window_1_2_promoted241309_out|       pointer|
|window_1_2_promoted241309_out_ap_vld  |  out|    1|      ap_vld|                  window_1_2_promoted241309_out|       pointer|
|window_1_0_promoted239302_out         |  out|   32|      ap_vld|                  window_1_0_promoted239302_out|       pointer|
|window_1_0_promoted239302_out_ap_vld  |  out|    1|      ap_vld|                  window_1_0_promoted239302_out|       pointer|
|window_1_1_promoted237295_out         |  out|   32|      ap_vld|                  window_1_1_promoted237295_out|       pointer|
|window_1_1_promoted237295_out_ap_vld  |  out|    1|      ap_vld|                  window_1_1_promoted237295_out|       pointer|
|mux_case_286_out                      |  out|   32|      ap_vld|                               mux_case_286_out|       pointer|
|mux_case_286_out_ap_vld               |  out|    1|      ap_vld|                               mux_case_286_out|       pointer|
|mux_case_185_out                      |  out|   32|      ap_vld|                               mux_case_185_out|       pointer|
|mux_case_185_out_ap_vld               |  out|    1|      ap_vld|                               mux_case_185_out|       pointer|
|mux_case_084_out                      |  out|   32|      ap_vld|                               mux_case_084_out|       pointer|
|mux_case_084_out_ap_vld               |  out|    1|      ap_vld|                               mux_case_084_out|       pointer|
|mux_case_2_out                        |  out|   32|      ap_vld|                                 mux_case_2_out|       pointer|
|mux_case_2_out_ap_vld                 |  out|    1|      ap_vld|                                 mux_case_2_out|       pointer|
|mux_case_1_out                        |  out|   32|      ap_vld|                                 mux_case_1_out|       pointer|
|mux_case_1_out_ap_vld                 |  out|    1|      ap_vld|                                 mux_case_1_out|       pointer|
|mux_case_0_out                        |  out|   32|      ap_vld|                                 mux_case_0_out|       pointer|
|mux_case_0_out_ap_vld                 |  out|    1|      ap_vld|                                 mux_case_0_out|       pointer|
+--------------------------------------+-----+-----+------------+-----------------------------------------------+--------------+

