

================================================================
== Vitis HLS Report for 'conv2'
================================================================
* Date:           Thu Dec 25 17:04:46 2025

* Version:        2022.1 (Build 3526262 on Mon Apr 18 15:48:16 MDT 2022)
* Project:        Day_5_final_boss
* Solution:       hellojio (Vivado IP Flow Target)
* Product family: zynq
* Target device:  xc7z020-clg400-1


================================================================
== Performance Estimates
================================================================
+ Timing: 
    * Summary: 
    +--------+----------+----------+------------+
    |  Clock |  Target  | Estimated| Uncertainty|
    +--------+----------+----------+------------+
    |ap_clk  |  10.00 ns|  7.256 ns|     2.70 ns|
    +--------+----------+----------+------------+

+ Latency: 
    * Summary: 
    +---------+---------+----------+----------+--------+--------+---------+
    |  Latency (cycles) |  Latency (absolute) |     Interval    | Pipeline|
    |   min   |   max   |    min   |    max   |   min  |   max  |   Type  |
    +---------+---------+----------+----------+--------+--------+---------+
    |   387246|   451758|  3.872 ms|  4.518 ms|  387246|  451758|       no|
    +---------+---------+----------+----------+--------+--------+---------+

    + Detail: 
        * Instance: 
        +---------------------------------+-----------------------+---------+---------+----------+----------+--------+--------+---------+
        |                                 |                       |  Latency (cycles) |  Latency (absolute) |     Interval    | Pipeline|
        |             Instance            |         Module        |   min   |   max   |    min   |    max   |   min  |   max  |   Type  |
        +---------------------------------+-----------------------+---------+---------+----------+----------+--------+--------+---------+
        |grp_Conv_func_4_26_4_24_s_fu_12  |Conv_func_4_26_4_24_s  |   387245|   451757|  3.872 ms|  4.518 ms|  387245|  451757|       no|
        +---------------------------------+-----------------------+---------+---------+----------+----------+--------+--------+---------+

        * Loop: 
        N/A



================================================================
== Utilization Estimates
================================================================
* Summary: 
+-----------------+---------+-----+--------+-------+-----+
|       Name      | BRAM_18K| DSP |   FF   |  LUT  | URAM|
+-----------------+---------+-----+--------+-------+-----+
|DSP              |        -|    -|       -|      -|    -|
|Expression       |        -|    -|       0|      2|    -|
|FIFO             |        -|    -|       -|      -|    -|
|Instance         |        1|   47|   11728|   9046|    -|
|Memory           |        -|    -|       -|      -|    -|
|Multiplexer      |        -|    -|       -|     23|    -|
|Register         |        -|    -|       4|      -|    -|
+-----------------+---------+-----+--------+-------+-----+
|Total            |        1|   47|   11732|   9071|    0|
+-----------------+---------+-----+--------+-------+-----+
|Available        |      280|  220|  106400|  53200|    0|
+-----------------+---------+-----+--------+-------+-----+
|Utilization (%)  |       ~0|   21|      11|     17|    0|
+-----------------+---------+-----+--------+-------+-----+

+ Detail: 
    * Instance: 
    +---------------------------------+-----------------------+---------+----+-------+------+-----+
    |             Instance            |         Module        | BRAM_18K| DSP|   FF  |  LUT | URAM|
    +---------------------------------+-----------------------+---------+----+-------+------+-----+
    |grp_Conv_func_4_26_4_24_s_fu_12  |Conv_func_4_26_4_24_s  |        1|  47|  11728|  9046|    0|
    +---------------------------------+-----------------------+---------+----+-------+------+-----+
    |Total                            |                       |        1|  47|  11728|  9046|    0|
    +---------------------------------+-----------------------+---------+----+-------+------+-----+

    * DSP: 
    N/A

    * Memory: 
    N/A

    * FIFO: 
    N/A

    * Expression: 
    +-----------------+----------+----+---+----+------------+------------+
    |  Variable Name  | Operation| DSP| FF| LUT| Bitwidth P0| Bitwidth P1|
    +-----------------+----------+----+---+----+------------+------------+
    |ap_block_state1  |        or|   0|  0|   2|           1|           1|
    +-----------------+----------+----+---+----+------------+------------+
    |Total            |          |   0|  0|   2|           1|           1|
    +-----------------+----------+----+---+----+------------+------------+

    * Multiplexer: 
    +-----------+----+-----------+-----+-----------+
    |    Name   | LUT| Input Size| Bits| Total Bits|
    +-----------+----+-----------+-----+-----------+
    |ap_NS_fsm  |  14|          3|    1|          3|
    |ap_done    |   9|          2|    1|          2|
    +-----------+----+-----------+-----+-----------+
    |Total      |  23|          5|    2|          5|
    +-----------+----+-----------+-----+-----------+

    * Register: 
    +----------------------------------------------+---+----+-----+-----------+
    |                     Name                     | FF| LUT| Bits| Const Bits|
    +----------------------------------------------+---+----+-----+-----------+
    |ap_CS_fsm                                     |  2|   0|    2|          0|
    |ap_done_reg                                   |  1|   0|    1|          0|
    |grp_Conv_func_4_26_4_24_s_fu_12_ap_start_reg  |  1|   0|    1|          0|
    +----------------------------------------------+---+----+-----+-----------+
    |Total                                         |  4|   0|    4|          0|
    +----------------------------------------------+---+----+-----+-----------+



================================================================
== Interface
================================================================
* Summary: 
+------------------+-----+-----+------------+--------------+--------------+
|     RTL Ports    | Dir | Bits|  Protocol  | Source Object|    C Type    |
+------------------+-----+-----+------------+--------------+--------------+
|ap_clk            |   in|    1|  ap_ctrl_hs|         conv2|  return value|
|ap_rst            |   in|    1|  ap_ctrl_hs|         conv2|  return value|
|ap_start          |   in|    1|  ap_ctrl_hs|         conv2|  return value|
|ap_done           |  out|    1|  ap_ctrl_hs|         conv2|  return value|
|ap_continue       |   in|    1|  ap_ctrl_hs|         conv2|  return value|
|ap_idle           |  out|    1|  ap_ctrl_hs|         conv2|  return value|
|ap_ready          |  out|    1|  ap_ctrl_hs|         conv2|  return value|
|mem_2_address0    |  out|   12|   ap_memory|         mem_2|         array|
|mem_2_ce0         |  out|    1|   ap_memory|         mem_2|         array|
|mem_2_q0          |   in|   32|   ap_memory|         mem_2|         array|
|mem_3_0_address0  |  out|   11|   ap_memory|       mem_3_0|         array|
|mem_3_0_ce0       |  out|    1|   ap_memory|       mem_3_0|         array|
|mem_3_0_we0       |  out|    1|   ap_memory|       mem_3_0|         array|
|mem_3_0_d0        |  out|   32|   ap_memory|       mem_3_0|         array|
|mem_3_0_q0        |   in|   32|   ap_memory|       mem_3_0|         array|
|mem_3_1_address0  |  out|   11|   ap_memory|       mem_3_1|         array|
|mem_3_1_ce0       |  out|    1|   ap_memory|       mem_3_1|         array|
|mem_3_1_we0       |  out|    1|   ap_memory|       mem_3_1|         array|
|mem_3_1_d0        |  out|   32|   ap_memory|       mem_3_1|         array|
|mem_3_1_q0        |   in|   32|   ap_memory|       mem_3_1|         array|
+------------------+-----+-----+------------+--------------+--------------+

