

================================================================
== Vitis HLS Report for 'conv1'
================================================================
* Date:           Thu Dec 25 17:04:44 2025

* Version:        2022.1 (Build 3526262 on Mon Apr 18 15:48:16 MDT 2022)
* Project:        Day_5_final_boss
* Solution:       hellojio (Vivado IP Flow Target)
* Product family: zynq
* Target device:  xc7z020-clg400-1


================================================================
== Performance Estimates
================================================================
+ Timing: 
    * Summary: 
    +--------+----------+----------+------------+
    |  Clock |  Target  | Estimated| Uncertainty|
    +--------+----------+----------+------------+
    |ap_clk  |  10.00 ns|  7.290 ns|     2.70 ns|
    +--------+----------+----------+------------+

+ Latency: 
    * Summary: 
    +---------+---------+----------+----------+--------+--------+---------+
    |  Latency (cycles) |  Latency (absolute) |     Interval    | Pipeline|
    |   min   |   max   |    min   |    max   |   min  |   max  |   Type  |
    +---------+---------+----------+----------+--------+--------+---------+
    |   105521|   121745|  1.055 ms|  1.217 ms|  105521|  121745|       no|
    +---------+---------+----------+----------+--------+--------+---------+

    + Detail: 
        * Instance: 
        +-------------------------------------------------------+--------------------------------------------+---------+---------+-----------+-----------+-----+-----+---------+
        |                                                       |                                            |  Latency (cycles) |   Latency (absolute)  |  Interval | Pipeline|
        |                        Instance                       |                   Module                   |   min   |   max   |    min    |    max    | min | max |   Type  |
        +-------------------------------------------------------+--------------------------------------------+---------+---------+-----------+-----------+-----+-----+---------+
        |grp_conv1_Pipeline_Fil_load_r_Fil_load_c_fu_691        |conv1_Pipeline_Fil_load_r_Fil_load_c        |       12|       12|   0.120 us|   0.120 us|   12|   12|       no|
        |grp_conv1_Pipeline_loadWinShift_fu_716                 |conv1_Pipeline_loadWinShift                 |        6|        6|  60.000 ns|  60.000 ns|    6|    6|       no|
        |grp_conv1_Pipeline_loadWinFull_VITIS_LOOP_50_1_fu_772  |conv1_Pipeline_loadWinFull_VITIS_LOOP_50_1  |       12|       12|   0.120 us|   0.120 us|   12|   12|       no|
        |grp_conv2D_1_s_fu_809                                  |conv2D_1_s                                  |       23|       23|   0.230 us|   0.230 us|    1|    1|      yes|
        +-------------------------------------------------------+--------------------------------------------+---------+---------+-----------+-----------+-----+-----+---------+

        * Loop: 
        +---------------+---------+---------+---------------+-----------+-----------+------+----------+
        |               |  Latency (cycles) |   Iteration   |  Initiation Interval  | Trip |          |
        |   Loop Name   |   min   |   max   |    Latency    |  achieved |   target  | Count| Pipelined|
        +---------------+---------+---------+---------------+-----------+-----------+------+----------+
        |- C1_fil_load  |   105520|   121744|  26380 ~ 30436|          -|          -|     4|        no|
        | + VS_HS       |    26364|    30420|        39 ~ 45|          -|          -|   676|        no|
        +---------------+---------+---------+---------------+-----------+-----------+------+----------+



================================================================
== Utilization Estimates
================================================================
* Summary: 
+-----------------+---------+-----+--------+-------+-----+
|       Name      | BRAM_18K| DSP |   FF   |  LUT  | URAM|
+-----------------+---------+-----+--------+-------+-----+
|DSP              |        -|    1|       -|      -|    -|
|Expression       |        -|    -|       0|    189|    -|
|FIFO             |        -|    -|       -|      -|    -|
|Instance         |        1|   45|    6052|   7389|    -|
|Memory           |        0|    -|      32|      2|    -|
|Multiplexer      |        -|    -|       -|    515|    -|
|Register         |        -|    -|    1763|      -|    -|
+-----------------+---------+-----+--------+-------+-----+
|Total            |        1|   46|    7847|   8095|    0|
+-----------------+---------+-----+--------+-------+-----+
|Available        |      280|  220|  106400|  53200|    0|
+-----------------+---------+-----+--------+-------+-----+
|Utilization (%)  |       ~0|   20|       7|     15|    0|
+-----------------+---------+-----+--------+-------+-----+

+ Detail: 
    * Instance: 
    +-------------------------------------------------------+--------------------------------------------+---------+----+------+------+-----+
    |                        Instance                       |                   Module                   | BRAM_18K| DSP|  FF  |  LUT | URAM|
    +-------------------------------------------------------+--------------------------------------------+---------+----+------+------+-----+
    |grp_conv1_Pipeline_Fil_load_r_Fil_load_c_fu_691        |conv1_Pipeline_Fil_load_r_Fil_load_c        |        1|   0|   316|   285|    0|
    |grp_conv1_Pipeline_loadWinFull_VITIS_LOOP_50_1_fu_772  |conv1_Pipeline_loadWinFull_VITIS_LOOP_50_1  |        0|   0|   502|   306|    0|
    |grp_conv1_Pipeline_loadWinShift_fu_716                 |conv1_Pipeline_loadWinShift                 |        0|   0|   790|   335|    0|
    |grp_conv2D_1_s_fu_809                                  |conv2D_1_s                                  |        0|  45|  4444|  6463|    0|
    |fcmp_32ns_32ns_1_2_no_dsp_1_U155                       |fcmp_32ns_32ns_1_2_no_dsp_1                 |        0|   0|     0|     0|    0|
    +-------------------------------------------------------+--------------------------------------------+---------+----+------+------+-----+
    |Total                                                  |                                            |        1|  45|  6052|  7389|    0|
    +-------------------------------------------------------+--------------------------------------------+---------+----+------+------+-----+

    * DSP: 
    +-------------------------------------------+--------------------------------------+---------------------+
    |                  Instance                 |                Module                |      Expression     |
    +-------------------------------------------+--------------------------------------+---------------------+
    |ama_addmuladd_7ns_5ns_5ns_5ns_12_4_1_U156  |ama_addmuladd_7ns_5ns_5ns_5ns_12_4_1  |  (i0 + i1) * i2 + i3|
    +-------------------------------------------+--------------------------------------+---------------------+

    * Memory: 
    +--------------+------------------------------+---------+----+----+-----+------+-----+------+-------------+
    |    Memory    |            Module            | BRAM_18K| FF | LUT| URAM| Words| Bits| Banks| W*Bits*Banks|
    +--------------+------------------------------+---------+----+----+-----+------+-----+------+-------------+
    |conv1_bias_U  |conv1_conv1_bias_ROM_AUTO_1R  |        0|  32|   2|    0|     4|   32|     1|          128|
    +--------------+------------------------------+---------+----+----+-----+------+-----+------+-------------+
    |Total         |                              |        0|  32|   2|    0|     4|   32|     1|          128|
    +--------------+------------------------------+---------+----+----+-----+------+-----+------+-------------+

    * FIFO: 
    N/A

    * Expression: 
    +--------------------------+----------+----+---+----+------------+------------+
    |       Variable Name      | Operation| DSP| FF| LUT| Bitwidth P0| Bitwidth P1|
    +--------------------------+----------+----+---+----+------------+------------+
    |add_ln133_1_fu_862_p2     |         +|   0|  0|  14|           7|           5|
    |add_ln133_fu_874_p2       |         +|   0|  0|  11|           3|           1|
    |add_ln139_1_fu_962_p2     |         +|   0|  0|  13|          10|           1|
    |add_ln139_fu_968_p2       |         +|   0|  0|  13|           5|           1|
    |add_ln141_fu_1308_p2      |         +|   0|  0|  13|           5|           1|
    |empty_55_fu_1167_p2       |         +|   0|  0|  13|           5|           2|
    |and_ln73_fu_1468_p2       |       and|   0|  0|   2|           1|           1|
    |icmp_ln133_fu_868_p2      |      icmp|   0|  0|   9|           3|           4|
    |icmp_ln139_fu_956_p2      |      icmp|   0|  0|  11|          10|          10|
    |icmp_ln141_fu_974_p2      |      icmp|   0|  0|   9|           5|           4|
    |icmp_ln46_fu_1051_p2      |      icmp|   0|  0|   9|           5|           1|
    |icmp_ln73_1_fu_1456_p2    |      icmp|   0|  0|  15|          23|           1|
    |icmp_ln73_fu_1450_p2      |      icmp|   0|  0|  11|           8|           2|
    |ap_block_state1           |        or|   0|  0|   2|           1|           1|
    |or_ln73_fu_1462_p2        |        or|   0|  0|   2|           1|           1|
    |select_ln139_1_fu_988_p3  |    select|   0|  0|   5|           1|           5|
    |select_ln139_fu_980_p3    |    select|   0|  0|   5|           1|           1|
    |select_ln73_fu_1474_p3    |    select|   0|  0|  32|           1|           1|
    +--------------------------+----------+----+---+----+------------+------------+
    |Total                     |          |   0|  0| 189|          95|          43|
    +--------------------------+----------+----+---+----+------------+------------+

    * Multiplexer: 
    +-------------------------------------+-----+-----------+-----+-----------+
    |                 Name                | LUT | Input Size| Bits| Total Bits|
    +-------------------------------------+-----+-----------+-----+-----------+
    |ap_NS_fsm                            |  172|         39|    1|         39|
    |ap_done                              |    9|          2|    1|          2|
    |ap_phi_mux_window16_phi_fu_549_p4    |   14|          3|   32|         96|
    |ap_phi_mux_window_117_phi_fu_539_p4  |   14|          3|   32|         96|
    |ap_phi_mux_window_218_phi_fu_529_p4  |   14|          3|   32|         96|
    |ap_phi_mux_window_319_phi_fu_519_p4  |   14|          3|   32|         96|
    |ap_phi_mux_window_420_phi_fu_509_p4  |   14|          3|   32|         96|
    |ap_phi_mux_window_521_phi_fu_499_p4  |   14|          3|   32|         96|
    |ap_phi_mux_window_622_phi_fu_489_p4  |   14|          3|   32|         96|
    |ap_phi_mux_window_723_phi_fu_479_p4  |   14|          3|   32|         96|
    |ap_phi_mux_window_824_phi_fu_469_p4  |   14|          3|   32|         96|
    |indvar_flatten34_reg_433             |    9|          2|   10|         20|
    |mem_1_0_address0                     |   14|          3|   10|         30|
    |mem_1_0_ce0                          |   14|          3|    1|          3|
    |mux_case_077113_reg_655              |    9|          2|   32|         64|
    |mux_case_083_reg_682                 |    9|          2|   32|         64|
    |mux_case_179123_reg_646              |    9|          2|   32|         64|
    |mux_case_193_reg_673                 |    9|          2|   32|         64|
    |mux_case_2103_reg_664                |    9|          2|   32|         64|
    |mux_case_281133_reg_637              |    9|          2|   32|         64|
    |n_f_fu_80                            |    9|          2|    3|          6|
    |oh_reg_444                           |    9|          2|    5|         10|
    |ow_reg_455                           |    9|          2|    5|         10|
    |phi_mul_fu_76                        |    9|          2|    7|         14|
    |window_i_0_0_promoted187230_reg_592  |    9|          2|   32|         64|
    |window_i_0_1_promoted185224_reg_601  |    9|          2|   32|         64|
    |window_i_0_2_promoted189236_reg_583  |    9|          2|   32|         64|
    |window_i_1_0_promoted181212_reg_619  |    9|          2|   32|         64|
    |window_i_1_1_promoted179206_reg_628  |    9|          2|   32|         64|
    |window_i_1_2_promoted183218_reg_610  |    9|          2|   32|         64|
    |window_i_2_0_promoted193248_reg_565  |    9|          2|   32|         64|
    |window_i_2_1_promoted191242_reg_574  |    9|          2|   32|         64|
    |window_i_2_2_promoted195254_reg_556  |    9|          2|   32|         64|
    +-------------------------------------+-----+-----------+-----+-----------+
    |Total                                |  515|        114|  811|       1958|
    +-------------------------------------+-----+-----------+-----+-----------+

    * Register: 
    +--------------------------------------------------------------------+----+----+-----+-----------+
    |                                Name                                | FF | LUT| Bits| Const Bits|
    +--------------------------------------------------------------------+----+----+-----+-----------+
    |add_ln133_1_reg_1997                                                |   7|   0|    7|          0|
    |add_ln133_reg_2005                                                  |   3|   0|    3|          0|
    |add_ln139_1_reg_2082                                                |  10|   0|   10|          0|
    |add_ln141_reg_2283                                                  |   5|   0|    5|          0|
    |ap_CS_fsm                                                           |  38|   0|   38|          0|
    |ap_done_reg                                                         |   1|   0|    1|          0|
    |empty_55_reg_2188                                                   |   5|   0|    5|          0|
    |grp_conv1_Pipeline_Fil_load_r_Fil_load_c_fu_691_ap_start_reg        |   1|   0|    1|          0|
    |grp_conv1_Pipeline_loadWinFull_VITIS_LOOP_50_1_fu_772_ap_start_reg  |   1|   0|    1|          0|
    |grp_conv1_Pipeline_loadWinShift_fu_716_ap_start_reg                 |   1|   0|    1|          0|
    |icmp_ln46_reg_2112                                                  |   1|   0|    1|          0|
    |indvar_flatten34_reg_433                                            |  10|   0|   10|          0|
    |kernel_i_0_0_promoted160_fu_100                                     |  32|   0|   32|          0|
    |kernel_i_0_1_promoted158_fu_96                                      |  32|   0|   32|          0|
    |kernel_i_0_2_promoted162_fu_104                                     |  32|   0|   32|          0|
    |kernel_i_1_0_promoted154_fu_88                                      |  32|   0|   32|          0|
    |kernel_i_1_1_promoted152_fu_84                                      |  32|   0|   32|          0|
    |kernel_i_1_2_promoted156_fu_92                                      |  32|   0|   32|          0|
    |kernel_i_2_0_promoted166_fu_112                                     |  32|   0|   32|          0|
    |kernel_i_2_1_promoted164_fu_108                                     |  32|   0|   32|          0|
    |kernel_i_2_2_promoted168_fu_116                                     |  32|   0|   32|          0|
    |mem_2_addr_reg_2107                                                 |  12|   0|   12|          0|
    |mux_case_077113_reg_655                                             |  32|   0|   32|          0|
    |mux_case_077120_fu_132                                              |  32|   0|   32|          0|
    |mux_case_083_reg_682                                                |  32|   0|   32|          0|
    |mux_case_090_fu_120                                                 |  32|   0|   32|          0|
    |mux_case_1100_fu_124                                                |  32|   0|   32|          0|
    |mux_case_179123_reg_646                                             |  32|   0|   32|          0|
    |mux_case_179130_fu_136                                              |  32|   0|   32|          0|
    |mux_case_193_reg_673                                                |  32|   0|   32|          0|
    |mux_case_2103_reg_664                                               |  32|   0|   32|          0|
    |mux_case_2110_fu_128                                                |  32|   0|   32|          0|
    |mux_case_281133_reg_637                                             |  32|   0|   32|          0|
    |mux_case_281140_fu_140                                              |  32|   0|   32|          0|
    |n_f_fu_80                                                           |   3|   0|    3|          0|
    |oh_reg_444                                                          |   5|   0|    5|          0|
    |or_ln_reg_2037                                                      |   6|   0|    6|          0|
    |ow_reg_455                                                          |   5|   0|    5|          0|
    |phi_mul_fu_76                                                       |   7|   0|    7|          0|
    |prev_sum_reg_2074                                                   |  32|   0|   32|          0|
    |select_ln139_1_reg_2095                                             |   5|   0|    5|          0|
    |select_ln139_reg_2087                                               |   5|   0|    5|          0|
    |select_ln73_reg_2295                                                |  32|   0|   32|          0|
    |sum_reg_2288                                                        |  32|   0|   32|          0|
    |window1627_fu_180                                                   |  32|   0|   32|          0|
    |window_11733_fu_184                                                 |  32|   0|   32|          0|
    |window_21839_fu_188                                                 |  32|   0|   32|          0|
    |window_31945_fu_192                                                 |  32|   0|   32|          0|
    |window_42051_fu_196                                                 |  32|   0|   32|          0|
    |window_52157_fu_200                                                 |  32|   0|   32|          0|
    |window_62263_fu_204                                                 |  32|   0|   32|          0|
    |window_72369_fu_208                                                 |  32|   0|   32|          0|
    |window_82475_fu_212                                                 |  32|   0|   32|          0|
    |window_i_0_0_promoted187230_reg_592                                 |  32|   0|   32|          0|
    |window_i_0_0_promoted187235_fu_160                                  |  32|   0|   32|          0|
    |window_i_0_1_promoted185224_reg_601                                 |  32|   0|   32|          0|
    |window_i_0_1_promoted185229_fu_156                                  |  32|   0|   32|          0|
    |window_i_0_2_promoted189236_reg_583                                 |  32|   0|   32|          0|
    |window_i_0_2_promoted189241_fu_164                                  |  32|   0|   32|          0|
    |window_i_1_0_promoted181212_reg_619                                 |  32|   0|   32|          0|
    |window_i_1_0_promoted181217_fu_148                                  |  32|   0|   32|          0|
    |window_i_1_1_promoted179206_reg_628                                 |  32|   0|   32|          0|
    |window_i_1_1_promoted179211_fu_144                                  |  32|   0|   32|          0|
    |window_i_1_2_promoted183218_reg_610                                 |  32|   0|   32|          0|
    |window_i_1_2_promoted183223_fu_152                                  |  32|   0|   32|          0|
    |window_i_2_0_promoted193248_reg_565                                 |  32|   0|   32|          0|
    |window_i_2_0_promoted193253_fu_172                                  |  32|   0|   32|          0|
    |window_i_2_1_promoted191242_reg_574                                 |  32|   0|   32|          0|
    |window_i_2_1_promoted191247_fu_168                                  |  32|   0|   32|          0|
    |window_i_2_2_promoted195254_reg_556                                 |  32|   0|   32|          0|
    |window_i_2_2_promoted195259_fu_176                                  |  32|   0|   32|          0|
    +--------------------------------------------------------------------+----+----+-----+-----------+
    |Total                                                               |1763|   0| 1763|          0|
    +--------------------------------------------------------------------+----+----+-----+-----------+



================================================================
== Interface
================================================================
* Summary: 
+------------------+-----+-----+------------+--------------+--------------+
|     RTL Ports    | Dir | Bits|  Protocol  | Source Object|    C Type    |
+------------------+-----+-----+------------+--------------+--------------+
|ap_clk            |   in|    1|  ap_ctrl_hs|         conv1|  return value|
|ap_rst            |   in|    1|  ap_ctrl_hs|         conv1|  return value|
|ap_start          |   in|    1|  ap_ctrl_hs|         conv1|  return value|
|ap_done           |  out|    1|  ap_ctrl_hs|         conv1|  return value|
|ap_continue       |   in|    1|  ap_ctrl_hs|         conv1|  return value|
|ap_idle           |  out|    1|  ap_ctrl_hs|         conv1|  return value|
|ap_ready          |  out|    1|  ap_ctrl_hs|         conv1|  return value|
|mem_1_0_address0  |  out|   10|   ap_memory|       mem_1_0|         array|
|mem_1_0_ce0       |  out|    1|   ap_memory|       mem_1_0|         array|
|mem_1_0_q0        |   in|   32|   ap_memory|       mem_1_0|         array|
|mem_2_address0    |  out|   12|   ap_memory|         mem_2|         array|
|mem_2_ce0         |  out|    1|   ap_memory|         mem_2|         array|
|mem_2_we0         |  out|    1|   ap_memory|         mem_2|         array|
|mem_2_d0          |  out|   32|   ap_memory|         mem_2|         array|
+------------------+-----+-----+------------+--------------+--------------+

