

================================================================
== Synthesis Summary Report of 'HW_accel'
================================================================
+ General Information: 
    * Date:           Thu Dec 25 17:04:52 2025
    * Version:        2022.1 (Build 3526262 on Mon Apr 18 15:48:16 MDT 2022)
    * Project:        Day_5_final_boss
    * Solution:       hellojio (Vivado IP Flow Target)
    * Product family: zynq
    * Target device:  xc7z020-clg400-1
    

+ Performance & Resource Estimates: 
    
    PS: '+' for module; 'o' for loop; '*' for dataflow
    +----------------------------------------------------------------------+------+------+---------+-----------+----------+---------+------+----------+----------+-----------+-------------+-------------+-----+
    |                                Modules                               | Issue|      | Latency |  Latency  | Iteration|         | Trip |          |          |           |             |             |     |
    |                                & Loops                               | Type | Slack| (cycles)|    (ns)   |  Latency | Interval| Count| Pipelined|   BRAM   |    DSP    |      FF     |     LUT     | URAM|
    +----------------------------------------------------------------------+------+------+---------+-----------+----------+---------+------+----------+----------+-----------+-------------+-------------+-----+
    |+ HW_accel*                                                           |     -|  0.01|   574291|  5.743e+06|         -|   451759|     -|  dataflow|  88 (31%)|  203 (92%)|  42014 (39%)|  40920 (76%)|    -|
    | + read_input                                                         |     -|  0.32|      786|  7.860e+03|         -|      786|     -|        no|         -|          -|     65 (~0%)|    180 (~0%)|    -|
    |  o readLoop_row_readLoop_col                                         |     -|  7.30|      784|  7.840e+03|         2|        1|   784|       yes|         -|          -|            -|            -|    -|
    | + conv1                                                              |     -|  0.01|   121745|  1.217e+06|         -|   121745|     -|        no|   1 (~0%)|   46 (20%)|    7847 (7%)|   8095 (15%)|    -|
    |  o C1_fil_load                                                       |     -|  7.30|   121744|  1.217e+06|     30436|        -|     4|        no|         -|          -|            -|            -|    -|
    |   + conv1_Pipeline_Fil_load_r_Fil_load_c                             |     -|  0.39|       12|    120.000|         -|       12|     -|        no|   1 (~0%)|          -|    316 (~0%)|    285 (~0%)|    -|
    |    o Fil_load_r_Fil_load_c                                           |     -|  7.30|       10|    100.000|         3|        1|     9|       yes|         -|          -|            -|            -|    -|
    |   o VS_HS                                                            |     -|  7.30|    30420|  3.042e+05|        45|        -|   676|        no|         -|          -|            -|            -|    -|
    |    + conv1_Pipeline_loadWinShift                                     |     -|  0.32|        6|     60.000|         -|        6|     -|        no|         -|          -|    790 (~0%)|    335 (~0%)|    -|
    |     o loadWinShift                                                   |     -|  7.30|        4|     40.000|         3|        1|     3|       yes|         -|          -|            -|            -|    -|
    |    + conv1_Pipeline_loadWinFull_VITIS_LOOP_50_1                      |     -|  0.54|       12|    120.000|         -|       12|     -|        no|         -|          -|    502 (~0%)|    306 (~0%)|    -|
    |     o loadWinFull_VITIS_LOOP_50_1                                    |     -|  7.30|       10|    100.000|         3|        1|     9|       yes|         -|          -|            -|            -|    -|
    |    + conv2D_1_s                                                      |    II|  0.04|       23|    230.000|         -|        1|     -|       yes|         -|   45 (20%)|    4444 (4%)|   6463 (12%)|    -|
    | + conv2                                                              |     -|  0.04|   451758|  4.518e+06|         -|   451758|     -|        no|   1 (~0%)|   47 (21%)|  11732 (11%)|   9071 (17%)|    -|
    |  + Conv_func_4_26_4_24_s                                             |     -|  0.04|   451757|  4.518e+06|         -|   451757|     -|        no|   1 (~0%)|   47 (21%)|  11728 (11%)|   9046 (17%)|    -|
    |   o C1_fil_load                                                      |     -|  7.30|   451756|  4.518e+06|    112939|        -|     4|        no|         -|          -|            -|            -|    -|
    |    + Conv_func_4_26_4_24_Pipeline_Fil_load_ch_Fil_load_r_Fil_load_c  |     -|  0.31|       39|    390.000|         -|       39|     -|        no|   1 (~0%)|          -|    1205 (1%)|     703 (1%)|    -|
    |     o Fil_load_ch_Fil_load_r_Fil_load_c                              |     -|  7.30|       37|    370.000|         3|        1|    36|       yes|         -|          -|            -|            -|    -|
    |    o inCh_VS_HS                                                      |     -|  7.30|   112896|  1.129e+06|        49|        -|  2304|        no|         -|          -|            -|            -|    -|
    |     + Conv_func_4_26_4_24_Pipeline_loadWinShift                      |     -|  1.95|        8|     80.000|         -|        8|     -|        no|         -|    1 (~0%)|    915 (~0%)|    379 (~0%)|    -|
    |      o loadWinShift                                                  |     -|  7.30|        6|     60.000|         5|        1|     3|       yes|         -|          -|            -|            -|    -|
    |     + Conv_func_4_26_4_24_Pipeline_loadWinFull_VITIS_LOOP_50_1       |     -|  0.26|       14|    140.000|         -|       14|     -|        no|         -|    1 (~0%)|    694 (~0%)|    390 (~0%)|    -|
    |      o loadWinFull_VITIS_LOOP_50_1                                   |     -|  7.30|       12|    120.000|         5|        1|     9|       yes|         -|          -|            -|            -|    -|
    |     + conv2D_4_s                                                     |    II|  0.04|       24|    240.000|         -|        1|     -|       yes|         -|   45 (20%)|    5886 (5%)|   6643 (12%)|    -|
    | + maxPool_4_24_12_s                                                  |     -|  0.19|      585|  5.850e+03|         -|      585|     -|        no|         -|          -|    589 (~0%)|     716 (1%)|    -|
    |  o MP_ch_MP_r_MP_c                                                   |     -|  7.30|      583|  5.830e+03|         9|        1|   576|       yes|         -|          -|            -|            -|    -|
    | + conv3                                                              |     -|  0.04|    73774|  7.377e+05|         -|    73774|     -|        no|   1 (~0%)|   45 (20%)|  11414 (10%)|   9016 (16%)|    -|
    |  + Conv_func_4_12_4_10_s                                             |     -|  0.04|    73773|  7.377e+05|         -|    73773|     -|        no|   1 (~0%)|   45 (20%)|  11410 (10%)|   8991 (16%)|    -|
    |   o C1_fil_load                                                      |     -|  7.30|    73772|  7.377e+05|     18443|        -|     4|        no|         -|          -|            -|            -|    -|
    |    + Conv_func_4_12_4_10_Pipeline_Fil_load_ch_Fil_load_r_Fil_load_c  |     -|  0.31|       39|    390.000|         -|       39|     -|        no|   1 (~0%)|          -|    1205 (1%)|     703 (1%)|    -|
    |     o Fil_load_ch_Fil_load_r_Fil_load_c                              |     -|  7.30|       37|    370.000|         3|        1|    36|       yes|         -|          -|            -|            -|    -|
    |    o inCh_VS_HS                                                      |     -|  7.30|    18400|  1.840e+05|        46|        -|   400|        no|         -|          -|            -|            -|    -|
    |     + Conv_func_4_12_4_10_Pipeline_loadWinShift                      |     -|  0.32|        6|     60.000|         -|        6|     -|        no|         -|          -|    798 (~0%)|    349 (~0%)|    -|
    |      o loadWinShift                                                  |     -|  7.30|        4|     40.000|         3|        1|     3|       yes|         -|          -|            -|            -|    -|
    |     + Conv_func_4_12_4_10_Pipeline_loadWinFull_VITIS_LOOP_50_1       |     -|  0.45|       12|    120.000|         -|       12|     -|        no|         -|          -|    515 (~0%)|    379 (~0%)|    -|
    |      o loadWinFull_VITIS_LOOP_50_1                                   |     -|  7.30|       10|    100.000|         3|        1|     9|       yes|         -|          -|            -|            -|    -|
    |     + conv2D_4_s                                                     |    II|  0.04|       24|    240.000|         -|        1|     -|       yes|         -|   45 (20%)|    5886 (5%)|   6643 (12%)|    -|
    | + maxPool_4_10_5_s                                                   |     -|  0.19|      108|  1.080e+03|         -|      108|     -|        no|         -|          -|    559 (~0%)|     669 (1%)|    -|
    |  o MP_ch_MP_r_MP_c                                                   |     -|  7.30|      106|  1.060e+03|         8|        1|   100|       yes|         -|          -|            -|            -|    -|
    | + fc_layer119                                                        |     -|  0.04|     2210|  2.210e+04|         -|     2210|     -|        no|  28 (10%)|   40 (18%)|    5254 (4%)|   7581 (14%)|    -|
    |  + FC_layer_100_16_true_s                                            |     -|  0.04|     2209|  2.209e+04|         -|     2209|     -|        no|  28 (10%)|   40 (18%)|    5250 (4%)|   7556 (14%)|    -|
    |   o out_loop                                                         |     -|  7.30|     2208|  2.208e+04|      1104|        -|     2|        no|         -|          -|            -|            -|    -|
    |    o VITIS_LOOP_198_1                                                |     -|  7.30|     1100|  1.100e+04|        11|        -|   100|        no|         -|          -|            -|            -|    -|
    | + fc_layer2                                                          |     -|  0.04|      363|  3.630e+03|         -|      363|     -|        no|    8 (2%)|   25 (11%)|    2812 (2%)|    4136 (7%)|    -|
    |  o out_loop                                                          |     -|  7.30|      362|  3.620e+03|       181|        -|     2|        no|         -|          -|            -|            -|    -|
    |   o VITIS_LOOP_198_1                                                 |     -|  7.30|      176|  1.760e+03|        11|        -|    16|        no|         -|          -|            -|            -|    -|
    | + write_output                                                       |     -|  3.98|       13|    130.000|         -|       13|     -|        no|         -|          -|     10 (~0%)|     86 (~0%)|    -|
    |  o write_col                                                         |     -|  7.30|       11|    110.000|         3|        1|    10|       yes|         -|          -|            -|            -|    -|
    +----------------------------------------------------------------------+------+------+---------+-----------+----------+---------+------+----------+----------+-----------+-------------+-------------+-----+


================================================================
== HW Interfaces
================================================================
* AXIS
+------------+---------------+-------+-------+-------+--------+-------+--------+
| Interface  | Register Mode | TDATA | TKEEP | TLAST | TREADY | TSTRB | TVALID |
+------------+---------------+-------+-------+-------+--------+-------+--------+
| inputPort  | both          | 32    | 4     | 1     | 1      | 4     | 1      |
| outputPort | both          | 32    | 4     | 1     | 1      | 4     | 1      |
+------------+---------------+-------+-------+-------+--------+-------+--------+

* TOP LEVEL CONTROL
+-----------+--------------+----------+
| Interface | Type         | Ports    |
+-----------+--------------+----------+
| ap_clk    | clock        | ap_clk   |
| ap_rst_n  | reset        | ap_rst_n |
| ap_ctrl   | ap_ctrl_none |          |
+-----------+--------------+----------+


================================================================
== SW I/O Information
================================================================
* Top Function Arguments
+------------+-----------+---------------------------------------+
| Argument   | Direction | Datatype                              |
+------------+-----------+---------------------------------------+
| inputPort  | in        | stream<hls::axis<float, 0, 0, 0>, 0>& |
| outputPort | out       | stream<hls::axis<float, 0, 0, 0>, 0>& |
+------------+-----------+---------------------------------------+

* SW-to-HW Mapping
+------------+--------------+-----------+
| Argument   | HW Interface | HW Type   |
+------------+--------------+-----------+
| inputPort  | inputPort    | interface |
| outputPort | outputPort   | interface |
+------------+--------------+-----------+


================================================================
== M_AXI Burst Information
================================================================
 Note: All burst requests might be further partitioned into multiple requests during RTL generation based on max_read_burst_length or max_write_burst_length settings.

  No burst in design

================================================================
== Bind Op Report
================================================================
+---------------------------------------------------------------------+-----+--------+----------------+------+---------+---------+
| Name                                                                | DSP | Pragma | Variable       | Op   | Impl    | Latency |
+---------------------------------------------------------------------+-----+--------+----------------+------+---------+---------+
| + HW_accel                                                          | 203 |        |                |      |         |         |
|   fc1_output_U                                                      | -   |        | fc1_output     | fifo | srl     | 0       |
|   fc1_output_1_U                                                    | -   |        | fc1_output_1   | fifo | srl     | 0       |
|   fc1_output_2_U                                                    | -   |        | fc1_output_2   | fifo | srl     | 0       |
|   fc1_output_3_U                                                    | -   |        | fc1_output_3   | fifo | srl     | 0       |
|   fc1_output_4_U                                                    | -   |        | fc1_output_4   | fifo | srl     | 0       |
|   fc1_output_5_U                                                    | -   |        | fc1_output_5   | fifo | srl     | 0       |
|   fc1_output_6_U                                                    | -   |        | fc1_output_6   | fifo | srl     | 0       |
|   fc1_output_7_U                                                    | -   |        | fc1_output_7   | fifo | srl     | 0       |
|   fc1_output_8_U                                                    | -   |        | fc1_output_8   | fifo | srl     | 0       |
|   fc1_output_9_U                                                    | -   |        | fc1_output_9   | fifo | srl     | 0       |
|   fc1_output_10_U                                                   | -   |        | fc1_output_10  | fifo | srl     | 0       |
|   fc1_output_11_U                                                   | -   |        | fc1_output_11  | fifo | srl     | 0       |
|   fc1_output_12_U                                                   | -   |        | fc1_output_12  | fifo | srl     | 0       |
|   fc1_output_13_U                                                   | -   |        | fc1_output_13  | fifo | srl     | 0       |
|   fc1_output_14_U                                                   | -   |        | fc1_output_14  | fifo | srl     | 0       |
|   fc1_output_15_U                                                   | -   |        | fc1_output_15  | fifo | srl     | 0       |
|  + read_input                                                       | 0   |        |                |      |         |         |
|    add_ln7_1_fu_119_p2                                              | -   |        | add_ln7_1      | add  | fabric  | 0       |
|    add_ln7_fu_131_p2                                                | -   |        | add_ln7        | add  | fabric  | 0       |
|    add_ln8_fu_163_p2                                                | -   |        | add_ln8        | add  | fabric  | 0       |
|  + conv1                                                            | 46  |        |                |      |         |         |
|    add_ln133_1_fu_862_p2                                            | -   |        | add_ln133_1    | add  | fabric  | 0       |
|    add_ln133_fu_874_p2                                              | -   |        | add_ln133      | add  | fabric  | 0       |
|    add_ln139_1_fu_962_p2                                            | -   |        | add_ln139_1    | add  | fabric  | 0       |
|    add_ln139_fu_968_p2                                              | -   |        | add_ln139      | add  | fabric  | 0       |
|    ama_addmuladd_7ns_5ns_5ns_5ns_12_4_1_U156                        | 1   |        | add_ln150      | add  | dsp48   | 3       |
|    ama_addmuladd_7ns_5ns_5ns_5ns_12_4_1_U156                        | 1   |        | mul_ln150      | mul  | dsp48   | 3       |
|    ama_addmuladd_7ns_5ns_5ns_5ns_12_4_1_U156                        | 1   |        | add_ln150_1    | add  | dsp48   | 3       |
|    empty_55_fu_1167_p2                                              | -   |        | empty_55       | add  | fabric  | 0       |
|    add_ln141_fu_1308_p2                                             | -   |        | add_ln141      | add  | fabric  | 0       |
|   + conv1_Pipeline_Fil_load_r_Fil_load_c                            | 0   |        |                |      |         |         |
|     empty_53_fu_348_p2                                              | -   |        | empty_53       | sub  | fabric  | 0       |
|     add_ln19_1_fu_360_p2                                            | -   |        | add_ln19_1     | add  | fabric  | 0       |
|     add_ln19_fu_369_p2                                              | -   |        | add_ln19       | add  | fabric  | 0       |
|     p_mid1_fu_405_p2                                                | -   |        | p_mid1         | sub  | fabric  | 0       |
|     add_ln25_fu_431_p2                                              | -   |        | add_ln25       | add  | fabric  | 0       |
|     add_ln26_fu_441_p2                                              | -   |        | add_ln26       | add  | fabric  | 0       |
|     add_ln22_fu_447_p2                                              | -   |        | add_ln22       | add  | fabric  | 0       |
|   + conv1_Pipeline_loadWinShift                                     | 0   |        |                |      |         |         |
|     add_ln58_fu_717_p2                                              | -   |        | add_ln58       | add  | fabric  | 0       |
|     add_ln66_fu_727_p2                                              | -   |        | add_ln66       | add  | fabric  | 0       |
|   + conv1_Pipeline_loadWinFull_VITIS_LOOP_50_1                      | 0   |        |                |      |         |         |
|     add_ln49_1_fu_503_p2                                            | -   |        | add_ln49_1     | add  | fabric  | 0       |
|     add_ln49_fu_515_p2                                              | -   |        | add_ln49       | add  | fabric  | 0       |
|     add_ln52_fu_567_p2                                              | -   |        | add_ln52       | add  | fabric  | 0       |
|     sub_ln52_fu_596_p2                                              | -   |        | sub_ln52       | sub  | fabric  | 0       |
|     add_ln50_fu_543_p2                                              | -   |        | add_ln50       | add  | fabric  | 0       |
|   + conv2D_1_s                                                      | 45  |        |                |      |         |         |
|     fmul_32ns_32ns_32_4_max_dsp_1_U125                              | 3   |        | mul            | fmul | maxdsp  | 3       |
|     fmul_32ns_32ns_32_4_max_dsp_1_U126                              | 3   |        | mul_s          | fmul | maxdsp  | 3       |
|     fmul_32ns_32ns_32_4_max_dsp_1_U127                              | 3   |        | mul_4          | fmul | maxdsp  | 3       |
|     fmul_32ns_32ns_32_4_max_dsp_1_U128                              | 3   |        | mul_1          | fmul | maxdsp  | 3       |
|     fmul_32ns_32ns_32_4_max_dsp_1_U129                              | 3   |        | mul_1_1        | fmul | maxdsp  | 3       |
|     fmul_32ns_32ns_32_4_max_dsp_1_U130                              | 3   |        | mul_1_2        | fmul | maxdsp  | 3       |
|     fmul_32ns_32ns_32_4_max_dsp_1_U131                              | 3   |        | mul_2          | fmul | maxdsp  | 3       |
|     fmul_32ns_32ns_32_4_max_dsp_1_U132                              | 3   |        | mul_2_1        | fmul | maxdsp  | 3       |
|     fmul_32ns_32ns_32_4_max_dsp_1_U133                              | 3   |        | mul_2_2        | fmul | maxdsp  | 3       |
|     fadd_32ns_32ns_32_5_full_dsp_1_U116                             | 2   |        | s0             | fadd | fulldsp | 4       |
|     fadd_32ns_32ns_32_5_full_dsp_1_U117                             | 2   |        | s1             | fadd | fulldsp | 4       |
|     fadd_32ns_32ns_32_5_full_dsp_1_U118                             | 2   |        | s2             | fadd | fulldsp | 4       |
|     fadd_32ns_32ns_32_5_full_dsp_1_U119                             | 2   |        | s3             | fadd | fulldsp | 4       |
|     fadd_32ns_32ns_32_5_full_dsp_1_U120                             | 2   |        | s4             | fadd | fulldsp | 4       |
|     fadd_32ns_32ns_32_5_full_dsp_1_U121                             | 2   |        | s5             | fadd | fulldsp | 4       |
|     fadd_32ns_32ns_32_5_full_dsp_1_U122                             | 2   |        | s6             | fadd | fulldsp | 4       |
|     fadd_32ns_32ns_32_5_full_dsp_1_U123                             | 2   |        | s7             | fadd | fulldsp | 4       |
|     fadd_32ns_32ns_32_5_full_dsp_1_U124                             | 2   |        | sum            | fadd | fulldsp | 4       |
|  + conv2                                                            | 47  |        |                |      |         |         |
|   + Conv_func_4_26_4_24_s                                           | 47  |        |                |      |         |         |
|     add_ln133_fu_1238_p2                                            | -   |        | add_ln133      | add  | fabric  | 0       |
|     sub_ln146_fu_1425_p2                                            | -   |        | sub_ln146      | sub  | fabric  | 0       |
|     add_ln137_1_fu_1549_p2                                          | -   |        | add_ln137_1    | add  | fabric  | 0       |
|     add_ln137_fu_1717_p2                                            | -   |        | add_ln137      | add  | fabric  | 0       |
|     mul_3ns_6ns_8_1_1_U403                                          | -   |        | mul_ln52       | mul  | auto    | 0       |
|     add_ln139_fu_1799_p2                                            | -   |        | add_ln139      | add  | fabric  | 0       |
|     add_ln146_fu_1828_p2                                            | -   |        | add_ln146      | add  | fabric  | 0       |
|     sub_ln146_1_fu_1857_p2                                          | -   |        | sub_ln146_1    | sub  | fabric  | 0       |
|     empty_189_fu_1954_p2                                            | -   |        | empty_189      | add  | fabric  | 0       |
|     add_ln146_1_fu_2090_p2                                          | -   |        | add_ln146_1    | add  | fabric  | 0       |
|     add_ln141_fu_2164_p2                                            | -   |        | add_ln141      | add  | fabric  | 0       |
|     add_ln139_2_fu_2169_p2                                          | -   |        | add_ln139_2    | add  | fabric  | 0       |
|    + Conv_func_4_26_4_24_Pipeline_Fil_load_ch_Fil_load_r_Fil_load_c | 0   |        |                |      |         |         |
|      empty_185_fu_1088_p2                                           | -   |        | empty_185      | sub  | fabric  | 0       |
|      add_ln16_1_fu_1100_p2                                          | -   |        | add_ln16_1     | add  | fabric  | 0       |
|      add_ln16_fu_1115_p2                                            | -   |        | add_ln16       | add  | fabric  | 0       |
|      add_ln19_fu_1201_p2                                            | -   |        | add_ln19       | add  | fabric  | 0       |
|      p_mid1_fu_1237_p2                                              | -   |        | p_mid1         | sub  | fabric  | 0       |
|      add_ln25_1_fu_1255_p2                                          | -   |        | add_ln25_1     | add  | fabric  | 0       |
|      add_ln25_fu_1328_p2                                            | -   |        | add_ln25       | add  | fabric  | 0       |
|      add_ln26_fu_1338_p2                                            | -   |        | add_ln26       | add  | fabric  | 0       |
|      add_ln22_fu_1264_p2                                            | -   |        | add_ln22       | add  | fabric  | 0       |
|      add_ln19_2_fu_1270_p2                                          | -   |        | add_ln19_2     | add  | fabric  | 0       |
|    + Conv_func_4_26_4_24_Pipeline_loadWinShift                      | 1   |        |                |      |         |         |
|      add_ln58_fu_723_p2                                             | -   |        | add_ln58       | add  | fabric  | 0       |
|      add_ln66_fu_733_p2                                             | -   |        | add_ln66       | add  | fabric  | 0       |
|      ama_addmuladd_8ns_5ns_5ns_5ns_12_4_1_U238                      | 1   |        | add_ln66_1     | add  | dsp48   | 3       |
|      ama_addmuladd_8ns_5ns_5ns_5ns_12_4_1_U238                      | 1   |        | mul_ln66       | mul  | dsp48   | 3       |
|      ama_addmuladd_8ns_5ns_5ns_5ns_12_4_1_U238                      | 1   |        | add_ln66_2     | add  | dsp48   | 3       |
|    + Conv_func_4_26_4_24_Pipeline_loadWinFull_VITIS_LOOP_50_1       | 1   |        |                |      |         |         |
|      add_ln49_2_fu_501_p2                                           | -   |        | add_ln49_2     | add  | fabric  | 0       |
|      add_ln49_fu_513_p2                                             | -   |        | add_ln49       | add  | fabric  | 0       |
|      add_ln52_fu_545_p2                                             | -   |        | add_ln52       | add  | fabric  | 0       |
|      ama_addmuladd_8ns_5ns_5ns_2ns_12_4_1_U292                      | 1   |        | add_ln52_1     | add  | dsp48   | 3       |
|      ama_addmuladd_8ns_5ns_5ns_2ns_12_4_1_U292                      | 1   |        | mul_ln50       | mul  | dsp48   | 3       |
|      ama_addmuladd_8ns_5ns_5ns_2ns_12_4_1_U292                      | 1   |        | add_ln52_2     | add  | dsp48   | 3       |
|      add_ln50_fu_555_p2                                             | -   |        | add_ln50       | add  | fabric  | 0       |
|    + conv2D_4_s (grp_conv2D_4_s_fu_1159)                            | 45  |        |                |      |         |         |
|      fmul_32ns_32ns_32_4_max_dsp_1_U336                             | 3   |        | mul            | fmul | maxdsp  | 3       |
|      fmul_32ns_32ns_32_4_max_dsp_1_U337                             | 3   |        | mul_s          | fmul | maxdsp  | 3       |
|      fmul_32ns_32ns_32_4_max_dsp_1_U338                             | 3   |        | mul_3          | fmul | maxdsp  | 3       |
|      fmul_32ns_32ns_32_4_max_dsp_1_U339                             | 3   |        | mul_1          | fmul | maxdsp  | 3       |
|      fmul_32ns_32ns_32_4_max_dsp_1_U340                             | 3   |        | mul_1_1        | fmul | maxdsp  | 3       |
|      fmul_32ns_32ns_32_4_max_dsp_1_U341                             | 3   |        | mul_1_2        | fmul | maxdsp  | 3       |
|      fmul_32ns_32ns_32_4_max_dsp_1_U342                             | 3   |        | mul_2          | fmul | maxdsp  | 3       |
|      fmul_32ns_32ns_32_4_max_dsp_1_U343                             | 3   |        | mul_2_1        | fmul | maxdsp  | 3       |
|      fmul_32ns_32ns_32_4_max_dsp_1_U344                             | 3   |        | mul_2_2        | fmul | maxdsp  | 3       |
|      fadd_32ns_32ns_32_5_full_dsp_1_U327                            | 2   |        | s0             | fadd | fulldsp | 4       |
|      fadd_32ns_32ns_32_5_full_dsp_1_U328                            | 2   |        | s1             | fadd | fulldsp | 4       |
|      fadd_32ns_32ns_32_5_full_dsp_1_U329                            | 2   |        | s2             | fadd | fulldsp | 4       |
|      fadd_32ns_32ns_32_5_full_dsp_1_U330                            | 2   |        | s3             | fadd | fulldsp | 4       |
|      fadd_32ns_32ns_32_5_full_dsp_1_U331                            | 2   |        | s4             | fadd | fulldsp | 4       |
|      fadd_32ns_32ns_32_5_full_dsp_1_U332                            | 2   |        | s5             | fadd | fulldsp | 4       |
|      fadd_32ns_32ns_32_5_full_dsp_1_U333                            | 2   |        | s6             | fadd | fulldsp | 4       |
|      fadd_32ns_32ns_32_5_full_dsp_1_U334                            | 2   |        | s7             | fadd | fulldsp | 4       |
|      fadd_32ns_32ns_32_5_full_dsp_1_U335                            | 2   |        | sum            | fadd | fulldsp | 4       |
|  + maxPool_4_24_12_s                                                | 0   |        |                |      |         |         |
|    add_ln170_1_fu_217_p2                                            | -   |        | add_ln170_1    | add  | fabric  | 0       |
|    add_ln170_fu_281_p2                                              | -   |        | add_ln170      | add  | fabric  | 0       |
|    sub_ln174_fu_332_p2                                              | -   |        | sub_ln174      | sub  | fabric  | 0       |
|    sub_ln177_fu_366_p2                                              | -   |        | sub_ln177      | sub  | fabric  | 0       |
|    add_ln171_fu_401_p2                                              | -   |        | add_ln171      | add  | fabric  | 0       |
|    add_ln174_fu_427_p2                                              | -   |        | add_ln174      | add  | fabric  | 0       |
|    add_ln175_fu_459_p2                                              | -   |        | add_ln175      | add  | fabric  | 0       |
|    add_ln177_fu_495_p2                                              | -   |        | add_ln177      | add  | fabric  | 0       |
|    add_ln172_fu_519_p2                                              | -   |        | add_ln172      | add  | fabric  | 0       |
|    add_ln171_1_fu_232_p2                                            | -   |        | add_ln171_1    | add  | fabric  | 0       |
|  + conv3                                                            | 45  |        |                |      |         |         |
|   + Conv_func_4_12_4_10_s                                           | 45  |        |                |      |         |         |
|     add_ln133_fu_1238_p2                                            | -   |        | add_ln133      | add  | fabric  | 0       |
|     add_ln146_fu_1425_p2                                            | -   |        | add_ln146      | add  | fabric  | 0       |
|     add_ln137_2_fu_1545_p2                                          | -   |        | add_ln137_2    | add  | fabric  | 0       |
|     add_ln137_fu_1551_p2                                            | -   |        | add_ln137      | add  | fabric  | 0       |
|     sub_ln52_fu_1767_p2                                             | -   |        | sub_ln52       | sub  | fabric  | 0       |
|     add_ln139_fu_1815_p2                                            | -   |        | add_ln139      | add  | fabric  | 0       |
|     add_ln146_2_fu_1844_p2                                          | -   |        | add_ln146_2    | add  | fabric  | 0       |
|     add_ln146_3_fu_1865_p2                                          | -   |        | add_ln146_3    | add  | fabric  | 0       |
|     empty_239_fu_1992_p2                                            | -   |        | empty_239      | add  | fabric  | 0       |
|     add_ln146_4_fu_2129_p2                                          | -   |        | add_ln146_4    | add  | fabric  | 0       |
|     add_ln141_fu_2203_p2                                            | -   |        | add_ln141      | add  | fabric  | 0       |
|     add_ln139_3_fu_2208_p2                                          | -   |        | add_ln139_3    | add  | fabric  | 0       |
|    + Conv_func_4_12_4_10_Pipeline_Fil_load_ch_Fil_load_r_Fil_load_c | 0   |        |                |      |         |         |
|      empty_235_fu_1088_p2                                           | -   |        | empty_235      | sub  | fabric  | 0       |
|      add_ln16_2_fu_1100_p2                                          | -   |        | add_ln16_2     | add  | fabric  | 0       |
|      add_ln16_fu_1115_p2                                            | -   |        | add_ln16       | add  | fabric  | 0       |
|      add_ln19_fu_1201_p2                                            | -   |        | add_ln19       | add  | fabric  | 0       |
|      p_mid1_fu_1237_p2                                              | -   |        | p_mid1         | sub  | fabric  | 0       |
|      add_ln25_2_fu_1255_p2                                          | -   |        | add_ln25_2     | add  | fabric  | 0       |
|      add_ln25_fu_1328_p2                                            | -   |        | add_ln25       | add  | fabric  | 0       |
|      add_ln26_fu_1338_p2                                            | -   |        | add_ln26       | add  | fabric  | 0       |
|      add_ln22_fu_1264_p2                                            | -   |        | add_ln22       | add  | fabric  | 0       |
|      add_ln19_3_fu_1270_p2                                          | -   |        | add_ln19_3     | add  | fabric  | 0       |
|    + Conv_func_4_12_4_10_Pipeline_loadWinShift                      | 0   |        |                |      |         |         |
|      add_ln58_fu_731_p2                                             | -   |        | add_ln58       | add  | fabric  | 0       |
|      add_ln66_fu_741_p2                                             | -   |        | add_ln66       | add  | fabric  | 0       |
|      add_ln66_3_fu_751_p2                                           | -   |        | add_ln66_3     | add  | fabric  | 0       |
|    + Conv_func_4_12_4_10_Pipeline_loadWinFull_VITIS_LOOP_50_1       | 0   |        |                |      |         |         |
|      add_ln49_3_fu_515_p2                                           | -   |        | add_ln49_3     | add  | fabric  | 0       |
|      add_ln49_fu_527_p2                                             | -   |        | add_ln49       | add  | fabric  | 0       |
|      add_ln52_fu_559_p2                                             | -   |        | add_ln52       | add  | fabric  | 0       |
|      add_ln52_3_fu_589_p2                                           | -   |        | add_ln52_3     | add  | fabric  | 0       |
|      sub_ln52_1_fu_618_p2                                           | -   |        | sub_ln52_1     | sub  | fabric  | 0       |
|      add_ln50_fu_565_p2                                             | -   |        | add_ln50       | add  | fabric  | 0       |
|    + conv2D_4_s (grp_conv2D_4_s_fu_1159)                            | 45  |        |                |      |         |         |
|      fmul_32ns_32ns_32_4_max_dsp_1_U336                             | 3   |        | mul            | fmul | maxdsp  | 3       |
|      fmul_32ns_32ns_32_4_max_dsp_1_U337                             | 3   |        | mul_s          | fmul | maxdsp  | 3       |
|      fmul_32ns_32ns_32_4_max_dsp_1_U338                             | 3   |        | mul_3          | fmul | maxdsp  | 3       |
|      fmul_32ns_32ns_32_4_max_dsp_1_U339                             | 3   |        | mul_1          | fmul | maxdsp  | 3       |
|      fmul_32ns_32ns_32_4_max_dsp_1_U340                             | 3   |        | mul_1_1        | fmul | maxdsp  | 3       |
|      fmul_32ns_32ns_32_4_max_dsp_1_U341                             | 3   |        | mul_1_2        | fmul | maxdsp  | 3       |
|      fmul_32ns_32ns_32_4_max_dsp_1_U342                             | 3   |        | mul_2          | fmul | maxdsp  | 3       |
|      fmul_32ns_32ns_32_4_max_dsp_1_U343                             | 3   |        | mul_2_1        | fmul | maxdsp  | 3       |
|      fmul_32ns_32ns_32_4_max_dsp_1_U344                             | 3   |        | mul_2_2        | fmul | maxdsp  | 3       |
|      fadd_32ns_32ns_32_5_full_dsp_1_U327                            | 2   |        | s0             | fadd | fulldsp | 4       |
|      fadd_32ns_32ns_32_5_full_dsp_1_U328                            | 2   |        | s1             | fadd | fulldsp | 4       |
|      fadd_32ns_32ns_32_5_full_dsp_1_U329                            | 2   |        | s2             | fadd | fulldsp | 4       |
|      fadd_32ns_32ns_32_5_full_dsp_1_U330                            | 2   |        | s3             | fadd | fulldsp | 4       |
|      fadd_32ns_32ns_32_5_full_dsp_1_U331                            | 2   |        | s4             | fadd | fulldsp | 4       |
|      fadd_32ns_32ns_32_5_full_dsp_1_U332                            | 2   |        | s5             | fadd | fulldsp | 4       |
|      fadd_32ns_32ns_32_5_full_dsp_1_U333                            | 2   |        | s6             | fadd | fulldsp | 4       |
|      fadd_32ns_32ns_32_5_full_dsp_1_U334                            | 2   |        | s7             | fadd | fulldsp | 4       |
|      fadd_32ns_32ns_32_5_full_dsp_1_U335                            | 2   |        | sum            | fadd | fulldsp | 4       |
|  + maxPool_4_10_5_s                                                 | 0   |        |                |      |         |         |
|    add_ln170_2_fu_230_p2                                            | -   |        | add_ln170_2    | add  | fabric  | 0       |
|    add_ln170_fu_245_p2                                              | -   |        | add_ln170      | add  | fabric  | 0       |
|    add_ln174_fu_305_p2                                              | -   |        | add_ln174      | add  | fabric  | 0       |
|    add_ln171_fu_339_p2                                              | -   |        | add_ln171      | add  | fabric  | 0       |
|    add_ln174_2_fu_365_p2                                            | -   |        | add_ln174_2    | add  | fabric  | 0       |
|    add_ln175_fu_393_p2                                              | -   |        | add_ln175      | add  | fabric  | 0       |
|    add_ln172_fu_431_p2                                              | -   |        | add_ln172      | add  | fabric  | 0       |
|    add_ln171_2_fu_437_p2                                            | -   |        | add_ln171_2    | add  | fabric  | 0       |
|  + fc_layer119                                                      | 40  |        |                |      |         |         |
|   + FC_layer_100_16_true_s                                          | 40  |        |                |      |         |         |
|     add_ln195_fu_586_p2                                             | -   |        | add_ln195      | add  | fabric  | 0       |
|     mul_4ns_8ns_11_1_1_U620                                         | -   |        | mul_ln212      | mul  | auto    | 0       |
|     mul_4ns_8ns_11_1_1_U621                                         | -   |        | mul_ln212_1    | mul  | auto    | 0       |
|     mul_4ns_8ns_11_1_1_U622                                         | -   |        | mul_ln212_2    | mul  | auto    | 0       |
|     mul_4ns_8ns_11_1_1_U623                                         | -   |        | mul_ln212_3    | mul  | auto    | 0       |
|     mul_4ns_8ns_11_1_1_U624                                         | -   |        | mul_ln212_4    | mul  | auto    | 0       |
|     mul_4ns_8ns_11_1_1_U625                                         | -   |        | mul_ln212_5    | mul  | auto    | 0       |
|     mul_4ns_8ns_11_1_1_U626                                         | -   |        | mul_ln212_6    | mul  | auto    | 0       |
|     mul_4ns_8ns_11_1_1_U627                                         | -   |        | mul_ln212_7    | mul  | auto    | 0       |
|     add_ln212_fu_863_p2                                             | -   |        | add_ln212      | add  | fabric  | 0       |
|     add_ln212_5_fu_873_p2                                           | -   |        | add_ln212_5    | add  | fabric  | 0       |
|     add_ln212_6_fu_883_p2                                           | -   |        | add_ln212_6    | add  | fabric  | 0       |
|     add_ln212_7_fu_893_p2                                           | -   |        | add_ln212_7    | add  | fabric  | 0       |
|     add_ln212_8_fu_903_p2                                           | -   |        | add_ln212_8    | add  | fabric  | 0       |
|     add_ln212_9_fu_913_p2                                           | -   |        | add_ln212_9    | add  | fabric  | 0       |
|     add_ln212_10_fu_923_p2                                          | -   |        | add_ln212_10   | add  | fabric  | 0       |
|     add_ln212_11_fu_933_p2                                          | -   |        | add_ln212_11   | add  | fabric  | 0       |
|     add_ln198_fu_949_p2                                             | -   |        | add_ln198      | add  | fabric  | 0       |
|     fmul_32ns_32ns_32_4_max_dsp_1_U604                              | 3   |        | mul            | fmul | maxdsp  | 3       |
|     fadd_32ns_32ns_32_5_full_dsp_1_U596                             | 2   |        | input_assign   | fadd | fulldsp | 4       |
|     fmul_32ns_32ns_32_4_max_dsp_1_U605                              | 3   |        | mul31_1        | fmul | maxdsp  | 3       |
|     fadd_32ns_32ns_32_5_full_dsp_1_U597                             | 2   |        | input_assign_1 | fadd | fulldsp | 4       |
|     fmul_32ns_32ns_32_4_max_dsp_1_U606                              | 3   |        | mul31_2        | fmul | maxdsp  | 3       |
|     fadd_32ns_32ns_32_5_full_dsp_1_U598                             | 2   |        | input_assign_2 | fadd | fulldsp | 4       |
|     fmul_32ns_32ns_32_4_max_dsp_1_U607                              | 3   |        | mul31_3        | fmul | maxdsp  | 3       |
|     fadd_32ns_32ns_32_5_full_dsp_1_U599                             | 2   |        | input_assign_3 | fadd | fulldsp | 4       |
|     fmul_32ns_32ns_32_4_max_dsp_1_U608                              | 3   |        | mul31_4        | fmul | maxdsp  | 3       |
|     fadd_32ns_32ns_32_5_full_dsp_1_U600                             | 2   |        | input_assign_4 | fadd | fulldsp | 4       |
|     fmul_32ns_32ns_32_4_max_dsp_1_U609                              | 3   |        | mul31_5        | fmul | maxdsp  | 3       |
|     fadd_32ns_32ns_32_5_full_dsp_1_U601                             | 2   |        | input_assign_5 | fadd | fulldsp | 4       |
|     fmul_32ns_32ns_32_4_max_dsp_1_U610                              | 3   |        | mul31_6        | fmul | maxdsp  | 3       |
|     fadd_32ns_32ns_32_5_full_dsp_1_U602                             | 2   |        | input_assign_6 | fadd | fulldsp | 4       |
|     fmul_32ns_32ns_32_4_max_dsp_1_U611                              | 3   |        | mul31_7        | fmul | maxdsp  | 3       |
|     fadd_32ns_32ns_32_5_full_dsp_1_U603                             | 2   |        | input_assign_7 | fadd | fulldsp | 4       |
|  + fc_layer2                                                        | 25  |        |                |      |         |         |
|    add_ln195_fu_464_p2                                              | -   |        | add_ln195      | add  | fabric  | 0       |
|    empty_31_fu_491_p2                                               | -   |        | empty_31       | add  | fabric  | 0       |
|    empty_32_fu_502_p2                                               | -   |        | empty_32       | add  | fabric  | 0       |
|    empty_33_fu_513_p2                                               | -   |        | empty_33       | add  | fabric  | 0       |
|    empty_34_fu_524_p2                                               | -   |        | empty_34       | add  | fabric  | 0       |
|    add_ln212_fu_587_p2                                              | -   |        | add_ln212      | add  | fabric  | 0       |
|    add_ln212_1_fu_597_p2                                            | -   |        | add_ln212_1    | add  | fabric  | 0       |
|    add_ln212_2_fu_607_p2                                            | -   |        | add_ln212_2    | add  | fabric  | 0       |
|    add_ln212_3_fu_617_p2                                            | -   |        | add_ln212_3    | add  | fabric  | 0       |
|    add_ln212_4_fu_627_p2                                            | -   |        | add_ln212_4    | add  | fabric  | 0       |
|    add_ln198_fu_643_p2                                              | -   |        | add_ln198      | add  | fabric  | 0       |
|    fmul_32ns_32ns_32_4_max_dsp_1_U638                               | 3   |        | mul31_i        | fmul | maxdsp  | 3       |
|    fadd_32ns_32ns_32_5_full_dsp_1_U633                              | 2   |        | add32_i        | fadd | fulldsp | 4       |
|    fmul_32ns_32ns_32_4_max_dsp_1_U639                               | 3   |        | mul31_1_i      | fmul | maxdsp  | 3       |
|    fadd_32ns_32ns_32_5_full_dsp_1_U634                              | 2   |        | add32_1_i      | fadd | fulldsp | 4       |
|    fmul_32ns_32ns_32_4_max_dsp_1_U640                               | 3   |        | mul31_2_i      | fmul | maxdsp  | 3       |
|    fadd_32ns_32ns_32_5_full_dsp_1_U635                              | 2   |        | add32_2_i      | fadd | fulldsp | 4       |
|    fmul_32ns_32ns_32_4_max_dsp_1_U641                               | 3   |        | mul31_3_i      | fmul | maxdsp  | 3       |
|    fadd_32ns_32ns_32_5_full_dsp_1_U636                              | 2   |        | add32_3_i      | fadd | fulldsp | 4       |
|    fmul_32ns_32ns_32_4_max_dsp_1_U642                               | 3   |        | mul31_4_i      | fmul | maxdsp  | 3       |
|    fadd_32ns_32ns_32_5_full_dsp_1_U637                              | 2   |        | add32_4_i      | fadd | fulldsp | 4       |
|  + write_output                                                     | 0   |        |                |      |         |         |
|    add_ln19_fu_99_p2                                                | -   |        | add_ln19       | add  | fabric  | 0       |
+---------------------------------------------------------------------+-----+--------+----------------+------+---------+---------+


================================================================
== Bind Storage Report
================================================================
+---------------------------------------------------------------------+------+------+--------+--------------+---------+------+---------+
| Name                                                                | BRAM | URAM | Pragma | Variable     | Storage | Impl | Latency |
+---------------------------------------------------------------------+------+------+--------+--------------+---------+------+---------+
| + HW_accel                                                          | 88   | 0    |        |              |         |      |         |
|   mem_1_0_U                                                         | 4    | -    |        | mem_1_0      | ram_1p  | auto | 1       |
|   mem_2_U                                                           | 16   | -    |        | mem_2        | ram_1p  | auto | 1       |
|   mem_3_U                                                           | 8    | -    |        | mem_3        | ram_s2p | auto | 1       |
|   mem_3_1_U                                                         | 8    | -    |        | mem_3_1      | ram_s2p | auto | 1       |
|   mem_4_U                                                           | 4    | -    |        | mem_4        | ram_1p  | auto | 1       |
|   mem_5_U                                                           | 2    | -    |        | mem_5        | ram_s2p | auto | 1       |
|   mem_5_1_U                                                         | 2    | -    |        | mem_5_1      | ram_s2p | auto | 1       |
|   mem_6_U                                                           | 2    | -    |        | mem_6        | ram_1p  | auto | 1       |
|   fc2_output_U                                                      | -    | -    |        | fc2_output   | ram_t2p | auto | 1       |
|  + conv1                                                            | 1    | 0    |        |              |         |      |         |
|    conv1_bias_U                                                     | -    | -    |        | conv1_bias   | rom_1p  | auto | 1       |
|   + conv1_Pipeline_Fil_load_r_Fil_load_c                            | 1    | 0    |        |              |         |      |         |
|     conv1_weight_U                                                  | 1    | -    |        | conv1_weight | rom_1p  | auto | 1       |
|  + conv2                                                            | 1    | 0    |        |              |         |      |         |
|   + Conv_func_4_26_4_24_s                                           | 1    | 0    |        |              |         |      |         |
|     conv2_bias_U                                                    | -    | -    |        | conv2_bias   | rom_1p  | auto | 1       |
|    + Conv_func_4_26_4_24_Pipeline_Fil_load_ch_Fil_load_r_Fil_load_c | 1    | 0    |        |              |         |      |         |
|      conv2_weight_U                                                 | 1    | -    |        | conv2_weight | rom_1p  | auto | 1       |
|  + conv3                                                            | 1    | 0    |        |              |         |      |         |
|   + Conv_func_4_12_4_10_s                                           | 1    | 0    |        |              |         |      |         |
|     conv3_bias_U                                                    | -    | -    |        | conv3_bias   | rom_1p  | auto | 1       |
|    + Conv_func_4_12_4_10_Pipeline_Fil_load_ch_Fil_load_r_Fil_load_c | 1    | 0    |        |              |         |      |         |
|      conv3_weight_U                                                 | 1    | -    |        | conv3_weight | rom_1p  | auto | 1       |
|  + fc_layer119                                                      | 28   | 0    |        |              |         |      |         |
|   + FC_layer_100_16_true_s                                          | 28   | 0    |        |              |         |      |         |
|     fc1_bias_U                                                      | -    | -    |        | fc1_bias     | rom_np  | auto | 1       |
|     fc1_weight_U                                                    | 28   | -    |        | fc1_weight   | rom_np  | auto | 1       |
|  + fc_layer2                                                        | 8    | 0    |        |              |         |      |         |
|    fc2_bias_U                                                       | -    | -    |        | fc2_bias     | rom_np  | auto | 1       |
|    fc2_weight_U                                                     | 8    | -    |        | fc2_weight   | rom_np  | auto | 1       |
+---------------------------------------------------------------------+------+------+--------+--------------+---------+------+---------+


================================================================
== Pragma Report
================================================================
* Valid Pragma Syntax
+-----------------+--------------------------------------+--------------------------------------------------------------------------+
| Type            | Options                              | Location                                                                 |
+-----------------+--------------------------------------+--------------------------------------------------------------------------+
| pipeline        |                                      | codes_lab5/HLS_sources_final/design.cpp:9 in read_input                  |
| pipeline        |                                      | codes_lab5/HLS_sources_final/design.cpp:20 in write_output               |
| interface       | ap_ctrl_none port=return             | codes_lab5/HLS_sources_final/design.cpp:48 in hw_accel, return           |
| interface       | axis register both port=outputPort   | codes_lab5/HLS_sources_final/design.cpp:49 in hw_accel, outputPort       |
| interface       | axis register both port=inputPort    | codes_lab5/HLS_sources_final/design.cpp:50 in hw_accel, inputPort        |
| dataflow        |                                      | codes_lab5/HLS_sources_final/design.cpp:52 in hw_accel                   |
| array_partition | variable=mem_3 cyclic factor=2 dim=3 | codes_lab5/HLS_sources_final/design.cpp:57 in hw_accel, mem_3            |
| array_partition | variable=mem_5 cyclic factor=2 dim=3 | codes_lab5/HLS_sources_final/design.cpp:60 in hw_accel, mem_5            |
| array_partition | variable=fc1_output complete         | codes_lab5/HLS_sources_final/design.cpp:63 in hw_accel, fc1_output       |
| array_partition | variable=fc1_output complete         | codes_lab5/HLS_sources_final/design.cpp:65 in hw_accel, fc1_output       |
| pipeline        |                                      | codes_lab5/HLS_sources_final/templatedFuncs.h:24 in load_filters         |
| inline          |                                      | codes_lab5/HLS_sources_final/templatedFuncs.h:41 in load_input_window    |
| pipeline        |                                      | codes_lab5/HLS_sources_final/templatedFuncs.h:51 in load_input_window    |
| pipeline        |                                      | codes_lab5/HLS_sources_final/templatedFuncs.h:59 in load_input_window    |
| array_partition | variable=pmul complete dim=0         | codes_lab5/HLS_sources_final/templatedFuncs.h:89 in conv2d, pmul         |
| pipeline        |                                      | codes_lab5/HLS_sources_final/templatedFuncs.h:91 in conv2d               |
| array_partition | variable=kernel complete dim=0       | codes_lab5/HLS_sources_final/templatedFuncs.h:125 in conv_func, kernel   |
| array_partition | variable=window complete dim=0       | codes_lab5/HLS_sources_final/templatedFuncs.h:128 in conv_func, window   |
| pipeline        |                                      | codes_lab5/HLS_sources_final/templatedFuncs.h:173 in maxpool             |
| array_partition | variable=pmul complete               | codes_lab5/HLS_sources_final/templatedFuncs.h:191 in fc_layer, pmul      |
| array_partition | variable=pmul_prev complete          | codes_lab5/HLS_sources_final/templatedFuncs.h:193 in fc_layer, pmul_prev |
| pipeline        | off                                  | codes_lab5/HLS_sources_final/templatedFuncs.h:196 in fc_layer            |
| unroll          |                                      | codes_lab5/HLS_sources_final/templatedFuncs.h:201 in fc_layer            |
| unroll          |                                      | codes_lab5/HLS_sources_final/templatedFuncs.h:211 in fc_layer            |
| unroll          |                                      | codes_lab5/HLS_sources_final/templatedFuncs.h:216 in fc_layer            |
+-----------------+--------------------------------------+--------------------------------------------------------------------------+


