

================================================================
== Vitis HLS Report for 'fc_layer2'
================================================================
* Date:           Thu Dec 25 17:04:50 2025

* Version:        2022.1 (Build 3526262 on Mon Apr 18 15:48:16 MDT 2022)
* Project:        Day_5_final_boss
* Solution:       hellojio (Vivado IP Flow Target)
* Product family: zynq
* Target device:  xc7z020-clg400-1


================================================================
== Performance Estimates
================================================================
+ Timing: 
    * Summary: 
    +--------+----------+----------+------------+
    |  Clock |  Target  | Estimated| Uncertainty|
    +--------+----------+----------+------------+
    |ap_clk  |  10.00 ns|  7.256 ns|     2.70 ns|
    +--------+----------+----------+------------+

+ Latency: 
    * Summary: 
    +---------+---------+----------+----------+-----+-----+---------+
    |  Latency (cycles) |  Latency (absolute) |  Interval | Pipeline|
    |   min   |   max   |    min   |    max   | min | max |   Type  |
    +---------+---------+----------+----------+-----+-----+---------+
    |      363|      363|  3.630 us|  3.630 us|  363|  363|       no|
    +---------+---------+----------+----------+-----+-----+---------+

    + Detail: 
        * Instance: 
        N/A

        * Loop: 
        +---------------------+---------+---------+----------+-----------+-----------+------+----------+
        |                     |  Latency (cycles) | Iteration|  Initiation Interval  | Trip |          |
        |      Loop Name      |   min   |   max   |  Latency |  achieved |   target  | Count| Pipelined|
        +---------------------+---------+---------+----------+-----------+-----------+------+----------+
        |- out_loop           |      362|      362|       181|          -|          -|     2|        no|
        | + VITIS_LOOP_198_1  |      176|      176|        11|          -|          -|    16|        no|
        +---------------------+---------+---------+----------+-----------+-----------+------+----------+



================================================================
== Utilization Estimates
================================================================
* Summary: 
+-----------------+---------+-----+--------+-------+-----+
|       Name      | BRAM_18K| DSP |   FF   |  LUT  | URAM|
+-----------------+---------+-----+--------+-------+-----+
|DSP              |        -|    -|       -|      -|    -|
|Expression       |        -|    -|       0|    335|    -|
|FIFO             |        -|    -|       -|      -|    -|
|Instance         |        -|   25|    1740|   3620|    -|
|Memory           |        8|    -|     160|      5|    -|
|Multiplexer      |        -|    -|       -|    176|    -|
|Register         |        -|    -|     912|      -|    -|
+-----------------+---------+-----+--------+-------+-----+
|Total            |        8|   25|    2812|   4136|    0|
+-----------------+---------+-----+--------+-------+-----+
|Available        |      280|  220|  106400|  53200|    0|
+-----------------+---------+-----+--------+-------+-----+
|Utilization (%)  |        2|   11|       2|      7|    0|
+-----------------+---------+-----+--------+-------+-----+

+ Detail: 
    * Instance: 
    +-------------------------------------+--------------------------------+---------+----+-----+-----+-----+
    |               Instance              |             Module             | BRAM_18K| DSP|  FF | LUT | URAM|
    +-------------------------------------+--------------------------------+---------+----+-----+-----+-----+
    |fadd_32ns_32ns_32_5_full_dsp_1_U633  |fadd_32ns_32ns_32_5_full_dsp_1  |        0|   2|  205|  390|    0|
    |fadd_32ns_32ns_32_5_full_dsp_1_U634  |fadd_32ns_32ns_32_5_full_dsp_1  |        0|   2|  205|  390|    0|
    |fadd_32ns_32ns_32_5_full_dsp_1_U635  |fadd_32ns_32ns_32_5_full_dsp_1  |        0|   2|  205|  390|    0|
    |fadd_32ns_32ns_32_5_full_dsp_1_U636  |fadd_32ns_32ns_32_5_full_dsp_1  |        0|   2|  205|  390|    0|
    |fadd_32ns_32ns_32_5_full_dsp_1_U637  |fadd_32ns_32ns_32_5_full_dsp_1  |        0|   2|  205|  390|    0|
    |fmul_32ns_32ns_32_4_max_dsp_1_U638   |fmul_32ns_32ns_32_4_max_dsp_1   |        0|   3|  143|  321|    0|
    |fmul_32ns_32ns_32_4_max_dsp_1_U639   |fmul_32ns_32ns_32_4_max_dsp_1   |        0|   3|  143|  321|    0|
    |fmul_32ns_32ns_32_4_max_dsp_1_U640   |fmul_32ns_32ns_32_4_max_dsp_1   |        0|   3|  143|  321|    0|
    |fmul_32ns_32ns_32_4_max_dsp_1_U641   |fmul_32ns_32ns_32_4_max_dsp_1   |        0|   3|  143|  321|    0|
    |fmul_32ns_32ns_32_4_max_dsp_1_U642   |fmul_32ns_32ns_32_4_max_dsp_1   |        0|   3|  143|  321|    0|
    |mux_165_32_1_1_U643                  |mux_165_32_1_1                  |        0|   0|    0|   65|    0|
    +-------------------------------------+--------------------------------+---------+----+-----+-----+-----+
    |Total                                |                                |        0|  25| 1740| 3620|    0|
    +-------------------------------------+--------------------------------+---------+----+-----+-----+-----+

    * DSP: 
    N/A

    * Memory: 
    +--------------+----------------------------------+---------+-----+----+-----+------+-----+------+-------------+
    |    Memory    |              Module              | BRAM_18K|  FF | LUT| URAM| Words| Bits| Banks| W*Bits*Banks|
    +--------------+----------------------------------+---------+-----+----+-----+------+-----+------+-------------+
    |fc2_bias_U    |fc_layer2_fc2_bias_ROM_AUTO_1R    |        0|  160|   5|    0|    10|   32|     1|          320|
    |fc2_weight_U  |fc_layer2_fc2_weight_ROM_AUTO_1R  |        8|    0|   0|    0|   160|   32|     1|         5120|
    +--------------+----------------------------------+---------+-----+----+-----+------+-----+------+-------------+
    |Total         |                                  |        8|  160|   5|    0|   170|   64|     2|         5440|
    +--------------+----------------------------------+---------+-----+----+-----+------+-----+------+-------------+

    * FIFO: 
    N/A

    * Expression: 
    +--------------------------+----------+----+---+----+------------+------------+
    |       Variable Name      | Operation| DSP| FF| LUT| Bitwidth P0| Bitwidth P1|
    +--------------------------+----------+----+---+----+------------+------------+
    |add_ln195_fu_464_p2       |         +|   0|  0|  10|           2|           1|
    |add_ln198_fu_643_p2       |         +|   0|  0|  13|           5|           1|
    |add_ln212_1_fu_597_p2     |         +|   0|  0|  15|           8|           8|
    |add_ln212_2_fu_607_p2     |         +|   0|  0|  15|           8|           8|
    |add_ln212_3_fu_617_p2     |         +|   0|  0|  15|           8|           8|
    |add_ln212_4_fu_627_p2     |         +|   0|  0|  15|           8|           8|
    |add_ln212_fu_587_p2       |         +|   0|  0|  15|           8|           8|
    |empty_31_fu_491_p2        |         +|   0|  0|  11|           3|           1|
    |empty_32_fu_502_p2        |         +|   0|  0|  11|           3|           2|
    |empty_33_fu_513_p2        |         +|   0|  0|  13|           4|           2|
    |empty_34_fu_524_p2        |         +|   0|  0|  13|           4|           3|
    |cmp9_i_fu_671_p2          |      icmp|   0|  0|   9|           5|           1|
    |icmp_ln195_fu_458_p2      |      icmp|   0|  0|   8|           2|           3|
    |icmp_ln198_fu_637_p2      |      icmp|   0|  0|  10|           5|           6|
    |ap_block_state1           |        or|   0|  0|   2|           1|           1|
    |select_ln202_1_fu_684_p3  |    select|   0|  0|  32|           1|          32|
    |select_ln202_2_fu_691_p3  |    select|   0|  0|  32|           1|          32|
    |select_ln202_3_fu_698_p3  |    select|   0|  0|  32|           1|          32|
    |select_ln202_4_fu_705_p3  |    select|   0|  0|  32|           1|          32|
    |select_ln202_fu_677_p3    |    select|   0|  0|  32|           1|          32|
    +--------------------------+----------+----+---+----+------------+------------+
    |Total                     |          |   0|  0| 335|          79|         221|
    +--------------------------+----------+----+---+----+------------+------------+

    * Multiplexer: 
    +-------------------+----+-----------+-----+-----------+
    |        Name       | LUT| Input Size| Bits| Total Bits|
    +-------------------+----+-----------+-----+-----------+
    |ap_NS_fsm          |  81|         17|    1|         17|
    |ap_done            |   9|          2|    1|          2|
    |i_index_reg_379    |   9|          2|    5|         10|
    |output_r_address0  |  20|          4|    4|         16|
    |output_r_address1  |  14|          3|    4|         12|
    |output_r_d0        |  20|          4|   32|        128|
    |output_r_d1        |  14|          3|   32|         96|
    |turn_fu_88         |   9|          2|    2|          4|
    +-------------------+----+-----------+-----+-----------+
    |Total              | 176|         37|   81|        285|
    +-------------------+----+-----------+-----+-----------+

    * Register: 
    +----------------------------+----+----+-----+-----------+
    |            Name            | FF | LUT| Bits| Const Bits|
    +----------------------------+----+----+-----+-----------+
    |add32_1_lcssa21_i_fu_96     |  32|   0|   32|          0|
    |add32_2_lcssa23_i_fu_100    |  32|   0|   32|          0|
    |add32_3_lcssa25_i_fu_104    |  32|   0|   32|          0|
    |add32_4_lcssa27_i_fu_108    |  32|   0|   32|          0|
    |add32_lcssa19_i_fu_92       |  32|   0|   32|          0|
    |add_ln195_reg_864           |   2|   0|    2|          0|
    |add_ln198_reg_1022          |   5|   0|    5|          0|
    |ap_CS_fsm                   |  16|   0|   16|          0|
    |ap_done_reg                 |   1|   0|    1|          0|
    |empty_30_reg_869            |   1|   0|    1|          0|
    |empty_31_reg_884            |   3|   0|    3|          0|
    |empty_32_reg_899            |   3|   0|    3|          0|
    |empty_33_reg_914            |   4|   0|    4|          0|
    |empty_34_reg_929            |   4|   0|    4|          0|
    |fc2_bias_load_1_reg_974     |  32|   0|   32|          0|
    |fc2_bias_load_2_reg_979     |  32|   0|   32|          0|
    |fc2_bias_load_3_reg_984     |  32|   0|   32|          0|
    |fc2_bias_load_4_reg_989     |  32|   0|   32|          0|
    |fc2_bias_load_reg_969       |  32|   0|   32|          0|
    |fc2_weight_load_1_reg_1066  |  32|   0|   32|          0|
    |fc2_weight_load_2_reg_1071  |  32|   0|   32|          0|
    |fc2_weight_load_3_reg_1076  |  32|   0|   32|          0|
    |fc2_weight_load_4_reg_1081  |  32|   0|   32|          0|
    |fc2_weight_load_reg_1061    |  32|   0|   32|          0|
    |i_index_reg_379             |   5|   0|    5|          0|
    |ip_reg_1027                 |  32|   0|   32|          0|
    |mul31_1_i_reg_1091          |  32|   0|   32|          0|
    |mul31_2_i_reg_1096          |  32|   0|   32|          0|
    |mul31_3_i_reg_1101          |  32|   0|   32|          0|
    |mul31_4_i_reg_1106          |  32|   0|   32|          0|
    |mul31_i_reg_1086            |  32|   0|   32|          0|
    |p_cast30_reg_874            |   3|   0|   64|         61|
    |p_cast31_reg_889            |   3|   0|   64|         61|
    |p_cast32_reg_904            |   3|   0|   64|         61|
    |p_cast33_reg_919            |   4|   0|   64|         60|
    |p_cast34_reg_934            |   4|   0|   64|         60|
    |select_ln202_1_reg_1041     |  32|   0|   32|          0|
    |select_ln202_2_reg_1046     |  32|   0|   32|          0|
    |select_ln202_3_reg_1051     |  32|   0|   32|          0|
    |select_ln202_4_reg_1056     |  32|   0|   32|          0|
    |select_ln202_reg_1036       |  32|   0|   32|          0|
    |tmp_20_reg_959              |   4|   0|    8|          4|
    |tmp_21_reg_964              |   4|   0|    8|          4|
    |tmp_27_cast_reg_944         |   3|   0|    8|          5|
    |tmp_28_cast_reg_949         |   3|   0|    8|          5|
    |tmp_29_cast_reg_954         |   3|   0|    8|          5|
    |turn_fu_88                  |   2|   0|    2|          0|
    +----------------------------+----+----+-----+-----------+
    |Total                       | 912|   0| 1238|        326|
    +----------------------------+----+----+-----+-----------+



================================================================
== Interface
================================================================
* Summary: 
+-------------------+-----+-----+------------+--------------+--------------+
|     RTL Ports     | Dir | Bits|  Protocol  | Source Object|    C Type    |
+-------------------+-----+-----+------------+--------------+--------------+
|ap_clk             |   in|    1|  ap_ctrl_hs|     fc_layer2|  return value|
|ap_rst             |   in|    1|  ap_ctrl_hs|     fc_layer2|  return value|
|ap_start           |   in|    1|  ap_ctrl_hs|     fc_layer2|  return value|
|ap_done            |  out|    1|  ap_ctrl_hs|     fc_layer2|  return value|
|ap_continue        |   in|    1|  ap_ctrl_hs|     fc_layer2|  return value|
|ap_idle            |  out|    1|  ap_ctrl_hs|     fc_layer2|  return value|
|ap_ready           |  out|    1|  ap_ctrl_hs|     fc_layer2|  return value|
|p_read             |   in|   32|     ap_none|        p_read|        scalar|
|p_read1            |   in|   32|     ap_none|       p_read1|        scalar|
|p_read2            |   in|   32|     ap_none|       p_read2|        scalar|
|p_read3            |   in|   32|     ap_none|       p_read3|        scalar|
|p_read4            |   in|   32|     ap_none|       p_read4|        scalar|
|p_read5            |   in|   32|     ap_none|       p_read5|        scalar|
|p_read6            |   in|   32|     ap_none|       p_read6|        scalar|
|p_read7            |   in|   32|     ap_none|       p_read7|        scalar|
|p_read8            |   in|   32|     ap_none|       p_read8|        scalar|
|p_read9            |   in|   32|     ap_none|       p_read9|        scalar|
|p_read10           |   in|   32|     ap_none|      p_read10|        scalar|
|p_read11           |   in|   32|     ap_none|      p_read11|        scalar|
|p_read12           |   in|   32|     ap_none|      p_read12|        scalar|
|p_read13           |   in|   32|     ap_none|      p_read13|        scalar|
|p_read14           |   in|   32|     ap_none|      p_read14|        scalar|
|p_read15           |   in|   32|     ap_none|      p_read15|        scalar|
|output_r_address0  |  out|    4|   ap_memory|      output_r|         array|
|output_r_ce0       |  out|    1|   ap_memory|      output_r|         array|
|output_r_we0       |  out|    1|   ap_memory|      output_r|         array|
|output_r_d0        |  out|   32|   ap_memory|      output_r|         array|
|output_r_address1  |  out|    4|   ap_memory|      output_r|         array|
|output_r_ce1       |  out|    1|   ap_memory|      output_r|         array|
|output_r_we1       |  out|    1|   ap_memory|      output_r|         array|
|output_r_d1        |  out|   32|   ap_memory|      output_r|         array|
+-------------------+-----+-----+------------+--------------+--------------+

