

================================================================
== Vitis HLS Report for 'fc_layer119'
================================================================
* Date:           Thu Dec 25 17:04:50 2025

* Version:        2022.1 (Build 3526262 on Mon Apr 18 15:48:16 MDT 2022)
* Project:        Day_5_final_boss
* Solution:       hellojio (Vivado IP Flow Target)
* Product family: zynq
* Target device:  xc7z020-clg400-1


================================================================
== Performance Estimates
================================================================
+ Timing: 
    * Summary: 
    +--------+----------+----------+------------+
    |  Clock |  Target  | Estimated| Uncertainty|
    +--------+----------+----------+------------+
    |ap_clk  |  10.00 ns|  7.256 ns|     2.70 ns|
    +--------+----------+----------+------------+

+ Latency: 
    * Summary: 
    +---------+---------+-----------+-----------+------+------+---------+
    |  Latency (cycles) |   Latency (absolute)  |   Interval  | Pipeline|
    |   min   |   max   |    min    |    max    |  min |  max |   Type  |
    +---------+---------+-----------+-----------+------+------+---------+
    |     2210|     2210|  22.100 us|  22.100 us|  2210|  2210|       no|
    +---------+---------+-----------+-----------+------+------+---------+

    + Detail: 
        * Instance: 
        +---------------------------------+------------------------+---------+---------+-----------+-----------+------+------+---------+
        |                                 |                        |  Latency (cycles) |   Latency (absolute)  |   Interval  | Pipeline|
        |             Instance            |         Module         |   min   |   max   |    min    |    max    |  min |  max |   Type  |
        +---------------------------------+------------------------+---------+---------+-----------+-----------+------+------+---------+
        |grp_FC_layer_100_16_true_s_fu_8  |FC_layer_100_16_true_s  |     2209|     2209|  22.090 us|  22.090 us|  2209|  2209|       no|
        +---------------------------------+------------------------+---------+---------+-----------+-----------+------+------+---------+

        * Loop: 
        N/A



================================================================
== Utilization Estimates
================================================================
* Summary: 
+-----------------+---------+-----+--------+-------+-----+
|       Name      | BRAM_18K| DSP |   FF   |  LUT  | URAM|
+-----------------+---------+-----+--------+-------+-----+
|DSP              |        -|    -|       -|      -|    -|
|Expression       |        -|    -|       0|      2|    -|
|FIFO             |        -|    -|       -|      -|    -|
|Instance         |       28|   40|    5250|   7556|    -|
|Memory           |        -|    -|       -|      -|    -|
|Multiplexer      |        -|    -|       -|     23|    -|
|Register         |        -|    -|       4|      -|    -|
+-----------------+---------+-----+--------+-------+-----+
|Total            |       28|   40|    5254|   7581|    0|
+-----------------+---------+-----+--------+-------+-----+
|Available        |      280|  220|  106400|  53200|    0|
+-----------------+---------+-----+--------+-------+-----+
|Utilization (%)  |       10|   18|       4|     14|    0|
+-----------------+---------+-----+--------+-------+-----+

+ Detail: 
    * Instance: 
    +---------------------------------+------------------------+---------+----+------+------+-----+
    |             Instance            |         Module         | BRAM_18K| DSP|  FF  |  LUT | URAM|
    +---------------------------------+------------------------+---------+----+------+------+-----+
    |grp_FC_layer_100_16_true_s_fu_8  |FC_layer_100_16_true_s  |       28|  40|  5250|  7556|    0|
    +---------------------------------+------------------------+---------+----+------+------+-----+
    |Total                            |                        |       28|  40|  5250|  7556|    0|
    +---------------------------------+------------------------+---------+----+------+------+-----+

    * DSP: 
    N/A

    * Memory: 
    N/A

    * FIFO: 
    N/A

    * Expression: 
    +-----------------+----------+----+---+----+------------+------------+
    |  Variable Name  | Operation| DSP| FF| LUT| Bitwidth P0| Bitwidth P1|
    +-----------------+----------+----+---+----+------------+------------+
    |ap_block_state1  |        or|   0|  0|   2|           1|           1|
    +-----------------+----------+----+---+----+------------+------------+
    |Total            |          |   0|  0|   2|           1|           1|
    +-----------------+----------+----+---+----+------------+------------+

    * Multiplexer: 
    +-----------+----+-----------+-----+-----------+
    |    Name   | LUT| Input Size| Bits| Total Bits|
    +-----------+----+-----------+-----+-----------+
    |ap_NS_fsm  |  14|          3|    1|          3|
    |ap_done    |   9|          2|    1|          2|
    +-----------+----+-----------+-----+-----------+
    |Total      |  23|          5|    2|          5|
    +-----------+----+-----------+-----+-----------+

    * Register: 
    +----------------------------------------------+---+----+-----+-----------+
    |                     Name                     | FF| LUT| Bits| Const Bits|
    +----------------------------------------------+---+----+-----+-----------+
    |ap_CS_fsm                                     |  2|   0|    2|          0|
    |ap_done_reg                                   |  1|   0|    1|          0|
    |grp_FC_layer_100_16_true_s_fu_8_ap_start_reg  |  1|   0|    1|          0|
    +----------------------------------------------+---+----+-----+-----------+
    |Total                                         |  4|   0|    4|          0|
    +----------------------------------------------+---+----+-----+-----------+



================================================================
== Interface
================================================================
* Summary: 
+------------------+-----+-----+------------+--------------+--------------+
|     RTL Ports    | Dir | Bits|  Protocol  | Source Object|    C Type    |
+------------------+-----+-----+------------+--------------+--------------+
|ap_clk            |   in|    1|  ap_ctrl_hs|   fc_layer119|  return value|
|ap_rst            |   in|    1|  ap_ctrl_hs|   fc_layer119|  return value|
|ap_start          |   in|    1|  ap_ctrl_hs|   fc_layer119|  return value|
|ap_done           |  out|    1|  ap_ctrl_hs|   fc_layer119|  return value|
|ap_continue       |   in|    1|  ap_ctrl_hs|   fc_layer119|  return value|
|ap_idle           |  out|    1|  ap_ctrl_hs|   fc_layer119|  return value|
|ap_ready          |  out|    1|  ap_ctrl_hs|   fc_layer119|  return value|
|ap_return_0       |  out|   32|  ap_ctrl_hs|   fc_layer119|  return value|
|ap_return_1       |  out|   32|  ap_ctrl_hs|   fc_layer119|  return value|
|ap_return_2       |  out|   32|  ap_ctrl_hs|   fc_layer119|  return value|
|ap_return_3       |  out|   32|  ap_ctrl_hs|   fc_layer119|  return value|
|ap_return_4       |  out|   32|  ap_ctrl_hs|   fc_layer119|  return value|
|ap_return_5       |  out|   32|  ap_ctrl_hs|   fc_layer119|  return value|
|ap_return_6       |  out|   32|  ap_ctrl_hs|   fc_layer119|  return value|
|ap_return_7       |  out|   32|  ap_ctrl_hs|   fc_layer119|  return value|
|ap_return_8       |  out|   32|  ap_ctrl_hs|   fc_layer119|  return value|
|ap_return_9       |  out|   32|  ap_ctrl_hs|   fc_layer119|  return value|
|ap_return_10      |  out|   32|  ap_ctrl_hs|   fc_layer119|  return value|
|ap_return_11      |  out|   32|  ap_ctrl_hs|   fc_layer119|  return value|
|ap_return_12      |  out|   32|  ap_ctrl_hs|   fc_layer119|  return value|
|ap_return_13      |  out|   32|  ap_ctrl_hs|   fc_layer119|  return value|
|ap_return_14      |  out|   32|  ap_ctrl_hs|   fc_layer119|  return value|
|ap_return_15      |  out|   32|  ap_ctrl_hs|   fc_layer119|  return value|
|input_r_address0  |  out|    7|   ap_memory|       input_r|         array|
|input_r_ce0       |  out|    1|   ap_memory|       input_r|         array|
|input_r_q0        |   in|   32|   ap_memory|       input_r|         array|
+------------------+-----+-----+------------+--------------+--------------+

