

================================================================
== Vitis HLS Report for 'maxPool_4_24_12_s'
================================================================
* Date:           Thu Dec 25 17:04:46 2025

* Version:        2022.1 (Build 3526262 on Mon Apr 18 15:48:16 MDT 2022)
* Project:        Day_5_final_boss
* Solution:       hellojio (Vivado IP Flow Target)
* Product family: zynq
* Target device:  xc7z020-clg400-1


================================================================
== Performance Estimates
================================================================
+ Timing: 
    * Summary: 
    +--------+----------+----------+------------+
    |  Clock |  Target  | Estimated| Uncertainty|
    +--------+----------+----------+------------+
    |ap_clk  |  10.00 ns|  7.107 ns|     2.70 ns|
    +--------+----------+----------+------------+

+ Latency: 
    * Summary: 
    +---------+---------+----------+----------+-----+-----+---------+
    |  Latency (cycles) |  Latency (absolute) |  Interval | Pipeline|
    |   min   |   max   |    min   |    max   | min | max |   Type  |
    +---------+---------+----------+----------+-----+-----+---------+
    |      585|      585|  5.850 us|  5.850 us|  585|  585|       no|
    +---------+---------+----------+----------+-----+-----+---------+

    + Detail: 
        * Instance: 
        N/A

        * Loop: 
        +-------------------+---------+---------+----------+-----------+-----------+------+----------+
        |                   |  Latency (cycles) | Iteration|  Initiation Interval  | Trip |          |
        |     Loop Name     |   min   |   max   |  Latency |  achieved |   target  | Count| Pipelined|
        +-------------------+---------+---------+----------+-----------+-----------+------+----------+
        |- MP_ch_MP_r_MP_c  |      583|      583|         9|          1|          1|   576|       yes|
        +-------------------+---------+---------+----------+-----------+-----------+------+----------+



================================================================
== Utilization Estimates
================================================================
* Summary: 
+-----------------+---------+-----+--------+-------+-----+
|       Name      | BRAM_18K| DSP |   FF   |  LUT  | URAM|
+-----------------+---------+-----+--------+-------+-----+
|DSP              |        -|    -|       -|      -|    -|
|Expression       |        -|    -|       0|    576|    -|
|FIFO             |        -|    -|       -|      -|    -|
|Instance         |        -|    -|       -|      -|    -|
|Memory           |        -|    -|       -|      -|    -|
|Multiplexer      |        -|    -|       -|    108|    -|
|Register         |        -|    -|     589|     32|    -|
+-----------------+---------+-----+--------+-------+-----+
|Total            |        0|    0|     589|    716|    0|
+-----------------+---------+-----+--------+-------+-----+
|Available        |      280|  220|  106400|  53200|    0|
+-----------------+---------+-----+--------+-------+-----+
|Utilization (%)  |        0|    0|      ~0|      1|    0|
+-----------------+---------+-----+--------+-------+-----+

+ Detail: 
    * Instance: 
    +----------------------------------+-----------------------------+---------+----+---+----+-----+
    |             Instance             |            Module           | BRAM_18K| DSP| FF| LUT| URAM|
    +----------------------------------+-----------------------------+---------+----+---+----+-----+
    |fcmp_32ns_32ns_1_2_no_dsp_1_U414  |fcmp_32ns_32ns_1_2_no_dsp_1  |        0|   0|  0|   0|    0|
    |fcmp_32ns_32ns_1_2_no_dsp_1_U415  |fcmp_32ns_32ns_1_2_no_dsp_1  |        0|   0|  0|   0|    0|
    |fcmp_32ns_32ns_1_2_no_dsp_1_U416  |fcmp_32ns_32ns_1_2_no_dsp_1  |        0|   0|  0|   0|    0|
    +----------------------------------+-----------------------------+---------+----+---+----+-----+
    |Total                             |                             |        0|   0|  0|   0|    0|
    +----------------------------------+-----------------------------+---------+----+---+----+-----+

    * DSP: 
    N/A

    * Memory: 
    N/A

    * FIFO: 
    N/A

    * Expression: 
    +---------------------------+----------+----+---+----+------------+------------+
    |       Variable Name       | Operation| DSP| FF| LUT| Bitwidth P0| Bitwidth P1|
    +---------------------------+----------+----+---+----+------------+------------+
    |add_ln170_1_fu_217_p2      |         +|   0|  0|  13|          10|           1|
    |add_ln170_fu_281_p2        |         +|   0|  0|  11|           3|           1|
    |add_ln171_1_fu_232_p2      |         +|   0|  0|  15|           8|           1|
    |add_ln171_fu_401_p2        |         +|   0|  0|  13|           5|           2|
    |add_ln172_fu_519_p2        |         +|   0|  0|  13|           5|           2|
    |add_ln174_1_fu_606_p2      |         +|   0|  0|  11|          11|          11|
    |add_ln174_fu_427_p2        |         +|   0|  0|  13|          10|          10|
    |add_ln175_1_fu_618_p2      |         +|   0|  0|  11|          11|          11|
    |add_ln175_fu_459_p2        |         +|   0|  0|  13|          10|          10|
    |add_ln177_1_fu_630_p2      |         +|   0|  0|  10|          10|          10|
    |add_ln177_fu_495_p2        |         +|   0|  0|  14|           9|           9|
    |sub_ln174_1_fu_554_p2      |         -|   0|  0|  11|          11|          11|
    |sub_ln174_fu_332_p2        |         -|   0|  0|  14|           9|           9|
    |sub_ln175_fu_574_p2        |         -|   0|  0|  11|          11|          11|
    |sub_ln177_1_fu_594_p2      |         -|   0|  0|  10|          10|          10|
    |sub_ln177_fu_366_p2        |         -|   0|  0|  15|           8|           8|
    |and_ln174_1_fu_712_p2      |       and|   0|  0|   2|           1|           1|
    |and_ln174_fu_706_p2        |       and|   0|  0|   2|           1|           1|
    |and_ln175_1_fu_800_p2      |       and|   0|  0|   2|           1|           1|
    |and_ln175_fu_794_p2        |       and|   0|  0|   2|           1|           1|
    |and_ln177_1_fu_888_p2      |       and|   0|  0|   2|           1|           1|
    |and_ln177_fu_882_p2        |       and|   0|  0|   2|           1|           1|
    |ap_block_pp0_stage0_00001  |       and|   0|  0|   2|           1|           1|
    |ap_condition_202           |       and|   0|  0|   2|           1|           1|
    |ap_condition_221           |       and|   0|  0|   2|           1|           1|
    |icmp_ln170_fu_211_p2       |      icmp|   0|  0|  11|          10|          10|
    |icmp_ln171_fu_226_p2       |      icmp|   0|  0|  11|           8|           8|
    |icmp_ln172_fu_390_p2       |      icmp|   0|  0|   9|           5|           5|
    |icmp_ln174_1_fu_676_p2     |      icmp|   0|  0|  15|          23|           1|
    |icmp_ln174_2_fu_688_p2     |      icmp|   0|  0|  11|           8|           2|
    |icmp_ln174_3_fu_694_p2     |      icmp|   0|  0|  15|          23|           1|
    |icmp_ln174_fu_670_p2       |      icmp|   0|  0|  11|           8|           2|
    |icmp_ln175_1_fu_764_p2     |      icmp|   0|  0|  15|          23|           1|
    |icmp_ln175_2_fu_776_p2     |      icmp|   0|  0|  11|           8|           2|
    |icmp_ln175_3_fu_782_p2     |      icmp|   0|  0|  15|          23|           1|
    |icmp_ln175_fu_758_p2       |      icmp|   0|  0|  11|           8|           2|
    |icmp_ln177_1_fu_852_p2     |      icmp|   0|  0|  15|          23|           1|
    |icmp_ln177_2_fu_864_p2     |      icmp|   0|  0|  11|           8|           2|
    |icmp_ln177_3_fu_870_p2     |      icmp|   0|  0|  15|          23|           1|
    |icmp_ln177_fu_846_p2       |      icmp|   0|  0|  11|           8|           2|
    |ap_block_pp0_stage0_11001  |        or|   0|  0|   2|           1|           1|
    |empty_fu_259_p2            |        or|   0|  0|   5|           5|           1|
    |or_ln170_fu_396_p2         |        or|   0|  0|   2|           1|           1|
    |or_ln174_1_fu_700_p2       |        or|   0|  0|   2|           1|           1|
    |or_ln174_fu_682_p2         |        or|   0|  0|   2|           1|           1|
    |or_ln175_1_fu_788_p2       |        or|   0|  0|   2|           1|           1|
    |or_ln175_fu_770_p2         |        or|   0|  0|   2|           1|           1|
    |or_ln177_1_fu_876_p2       |        or|   0|  0|   2|           1|           1|
    |or_ln177_fu_858_p2         |        or|   0|  0|   2|           1|           1|
    |p_mid1_fu_441_p2           |        or|   0|  0|   5|           1|           5|
    |max_0_fu_718_p3            |    select|   0|  0|  32|           1|          32|
    |max_1_fu_806_p3            |    select|   0|  0|  32|           1|          32|
    |select_ln170_1_fu_294_p3   |    select|   0|  0|   5|           1|           1|
    |select_ln170_2_fu_301_p3   |    select|   0|  0|   3|           1|           3|
    |select_ln170_3_fu_376_p3   |    select|   0|  0|   5|           1|           1|
    |select_ln170_4_fu_383_p3   |    select|   0|  0|   4|           1|           1|
    |select_ln170_fu_287_p3     |    select|   0|  0|   5|           1|           1|
    |select_ln171_1_fu_415_p3   |    select|   0|  0|   5|           1|           5|
    |select_ln171_2_fu_447_p3   |    select|   0|  0|   5|           1|           5|
    |select_ln171_3_fu_483_p3   |    select|   0|  0|   4|           1|           4|
    |select_ln171_4_fu_238_p3   |    select|   0|  0|   8|           1|           1|
    |select_ln171_fu_407_p3     |    select|   0|  0|   5|           1|           5|
    |select_ln177_fu_894_p3     |    select|   0|  0|  32|           1|          32|
    |ap_enable_pp0              |       xor|   0|  0|   2|           1|           2|
    +---------------------------+----------+----+---+----+------------+------------+
    |Total                      |          |   0|  0| 576|         387|         306|
    +---------------------------+----------+----+---+----+------------+------------+

    * Multiplexer: 
    +----------------------------------------+----+-----------+-----+-----------+
    |                  Name                  | LUT| Input Size| Bits| Total Bits|
    +----------------------------------------+----+-----------+-----+-----------+
    |ap_done_int                             |   9|          2|    1|          2|
    |ap_enable_reg_pp0_iter2                 |   9|          2|    1|          2|
    |ap_sig_allocacmp_indvar_flatten24_load  |   9|          2|   10|         20|
    |ap_sig_allocacmp_indvar_flatten_load    |   9|          2|    8|         16|
    |ap_sig_allocacmp_och_load               |   9|          2|    3|          6|
    |ap_sig_allocacmp_oh_1                   |   9|          2|    5|         10|
    |ap_sig_allocacmp_ow_load                |   9|          2|    5|         10|
    |indvar_flatten24_fu_104                 |   9|          2|   10|         20|
    |indvar_flatten_fu_96                    |   9|          2|    8|         16|
    |och_fu_100                              |   9|          2|    3|          6|
    |oh_fu_92                                |   9|          2|    5|         10|
    |ow_fu_88                                |   9|          2|    5|         10|
    +----------------------------------------+----+-----------+-----+-----------+
    |Total                                   | 108|         24|   64|        128|
    +----------------------------------------+----+-----------+-----+-----------+

    * Register: 
    +---------------------------------------+----+----+-----+-----------+
    |                  Name                 | FF | LUT| Bits| Const Bits|
    +---------------------------------------+----+----+-----+-----------+
    |add_ln177_1_reg_1009                   |  10|   0|   10|          0|
    |ap_CS_fsm                              |   1|   0|    1|          0|
    |ap_done_reg                            |   1|   0|    1|          0|
    |ap_enable_reg_pp0_iter1                |   1|   0|    1|          0|
    |ap_enable_reg_pp0_iter2                |   1|   0|    1|          0|
    |ap_enable_reg_pp0_iter3                |   1|   0|    1|          0|
    |ap_enable_reg_pp0_iter4                |   1|   0|    1|          0|
    |ap_enable_reg_pp0_iter5                |   1|   0|    1|          0|
    |ap_enable_reg_pp0_iter6                |   1|   0|    1|          0|
    |ap_enable_reg_pp0_iter7                |   1|   0|    1|          0|
    |ap_enable_reg_pp0_iter8                |   1|   0|    1|          0|
    |ap_loop_exit_ready_pp0_iter1_reg       |   1|   0|    1|          0|
    |ap_loop_exit_ready_pp0_iter2_reg       |   1|   0|    1|          0|
    |ap_loop_exit_ready_pp0_iter3_reg       |   1|   0|    1|          0|
    |ap_loop_exit_ready_pp0_iter4_reg       |   1|   0|    1|          0|
    |ap_loop_exit_ready_pp0_iter5_reg       |   1|   0|    1|          0|
    |ap_loop_exit_ready_pp0_iter6_reg       |   1|   0|    1|          0|
    |ap_loop_exit_ready_pp0_iter7_reg       |   1|   0|    1|          0|
    |ap_loop_init_pp0_iter1_reg             |   1|   0|    1|          0|
    |icmp_ln170_reg_939                     |   1|   0|    1|          0|
    |icmp_ln171_reg_943                     |   1|   0|    1|          0|
    |ifmap_0_load_1_reg_1028                |  32|   0|   32|          0|
    |ifmap_0_load_1_reg_1028_pp0_iter4_reg  |  32|   0|   32|          0|
    |ifmap_0_load_reg_1014                  |  32|   0|   32|          0|
    |ifmap_0_load_reg_1014_pp0_iter4_reg    |  32|   0|   32|          0|
    |ifmap_1_load_1_reg_1035                |  32|   0|   32|          0|
    |ifmap_1_load_1_reg_1035_pp0_iter4_reg  |  32|   0|   32|          0|
    |ifmap_1_load_reg_1021                  |  32|   0|   32|          0|
    |ifmap_1_load_reg_1021_pp0_iter4_reg    |  32|   0|   32|          0|
    |indvar_flatten24_fu_104                |  10|   0|   10|          0|
    |indvar_flatten_fu_96                   |   8|   0|    8|          0|
    |lshr_ln_reg_983                        |   4|   0|    4|          0|
    |max_0_reg_1042                         |  32|   0|   32|          0|
    |max_0_reg_1042_pp0_iter6_reg           |  32|   0|   32|          0|
    |max_1_reg_1049                         |  32|   0|   32|          0|
    |max_1_reg_1049_pp0_iter6_reg           |  32|   0|   32|          0|
    |och_fu_100                             |   3|   0|    3|          0|
    |oh_fu_92                               |   5|   0|    5|          0|
    |ow_fu_88                               |   5|   0|    5|          0|
    |select_ln177_reg_1056                  |  32|   0|   32|          0|
    |trunc_ln174_1_reg_958                  |   9|   0|    9|          0|
    |trunc_ln174_reg_953                    |   7|   0|    7|          0|
    |trunc_ln175_1_reg_968                  |   8|   0|    9|          1|
    |trunc_ln175_reg_963                    |   6|   0|    7|          1|
    |trunc_ln177_1_reg_978                  |   8|   0|    8|          0|
    |trunc_ln177_reg_973                    |   6|   0|    6|          0|
    |add_ln177_1_reg_1009                   |  64|  32|   10|          0|
    +---------------------------------------+----+----+-----+-----------+
    |Total                                  | 589|  32|  537|          2|
    +---------------------------------------+----+----+-----+-----------+



================================================================
== Interface
================================================================
* Summary: 
+------------------+-----+-----+------------+--------------------+--------------+
|     RTL Ports    | Dir | Bits|  Protocol  |    Source Object   |    C Type    |
+------------------+-----+-----+------------+--------------------+--------------+
|ap_clk            |   in|    1|  ap_ctrl_hs|  maxPool<4, 24, 12>|  return value|
|ap_rst            |   in|    1|  ap_ctrl_hs|  maxPool<4, 24, 12>|  return value|
|ap_start          |   in|    1|  ap_ctrl_hs|  maxPool<4, 24, 12>|  return value|
|ap_done           |  out|    1|  ap_ctrl_hs|  maxPool<4, 24, 12>|  return value|
|ap_continue       |   in|    1|  ap_ctrl_hs|  maxPool<4, 24, 12>|  return value|
|ap_idle           |  out|    1|  ap_ctrl_hs|  maxPool<4, 24, 12>|  return value|
|ap_ready          |  out|    1|  ap_ctrl_hs|  maxPool<4, 24, 12>|  return value|
|ifmap_0_address0  |  out|   11|   ap_memory|             ifmap_0|         array|
|ifmap_0_ce0       |  out|    1|   ap_memory|             ifmap_0|         array|
|ifmap_0_q0        |   in|   32|   ap_memory|             ifmap_0|         array|
|ifmap_0_address1  |  out|   11|   ap_memory|             ifmap_0|         array|
|ifmap_0_ce1       |  out|    1|   ap_memory|             ifmap_0|         array|
|ifmap_0_q1        |   in|   32|   ap_memory|             ifmap_0|         array|
|ifmap_1_address0  |  out|   11|   ap_memory|             ifmap_1|         array|
|ifmap_1_ce0       |  out|    1|   ap_memory|             ifmap_1|         array|
|ifmap_1_q0        |   in|   32|   ap_memory|             ifmap_1|         array|
|ifmap_1_address1  |  out|   11|   ap_memory|             ifmap_1|         array|
|ifmap_1_ce1       |  out|    1|   ap_memory|             ifmap_1|         array|
|ifmap_1_q1        |   in|   32|   ap_memory|             ifmap_1|         array|
|ofmap_address0    |  out|   10|   ap_memory|               ofmap|         array|
|ofmap_ce0         |  out|    1|   ap_memory|               ofmap|         array|
|ofmap_we0         |  out|    1|   ap_memory|               ofmap|         array|
|ofmap_d0          |  out|   32|   ap_memory|               ofmap|         array|
+------------------+-----+-----+------------+--------------------+--------------+

