#-----------------------------------------------------------
# xsim v2022.1 (64-bit)
# SW Build 3526262 on Mon Apr 18 15:48:16 MDT 2022
# IP Build 3524634 on Mon Apr 18 20:55:01 MDT 2022
# Start of session at: Thu Dec 25 15:20:42 2025
# Process ID: 19860
# Current directory: C:/Users/exam2/Desktop/Day_5_final_Boss/Day_5_final_boss/sol5/sim/verilog
# Command line: xsim.exe -mode tcl -source {xsim.dir/HW_accel/xsim_script.tcl}
# Log file: C:/Users/exam2/Desktop/Day_5_final_Boss/Day_5_final_boss/sol5/sim/verilog/xsim.log
# Journal file: C:/Users/exam2/Desktop/Day_5_final_Boss/Day_5_final_boss/sol5/sim/verilog\xsim.jou
# Running On: L617-PC17, OS: Windows, CPU Frequency: 2112 MHz, CPU Physical cores: 16, Host memory: 16853 MB
#-----------------------------------------------------------
source xsim.dir/HW_accel/xsim_script.tcl
# xsim {HW_accel} -autoloadwcfg -tclbatch {HW_accel.tcl}
Time resolution is 1 ps
source HW_accel.tcl
## run all
////////////////////////////////////////////////////////////////////////////////////
// Inter-Transaction Progress: Completed Transaction / Total Transaction
// Intra-Transaction Progress: Measured Latency / Latency Estimation * 100%
//
// RTL Simulation : "Inter-Transaction Progress" ["Intra-Transaction Progress"] @ "Simulation Time"
////////////////////////////////////////////////////////////////////////////////////
// RTL Simulation : 0 / 1 [0.00%] @ "125000"
find kernel block.
// RTL Simulation : 1 / 1 [100.00%] @ "5864355000"
////////////////////////////////////////////////////////////////////////////////////
$finish called at time : 5864415 ns : File "C:/Users/exam2/Desktop/Day_5_final_Boss/Day_5_final_boss/sol5/sim/verilog/HW_accel.autotb.v" Line 248
run: Time (s): cpu = 00:00:01 ; elapsed = 00:04:45 . Memory (MB): peak = 1207.012 ; gain = 0.000
## quit
INFO: xsimkernel Simulation Memory Usage: 94396 KB (Peak: 94396 KB), Simulation CPU Usage: 281843 ms
INFO: [Common 17-206] Exiting xsim at Thu Dec 25 15:25:28 2025...
